07-28 00:24:47.372  1708  2655 I Telecom : PhoneAccountRegistrar: setUserSelectedOutgoingPhoneAccount: no change in default phoneAccountHandle.  current is same as new.: TSI.sUSOPA@ABo
07-28 00:24:47.378  2688  3339 W ActivityThread: Failed to find provider info for com.android.contacts (user not unlocked)
07-28 00:24:47.383   682   682 D vold    : Finished restorecon of /data/misc_ce/0
07-28 00:24:47.383   682   682 D vold    : /system/bin/vold_prepare_subdirs
07-28 00:24:47.383   682   682 D vold    :     prepare
07-28 00:24:47.383   682   682 D vold    :     
07-28 00:24:47.383   682   682 D vold    :     0
07-28 00:24:47.383   682   682 D vold    :     2
07-28 00:24:47.394  1708  1908 D ColorDisplayService: onNightDisplayAutoModeChanged: autoMode=0
07-28 00:24:47.394  1708  1908 I ColorDisplayService: Turning off night display
07-28 00:24:47.395  1708  1908 D ColorDisplayService: Setting bright color reduction level: 50
07-28 00:24:47.396  1708  2012 I DisplayPowerController[0]: BrightnessEvent: disp=0, physDisp=local:4630946475097398401, brt=0.014683863, initBrt=0.014683863, rcmdBrt=0.014683863, preBrt=NaN, lux=0.7, preLux=0.0, hbmMax=1.0, hbmMode=off, rbcStrength=50, powerFactor=1.0, thrmMax=1.0, wasShortTermModelActive=false, flags=, reason=automatic, autoBrightness=true
07-28 00:24:47.397  1708  1908 I ColorDisplayService: Turning off reduce bright colors
07-28 00:24:47.399  1708  2012 I DisplayPowerController[0]: BrightnessEvent: disp=0, physDisp=local:4630946475097398401, brt=0.014683863, initBrt=0.014683863, rcmdBrt=0.014683863, preBrt=NaN, lux=0.7, preLux=0.0, hbmMax=1.0, hbmMode=off, rbcStrength=50, powerFactor=1.0, thrmMax=1.0, wasShortTermModelActive=false, flags=, reason=automatic, autoBrightness=true
07-28 00:24:47.439  1318  1318 I wificond: Regulatory domain changed to country: US on wiphy_index: 0
07-28 00:24:47.439  1318  1318 I wificond: UpdateBandInfo
07-28 00:24:47.442  1318  1318 I wificond: 2.4Ghz frequencies: 2412 2417 2422 2427 2432 2437 2442 2447 2452 2457 2462
07-28 00:24:47.442  1318  1318 I wificond: 5Ghz non-DFS frequencies: 5180 5200 5220 5240 5745 5765 5785 5805 5825
07-28 00:24:47.442  1318  1318 I wificond: 5Ghz DFS frequencies: 5260 5280 5300 5320 5500 5520 5540 5560 5580 5600 5620 5640 5660 5680 5700 5720
07-28 00:24:47.442  1318  1318 I wificond: 6Ghz frequencies:
07-28 00:24:47.442  1318  1318 I wificond: 60Ghz frequencies:
07-28 00:24:47.444  1318  1318 W wificond: Scan aborted
07-28 00:24:47.453  1708  2512 I Telecom : PhoneAccountRegistrar: Modify account: [ComponentInfo{com.android.phone/com.android.services.telephony.TelephonyConnectionService}, E, UserHandle{0}]: TSI.rPA@ABs
07-28 00:24:47.456  1708  2512 I Telecom : CallsManager: handlePhoneAccountChanged: phoneAccount=[[X] PhoneAccount: ComponentInfo{com.android.phone/com.android.services.telephony.TelephonyConnectionService}, E, UserHandle{0} Capabilities: CallProvider MultiUser PlaceEmerg SimSub  Audio Routes: BESW Schemes: tel voicemail  Extras: Bundle[{android.telecom.extra.SUPPORTS_VIDEO_CALLING_FALLBACK=true}] GroupId: ***]: TSI.rPA@ABs
07-28 00:24:47.460  1708  2512 I Telecom : PhoneAccountRegistrar: getSimCallManager: SimCallManager for subId -1 queried, returning: null: TSI.rPA@ABs
07-28 00:24:47.460  1708  2512 I Telecom : PhoneAccountRegistrar: Notifying telephony of voice service override change for 1 SIMs, hasService = false: TSI.rPA@ABs
07-28 00:24:47.469  1708  1905 V UserDataPreparer: Found /data/user/0 with serial number 0
07-28 00:24:47.469  1708  1905 V UserDataPreparer: Found /data/system_ce/0 with serial number 0
07-28 00:24:47.469  1708  1905 D UserDataPreparer: Setting property: sys.user.0.ce_available=true
07-28 00:24:47.470  1708  2752 D CompatibilityChangeReporter: Compat change id reported: 202110963; UID 1001; state: DISABLED
07-28 00:24:47.470  1708  1905 D SystemServerTiming: reconcileAppsData-0
07-28 00:24:47.470  1708  1905 V PackageManager: reconcileAppsData for null u0 0x2 migrateAppData=false
07-28 00:24:47.470  1708  2752 D CompatibilityChangeReporter: Compat change id reported: 202110963; UID 1001; state: ENABLED
07-28 00:24:47.473  1708  1905 W PackageManager: Skipping preparing app data for com.google.android.sdksandbox
07-28 00:24:47.476  1708  1708 I Telecom : PhoneAccountRegistrar: getSimCallManager: SimCallManager for subId -1 queried, returning: null: TSI.gSCMFU@AB0
07-28 00:24:47.478  1708  2655 D CompatibilityChangeReporter: Compat change id reported: 202110963; UID 1000; state: ENABLED
07-28 00:24:47.484  1708  1708 D CompatibilityChangeReporter: Compat change id reported: 135634846; UID 10061; state: DISABLED
07-28 00:24:47.484  1708  1708 D CompatibilityChangeReporter: Compat change id reported: 177438394; UID 10061; state: DISABLED
07-28 00:24:47.484  1708  1708 D CompatibilityChangeReporter: Compat change id reported: 135772972; UID 10061; state: DISABLED
07-28 00:24:47.484  1708  1708 D CompatibilityChangeReporter: Compat change id reported: 135754954; UID 10061; state: ENABLED
07-28 00:24:47.485  1708  1928 D CompatibilityChangeReporter: Compat change id reported: 143937733; UID 10061; state: ENABLED
07-28 00:24:47.488  1708  2752 D CompatibilityChangeReporter: Compat change id reported: 161145287; UID 10192; state: DISABLED
07-28 00:24:47.496  1708  2752 D CompatibilityChangeReporter: Compat change id reported: 135634846; UID 10200; state: DISABLED
07-28 00:24:47.496  1708  2752 D CompatibilityChangeReporter: Compat change id reported: 177438394; UID 10200; state: DISABLED
07-28 00:24:47.496  1708  2752 D CompatibilityChangeReporter: Compat change id reported: 135772972; UID 10200; state: DISABLED
07-28 00:24:47.497  1708  2752 D CompatibilityChangeReporter: Compat change id reported: 135754954; UID 10200; state: ENABLED
07-28 00:24:47.501  1708  1928 I ActivityManager: Start proc 3367:android.process.acore/u0a61 for content provider {com.android.providers.blockednumber/com.android.providers.blockednumber.BlockedNumberProvider}
07-28 00:24:47.502  1708  1928 D CompatibilityChangeReporter: Compat change id reported: 143937733; UID 10200; state: ENABLED
07-28 00:24:47.518  1708  1928 I ActivityManager: Start proc 3369:com.google.euiccpixel/u0a200 for content provider {com.google.euiccpixel/com.google.euiccpixel.provider.OtaContentProvider}
07-28 00:24:47.535  1708  3323 D CompatibilityChangeReporter: Compat change id reported: 168419799; UID 10061; state: DISABLED
07-28 00:24:47.535  1708  3323 D CompatibilityChangeReporter: Compat change id reported: 273564678; UID 10061; state: DISABLED
07-28 00:24:47.552  1708  3323 I Telecom : PhoneAccountRegistrar: Modify account: [ComponentInfo{com.android.phone/com.android.services.telephony.TelephonyConnectionService}, E, UserHandle{0}]: TSI.rPA@AB8
07-28 00:24:47.556  1708  3323 I Telecom : CallsManager: handlePhoneAccountChanged: phoneAccount=[[X] PhoneAccount: ComponentInfo{com.android.phone/com.android.services.telephony.TelephonyConnectionService}, E, UserHandle{0} Capabilities: CallProvider MultiUser PlaceEmerg SimSub  Audio Routes: BESW Schemes: tel voicemail  Extras: Bundle[{android.telecom.extra.SUPPORTS_VIDEO_CALLING_FALLBACK=true}] GroupId: ***]: TSI.rPA@AB8
07-28 00:24:47.560  1708  1753 D CompatibilityChangeReporter: Compat change id reported: 171306433; UID 10208; state: ENABLED
07-28 00:24:47.560  1708  3323 I Telecom : PhoneAccountRegistrar: getSimCallManager: SimCallManager for subId -1 queried, returning: null: TSI.rPA@AB8
07-28 00:24:47.560  1708  3323 I Telecom : PhoneAccountRegistrar: Notifying telephony of voice service override change for 1 SIMs, hasService = false: TSI.rPA@AB8
07-28 00:24:47.579  1708  1753 D CompatibilityChangeReporter: Compat change id reported: 168419799; UID 10217; state: DISABLED
07-28 00:24:47.580  1708  1753 D CompatibilityChangeReporter: Compat change id reported: 273564678; UID 10217; state: DISABLED
07-28 00:24:47.610  1708  2056 I Telecom : PhoneAccountRegistrar: setUserSelectedOutgoingPhoneAccount: null: TSI.sUSOPA@ACA
07-28 00:24:47.610  1708  2056 I Telecom : PhoneAccountRegistrar: setUserSelectedOutgoingPhoneAccount: no change in default phoneAccountHandle.  current is same as new.: TSI.sUSOPA@ACA
07-28 00:24:47.624  1708  1753 D CompatibilityChangeReporter: Compat change id reported: 168419799; UID 10200; state: DISABLED
07-28 00:24:47.624  1708  1753 D CompatibilityChangeReporter: Compat change id reported: 273564678; UID 10200; state: DISABLED
07-28 00:24:47.626  1708  1754 W ActivityManager: Unable to start service Intent { act=android.service.quickaccesswallet.QuickAccessWalletService cmp=com.google.android.gms/.tapandpay.globalactions.WalletQuickAccessWalletService } U=0: not found
07-28 00:24:47.632  1708  2056 D CompatibilityChangeReporter: Compat change id reported: 161145287; UID 10061; state: DISABLED
07-28 00:24:47.659  1708  1708 W Looper  : Slow dispatch took 184ms main h=android.app.ActivityThread$H c=android.app.LoadedApk$ReceiverDispatcher$Args$$ExternalSyntheticLambda0@26f3e06 m=0
07-28 00:24:47.680  1708  1988 D CompatibilityChangeReporter: Compat change id reported: 168419799; UID 10201; state: DISABLED
07-28 00:24:47.680  1708  1988 D CompatibilityChangeReporter: Compat change id reported: 273564678; UID 10201; state: DISABLED
07-28 00:24:47.683  1708  1708 I Telecom : BluetoothDeviceManager: Got BluetoothHearingAid: android.bluetooth.BluetoothHearingAid@43f15b7: BMSL.oSC@ACE
07-28 00:24:47.683  1708  1708 I Telecom : BluetoothDeviceManager: Got BluetoothHeadset: android.bluetooth.BluetoothHeadset@a043124: BMSL.oSC@ACI
07-28 00:24:47.686  1708  1905 V PackageManager: reconcileAppsData finished 288 packages
07-28 00:24:47.686  1708  1905 I ActivityManager: User 0 state changed from RUNNING_LOCKED to RUNNING_UNLOCKING
07-28 00:24:47.687  1708  1905 D ActivityManager: Unlocking user 0 progress 20
07-28 00:24:47.687  1708  1905 W Looper  : Slow dispatch took 379ms android.fg h=android.os.Handler c=com.android.server.am.UserController$$ExternalSyntheticLambda7@3d6248e m=0
07-28 00:24:47.687  1708  1905 W Looper  : Slow delivery took 378ms android.fg h=android.os.Handler c=com.android.server.am.UserController$$ExternalSyntheticLambda4@52504af m=0
07-28 00:24:47.688  1708  1927 D SystemServerTimingAsync: ssm.UnlockingUser-0
07-28 00:24:47.688  1708  1927 I SystemServiceManager: Calling onUnlockingUser 0
07-28 00:24:47.688  1708  1927 D SystemServerTimingAsync: ssm.onUnlockingUser-0_com.android.server.security.FileIntegrityService
07-28 00:24:47.688  1708  1927 D SystemServerTimingAsync: ssm.onUnlockingUser-0_com.android.server.pm.Installer
07-28 00:24:47.688  1708  1927 D SystemServerTimingAsync: ssm.onUnlockingUser-0_com.android.server.os.DeviceIdentifiersPolicyService
07-28 00:24:47.688  1708  1927 D SystemServerTimingAsync: ssm.onUnlockingUser-0_com.android.server.uri.UriGrantsManagerService$Lifecycle
07-28 00:24:47.688  1708  1927 D SystemServerTimingAsync: ssm.onUnlockingUser-0_com.android.server.powerstats.PowerStatsService
07-28 00:24:47.688  1708  1927 D SystemServerTimingAsync: ssm.onUnlockingUser-0_com.android.server.wm.ActivityTaskManagerService$Lifecycle
07-28 00:24:47.688  1708  1927 D SystemServerTimingAsync: ssm.onUnlockingUser-0_com.android.server.am.ActivityManagerService$Lifecycle
07-28 00:24:47.688  1708  1927 D SystemServerTimingAsync: ssm.onUnlockingUser-0_com.android.server.pm.DataLoaderManagerService
07-28 00:24:47.688  1708  1927 D SystemServerTimingAsync: ssm.onUnlockingUser-0_com.android.server.power.PowerManagerService
07-28 00:24:47.688  1708  1927 D SystemServerTimingAsync: ssm.onUnlockingUser-0_com.android.server.power.ThermalManagerService
07-28 00:24:47.688  1708  1927 D SystemServerTimingAsync: ssm.onUnlockingUser-0_com.android.server.power.hint.HintManagerService
07-28 00:24:47.688  1708  1927 D SystemServerTimingAsync: ssm.onUnlockingUser-0_com.android.server.recoverysystem.RecoverySystemService$Lifecycle
07-28 00:24:47.688  1708  1927 D SystemServerTimingAsync: ssm.onUnlockingUser-0_com.android.server.lights.LightsService
07-28 00:24:47.688  1708  1927 D SystemServerTimingAsync: ssm.onUnlockingUser-0_com.android.server.display.DisplayManagerService
07-28 00:24:47.688  1708  1927 D SystemServerTimingAsync: ssm.onUnlockingUser-0_com.android.server.pm.verify.domain.DomainVerificationService
07-28 00:24:47.688  1708  1927 D SystemServerTimingAsync: ssm.onUnlockingUser-0_com.android.server.pm.PackageInstallerService$Lifecycle
07-28 00:24:47.688  1708  1927 D SystemServerTimingAsync: ssm.onUnlockingUser-0_com.android.server.pm.UserManagerService$LifeCycle
07-28 00:24:47.688  1708  1927 D SystemServerTimingAsync: ssm.onUnlockingUser-0_com.android.server.om.OverlayManagerService
07-28 00:24:47.688  1708  1927 D SystemServerTimingAsync: ssm.onUnlockingUser-0_com.android.server.resources.ResourcesManagerService
07-28 00:24:47.688  1708  1927 D SystemServerTimingAsync: ssm.onUnlockingUser-0_com.android.server.sensorprivacy.SensorPrivacyService
07-28 00:24:47.688  1708  1927 D SystemServerTimingAsync: ssm.onUnlockingUser-0_com.android.server.sensors.SensorService
07-28 00:24:47.688  1708  1927 D SystemServerTimingAsync: ssm.onUnlockingUser-0_com.android.server.SystemConfigService
07-28 00:24:47.688  1708  1927 D SystemServerTimingAsync: ssm.onUnlockingUser-0_com.android.server.BatteryService
07-28 00:24:47.688  1708  1927 D SystemServerTimingAsync: ssm.onUnlockingUser-0_com.android.server.usage.UsageStatsService
07-28 00:24:47.688  1708  1927 D SystemServerTimingAsync: ssm.onUnlockingUser-0_com.android.server.webkit.WebViewUpdateService
07-28 00:24:47.688  1708  1927 D SystemServerTimingAsync: ssm.onUnlockingUser-0_com.android.server.CachedDeviceStateService
07-28 00:24:47.688  1708  1927 D SystemServerTimingAsync: ssm.onUnlockingUser-0_com.android.server.BinderCallsStatsService$LifeCycle
07-28 00:24:47.689  1708  1927 D SystemServerTimingAsync: ssm.onUnlockingUser-0_com.android.server.LooperStatsService$Lifecycle
07-28 00:24:47.689  1708  1927 D SystemServerTimingAsync: ssm.onUnlockingUser-0_com.android.server.rollback.RollbackManagerService
07-28 00:24:47.690  1708  1927 D SystemServerTimingAsync: ssm.onUnlockingUser-0_com.android.server.os.NativeTombstoneManagerService
07-28 00:24:47.691  1708  1927 D SystemServerTimingAsync: ssm.onUnlockingUser-0_com.android.server.os.BugreportManagerService
07-28 00:24:47.691  1708  1927 D SystemServerTimingAsync: ssm.onUnlockingUser-0_com.android.server.gpu.GpuService
07-28 00:24:47.691  1708  1927 D SystemServerTimingAsync: ssm.onUnlockingUser-0_com.android.server.security.KeyChainSystemService
07-28 00:24:47.691  1708  1927 D SystemServerTimingAsync: ssm.onUnlockingUser-0_com.android.server.BinaryTransparencyService
07-28 00:24:47.691  1708  1927 D SystemServerTimingAsync: ssm.onUnlockingUser-0_com.android.server.telecom.TelecomLoaderService
07-28 00:24:47.691  1708  1927 D SystemServerTimingAsync: ssm.onUnlockingUser-0_com.android.server.accounts.AccountManagerService$Lifecycle
07-28 00:24:47.691  1708  1927 D SystemServerTimingAsync: ssm.onUnlockingUser-0_com.android.server.content.ContentService$Lifecycle
07-28 00:24:47.691  1708  1927 D SystemServerTimingAsync: ssm.onUnlockingUser-0_com.android.server.DropBoxManagerService
07-28 00:24:47.691  1708  1927 D SystemServerTimingAsync: ssm.onUnlockingUser-0_com.android.role.RoleService
07-28 00:24:47.691  1708  1927 D SystemServerTimingAsync: ssm.onUnlockingUser-0_com.android.server.vibrator.VibratorManagerService$Lifecycle
07-28 00:24:47.691  1708  1927 D SystemServerTimingAsync: ssm.onUnlockingUser-0_com.android.server.tare.InternalResourceService
07-28 00:24:47.691  1708  1927 D SystemServerTimingAsync: ssm.onUnlockingUser-0_com.android.server.alarm.AlarmManagerService
07-28 00:24:47.691  1708  1927 D SystemServerTimingAsync: ssm.onUnlockingUser-0_com.android.server.devicestate.DeviceStateManagerService
07-28 00:24:47.691  1708  1927 D SystemServerTimingAsync: ssm.onUnlockingUser-0_com.android.server.camera.CameraServiceProxy
07-28 00:24:47.691  1708  1927 D SystemServerTimingAsync: ssm.onUnlockingUser-0_com.android.server.bluetooth.BluetoothService
07-28 00:24:47.691  1708  1927 D SystemServerTimingAsync: ssm.onUnlockingUser-0_com.android.server.connectivity.IpConnectivityMetrics
07-28 00:24:47.691  1708  1927 D SystemServerTimingAsync: ssm.onUnlockingUser-0_com.android.server.net.watchlist.NetworkWatchlistService$Lifecycle
07-28 00:24:47.691  1708  1927 D SystemServerTimingAsync: ssm.onUnlockingUser-0_com.android.server.PinnerService
07-28 00:24:47.691  1708  1927 D SystemServerTimingAsync: ssm.onUnlockingUser-0_com.android.server.integrity.AppIntegrityManagerService
07-28 00:24:47.691  1708  1927 D SystemServerTimingAsync: ssm.onUnlockingUser-0_com.android.server.logcat.LogcatManagerService
07-28 00:24:47.691  1708  1927 D SystemServerTimingAsync: ssm.onUnlockingUser-0_com.android.server.inputmethod.InputMethodManagerService$Lifecycle
07-28 00:24:47.691  1708  1927 D SystemServerTimingAsync: ssm.onUnlockingUser-0_com.android.server.accessibility.AccessibilityManagerService$Lifecycle
07-28 00:24:47.691  1708  1927 D SystemServerTimingAsync: ssm.onUnlockingUser-0_com.android.server.StorageManagerService$Lifecycle
07-28 00:24:47.691  1708  1927 D StorageManagerService: onUnlockUser 0
07-28 00:24:47.692  1708  1927 I StorageSessionController: On user unlock 0
07-28 00:24:47.692  1708  1927 I StorageSessionController: Initialialising...
07-28 00:24:47.693   682   682 I vold    : onUserStarted: 0
07-28 00:24:47.695  1708  1753 D CompatibilityChangeReporter: Compat change id reported: 161252188; UID 10203; state: DISABLED
07-28 00:24:47.698  1708  1753 D CompatibilityChangeReporter: Compat change id reported: 168419799; UID 10203; state: DISABLED
07-28 00:24:47.698  1708  1753 D CompatibilityChangeReporter: Compat change id reported: 273564678; UID 10203; state: DISABLED
07-28 00:24:47.703  1708  3323 V StorageManagerService: Found primary storage at VolumeInfo{emulated;0}:
07-28 00:24:47.703  1708  3323 V StorageManagerService:     type=EMULATED diskId=null partGuid= mountFlags=0 mountUserId=0 
07-28 00:24:47.703  1708  3323 V StorageManagerService:     state=UNMOUNTED 
07-28 00:24:47.703  1708  3323 V StorageManagerService:     fsType=null fsUuid=null fsLabel=null 
07-28 00:24:47.703  1708  3323 V StorageManagerService:     path=null internalPath=null 
07-28 00:24:47.704  1708  2424 I StorageManagerService: Mounting volume VolumeInfo{emulated;0}:
07-28 00:24:47.704  1708  2424 I StorageManagerService:     type=EMULATED diskId=null partGuid= mountFlags=PRIMARY|VISIBLE_FOR_WRITE 
07-28 00:24:47.704  1708  2424 I StorageManagerService:     mountUserId=0 state=UNMOUNTED 
07-28 00:24:47.704  1708  2424 I StorageManagerService:     fsType=null fsUuid=null fsLabel=null 
07-28 00:24:47.704  1708  2424 I StorageManagerService:     path=null internalPath=null 
07-28 00:24:47.704   682   682 I vold    : Executing sdcardfs
07-28 00:24:47.705  1708  2752 D CompatibilityChangeReporter: Compat change id reported: 161145287; UID 10201; state: DISABLED
07-28 00:24:47.706   682   682 D vold    : Waiting for sdcardfs to spin up...
07-28 00:24:47.708  1708  2752 D CompatibilityChangeReporter: Compat change id reported: 135634846; UID 10123; state: DISABLED
07-28 00:24:47.708  1708  2752 D CompatibilityChangeReporter: Compat change id reported: 177438394; UID 10123; state: DISABLED
07-28 00:24:47.708  1708  2752 D CompatibilityChangeReporter: Compat change id reported: 135772972; UID 10123; state: DISABLED
07-28 00:24:47.708  1708  2752 D CompatibilityChangeReporter: Compat change id reported: 135754954; UID 10123; state: ENABLED
07-28 00:24:47.709  1708  1928 D CompatibilityChangeReporter: Compat change id reported: 143937733; UID 10123; state: ENABLED
07-28 00:24:47.716  1708  1754 D CompatibilityChangeReporter: Compat change id reported: 135634846; UID 10128; state: DISABLED
07-28 00:24:47.716  1708  1754 D CompatibilityChangeReporter: Compat change id reported: 177438394; UID 10128; state: DISABLED
07-28 00:24:47.716  1708  1754 D CompatibilityChangeReporter: Compat change id reported: 135772972; UID 10128; state: DISABLED
07-28 00:24:47.716  1708  1754 D CompatibilityChangeReporter: Compat change id reported: 135754954; UID 10128; state: ENABLED
07-28 00:24:47.718  1708  1928 I ActivityManager: Start proc 3424:com.google.process.gservices/u0a123 for content provider {com.google.android.gsf/com.google.android.gsf.gservices.GservicesProvider}
07-28 00:24:47.718  1708  1928 D CompatibilityChangeReporter: Compat change id reported: 143937733; UID 10128; state: ENABLED
07-28 00:24:47.719  1708  2512 D CompatibilityChangeReporter: Compat change id reported: 161252188; UID 10133; state: DISABLED
07-28 00:24:47.724  1708  2512 D CompatibilityChangeReporter: Compat change id reported: 135634846; UID 10133; state: DISABLED
07-28 00:24:47.724  1708  2512 D CompatibilityChangeReporter: Compat change id reported: 177438394; UID 10133; state: DISABLED
07-28 00:24:47.724  1708  2512 D CompatibilityChangeReporter: Compat change id reported: 135772972; UID 10133; state: DISABLED
07-28 00:24:47.724  1708  2512 D CompatibilityChangeReporter: Compat change id reported: 135754954; UID 10133; state: ENABLED
07-28 00:24:47.725  1708  1905 W Looper  : Drained
07-28 00:24:47.726  1708  2655 D CompatibilityChangeReporter: Compat change id reported: 161145287; UID 10203; state: DISABLED
07-28 00:24:47.728  1708  2055 D CompatibilityChangeReporter: Compat change id reported: 168419799; UID 10123; state: DISABLED
07-28 00:24:47.729  1708  2055 D CompatibilityChangeReporter: Compat change id reported: 273564678; UID 10123; state: DISABLED
07-28 00:24:47.732  1708  1927 D SystemServerTimingAsync: ssm.onUnlockingUser-0_com.android.server.usage.StorageStatsService$Lifecycle
07-28 00:24:47.732  1708  1927 D SystemServerTimingAsync: ssm.onUnlockingUser-0_com.android.server.UiModeManagerService
07-28 00:24:47.732  1708  1927 D SystemServerTimingAsync: ssm.onUnlockingUser-0_com.android.server.locales.LocaleManagerService
07-28 00:24:47.732  1708  1927 D SystemServerTimingAsync: ssm.onUnlockingUser-0_com.android.server.locksettings.LockSettingsService$Lifecycle
07-28 00:24:47.732  1708  1927 D SystemServerTimingAsync: ssm.onUnlockingUser-0_com.android.server.PersistentDataBlockService
07-28 00:24:47.732  1708  1927 D SystemServerTimingAsync: ssm.onUnlockingUser-0_com.android.server.testharness.TestHarnessModeService
07-28 00:24:47.732  1708  1927 D SystemServerTimingAsync: ssm.onUnlockingUser-0_com.android.server.oemlock.OemLockService
07-28 00:24:47.732  1708  1927 D SystemServerTimingAsync: ssm.onUnlockingUser-0_com.android.server.DeviceIdleController
07-28 00:24:47.732  3423  3423 W sdcard  : Device explicitly enabled sdcardfs
07-28 00:24:47.732  1708  1927 D SystemServerTimingAsync: ssm.onUnlockingUser-0_com.android.server.devicepolicy.DevicePolicyManagerService$Lifecycle
07-28 00:24:47.732  1708  1927 D SystemServerTimingAsync: ssm.onUnlockingUser-0_com.android.server.musicrecognition.MusicRecognitionManagerService
07-28 00:24:47.739  1708  1927 D SystemServerTimingAsync: ssm.onUnlockingUser-0_com.android.server.contentcapture.ContentCaptureManagerService
07-28 00:24:47.743  1708  2428 D LockSettingsService: hide encryption notification, user: 0
07-28 00:24:47.746  1708  1928 I ActivityManager: Start proc 3431:com.google.android.carrier/u0a128 for broadcast {com.google.android.carrier/com.google.android.carrier.CarrierSettingsReceiver}
07-28 00:24:47.748  1708  1928 D CompatibilityChangeReporter: Compat change id reported: 143937733; UID 10133; state: ENABLED
07-28 00:24:47.756   682   682 I vold    : Mounting emulated fuse volume
07-28 00:24:47.760  1708  1927 D SystemServerTimingAsync: ssm.onUnlockingUser-0_com.android.server.attention.AttentionManagerService
07-28 00:24:47.760  1708  1927 D SystemServerTimingAsync: ssm.onUnlockingUser-0_com.android.server.rotationresolver.RotationResolverManagerService
07-28 00:24:47.761  1708  1927 D SystemServerTimingAsync: ssm.onUnlockingUser-0_com.android.server.systemcaptions.SystemCaptionsManagerService
07-28 00:24:47.764  1708  1708 D CompatibilityChangeReporter: Compat change id reported: 135634846; UID 10115; state: DISABLED
07-28 00:24:47.764  1708  1708 D CompatibilityChangeReporter: Compat change id reported: 177438394; UID 10115; state: DISABLED
07-28 00:24:47.764  1708  1708 D CompatibilityChangeReporter: Compat change id reported: 135772972; UID 10115; state: DISABLED
07-28 00:24:47.764  1708  1708 D CompatibilityChangeReporter: Compat change id reported: 135754954; UID 10115; state: ENABLED
07-28 00:24:47.770  1708  1927 D SystemServerTimingAsync: ssm.onUnlockingUser-0_com.android.server.texttospeech.TextToSpeechManagerService
07-28 00:24:47.771  1708  1927 D SystemServerTimingAsync: ssm.onUnlockingUser-0_com.android.server.ambientcontext.AmbientContextManagerService
07-28 00:24:47.771  1708  1927 E AmbientContextManagerPerUserService: Bad service name: com.google.android.as/com.google.android.apps.miphone.aiai.app.AiAiAmbientContextDetectionService
07-28 00:24:47.771  1708  1927 D AmbientContextManagerService: onServiceRemoved
07-28 00:24:47.771  1708  1927 D AmbientContextManagerPerUserService: Trying to cancel the remote request. Reason: Service destroyed.
07-28 00:24:47.771  1708  1927 D SystemServerTimingAsync: ssm.onUnlockingUser-0_com.android.server.speech.SpeechRecognitionManagerService
07-28 00:24:47.771  1708  1927 D SystemServerTimingAsync: ssm.onUnlockingUser-0_com.android.server.appprediction.AppPredictionManagerService
07-28 00:24:47.772  1708  1927 D SystemServerTimingAsync: ssm.onUnlockingUser-0_com.android.server.contentsuggestions.ContentSuggestionsManagerService
07-28 00:24:47.772  1708  1927 D SystemServerTimingAsync: ssm.onUnlockingUser-0_com.android.server.searchui.SearchUiManagerService
07-28 00:24:47.772  1708  1927 D SystemServerTimingAsync: ssm.onUnlockingUser-0_com.android.server.smartspace.SmartspaceManagerService
07-28 00:24:47.775  1708  2055 W ContextImpl: Calling a method in the system process without a qualified user: android.app.ContextImpl.sendBroadcastMultiplePermissions:1222 com.android.server.TelephonyRegistry.broadcastServiceStateChanged:3111 com.android.server.TelephonyRegistry.notifyServiceStateForPhoneId:1616 com.android.internal.telephony.ITelephonyRegistry$Stub.onTransact:492 android.os.Binder.execTransactInternal:1280 
07-28 00:24:47.775   682   682 I vold    : Bind mounting /mnt/runtime/full/emulated to /mnt/pass_through/0/emulated
07-28 00:24:47.775  1708  2055 W ContextImpl: Calling a method in the system process without a qualified user: android.app.ContextImpl.sendBroadcastMultiplePermissions:1272 android.content.Context.sendBroadcastMultiplePermissions:2272 com.android.server.TelephonyRegistry.broadcastServiceStateChanged:3114 com.android.server.TelephonyRegistry.notifyServiceStateForPhoneId:1616 com.android.internal.telephony.ITelephonyRegistry$Stub.onTransact:492 
07-28 00:24:47.777  1708  2424 I StorageSessionController: On volume mount VolumeInfo{emulated;0}:
07-28 00:24:47.777  1708  2424 I StorageSessionController:     type=EMULATED diskId=null partGuid= mountFlags=PRIMARY|VISIBLE_FOR_WRITE 
07-28 00:24:47.777  1708  2424 I StorageSessionController:     mountUserId=0 state=CHECKING 
07-28 00:24:47.777  1708  2424 I StorageSessionController:     fsType=null fsUuid=null fsLabel=null 
07-28 00:24:47.777  1708  2424 I StorageSessionController:     path=/storage/emulated internalPath=/data/media 
07-28 00:24:47.778  1708  2424 I StorageSessionController: Creating connection for user: 0
07-28 00:24:47.778  1708  2424 I StorageSessionController: Creating and starting session with id: emulated;0
07-28 00:24:47.780  1708  2424 I StorageUserConnection: Binding to the ExternalStorageService for user 0
07-28 00:24:47.785  1708  1927 D SystemServerTimingAsync: ssm.onUnlockingUser-0_com.android.server.graphics.fonts.FontManagerService$Lifecycle
07-28 00:24:47.785  1708  1927 D SystemServerTimingAsync: ssm.onUnlockingUser-0_com.android.server.textservices.TextServicesManagerService$Lifecycle
07-28 00:24:47.786  1708  2055 W ContextImpl: Calling a method in the system process without a qualified user: android.app.ContextImpl.sendBroadcastMultiplePermissions:1272 com.android.server.TelephonyRegistry.broadcastServiceStateChanged:3121 com.android.server.TelephonyRegistry.notifyServiceStateForPhoneId:1616 com.android.internal.telephony.ITelephonyRegistry$Stub.onTransact:492 android.os.Binder.execTransactInternal:1280 
07-28 00:24:47.787  1708  2424 D CompatibilityChangeReporter: Compat change id reported: 135634846; UID 10228; state: DISABLED
07-28 00:24:47.788  1708  2424 D CompatibilityChangeReporter: Compat change id reported: 177438394; UID 10228; state: DISABLED
07-28 00:24:47.788  1708  2424 D CompatibilityChangeReporter: Compat change id reported: 135772972; UID 10228; state: DISABLED
07-28 00:24:47.788  1708  2424 D CompatibilityChangeReporter: Compat change id reported: 135754954; UID 10228; state: ENABLED
07-28 00:24:47.791  1708  2055 W ContextImpl: Calling a method in the system process without a qualified user: android.app.ContextImpl.sendBroadcastMultiplePermissions:1272 com.android.server.TelephonyRegistry.broadcastServiceStateChanged:3126 com.android.server.TelephonyRegistry.notifyServiceStateForPhoneId:1616 com.android.internal.telephony.ITelephonyRegistry$Stub.onTransact:492 android.os.Binder.execTransactInternal:1280 
07-28 00:24:47.792  1708  1927 D SystemServerTimingAsync: ssm.onUnlockingUser-0_com.android.server.textclassifier.TextClassificationManagerService$Lifecycle
07-28 00:24:47.792  1708  1928 W ActivityManager: Slow operation: 70ms so far, now at startProcess: returned from zygote!
07-28 00:24:47.792  1708  1928 W ActivityManager: Slow operation: 71ms so far, now at startProcess: done updating battery stats
07-28 00:24:47.793  1708  1928 W ActivityManager: Slow operation: 71ms so far, now at startProcess: building log message
07-28 00:24:47.793  1708  1928 I ActivityManager: Start proc 3443:com.google.android.ims/u0a133 for service {com.google.android.ims/com.google.android.ims.services.CarrierServicesImsService}
07-28 00:24:47.793  1708  1928 W ActivityManager: Slow operation: 71ms so far, now at startProcess: starting to update pids map
07-28 00:24:47.793  1708  2055 D SystemServerTiming: getUserSwitchability-0
07-28 00:24:47.793  1708  2055 D SystemServerTiming: TM.isInCall
07-28 00:24:47.793  1708  1928 W ActivityManager: Slow operation: 71ms so far, now at startProcess: done updating pids map
07-28 00:24:47.793  1708  1928 D CompatibilityChangeReporter: Compat change id reported: 143937733; UID 10115; state: ENABLED
07-28 00:24:47.794  1708  2424 I StorageUserConnection: Bound to the ExternalStorageService for user 0
07-28 00:24:47.794  1708  2055 D SystemServerTiming: hasUserRestriction-DISALLOW_USER_SWITCH
07-28 00:24:47.794  1708  2055 D SystemServerTiming: getInt-ALLOW_USER_SWITCHING_WHEN_SYSTEM_USER_LOCKED
07-28 00:24:47.794  1708  2055 D SystemServerTiming: isUserUnlocked-USER_SYSTEM
07-28 00:24:47.794  1708  2655 D SystemServerTiming: getUserSwitchability-0
07-28 00:24:47.794  1708  2655 D SystemServerTiming: TM.isInCall
07-28 00:24:47.795  1708  1927 D SystemServerTimingAsync: ssm.onUnlockingUser-0_com.android.server.NetworkScoreService$Lifecycle
07-28 00:24:47.795  1708  1927 D SystemServerTimingAsync: ssm.onUnlockingUser-0_com.android.server.NetworkStatsServiceInitializer
07-28 00:24:47.795  1708  1927 D SystemServerTimingAsync: ssm.onUnlockingUser-0_com.android.server.wifi.WifiService
07-28 00:24:47.795  1708  2655 D SystemServerTiming: hasUserRestriction-DISALLOW_USER_SWITCH
07-28 00:24:47.795  1708  2655 D SystemServerTiming: getInt-ALLOW_USER_SWITCHING_WHEN_SYSTEM_USER_LOCKED
07-28 00:24:47.795  1708  2655 D SystemServerTiming: isUserUnlocked-USER_SYSTEM
07-28 00:24:47.797  1708  1927 D SystemServerTimingAsync: ssm.onUnlockingUser-0_com.android.server.wifi.scanner.WifiScanningService
07-28 00:24:47.797  1708  1927 D SystemServerTimingAsync: ssm.onUnlockingUser-0_com.android.server.wifi.rtt.RttService
07-28 00:24:47.797  1708  1927 D SystemServerTimingAsync: ssm.onUnlockingUser-0_com.android.server.wifi.aware.WifiAwareService
07-28 00:24:47.797  1708  1927 D SystemServerTimingAsync: ssm.onUnlockingUser-0_com.android.server.wifi.p2p.WifiP2pService
07-28 00:24:47.797  1708  1927 D SystemServerTimingAsync: ssm.onUnlockingUser-0_com.android.server.ConnectivityServiceInitializer
07-28 00:24:47.797  1708  1927 D SystemServerTimingAsync: ssm.onUnlockingUser-0_com.android.server.notification.NotificationManagerService
07-28 00:24:47.797  1708  1927 D SystemServerTimingAsync: ssm.onUnlockingUser-0_com.android.server.storage.DeviceStorageMonitorService
07-28 00:24:47.797  1708  1927 D SystemServerTimingAsync: ssm.onUnlockingUser-0_com.android.server.location.LocationManagerService$Lifecycle
07-28 00:24:47.797  1708  1927 D SystemServerTimingAsync: ssm.onUnlockingUser-0_com.android.server.timedetector.TimeDetectorService$Lifecycle
07-28 00:24:47.797  1708  1927 D SystemServerTimingAsync: ssm.onUnlockingUser-0_com.android.server.timezonedetector.TimeZoneDetectorService$Lifecycle
07-28 00:24:47.797  1708  1927 D SystemServerTimingAsync: ssm.onUnlockingUser-0_com.android.server.timezonedetector.location.LocationTimeZoneManagerService$Lifecycle
07-28 00:24:47.797  1708  1927 D SystemServerTimingAsync: ssm.onUnlockingUser-0_com.android.server.search.SearchManagerService$Lifecycle
07-28 00:24:47.798  1708  1927 D SystemServerTimingAsync: ssm.onUnlockingUser-0_com.android.server.wallpaper.WallpaperManagerService$Lifecycle
07-28 00:24:47.798  1708  1927 D SystemServerTimingAsync: ssm.onUnlockingUser-0_com.android.server.wallpapereffectsgeneration.WallpaperEffectsGenerationManagerService
07-28 00:24:47.798  1708  1927 E WallpaperEffectsGenerationPerUserService: Bad service name: com.google.android.as/com.google.android.apps.miphone.aiai.app.wallpapereffects.AiAiWallpaperEffectsGenerationService
07-28 00:24:47.798  1708  1927 D SystemServerTimingAsync: ssm.onUnlockingUser-0_com.android.server.audio.AudioService$Lifecycle
07-28 00:24:47.798  1708  1927 D SystemServerTimingAsync: ssm.onUnlockingUser-0_com.android.server.soundtrigger_middleware.SoundTriggerMiddlewareService$Lifecycle
07-28 00:24:47.798  1708  1927 D SystemServerTimingAsync: ssm.onUnlockingUser-0_com.android.server.DockObserver
07-28 00:24:47.798  1708  1927 D SystemServerTimingAsync: ssm.onUnlockingUser-0_com.android.server.midi.MidiService$Lifecycle
07-28 00:24:47.802  1708  1927 D SystemServerTimingAsync: ssm.onUnlockingUser-0_com.android.server.adb.AdbService$Lifecycle
07-28 00:24:47.802  1708  1927 D SystemServerTimingAsync: ssm.onUnlockingUser-0_com.android.server.usb.UsbService$Lifecycle
07-28 00:24:47.802  1708  1927 D SystemServerTimingAsync: ssm.onUnlockingUser-0_com.android.server.twilight.TwilightService
07-28 00:24:47.802  1708  1927 D SystemServerTimingAsync: ssm.onUnlockingUser-0_com.android.server.display.color.ColorDisplayService
07-28 00:24:47.802  1708  1927 D SystemServerTimingAsync: ssm.onUnlockingUser-0_com.android.server.job.JobSchedulerService
07-28 00:24:47.802  1708  1927 D SystemServerTimingAsync: ssm.onUnlockingUser-0_com.android.server.soundtrigger.SoundTriggerService
07-28 00:24:47.802  1708  1927 D SystemServerTimingAsync: ssm.onUnlockingUser-0_com.android.server.trust.TrustManagerService
07-28 00:24:47.803  1708  1927 D SystemServerTimingAsync: ssm.onUnlockingUser-0_com.android.server.backup.BackupManagerService$Lifecycle
07-28 00:24:47.803  1708  1927 D SystemServerTimingAsync: ssm.onUnlockingUser-0_com.android.server.appwidget.AppWidgetService
07-28 00:24:47.803  1708  1927 D SystemServerTimingAsync: ssm.onUnlockingUser-0_com.android.server.voiceinteraction.VoiceInteractionManagerService
07-28 00:24:47.806  1708  2480 I BackupManagerService: Starting service for user: 0
07-28 00:24:47.807  1708  2480 V BackupManagerService: [UserID:0] Starting with transport com.google.android.gms/.backup.BackupTransportService
07-28 00:24:47.808  1708  2480 D BackupManagerService: [UserID:0] Started thread backup-0
07-28 00:24:47.829  1708  1928 W ActivityManager: Slow operation: 66ms so far, now at startProcess: returned from zygote!
07-28 00:24:47.829  1708  1928 W ActivityManager: Slow operation: 66ms so far, now at startProcess: done updating battery stats
07-28 00:24:47.831  1708  1928 W ActivityManager: Slow operation: 68ms so far, now at startProcess: building log message
07-28 00:24:47.831  1708  1928 I ActivityManager: Start proc 3463:com.google.android.as/u0a115 for service {com.google.android.as/com.google.android.apps.miphone.aiai.app.AiAiContentCaptureService}
07-28 00:24:47.831  1708  1928 W ActivityManager: Slow operation: 68ms so far, now at startProcess: starting to update pids map
07-28 00:24:47.831  1708  1928 W ActivityManager: Slow operation: 68ms so far, now at startProcess: done updating pids map
07-28 00:24:47.832  1708  1928 D CompatibilityChangeReporter: Compat change id reported: 143937733; UID 10228; state: ENABLED
07-28 00:24:47.836  1708  2055 D CompatibilityChangeReporter: Compat change id reported: 168419799; UID 10133; state: DISABLED
07-28 00:24:47.836  1708  2055 D CompatibilityChangeReporter: Compat change id reported: 273564678; UID 10133; state: DISABLED
07-28 00:24:47.841  1708  2480 E BackupPasswordManager: Unable to read backup pw version
07-28 00:24:47.841  1708  2480 E BackupPasswordManager: Unable to read saved backup pw hash
07-28 00:24:47.855  1708  1927 D CompatibilityChangeReporter: Compat change id reported: 135634846; UID 10137; state: DISABLED
07-28 00:24:47.855  1708  1927 D CompatibilityChangeReporter: Compat change id reported: 177438394; UID 10137; state: DISABLED
07-28 00:24:47.855  1708  1927 D CompatibilityChangeReporter: Compat change id reported: 135772972; UID 10137; state: DISABLED
07-28 00:24:47.856  1708  1927 D CompatibilityChangeReporter: Compat change id reported: 135754954; UID 10137; state: ENABLED
07-28 00:24:47.856  1708  1927 W SystemServiceManager: Service com.android.server.voiceinteraction.VoiceInteractionManagerService took 53 ms in onUnlockingUser-0
07-28 00:24:47.856  1708  1927 D SystemServerTimingAsync: ssm.onUnlockingUser-0_com.android.server.apphibernation.AppHibernationService
07-28 00:24:47.858  1708  1928 W ActivityManager: Slow operation: 71ms so far, now at startProcess: returned from zygote!
07-28 00:24:47.858  1708  1927 D SystemServerTimingAsync: ssm.onUnlockingUser-0_com.android.server.GestureLauncherService
07-28 00:24:47.858  1708  1927 D SystemServerTimingAsync: ssm.onUnlockingUser-0_com.android.server.SensorNotificationService
07-28 00:24:47.858  1708  1927 D SystemServerTimingAsync: ssm.onUnlockingUser-0_com.android.server.ContextHubSystemService
07-28 00:24:47.858  1708  1927 D SystemServerTimingAsync: ssm.onUnlockingUser-0_com.android.server.emergency.EmergencyAffordanceService
07-28 00:24:47.858  1708  1927 D SystemServerTimingAsync: ssm.onUnlockingUser-0_com.android.server.blob.BlobStoreManagerService
07-28 00:24:47.858  1708  1927 D SystemServerTimingAsync: ssm.onUnlockingUser-0_com.android.server.dreams.DreamManagerService
07-28 00:24:47.858  1708  1927 D SystemServerTimingAsync: ssm.onUnlockingUser-0_com.android.server.print.PrintManagerService
07-28 00:24:47.858  1708  3294 I HibernationStateDiskStore: No hibernation file on disk for file /data/system_ce/0/hibernation/states
07-28 00:24:47.859  1708  1927 D SystemServerTimingAsync: ssm.onUnlockingUser-0_com.android.server.security.AttestationVerificationManagerService
07-28 00:24:47.859  1708  1927 D SystemServerTimingAsync: ssm.onUnlockingUser-0_com.android.server.companion.CompanionDeviceManagerService
07-28 00:24:47.859  1708  1927 D SystemServerTimingAsync: ssm.onUnlockingUser-0_com.android.server.companion.virtual.VirtualDeviceManagerService
07-28 00:24:47.859  1708  1927 D SystemServerTimingAsync: ssm.onUnlockingUser-0_com.android.server.restrictions.RestrictionsManagerService
07-28 00:24:47.859  1708  1927 D SystemServerTimingAsync: ssm.onUnlockingUser-0_com.android.server.media.MediaSessionService
07-28 00:24:47.859  1708  1927 D SystemServerTimingAsync: ssm.onUnlockingUser-0_com.android.server.media.MediaResourceMonitorService
07-28 00:24:47.859  1708  1927 D SystemServerTimingAsync: ssm.onUnlockingUser-0_com.android.server.biometrics.sensors.fingerprint.FingerprintService
07-28 00:24:47.859  1708  1927 D SystemServerTimingAsync: ssm.onUnlockingUser-0_com.android.server.biometrics.BiometricService
07-28 00:24:47.859  1708  1927 D SystemServerTimingAsync: ssm.onUnlockingUser-0_com.android.server.biometrics.AuthService
07-28 00:24:47.859  1708  1927 D SystemServerTimingAsync: ssm.onUnlockingUser-0_com.android.server.pm.ShortcutService$Lifecycle
07-28 00:24:47.860  1708  1927 D SystemServerTimingAsync: ssm.onUnlockingUser-0_com.android.server.pm.LauncherAppsService
07-28 00:24:47.860  1708  1927 D SystemServerTimingAsync: ssm.onUnlockingUser-0_com.android.server.pm.CrossProfileAppsService
07-28 00:24:47.860  1708  1927 D SystemServerTimingAsync: ssm.onUnlockingUser-0_com.android.server.people.PeopleService
07-28 00:24:47.860  1708  1927 D SystemServerTimingAsync: ssm.onUnlockingUser-0_com.android.server.media.metrics.MediaMetricsManagerService
07-28 00:24:47.861  1708  1927 D SystemServerTimingAsync: ssm.onUnlockingUser-0_com.android.server.media.projection.MediaProjectionManagerService
07-28 00:24:47.861  1708  1927 D SystemServerTimingAsync: ssm.onUnlockingUser-0_com.android.server.slice.SliceManagerService$Lifecycle
07-28 00:24:47.861  1708  1927 D SystemServerTimingAsync: ssm.onUnlockingUser-0_com.android.server.stats.StatsCompanion$Lifecycle
07-28 00:24:47.861  1708  1927 D SystemServerTimingAsync: ssm.onUnlockingUser-0_com.android.server.scheduling.RebootReadinessManagerService$Lifecycle
07-28 00:24:47.861  1708  1927 D SystemServerTimingAsync: ssm.onUnlockingUser-0_com.android.server.stats.pull.StatsPullAtomService
07-28 00:24:47.861  1708  1927 D SystemServerTimingAsync: ssm.onUnlockingUser-0_com.android.server.stats.bootstrap.StatsBootstrapAtomService$Lifecycle
07-28 00:24:47.861  1708  1927 D SystemServerTimingAsync: ssm.onUnlockingUser-0_com.android.server.incident.IncidentCompanionService
07-28 00:24:47.861  1708  1927 D SystemServerTimingAsync: ssm.onUnlockingUser-0_com.android.server.sdksandbox.SdkSandboxManagerService$Lifecycle
07-28 00:24:47.861  1708  1927 D SystemServerTimingAsync: ssm.onUnlockingUser-0_com.android.server.adservices.AdServicesManagerService$Lifecycle
07-28 00:24:47.861  1708  1927 D SystemServerTimingAsync: ssm.onUnlockingUser-0_com.android.server.MmsServiceBroker
07-28 00:24:47.861  1708  1927 D SystemServerTimingAsync: ssm.onUnlockingUser-0_com.android.server.autofill.AutofillManagerService
07-28 00:24:47.864  1708  2428 I LockSettingsService: Retrieved auth token for user 0
07-28 00:24:47.869  1708  2055 D CompatibilityChangeReporter: Compat change id reported: 168419799; UID 10128; state: DISABLED
07-28 00:24:47.869  1708  2055 D CompatibilityChangeReporter: Compat change id reported: 273564678; UID 10128; state: DISABLED
07-28 00:24:47.882  1708  1927 D SystemServerTimingAsync: ssm.onUnlockingUser-0_com.android.server.translation.TranslationManagerService
07-28 00:24:47.888  1708  1927 E TranslationManagerServiceImpl: Bad service name: com.google.android.as/com.google.android.apps.miphone.aiai.app.AiAiTranslationService
07-28 00:24:47.888  1708  1927 D SystemServerTimingAsync: ssm.onUnlockingUser-0_com.android.server.clipboard.ClipboardService
07-28 00:24:47.888  1708  1927 D SystemServerTimingAsync: ssm.onUnlockingUser-0_com.android.server.appbinding.AppBindingService$Lifecycle
07-28 00:24:47.896  1708  2655 D CompatibilityChangeReporter: Compat change id reported: 168419799; UID 10115; state: DISABLED
07-28 00:24:47.896  1708  2655 D CompatibilityChangeReporter: Compat change id reported: 273564678; UID 10115; state: DISABLED
07-28 00:24:47.919  1708  1928 W ActivityManager: Slow operation: 132ms so far, now at startProcess: done updating battery stats
07-28 00:24:47.919  1708  1928 I Watchdog: Interesting Java process com.google.android.providers.media.module started. Pid 3491
07-28 00:24:47.919  1708  1928 W ActivityManager: Slow operation: 132ms so far, now at startProcess: building log message
07-28 00:24:47.919  1708  1928 I ActivityManager: Start proc 3491:com.google.android.providers.media.module/u0a228 for service {com.google.android.providers.media.module/com.android.providers.media.fuse.ExternalStorageServiceImpl}
07-28 00:24:47.919  1708  1928 W ActivityManager: Slow operation: 132ms so far, now at startProcess: starting to update pids map
07-28 00:24:47.919  1708  1928 W ActivityManager: Slow operation: 132ms so far, now at startProcess: done updating pids map
07-28 00:24:47.919  1708  1928 W ActivityManager: Slow operation: 66ms so far, now at startProcess: asking zygote to start proc
07-28 00:24:47.919  1708  1928 D CompatibilityChangeReporter: Compat change id reported: 143937733; UID 10137; state: ENABLED
07-28 00:24:47.922  1708  2512 D CompatibilityChangeReporter: Compat change id reported: 135634846; UID 10125; state: DISABLED
07-28 00:24:47.922  1708  2512 D CompatibilityChangeReporter: Compat change id reported: 177438394; UID 10125; state: DISABLED
07-28 00:24:47.922  1708  2512 D CompatibilityChangeReporter: Compat change id reported: 135772972; UID 10125; state: DISABLED
07-28 00:24:47.923  1708  2512 D CompatibilityChangeReporter: Compat change id reported: 135754954; UID 10125; state: ENABLED
07-28 00:24:47.934  1708  1928 W ActivityManager: Slow operation: 81ms so far, now at startProcess: returned from zygote!
07-28 00:24:47.936  1708  1927 D CompatibilityChangeReporter: Compat change id reported: 135634846; UID 10124; state: DISABLED
07-28 00:24:47.936  1708  1927 D CompatibilityChangeReporter: Compat change id reported: 177438394; UID 10124; state: DISABLED
07-28 00:24:47.936  1708  1927 D CompatibilityChangeReporter: Compat change id reported: 135772972; UID 10124; state: DISABLED
07-28 00:24:47.937  1708  1927 D CompatibilityChangeReporter: Compat change id reported: 135754954; UID 10124; state: ENABLED
07-28 00:24:47.982  1708  1924 I UsageStatsService: User[0] Rollover scheduled @ 2025-07-28 15:46:30(1753742790814)
07-28 00:24:48.034  1708  2012 I DisplayPowerController[0]: BrightnessEvent: disp=0, physDisp=local:4630946475097398401, brt=0.014683863, initBrt=0.014683863, rcmdBrt=0.014683863, preBrt=NaN, lux=0.7, preLux=0.0, hbmMax=1.0, hbmMode=off, rbcStrength=50, powerFactor=1.0, thrmMax=1.0, wasShortTermModelActive=false, flags=, reason=automatic, autoBrightness=true
07-28 00:24:48.036  1708  1927 W SystemServiceManager: Service com.android.server.appbinding.AppBindingService$Lifecycle took 147 ms in onUnlockingUser-0
07-28 00:24:48.036  1708  1927 D SystemServerTimingAsync: ssm.onUnlockingUser-0_com.android.server.tracing.TracingServiceProxy
07-28 00:24:48.036  1708  1927 D SystemServerTimingAsync: ssm.onUnlockingUser-0_com.android.server.policy.PermissionPolicyService
07-28 00:24:48.036  1708  1927 D SystemServerTimingAsync: ssm.onUnlockingUser-0_com.android.server.pm.StagingManager$Lifecycle
07-28 00:24:48.036  1708  1927 D SystemServerTimingAsync: ssm.onUnlockingUser-0_com.android.server.app.GameManagerService$Lifecycle
07-28 00:24:48.036  1708  1927 D SystemServerTimingAsync: ssm.onUnlockingUser-0_com.android.safetycenter.SafetyCenterService
07-28 00:24:48.036  1708  1927 D SystemServerTimingAsync: ssm.onUnlockingUser-0_com.android.server.appsearch.AppSearchModule$Lifecycle
07-28 00:24:48.044  1708  3323 D CompatibilityChangeReporter: Compat change id reported: 168419799; UID 10228; state: DISABLED
07-28 00:24:48.044  1708  3323 D CompatibilityChangeReporter: Compat change id reported: 273564678; UID 10228; state: DISABLED
07-28 00:24:48.056  1708  1927 D SystemServerTimingAsync: ssm.onUnlockingUser-0_com.android.server.media.MediaCommunicationService
07-28 00:24:48.057  1708  1927 D SystemServerTimingAsync: ssm.onUnlockingUser-0_com.android.server.compat.overrides.AppCompatOverridesService$Lifecycle
07-28 00:24:48.057  1708  1927 W ActivityManager: UserLifecycleEvent 5 received without an active userJourneySession.
07-28 00:24:48.057  1708  1927 W ActivityManager: UserLifecycleEvent 6 received without an active userJourneySession.
07-28 00:24:48.057  1708  1927 D SystemServerTiming: finishUserUnlocked-0
07-28 00:24:48.057  1708  1927 I ActivityManager: User 0 state changed from RUNNING_UNLOCKING to RUNNING_UNLOCKED
07-28 00:24:48.057  1708  1905 I ActivityTaskManager: Loading recents for user 0 into memory.
07-28 00:24:48.060  1708  1906 W Looper  : Slow dispatch took 139ms android.ui h=com.android.server.am.ActivityManagerService$UiHandler c=null m=68
07-28 00:24:48.060  1708  1928 W ActivityManager: Slow operation: 207ms so far, now at startProcess: done updating battery stats
07-28 00:24:48.060  1708  1928 W ActivityManager: Slow operation: 207ms so far, now at startProcess: building log message
07-28 00:24:48.060  1708  1928 I ActivityManager: Start proc 3525:com.google.android.googlequicksearchbox:interactor/u0a137 for service {com.google.android.googlequicksearchbox/com.google.android.voiceinteraction.GsaVoiceInteractionService}
07-28 00:24:48.061  1708  1927 V SystemServerTiming: SystemUserUnlock took to complete: 753ms
07-28 00:24:48.062  1708  1928 W ActivityManager: Slow operation: 207ms so far, now at startProcess: starting to update pids map
07-28 00:24:48.071  1708  1905 V PackageConfigPersister: loadPackages: empty list files from /data/system_ce/0/package_configs
07-28 00:24:48.071  1708  1928 W ActivityManager: Slow operation: 218ms so far, now at startProcess: done updating pids map
