07-28 00:24:45.173  1708  2348 D CompatibilityChangeReporter: Compat change id reported: 218533173; UID 10171; state: ENABLED
07-28 00:24:45.173  1708  1708 W ActivityManager: Unable to start service Intent { act=android.service.notification.NotificationAssistantService cmp=com.google.android.as/com.google.android.apps.miphone.aiai.common.notification.service.AiAiNotificationAssistantService } U=0: not found
07-28 00:24:45.173  1708  1708 W NotificationAssistants: Unable to bind notification assistant service: Intent { act=android.service.notification.NotificationAssistantService cmp=com.google.android.as/com.google.android.apps.miphone.aiai.common.notification.service.AiAiNotificationAssistantService (has extras) } in user 0
07-28 00:24:45.174  1708  2348 D CompatibilityChangeReporter: Compat change id reported: 218533173; UID 10066; state: ENABLED
07-28 00:24:45.175  1708  2348 D CompatibilityChangeReporter: Compat change id reported: 218533173; UID 10166; state: ENABLED
07-28 00:24:45.177  1708  2348 D CompatibilityChangeReporter: Compat change id reported: 218533173; UID 10141; state: ENABLED
07-28 00:24:45.179  1708  2348 D CompatibilityChangeReporter: Compat change id reported: 218533173; UID 10043; state: ENABLED
07-28 00:24:45.179  1708  2056 D CompatibilityChangeReporter: Compat change id reported: 168419799; UID 10156; state: DISABLED
07-28 00:24:45.179  1708  2056 D CompatibilityChangeReporter: Compat change id reported: 273564678; UID 10156; state: DISABLED
07-28 00:24:45.179  1708  2348 D CompatibilityChangeReporter: Compat change id reported: 218533173; UID 10051; state: ENABLED
07-28 00:24:45.181  1708  2348 D CompatibilityChangeReporter: Compat change id reported: 218533173; UID 10026; state: ENABLED
07-28 00:24:45.181  1708  2348 D CompatibilityChangeReporter: Compat change id reported: 218533173; UID 10067; state: ENABLED
07-28 00:24:45.183  1708  2348 D CompatibilityChangeReporter: Compat change id reported: 218533173; UID 10183; state: DISABLED
07-28 00:24:45.184  1708  1928 W ActivityManager: Slow operation: 530ms so far, now at startProcess: returned from zygote!
07-28 00:24:45.184  1708  1928 W ActivityManager: Slow operation: 530ms so far, now at startProcess: done updating battery stats
07-28 00:24:45.184  1708  1928 W ActivityManager: Slow operation: 530ms so far, now at startProcess: building log message
07-28 00:24:45.184  1708  1928 I ActivityManager: Start proc 2854:com.android.se/1068 for added application com.android.se
07-28 00:24:45.184  1708  1928 W ActivityManager: Slow operation: 530ms so far, now at startProcess: starting to update pids map
07-28 00:24:45.184  1708  2348 D CompatibilityChangeReporter: Compat change id reported: 218533173; UID 10123; state: ENABLED
07-28 00:24:45.184  1708  1928 W ActivityManager: Slow operation: 530ms so far, now at startProcess: done updating pids map
07-28 00:24:45.184  1708  1928 W ActivityManager: Slow operation: 530ms so far, now at startProcess: asking zygote to start proc
07-28 00:24:45.189  1708  2056 D CompatibilityChangeReporter: Compat change id reported: 194532703; UID 1073; state: ENABLED
07-28 00:24:45.192  1708  2348 D CompatibilityChangeReporter: Compat change id reported: 218533173; UID 10133; state: ENABLED
07-28 00:24:45.193  1708  2056 D CompatibilityChangeReporter: Compat change id reported: 168419799; UID 10203; state: DISABLED
07-28 00:24:45.193  1708  2056 D CompatibilityChangeReporter: Compat change id reported: 273564678; UID 10203; state: DISABLED
07-28 00:24:45.194  1708  2348 D CompatibilityChangeReporter: Compat change id reported: 218533173; UID 10063; state: ENABLED
07-28 00:24:45.196  1708  2348 D CompatibilityChangeReporter: Compat change id reported: 218533173; UID 10179; state: ENABLED
07-28 00:24:45.197  1708  2348 D CompatibilityChangeReporter: Compat change id reported: 218533173; UID 10098; state: DISABLED
07-28 00:24:45.198  1708  2348 D CompatibilityChangeReporter: Compat change id reported: 218533173; UID 10000; state: ENABLED
07-28 00:24:45.199  1708  1928 W ActivityManager: Slow operation: 545ms so far, now at startProcess: returned from zygote!
07-28 00:24:45.200  1708  2348 D CompatibilityChangeReporter: Compat change id reported: 218533173; UID 10061; state: ENABLED
07-28 00:24:45.201  1708  2348 D CompatibilityChangeReporter: Compat change id reported: 218533173; UID 10136; state: ENABLED
07-28 00:24:45.204  1708  1928 W ActivityManager: Slow operation: 550ms so far, now at startProcess: done updating battery stats
07-28 00:24:45.204  1708  1928 I Watchdog: Interesting Java process com.android.phone started. Pid 2872
07-28 00:24:45.204  1708  1928 W ActivityManager: Slow operation: 550ms so far, now at startProcess: building log message
07-28 00:24:45.204  1708  1928 I ActivityManager: Start proc 2872:com.android.phone/1001 for added application com.android.phone
07-28 00:24:45.204  1708  1928 W ActivityManager: Slow operation: 551ms so far, now at startProcess: starting to update pids map
07-28 00:24:45.204  1708  2348 D CompatibilityChangeReporter: Compat change id reported: 218533173; UID 10174; state: ENABLED
07-28 00:24:45.205  1708  1928 W ActivityManager: Slow operation: 551ms so far, now at startProcess: done updating pids map
07-28 00:24:45.205  1708  1928 W ActivityManager: Slow operation: 237ms so far, now at startProcess: asking zygote to start proc
07-28 00:24:45.208  1708  1754 D CompatibilityChangeReporter: Compat change id reported: 168419799; UID 10206; state: DISABLED
07-28 00:24:45.208  1708  1754 D CompatibilityChangeReporter: Compat change id reported: 273564678; UID 10206; state: DISABLED
07-28 00:24:45.215  1708  2512 D CompatibilityChangeReporter: Compat change id reported: 168419799; UID 1068; state: DISABLED
07-28 00:24:45.215  1708  2512 D CompatibilityChangeReporter: Compat change id reported: 273564678; UID 1068; state: DISABLED
07-28 00:24:45.216  1708  2348 D CompatibilityChangeReporter: Compat change id reported: 218533173; UID 10092; state: ENABLED
07-28 00:24:45.220  1708  2348 D CompatibilityChangeReporter: Compat change id reported: 218533173; UID 10034; state: ENABLED
07-28 00:24:45.221  1708  2348 D CompatibilityChangeReporter: Compat change id reported: 218533173; UID 10059; state: ENABLED
07-28 00:24:45.222  1708  2348 D CompatibilityChangeReporter: Compat change id reported: 218533173; UID 10181; state: DISABLED
07-28 00:24:45.223  1708  1928 W ActivityManager: Slow operation: 255ms so far, now at startProcess: returned from zygote!
07-28 00:24:45.223  1708  1928 W ActivityManager: Slow operation: 255ms so far, now at startProcess: done updating battery stats
07-28 00:24:45.223  1708  1928 W ActivityManager: Slow operation: 255ms so far, now at startProcess: building log message
07-28 00:24:45.223  1708  1928 I ActivityManager: Start proc 2884:com.android.settings/1000 for top-activity {com.android.settings/com.android.settings.FallbackHome}
07-28 00:24:45.223  1708  1928 W ActivityManager: Slow operation: 255ms so far, now at startProcess: starting to update pids map
07-28 00:24:45.223  1708  1928 W ActivityManager: Slow operation: 255ms so far, now at startProcess: done updating pids map
07-28 00:24:45.223  1708  1928 W ActivityManager: Slow operation: 234ms so far, now at startProcess: asking zygote to start proc
07-28 00:24:45.223  1708  1928 D CompatibilityChangeReporter: Compat change id reported: 143937733; UID 10232; state: ENABLED
07-28 00:24:45.223  1708  2348 D CompatibilityChangeReporter: Compat change id reported: 218533173; UID 10209; state: ENABLED
07-28 00:24:45.225  1708  2348 D CompatibilityChangeReporter: Compat change id reported: 218533173; UID 10231; state: ENABLED
07-28 00:24:45.228  1708  2348 D CompatibilityChangeReporter: Compat change id reported: 218533173; UID 10084; state: ENABLED
07-28 00:24:45.231  1708  2348 D CompatibilityChangeReporter: Compat change id reported: 218533173; UID 10009; state: ENABLED
07-28 00:24:45.234  1708  2348 D CompatibilityChangeReporter: Compat change id reported: 218533173; UID 10077; state: ENABLED
07-28 00:24:45.236  1708  2056 D CompatibilityChangeReporter: Compat change id reported: 168419799; UID 1001; state: DISABLED
07-28 00:24:45.236  1708  2056 D CompatibilityChangeReporter: Compat change id reported: 273564678; UID 1001; state: DISABLED
07-28 00:24:45.238  1708  2348 D CompatibilityChangeReporter: Compat change id reported: 218533173; UID 10223; state: ENABLED
07-28 00:24:45.242  1708  1928 W ActivityManager: Slow operation: 253ms so far, now at startProcess: returned from zygote!
07-28 00:24:45.242  1708  1928 W ActivityManager: Slow operation: 253ms so far, now at startProcess: done updating battery stats
07-28 00:24:45.242  1708  1928 W ActivityManager: Slow operation: 253ms so far, now at startProcess: building log message
07-28 00:24:45.242  1708  1928 I ActivityManager: Start proc 2898:com.google.android.ext.services/u0a232 for service {com.google.android.ext.services/android.ext.services.autofill.InlineSuggestionRenderServiceImpl}
07-28 00:24:45.242  1708  1928 W ActivityManager: Slow operation: 253ms so far, now at startProcess: starting to update pids map
07-28 00:24:45.242  1708  1928 W ActivityManager: Slow operation: 253ms so far, now at startProcess: done updating pids map
07-28 00:24:45.250  1708  2348 D CompatibilityChangeReporter: Compat change id reported: 218533173; UID 10030; state: ENABLED
07-28 00:24:45.252  1708  2348 D CompatibilityChangeReporter: Compat change id reported: 218533173; UID 10068; state: ENABLED
07-28 00:24:45.254  1708  2348 D CompatibilityChangeReporter: Compat change id reported: 218533173; UID 10053; state: ENABLED
07-28 00:24:45.256  1708  2348 D CompatibilityChangeReporter: Compat change id reported: 218533173; UID 10230; state: ENABLED
07-28 00:24:45.261  1708  2348 D CompatibilityChangeReporter: Compat change id reported: 218533173; UID 10010; state: ENABLED
07-28 00:24:45.264  1708  2348 D CompatibilityChangeReporter: Compat change id reported: 218533173; UID 10195; state: ENABLED
07-28 00:24:45.265  1708  2348 D CompatibilityChangeReporter: Compat change id reported: 218533173; UID 10081; state: ENABLED
07-28 00:24:45.266  1708  1754 D CompatibilityChangeReporter: Compat change id reported: 168419799; UID 1068; state: DISABLED
07-28 00:24:45.268  1708  1754 D CompatibilityChangeReporter: Compat change id reported: 273564678; UID 1068; state: DISABLED
07-28 00:24:45.269  1708  2348 D CompatibilityChangeReporter: Compat change id reported: 218533173; UID 10190; state: ENABLED
07-28 00:24:45.270  1708  2348 D CompatibilityChangeReporter: Compat change id reported: 218533173; UID 10065; state: ENABLED
07-28 00:24:45.271  1708  2348 D CompatibilityChangeReporter: Compat change id reported: 218533173; UID 10197; state: ENABLED
07-28 00:24:45.273  1708  2348 D CompatibilityChangeReporter: Compat change id reported: 218533173; UID 10182; state: ENABLED
07-28 00:24:45.274  1708  2348 D CompatibilityChangeReporter: Compat change id reported: 218533173; UID 10044; state: ENABLED
07-28 00:24:45.274  1708  2655 D CompatibilityChangeReporter: Compat change id reported: 161145287; UID 1073; state: DISABLED
07-28 00:24:45.274  1708  2348 D CompatibilityChangeReporter: Compat change id reported: 218533173; UID 10138; state: ENABLED
07-28 00:24:45.275  1708  2348 D CompatibilityChangeReporter: Compat change id reported: 218533173; UID 10041; state: ENABLED
07-28 00:24:45.276  1708  2348 D CompatibilityChangeReporter: Compat change id reported: 218533173; UID 10132; state: ENABLED
07-28 00:24:45.277  1708  1753 D CompatibilityChangeReporter: Compat change id reported: 168419799; UID 10232; state: DISABLED
07-28 00:24:45.277  1708  1753 D CompatibilityChangeReporter: Compat change id reported: 273564678; UID 10232; state: DISABLED
07-28 00:24:45.277  1708  2348 D CompatibilityChangeReporter: Compat change id reported: 218533173; UID 10154; state: DISABLED
07-28 00:24:45.278  1708  2348 D CompatibilityChangeReporter: Compat change id reported: 218533173; UID 10086; state: ENABLED
07-28 00:24:45.279  1708  2348 D CompatibilityChangeReporter: Compat change id reported: 218533173; UID 10031; state: ENABLED
07-28 00:24:45.280  1708  2348 D CompatibilityChangeReporter: Compat change id reported: 218533173; UID 10069; state: ENABLED
07-28 00:24:45.281  1708  2348 D CompatibilityChangeReporter: Compat change id reported: 218533173; UID 10049; state: ENABLED
07-28 00:24:45.283  1708  2655 D CompatibilityChangeReporter: Compat change id reported: 168419799; UID 1000; state: DISABLED
07-28 00:24:45.283  1708  2655 D CompatibilityChangeReporter: Compat change id reported: 273564678; UID 1000; state: DISABLED
07-28 00:24:45.288  1708  2348 D CompatibilityChangeReporter: Compat change id reported: 218533173; UID 10058; state: ENABLED
07-28 00:24:45.292  1708  2512 D CompatibilityChangeReporter: Compat change id reported: 161145287; UID 1068; state: DISABLED
07-28 00:24:45.297  1708  2348 D CompatibilityChangeReporter: Compat change id reported: 218533173; UID 10159; state: ENABLED
07-28 00:24:45.302  1708  2348 D CompatibilityChangeReporter: Compat change id reported: 218533173; UID 10107; state: ENABLED
07-28 00:24:45.306  1708  2348 D CompatibilityChangeReporter: Compat change id reported: 218533173; UID 10052; state: ENABLED
07-28 00:24:45.307  1708  2348 D CompatibilityChangeReporter: Compat change id reported: 218533173; UID 10033; state: ENABLED
07-28 00:24:45.309  1708  2348 D CompatibilityChangeReporter: Compat change id reported: 171306433; UID 10112; state: ENABLED
07-28 00:24:45.309  1708  2348 D CompatibilityChangeReporter: Compat change id reported: 226439802; UID 10112; state: DISABLED
07-28 00:24:45.310  1708  2348 D CompatibilityChangeReporter: Compat change id reported: 218533173; UID 10085; state: ENABLED
07-28 00:24:45.312  1708  2348 D CompatibilityChangeReporter: Compat change id reported: 218533173; UID 10050; state: ENABLED
07-28 00:24:45.314  1708  2348 D CompatibilityChangeReporter: Compat change id reported: 218533173; UID 10095; state: DISABLED
07-28 00:24:45.315  1708  2348 D CompatibilityChangeReporter: Compat change id reported: 218533173; UID 10114; state: ENABLED
07-28 00:24:45.316  1708  2348 D CompatibilityChangeReporter: Compat change id reported: 218533173; UID 10131; state: ENABLED
07-28 00:24:45.317  1708  2348 D CompatibilityChangeReporter: Compat change id reported: 171306433; UID 10147; state: ENABLED
07-28 00:24:45.318  1708  2348 D CompatibilityChangeReporter: Compat change id reported: 226439802; UID 10147; state: DISABLED
07-28 00:24:45.319  1708  2348 D CompatibilityChangeReporter: Compat change id reported: 218533173; UID 10194; state: DISABLED
07-28 00:24:45.320  1708  2348 D CompatibilityChangeReporter: Compat change id reported: 218533173; UID 10135; state: ENABLED
07-28 00:24:45.321  1708  2348 D CompatibilityChangeReporter: Compat change id reported: 218533173; UID 10121; state: ENABLED
07-28 00:24:45.322  1708  1754 D CompatibilityChangeReporter: Compat change id reported: 182478738; UID 1073; state: ENABLED
07-28 00:24:45.322  1708  2348 D CompatibilityChangeReporter: Compat change id reported: 218533173; UID 10149; state: ENABLED
07-28 00:24:45.323  1708  2348 D CompatibilityChangeReporter: Compat change id reported: 218533173; UID 10113; state: ENABLED
07-28 00:24:45.326  1708  2348 D CompatibilityChangeReporter: Compat change id reported: 218533173; UID 10222; state: DISABLED
07-28 00:24:45.327  1708  2348 D CompatibilityChangeReporter: Compat change id reported: 218533173; UID 10225; state: ENABLED
07-28 00:24:45.329  1708  2348 D CompatibilityChangeReporter: Compat change id reported: 218533173; UID 10184; state: ENABLED
07-28 00:24:45.330  1708  2348 D CompatibilityChangeReporter: Compat change id reported: 218533173; UID 10227; state: ENABLED
07-28 00:24:45.331  1708  2348 D CompatibilityChangeReporter: Compat change id reported: 218533173; UID 10056; state: ENABLED
07-28 00:24:45.332  1708  2348 D CompatibilityChangeReporter: Compat change id reported: 218533173; UID 10216; state: DISABLED
07-28 00:24:45.333  1708  2348 D CompatibilityChangeReporter: Compat change id reported: 218533173; UID 10073; state: ENABLED
07-28 00:24:45.334  1708  2348 D CompatibilityChangeReporter: Compat change id reported: 218533173; UID 10196; state: ENABLED
07-28 00:24:45.336  1708  2348 D CompatibilityChangeReporter: Compat change id reported: 218533173; UID 10130; state: ENABLED
07-28 00:24:45.342  1708  2348 D CompatibilityChangeReporter: Compat change id reported: 218533173; UID 10025; state: ENABLED
07-28 00:24:45.343  1708  2348 D CompatibilityChangeReporter: Compat change id reported: 218533173; UID 10178; state: ENABLED
07-28 00:24:45.344  1708  2348 D CompatibilityChangeReporter: Compat change id reported: 218533173; UID 10173; state: DISABLED
07-28 00:24:45.345  1708  2348 D CompatibilityChangeReporter: Compat change id reported: 218533173; UID 10116; state: ENABLED
07-28 00:24:45.346  1708  2348 D CompatibilityChangeReporter: Compat change id reported: 171306433; UID 10215; state: ENABLED
07-28 00:24:45.347  1708  2348 D CompatibilityChangeReporter: Compat change id reported: 226439802; UID 10215; state: DISABLED
07-28 00:24:45.347  1708  2348 D CompatibilityChangeReporter: Compat change id reported: 218533173; UID 10013; state: ENABLED
07-28 00:24:45.348  1708  2348 D CompatibilityChangeReporter: Compat change id reported: 218533173; UID 10003; state: ENABLED
07-28 00:24:45.349  1708  2348 D CompatibilityChangeReporter: Compat change id reported: 218533173; UID 10165; state: ENABLED
07-28 00:24:45.349  1708  2348 D CompatibilityChangeReporter: Compat change id reported: 218533173; UID 10019; state: ENABLED
07-28 00:24:45.350  1708  2348 D CompatibilityChangeReporter: Compat change id reported: 218533173; UID 10208; state: ENABLED
07-28 00:24:45.351  1708  2348 D CompatibilityChangeReporter: Compat change id reported: 218533173; UID 10229; state: ENABLED
07-28 00:24:45.351  1708  1708 W Looper  : Slow dispatch took 178ms main h=android.app.ActivityThread$H c=android.app.LoadedApk$ReceiverDispatcher$Args$$ExternalSyntheticLambda0@71cfd5a m=0
07-28 00:24:45.352  1708  2348 D CompatibilityChangeReporter: Compat change id reported: 218533173; UID 10101; state: ENABLED
07-28 00:24:45.353  1708  2348 D CompatibilityChangeReporter: Compat change id reported: 218533173; UID 10093; state: ENABLED
07-28 00:24:45.355  1708  2348 D CompatibilityChangeReporter: Compat change id reported: 218533173; UID 10087; state: ENABLED
07-28 00:24:45.355  1708  2348 D CompatibilityChangeReporter: Compat change id reported: 218533173; UID 10218; state: ENABLED
07-28 00:24:45.356  1708  2348 D CompatibilityChangeReporter: Compat change id reported: 218533173; UID 10120; state: ENABLED
07-28 00:24:45.356  1708  1708 D ConditionProviders.SCP: onSubscribe condition://android/schedule?days=1.2.3.4.5.6.7&start=22.0&end=7.0&exitAtAlarm=true
07-28 00:24:45.356  1708  2348 D CompatibilityChangeReporter: Compat change id reported: 218533173; UID 10004; state: ENABLED
07-28 00:24:45.358  1708  1708 D ConditionProviders.SCP: setRegistered true
07-28 00:24:45.361  1708  1905 D UsbDeviceManager: push notification:Charging this device via USB
07-28 00:24:45.362  1708  2348 D CompatibilityChangeReporter: Compat change id reported: 218533173; UID 10021; state: ENABLED
07-28 00:24:45.363  1708  2348 D CompatibilityChangeReporter: Compat change id reported: 218533173; UID 10238; state: ENABLED
07-28 00:24:45.365  1708  2348 D CompatibilityChangeReporter: Compat change id reported: 218533173; UID 10117; state: ENABLED
07-28 00:24:45.365  1708  2348 D CompatibilityChangeReporter: Compat change id reported: 218533173; UID 10096; state: ENABLED
07-28 00:24:45.366  1708  2348 D CompatibilityChangeReporter: Compat change id reported: 218533173; UID 10214; state: DISABLED
07-28 00:24:45.366  1708  2348 D CompatibilityChangeReporter: Compat change id reported: 218533173; UID 10169; state: ENABLED
07-28 00:24:45.368  1708  2458 D CompatibilityChangeReporter: Compat change id reported: 161145287; UID 1000; state: DISABLED
07-28 00:24:45.368  1708  2348 D CompatibilityChangeReporter: Compat change id reported: 218533173; UID 10002; state: ENABLED
07-28 00:24:45.369  1708  2348 D CompatibilityChangeReporter: Compat change id reported: 218533173; UID 10016; state: ENABLED
07-28 00:24:45.369  1708  2348 D CompatibilityChangeReporter: Compat change id reported: 218533173; UID 10199; state: ENABLED
07-28 00:24:45.370  1708  2458 W ActivityThread: Failed to find provider info for com.android.calendar (user not unlocked)
07-28 00:24:45.370  1708  2458 W ActivityThread: Failed to find provider info for com.android.calendar (user not unlocked)
07-28 00:24:45.370  1708  2348 D CompatibilityChangeReporter: Compat change id reported: 218533173; UID 10057; state: ENABLED
07-28 00:24:45.370  1708  2458 D CompatibilityChangeReporter: Compat change id reported: 171306433; UID 1000; state: ENABLED
07-28 00:24:45.370  1708  2348 D CompatibilityChangeReporter: Compat change id reported: 218533173; UID 10145; state: ENABLED
07-28 00:24:45.370  1708  2458 D CompatibilityChangeReporter: Compat change id reported: 218533173; UID 1000; state: ENABLED
07-28 00:24:45.371  1708  2655 D CompatibilityChangeReporter: Compat change id reported: 157233955; UID 10208; state: ENABLED
07-28 00:24:45.374  1708  1708 D ConditionProviders.SCP: evaluateSubscriptionLocked cal=ScheduleCalendar[mDays={1, 2, 3, 4, 5, 6, 7}, mSchedule=ScheduleInfo{days=[1, 2, 3, 4, 5, 6, 7], startHour=22, startMinute=0, endHour=7, endMinute=0, exitAtAlarm=true, nextAlarm=Wed Dec 31 16:00:00 PST 1969 (0)}], now=Mon Jul 28 00:24:45 PDT 2025 (1753687485358), nextUserAlarmTime=Wed Dec 31 16:00:00 PST 1969 (0)
07-28 00:24:45.374  1708  1708 D ConditionProviders.SCP: notifyCondition condition://android/schedule?days=1.2.3.4.5.6.7&start=22.0&end=7.0&exitAtAlarm=true STATE_TRUE reason=meetsSchedule
07-28 00:24:45.375  1708  1708 D ConditionProviders.SCP: Scheduling evaluate for Mon Jul 28 07:00:00 PDT 2025 (1753711200000), in +6h35m14s642ms, now=Mon Jul 28 00:24:45 PDT 2025 (1753687485358)
07-28 00:24:45.376  1708  1708 W ActivityManager: Unable to start service Intent { act=android.service.contentcapture.ContentCaptureService cmp=com.google.android.as/com.google.android.apps.miphone.aiai.app.AiAiContentCaptureService } U=0: not found
07-28 00:24:45.376  1708  1708 W RemoteContentCaptureService: could not bind to Intent { act=android.service.contentcapture.ContentCaptureService cmp=com.google.android.as/com.google.android.apps.miphone.aiai.app.AiAiContentCaptureService } using flags 67112961
07-28 00:24:45.378  1708  2348 D CompatibilityChangeReporter: Compat change id reported: 218533173; UID 10201; state: DISABLED
07-28 00:24:45.378  1708  1708 W ContentCapturePerUserService: remote service died: RemoteContentCaptureService[ComponentInfo{com.google.android.as/com.google.android.apps.miphone.aiai.app.AiAiContentCaptureService} 172690223 (unbound)]
07-28 00:24:45.379  1708  1708 W ActivityManager: Unbind failed: could not find connection for android.app.LoadedApk$ServiceDispatcher$InnerConnection@5072b4b
07-28 00:24:45.379  1708  1708 W ActivityManager: Unable to start service Intent { act=android.service.contentcapture.ContentCaptureService cmp=com.google.android.as/com.google.android.apps.miphone.aiai.app.AiAiContentCaptureService } U=0: not found
07-28 00:24:45.379  1708  1708 W RemoteContentCaptureService: could not bind to Intent { act=android.service.contentcapture.ContentCaptureService cmp=com.google.android.as/com.google.android.apps.miphone.aiai.app.AiAiContentCaptureService } using flags 67112961
07-28 00:24:45.380  1708  1708 W ContentCapturePerUserService: remote service died: RemoteContentCaptureService[ComponentInfo{com.google.android.as/com.google.android.apps.miphone.aiai.app.AiAiContentCaptureService} 129499092 (unbound)]
07-28 00:24:45.381  1708  1708 W ActivityManager: Unbind failed: could not find connection for android.app.LoadedApk$ServiceDispatcher$InnerConnection@a618c72
07-28 00:24:45.405  1708  1927 W BroadcastQueue: Permission Denial: broadcasting Intent { act=android.intent.action.BATTERY_CHANGED flg=0x60000010 (has extras) } from null (pid=-1, uid=-1) requires com.google.android.systemui.permission.WIRELESS_CHARGER_STATUS due to registered receiver BroadcastFilter{2ab81df 10208/u0 ReceiverList{680987e 2555 com.android.systemui/10208/u0 remote:3d7a39}}
07-28 00:24:45.417  1708  2950 I Telecom : BluetoothRouteManager: getBluetoothAudioConnectedDevice: no service available.
07-28 00:24:45.418  1708  1708 I Telecom : SystemStateHelper: Registering broadcast receiver: android.content.IntentFilter@748b060: TS.init@AAA
07-28 00:24:45.418  1708  1708 I Telecom : SystemStateHelper: Registering broadcast receiver: android.content.IntentFilter@9f08919: TS.init@AAA
07-28 00:24:45.419  1708  2655 D CompatibilityChangeReporter: Compat change id reported: 161145287; UID 1002; state: DISABLED
07-28 00:24:45.433  1708  2953 I Telecom : Logging.Events: Non-call EVENT: AUDIO_ROUTE, Entering state QuiescentEarpieceRoute
07-28 00:24:45.433  1708  2953 I Telecom : BluetoothRouteManager: getBluetoothAudioConnectedDevice: no service available.
07-28 00:24:45.442  1708  2955 I Telecom : CallAudioModeStateMachine: Audio focus entering UNFOCUSED state
07-28 00:24:45.443  1708  2955 I Telecom : CallAudioModeStateMachine: Message received: null.: TS.init->CAMSM.pM_1@AAA
07-28 00:24:45.446  1708  1708 I Telecom : MissedCallNotifierImpl: reloadFromDatabase: Boot not yet complete -- call log db may not be available. Deferring loading until boot complete for user 0: TS.init@AAA
07-28 00:24:45.451  1708  1708 I Telecom : Class: TelecomSystem.INSTANCE being set
07-28 00:24:45.460  1708  1708 I ConnectivityModuleConnector: Networking module service connected
07-28 00:24:45.462  1708  1708 D WallpaperManagerService: WPMS.onServiceConnected-ComponentInfo{com.breel.wallpapers20a/com.breel.wallpapers20a.gradient.wallpaper.GradientWallpaper}
07-28 00:24:45.462  1708  1708 D WallpaperManagerService: WPMS.attachServiceLocked
07-28 00:24:45.462  1708  1708 D WallpaperManagerService: WPMS.connectLocked-ComponentInfo{com.breel.wallpapers20a/com.breel.wallpapers20a.gradient.wallpaper.GradientWallpaper}
07-28 00:24:45.464  1708  1708 D WallpaperManagerService: WPMS.saveSettingsLocked-0
07-28 00:24:45.466  1708  1754 I MR2ServiceImpl: registerManager | uid: 10208, pid: 2555, package: com.android.systemui, user: 0
07-28 00:24:45.467  1708  1708 I ExplicitHealthCheckController: Explicit health check service is connected ComponentInfo{com.google.android.ext.services/android.ext.services.watchdog.ExplicitHealthCheckServiceImpl}
07-28 00:24:45.467  1708  1708 I ExplicitHealthCheckController: Service initialized, syncing requests
07-28 00:24:45.467  1708  1708 I ConnectivityModuleConnector: Networking module service connected
07-28 00:24:45.473  1708  1708 I Telecom : WiredHeadsetManager: ACTION_HEADSET_PLUG event, plugged in: false, : WHC.oADA@AAE
07-28 00:24:45.475  1708  2655 D CompatibilityChangeReporter: Compat change id reported: 168419799; UID 10184; state: DISABLED
07-28 00:24:45.476  1708  2655 D CompatibilityChangeReporter: Compat change id reported: 273564678; UID 10184; state: DISABLED
07-28 00:24:45.476  1708  1708 I MediaSessionStack: addSession to bottom of stack | record: com.android.server.telecom/HeadsetMediaButton (userId=0)
07-28 00:24:45.476  1708  1708 I MediaSessionStack: removeSession | record: com.android.server.telecom/HeadsetMediaButton (userId=0)
07-28 00:24:45.477  1708  1708 W Looper  : Drained
07-28 00:24:45.477  1708  1708 I PackageWatchdog: Syncing health check requests for packages: {}
07-28 00:24:45.477  1708  1708 D ExplicitHealthCheckController: Getting health check supported packages
07-28 00:24:45.478  1708  1708 I MR2ServiceImpl: addProviderRoutes | provider: com.android.server.media/.SystemMediaRoute2Provider, routes: [DEVICE_ROUTE | Phone]
07-28 00:24:45.481  1708  1753 I ExplicitHealthCheckController: Explicit health check supported packages [PackageConfig{com.google.android.networkstack, 86400000}]
07-28 00:24:45.481  1708  1753 D PackageWatchdog: Received supported packages [PackageConfig{com.google.android.networkstack, 86400000}]
07-28 00:24:45.481  1708  1753 D ExplicitHealthCheckController: Getting health check requested packages
07-28 00:24:45.482  1708  1753 I ExplicitHealthCheckController: Explicit health check requested packages []
07-28 00:24:45.482  1708  1753 I ExplicitHealthCheckController: No more health check requests, unbinding...
07-28 00:24:45.485  1708  1753 I ExplicitHealthCheckController: Explicit health check service is unbound
07-28 00:24:45.488  1708  1753 W ActivityManager: Unable to start service Intent { act=android.service.smartspace.SmartspaceService cmp=com.google.android.as/com.google.android.apps.miphone.aiai.app.AiAiSmartspaceService } U=0: not found
07-28 00:24:45.488  1708  1753 W RemoteSmartspaceService: could not bind to Intent { act=android.service.smartspace.SmartspaceService cmp=com.google.android.as/com.google.android.apps.miphone.aiai.app.AiAiSmartspaceService } using flags 67112961
07-28 00:24:45.491  1708  1753 W ActivityManager: Unable to start service Intent { act=android.service.smartspace.SmartspaceService cmp=com.google.android.as/com.google.android.apps.miphone.aiai.app.AiAiSmartspaceService } U=0: not found
07-28 00:24:45.492  1708  1753 W RemoteSmartspaceService: could not bind to Intent { act=android.service.smartspace.SmartspaceService cmp=com.google.android.as/com.google.android.apps.miphone.aiai.app.AiAiSmartspaceService } using flags 67112961
07-28 00:24:45.493  1708  1708 W NotificationHistory: Attempted to add notif for locked/gone/disabled user 0
07-28 00:24:45.493  1708  2056 W ActivityManager: Unable to start service Intent { act=android.service.smartspace.SmartspaceService cmp=com.google.android.as/com.google.android.apps.miphone.aiai.app.AiAiSmartspaceService } U=0: not found
07-28 00:24:45.494  1708  2056 W RemoteSmartspaceService: could not bind to Intent { act=android.service.smartspace.SmartspaceService cmp=com.google.android.as/com.google.android.apps.miphone.aiai.app.AiAiSmartspaceService } using flags 67112961
07-28 00:24:45.494  1708  1708 W ActivityManager: Unbind failed: could not find connection for android.app.LoadedApk$ServiceDispatcher$InnerConnection@3fd7f83
07-28 00:24:45.495  1708  1708 W ActivityManager: Unbind failed: could not find connection for android.app.LoadedApk$ServiceDispatcher$InnerConnection@c703139
07-28 00:24:45.495  1708  1708 W ActivityManager: Unbind failed: could not find connection for android.app.LoadedApk$ServiceDispatcher$InnerConnection@5da837e
07-28 00:24:45.496  1708  2512 W ActivityManager: Unable to start service Intent { act=android.service.smartspace.SmartspaceService cmp=com.google.android.as/com.google.android.apps.miphone.aiai.app.AiAiSmartspaceService } U=0: not found
07-28 00:24:45.496  1708  2512 W RemoteSmartspaceService: could not bind to Intent { act=android.service.smartspace.SmartspaceService cmp=com.google.android.as/com.google.android.apps.miphone.aiai.app.AiAiSmartspaceService } using flags 67112961
07-28 00:24:45.497  1708  1708 W ActivityManager: Unbind failed: could not find connection for android.app.LoadedApk$ServiceDispatcher$InnerConnection@799a7f5
07-28 00:24:45.504  1708  2512 D CompatibilityChangeReporter: Compat change id reported: 197654537; UID 1000; state: ENABLED
07-28 00:24:45.533  1708  2655 D CompatibilityChangeReporter: Compat change id reported: 168419799; UID 1000; state: DISABLED
07-28 00:24:45.534  1708  2655 D CompatibilityChangeReporter: Compat change id reported: 273564678; UID 1000; state: DISABLED
07-28 00:24:45.539  1708  2655 D CoreBackPreview: Window{43198de u0 com.android.settings/com.android.settings.FallbackHome}: Setting back callback OnBackInvokedCallbackInfo{mCallback=android.window.IOnBackInvokedCallback$Stub$Proxy@82b5951, mPriority=-1}
07-28 00:24:45.566  1708  1708 D WallpaperManagerService: WPMS.onServiceConnected-ComponentInfo{com.android.systemui/com.android.systemui.wallpapers.ImageWallpaper}
07-28 00:24:45.566  1708  1708 D WallpaperManagerService: WPMS.attachServiceLocked
07-28 00:24:45.583  1708  2655 D CompatibilityChangeReporter: Compat change id reported: 135634846; UID 10209; state: DISABLED
07-28 00:24:45.583  1708  2655 D CompatibilityChangeReporter: Compat change id reported: 177438394; UID 10209; state: DISABLED
07-28 00:24:45.583  1708  2655 D CompatibilityChangeReporter: Compat change id reported: 135772972; UID 10209; state: DISABLED
07-28 00:24:45.583  1708  2655 D CompatibilityChangeReporter: Compat change id reported: 135754954; UID 10209; state: ENABLED
07-28 00:24:45.583  1708  1928 D CompatibilityChangeReporter: Compat change id reported: 143937733; UID 10209; state: ENABLED
07-28 00:24:45.596  1708  1754 D CompatibilityChangeReporter: Compat change id reported: 161145287; UID 1001; state: DISABLED
07-28 00:24:45.606  1708  1928 I ActivityManager: Start proc 3023:com.google.android.apps.nexuslauncher/u0a209 for service {com.google.android.apps.nexuslauncher/com.android.quickstep.TouchInteractionService}
07-28 00:24:45.622  1708  1754 D CoreBackPreview: Window{4ed2338 u0 ScreenDecorOverlay}: Setting back callback OnBackInvokedCallbackInfo{mCallback=android.window.IOnBackInvokedCallback$Stub$Proxy@a4bbb4d, mPriority=0}
07-28 00:24:45.623  1708  1908 D ActivityManagerTiming: FinishBooting
07-28 00:24:45.624  1708  3017 D CompatibilityChangeReporter: Compat change id reported: 181136395; UID 1000; state: DISABLED
07-28 00:24:45.624  1708  3017 D CompatibilityChangeReporter: Compat change id reported: 174042936; UID 1000; state: DISABLED
07-28 00:24:45.625  1708  3017 D CompatibilityChangeReporter: Compat change id reported: 174042980; UID 1000; state: DISABLED
07-28 00:24:45.628  1708  1753 D CompatibilityChangeReporter: Compat change id reported: 168419799; UID 1002; state: DISABLED
07-28 00:24:45.629  1708  1753 D CompatibilityChangeReporter: Compat change id reported: 273564678; UID 1002; state: DISABLED
07-28 00:24:45.636  1708  2055 D CoreBackPreview: Window{b52150 u0 ScreenDecorOverlayBottom}: Setting back callback OnBackInvokedCallbackInfo{mCallback=android.window.IOnBackInvokedCallback$Stub$Proxy@ee00cb9, mPriority=0}
07-28 00:24:45.637  1708  1908 W KeyguardServiceDelegate: onScreenTurningOn(): no keyguard service!
07-28 00:24:45.652  1708  2055 D CompatibilityChangeReporter: Compat change id reported: 168419799; UID 10209; state: DISABLED
07-28 00:24:45.652  1708  2055 D CompatibilityChangeReporter: Compat change id reported: 273564678; UID 10209; state: DISABLED
07-28 00:24:45.721  1708  3017 D CompatibilityChangeReporter: Compat change id reported: 161145287; UID 10209; state: DISABLED
07-28 00:24:45.730  1708  3017 D CompatibilityChangeReporter: Compat change id reported: 124107808; UID 1001; state: ENABLED
07-28 00:24:45.731  1708  3017 D CompatibilityChangeReporter: Compat change id reported: 124107808; UID 1001; state: DISABLED
07-28 00:24:45.734  1708  2752 W StorageManagerService: No primary storage defined yet; hacking together a stub
07-28 00:24:45.739  1708  2752 D CompatibilityChangeReporter: Compat change id reported: 161145287; UID 10184; state: DISABLED
07-28 00:24:45.760  1708  1753 W ContextImpl: Calling a method in the system process without a qualified user: android.app.ContextImpl.sendBroadcastMultiplePermissions:1272 android.content.Context.sendBroadcastMultiplePermissions:2272 com.android.server.TelephonyRegistry.broadcastDataConnectionStateChanged:3281 com.android.server.TelephonyRegistry.notifyDataConnectionForSubscriber:2036 com.android.internal.telephony.ITelephonyRegistry$Stub.onTransact:571 
07-28 00:24:45.763  1708  1753 W ContextImpl: Calling a method in the system process without a qualified user: android.app.ContextImpl.sendBroadcastMultiplePermissions:1272 android.content.Context.sendBroadcastMultiplePermissions:2272 com.android.server.TelephonyRegistry.broadcastDataConnectionStateChanged:3281 com.android.server.TelephonyRegistry.notifyDataConnectionForSubscriber:2036 com.android.internal.telephony.ITelephonyRegistry$Stub.onTransact:571 
07-28 00:24:45.764  1708  1753 W ContextImpl: Calling a method in the system process without a qualified user: android.app.ContextImpl.sendBroadcastMultiplePermissions:1272 android.content.Context.sendBroadcastMultiplePermissions:2272 com.android.server.TelephonyRegistry.broadcastDataConnectionStateChanged:3281 com.android.server.TelephonyRegistry.notifyDataConnectionForSubscriber:2036 com.android.internal.telephony.ITelephonyRegistry$Stub.onTransact:571 
07-28 00:24:45.768  1708  1753 W ContextImpl: Calling a method in the system process without a qualified user: android.app.ContextImpl.sendBroadcastMultiplePermissions:1272 android.content.Context.sendBroadcastMultiplePermissions:2272 com.android.server.TelephonyRegistry.broadcastDataConnectionStateChanged:3281 com.android.server.TelephonyRegistry.notifyDataConnectionForSubscriber:2036 com.android.internal.telephony.ITelephonyRegistry$Stub.onTransact:571 
07-28 00:24:45.773  1708  1753 W ContextImpl: Calling a method in the system process without a qualified user: android.app.ContextImpl.sendBroadcastMultiplePermissions:1272 android.content.Context.sendBroadcastMultiplePermissions:2272 com.android.server.TelephonyRegistry.broadcastDataConnectionStateChanged:3281 com.android.server.TelephonyRegistry.notifyDataConnectionForSubscriber:2036 com.android.internal.telephony.ITelephonyRegistry$Stub.onTransact:571 
07-28 00:24:45.775  1708  2055 W ContextImpl: Calling a method in the system process without a qualified user: android.app.ContextImpl.sendBroadcastMultiplePermissions:1272 android.content.Context.sendBroadcastMultiplePermissions:2272 com.android.server.TelephonyRegistry.broadcastDataConnectionStateChanged:3281 com.android.server.TelephonyRegistry.notifyDataConnectionForSubscriber:2036 com.android.internal.telephony.ITelephonyRegistry$Stub.onTransact:571 
07-28 00:24:45.777  1708  2055 W ContextImpl: Calling a method in the system process without a qualified user: android.app.ContextImpl.sendBroadcastMultiplePermissions:1272 android.content.Context.sendBroadcastMultiplePermissions:2272 com.android.server.TelephonyRegistry.broadcastDataConnectionStateChanged:3281 com.android.server.TelephonyRegistry.notifyDataConnectionForSubscriber:2036 com.android.internal.telephony.ITelephonyRegistry$Stub.onTransact:571 
07-28 00:24:45.779  1708  2055 W ContextImpl: Calling a method in the system process without a qualified user: android.app.ContextImpl.sendBroadcastMultiplePermissions:1272 android.content.Context.sendBroadcastMultiplePermissions:2272 com.android.server.TelephonyRegistry.broadcastDataConnectionStateChanged:3281 com.android.server.TelephonyRegistry.notifyDataConnectionForSubscriber:2036 com.android.internal.telephony.ITelephonyRegistry$Stub.onTransact:571 
07-28 00:24:45.781  1708  2055 W ContextImpl: Calling a method in the system process without a qualified user: android.app.ContextImpl.sendBroadcastMultiplePermissions:1272 android.content.Context.sendBroadcastMultiplePermissions:2272 com.android.server.TelephonyRegistry.broadcastDataConnectionStateChanged:3281 com.android.server.TelephonyRegistry.notifyDataConnectionForSubscriber:2036 com.android.internal.telephony.ITelephonyRegistry$Stub.onTransact:571 
07-28 00:24:45.783  1708  2055 W ContextImpl: Calling a method in the system process without a qualified user: android.app.ContextImpl.sendBroadcastMultiplePermissions:1272 android.content.Context.sendBroadcastMultiplePermissions:2272 com.android.server.TelephonyRegistry.broadcastDataConnectionStateChanged:3281 com.android.server.TelephonyRegistry.notifyDataConnectionForSubscriber:2036 com.android.internal.telephony.ITelephonyRegistry$Stub.onTransact:571 
07-28 00:24:45.786  1708  2055 W ContextImpl: Calling a method in the system process without a qualified user: android.app.ContextImpl.sendBroadcastMultiplePermissions:1272 android.content.Context.sendBroadcastMultiplePermissions:2272 com.android.server.TelephonyRegistry.broadcastDataConnectionStateChanged:3281 com.android.server.TelephonyRegistry.notifyDataConnectionForSubscriber:2036 com.android.internal.telephony.ITelephonyRegistry$Stub.onTransact:571 
07-28 00:24:45.788  1708  2055 W ContextImpl: Calling a method in the system process without a qualified user: android.app.ContextImpl.sendBroadcastMultiplePermissions:1272 android.content.Context.sendBroadcastMultiplePermissions:2272 com.android.server.TelephonyRegistry.broadcastDataConnectionStateChanged:3281 com.android.server.TelephonyRegistry.notifyDataConnectionForSubscriber:2036 com.android.internal.telephony.ITelephonyRegistry$Stub.onTransact:571 
07-28 00:24:45.790  1708  2055 W ContextImpl: Calling a method in the system process without a qualified user: android.app.ContextImpl.sendBroadcastMultiplePermissions:1272 android.content.Context.sendBroadcastMultiplePermissions:2272 com.android.server.TelephonyRegistry.broadcastDataConnectionStateChanged:3281 com.android.server.TelephonyRegistry.notifyDataConnectionForSubscriber:2036 com.android.internal.telephony.ITelephonyRegistry$Stub.onTransact:571 
07-28 00:24:45.803  1708  1753 D CompatibilityChangeReporter: Compat change id reported: 182478738; UID 1001; state: ENABLED
07-28 00:24:45.888  1708  1753 D CompatibilityChangeReporter: Compat change id reported: 168419799; UID 1001; state: DISABLED
07-28 00:24:45.889  1708  1753 D CompatibilityChangeReporter: Compat change id reported: 273564678; UID 1001; state: DISABLED
07-28 00:24:45.948  2555  3127 W ActivityThread: Failed to find provider info for com.google.android.apps.turbo.estimated_time_remaining (user not unlocked)
07-28 00:24:45.992  1708  2655 I StatusBarManagerService: registerStatusBar bar=com.android.internal.statusbar.IStatusBar$Stub$Proxy@30b2b92
07-28 00:24:46.046  1708  2655 W InputManager: Input event injection from pid 3141 failed.
07-28 00:24:46.047  1708  2655 W InputManager: Input event injection from pid 3141 failed.
07-28 00:24:46.120  1708  2752 D CompatibilityChangeReporter: Compat change id reported: 182478738; UID 10208; state: ENABLED
07-28 00:24:46.334  1708  2752 I ActivityTaskManager: Config changes=20000400 {1.0 ?mcc?mnc [en_US] ldltr sw393dp w393dp h777dp 440dpi nrml long hdr widecg port finger -keyb/v/h -nav/h winConfig={ mBounds=Rect(0, 0 - 1080, 2340) mAppBounds=Rect(0, 136 - 1080, 2274) mMaxBounds=Rect(0, 0 - 1080, 2340) mDisplayRotation=ROTATION_0 mWindowingMode=fullscreen mDisplayWindowingMode=fullscreen mActivityType=undefined mAlwaysOnTop=undefined mRotation=ROTATION_0} s.13 fontWeightAdjustment=0}
07-28 00:24:46.339  1708  2752 I WindowManager: Override config changes=20000400 {1.0 ?mcc?mnc [en_US] ldltr sw393dp w393dp h777dp 440dpi nrml long hdr widecg port finger -keyb/v/h -nav/h winConfig={ mBounds=Rect(0, 0 - 1080, 2340) mAppBounds=Rect(0, 136 - 1080, 2274) mMaxBounds=Rect(0, 0 - 1080, 2340) mDisplayRotation=ROTATION_0 mWindowingMode=fullscreen mDisplayWindowingMode=fullscreen mActivityType=undefined mAlwaysOnTop=undefined mRotation=ROTATION_0} s.13 fontWeightAdjustment=0} for displayId=0
07-28 00:24:46.343  2555  2584 V WindowManagerShell: Display changed: 0
07-28 00:24:46.353  1708  1753 D CoreBackPreview: Window{8e9a0a8 u0 NavigationBar0}: Setting back callback OnBackInvokedCallbackInfo{mCallback=android.window.IOnBackInvokedCallback$Stub$Proxy@862331, mPriority=0}
07-28 00:24:46.370  1708  2752 D CoreBackPreview: Window{1eb4a8f u0 EdgeBackGestureHandler0}: Setting back callback OnBackInvokedCallbackInfo{mCallback=android.window.IOnBackInvokedCallback$Stub$Proxy@4b5b125, mPriority=0}
07-28 00:24:46.399  1708  2055 D CoreBackPreview: Window{aee2d95 u0 NotificationShade}: Setting back callback OnBackInvokedCallbackInfo{mCallback=android.window.IOnBackInvokedCallback$Stub$Proxy@9426a9b, mPriority=0}
07-28 00:24:46.404  1708  2055 D CoreBackPreview: Window{531577 u0 StatusBar}: Setting back callback OnBackInvokedCallbackInfo{mCallback=android.window.IOnBackInvokedCallback$Stub$Proxy@4277a4d, mPriority=0}
07-28 00:24:46.449  2555  2957 W ActivityThread: Failed to find provider info for com.android.contacts (user not unlocked)
07-28 00:24:46.473  1708  2752 D CompatibilityChangeReporter: Compat change id reported: 161252188; UID 10139; state: DISABLED
07-28 00:24:46.477  1708  2752 D CompatibilityChangeReporter: Compat change id reported: 135634846; UID 10139; state: DISABLED
07-28 00:24:46.477  1708  2752 D CompatibilityChangeReporter: Compat change id reported: 177438394; UID 10139; state: DISABLED
07-28 00:24:46.477  1708  2752 D CompatibilityChangeReporter: Compat change id reported: 135772972; UID 10139; state: DISABLED
07-28 00:24:46.477  1708  2752 D CompatibilityChangeReporter: Compat change id reported: 135754954; UID 10139; state: ENABLED
07-28 00:24:46.478  1708  1928 D CompatibilityChangeReporter: Compat change id reported: 143937733; UID 10139; state: ENABLED
07-28 00:24:46.495  1708  1928 I ActivityManager: Start proc 3161:com.google.android.euicc/u0a139 for service {com.google.android.euicc/com.android.euicc.service.EuiccServiceImpl}
07-28 00:24:46.497  1708  2752 D CoreBackPreview: Window{9de3f96 u0 Wired Charging Animation}: Setting back callback OnBackInvokedCallbackInfo{mCallback=android.window.IOnBackInvokedCallback$Stub$Proxy@41744ed, mPriority=0}
07-28 00:24:46.522  2555  2611 W ActivityThread: Failed to find provider info for com.google.android.apps.turbo.estimated_time_remaining (user not unlocked)
07-28 00:24:46.523  1708  2655 D SystemServerTiming: getUserSwitchability-0
07-28 00:24:46.523  1708  2655 D SystemServerTiming: TM.isInCall
07-28 00:24:46.524  1708  2655 D SystemServerTiming: hasUserRestriction-DISALLOW_USER_SWITCH
07-28 00:24:46.524  1708  2655 D SystemServerTiming: getInt-ALLOW_USER_SWITCHING_WHEN_SYSTEM_USER_LOCKED
07-28 00:24:46.524  1708  2655 D SystemServerTiming: isUserUnlocked-USER_SYSTEM
07-28 00:24:46.525  1708  2655 D CompatibilityChangeReporter: Compat change id reported: 168419799; UID 10139; state: DISABLED
07-28 00:24:46.525  1708  2655 D CompatibilityChangeReporter: Compat change id reported: 273564678; UID 10139; state: DISABLED
07-28 00:24:46.528  1708  2433 D CompatibilityChangeReporter: Compat change id reported: 218533173; UID 10139; state: ENABLED
07-28 00:24:46.537  1708  2512 D CompatibilityChangeReporter: Compat change id reported: 161252188; UID 10242; state: DISABLED
07-28 00:24:46.546  1708  2512 I Telecom : PhoneAccountRegistrar: Modify account: [ComponentInfo{com.android.phone/com.android.services.telephony.TelephonyConnectionService}, E, UserHandle{0}]: TSI.rPA@AAg
07-28 00:24:46.549  1708  2512 I Telecom : CallsManager: handlePhoneAccountChanged: phoneAccount=[[X] PhoneAccount: ComponentInfo{com.android.phone/com.android.services.telephony.TelephonyConnectionService}, E, UserHandle{0} Capabilities: CallProvider MultiUser PlaceEmerg SimSub  Audio Routes: BESW Schemes: tel voicemail  Extras: Bundle[{android.telecom.extra.SUPPORTS_VIDEO_CALLING_FALLBACK=true}] GroupId: ***]: TSI.rPA@AAg
07-28 00:24:46.552  1708  2055 D CompatibilityChangeReporter: Compat change id reported: 161252188; UID 10123; state: DISABLED
07-28 00:24:46.554  1708  2512 I Telecom : PhoneAccountRegistrar: getSimCallManager: SimCallManager for subId -1 queried, returning: null: TSI.rPA@AAg
07-28 00:24:46.554  1708  2512 I Telecom : PhoneAccountRegistrar: Notifying telephony of voice service override change for 1 SIMs, hasService = false: TSI.rPA@AAg
07-28 00:24:46.578  1708  2055 D CompatibilityChangeReporter: Compat change id reported: 161145287; UID 10139; state: DISABLED
07-28 00:24:46.583  1708  2512 D CompatibilityChangeReporter: Compat change id reported: 161252188; UID 10224; state: DISABLED
07-28 00:24:46.586  1708  2512 D CompatibilityChangeReporter: Compat change id reported: 135634846; UID 10224; state: DISABLED
07-28 00:24:46.586  1708  2512 D CompatibilityChangeReporter: Compat change id reported: 177438394; UID 10224; state: DISABLED
07-28 00:24:46.586  1708  2512 D CompatibilityChangeReporter: Compat change id reported: 135772972; UID 10224; state: DISABLED
07-28 00:24:46.586  1708  2512 D CompatibilityChangeReporter: Compat change id reported: 135754954; UID 10224; state: ENABLED
07-28 00:24:46.588  1708  1928 D CompatibilityChangeReporter: Compat change id reported: 143937733; UID 10224; state: ENABLED
07-28 00:24:46.598  1708  2055 D CompatibilityChangeReporter: Compat change id reported: 135634846; UID 10123; state: DISABLED
07-28 00:24:46.598  1708  2055 D CompatibilityChangeReporter: Compat change id reported: 177438394; UID 10123; state: DISABLED
07-28 00:24:46.598  1708  2055 D CompatibilityChangeReporter: Compat change id reported: 135772972; UID 10123; state: DISABLED
07-28 00:24:46.598  1708  2055 D CompatibilityChangeReporter: Compat change id reported: 135754954; UID 10123; state: ENABLED
07-28 00:24:46.601  1708  1928 I ActivityManager: Start proc 3187:com.google.android.permissioncontroller/u0a224 for service {com.google.android.permissioncontroller/com.android.permissioncontroller.permission.service.v33.SafetyCenterQsTileService}
07-28 00:24:46.602  1708  1928 D CompatibilityChangeReporter: Compat change id reported: 143937733; UID 10123; state: ENABLED
07-28 00:24:46.616  1708  1928 I ActivityManager: Start proc 3200:com.google.android.gms.persistent/u0a123 for content provider {com.google.android.gms/com.google.android.gms.phenotype.provider.ConfigurationProvider}
07-28 00:24:46.622  1708  1753 D CompatibilityChangeReporter: Compat change id reported: 168419799; UID 10224; state: DISABLED
