07-28 00:24:41.380  1708  1708 D SystemServerTiming: OnBootPhase_500_com.android.server.tare.InternalResourceService
07-28 00:24:41.382  1708  1708 D SystemServerTiming: OnBootPhase_500_com.android.server.alarm.AlarmManagerService
07-28 00:24:41.383  1834  1834 I imsrcsd : getAndroidPropValue : vendor.ims.modem.multisub.cap[2]
07-28 00:24:41.383  1834  1834 I imsrcsd : Uce Service HAL  detected modemVersion[2]
07-28 00:24:41.383  1834  1834 I imsrcsd : Uce Service HAL  loading lib-imsrcs-v2
07-28 00:24:41.386  1708  1708 D SystemServerTiming: OnBootPhase_500_com.android.server.devicestate.DeviceStateManagerService
07-28 00:24:41.386  1708  1708 D SystemServerTiming: OnBootPhase_500_com.android.server.camera.CameraServiceProxy
07-28 00:24:41.386  1708  1708 D SystemServerTiming: OnBootPhase_500_com.android.server.bluetooth.BluetoothService
07-28 00:24:41.387  1708  1708 D SystemServerTiming: OnBootPhase_500_com.android.server.connectivity.IpConnectivityMetrics
07-28 00:24:41.389  1708  1708 D SystemServerTiming: OnBootPhase_500_com.android.server.net.watchlist.NetworkWatchlistService$Lifecycle
07-28 00:24:41.389  1708  1708 D SystemServerTiming: OnBootPhase_500_com.android.server.PinnerService
07-28 00:24:41.389  1708  1708 D SystemServerTiming: OnBootPhase_500_com.android.server.integrity.AppIntegrityManagerService
07-28 00:24:41.389  1708  1708 D SystemServerTiming: OnBootPhase_500_com.android.server.logcat.LogcatManagerService
07-28 00:24:41.389  1708  1708 D SystemServerTiming: OnBootPhase_500_com.android.server.inputmethod.InputMethodManagerService$Lifecycle
07-28 00:24:41.389  1708  1708 D SystemServerTiming: OnBootPhase_500_com.android.server.accessibility.AccessibilityManagerService$Lifecycle
07-28 00:24:41.389  1708  1708 D SystemServerTiming: OnBootPhase_500_com.android.server.StorageManagerService$Lifecycle
07-28 00:24:41.392  1708  1708 D SystemServerTiming: OnBootPhase_500_com.android.server.usage.StorageStatsService$Lifecycle
07-28 00:24:41.392  1708  1708 D SystemServerTiming: OnBootPhase_500_com.android.server.UiModeManagerService
07-28 00:24:41.394  1708  1708 I ActivityTaskManager: Config changes=200 {1.0 ?mcc?mnc [en_US] ldltr sw393dp w393dp h801dp 440dpi nrml long port finger -keyb/v/h -nav/h winConfig={ mBounds=Rect(0, 0 - 1080, 2340) mAppBounds=Rect(0, 136 - 1080, 2340) mMaxBounds=Rect(0, 0 - 1080, 2340) mDisplayRotation=ROTATION_0 mWindowingMode=fullscreen mDisplayWindowingMode=fullscreen mActivityType=undefined mAlwaysOnTop=undefined mRotation=ROTATION_0} s.6 ?fontWeightAdjustment}
07-28 00:24:41.399  1708  1708 I WindowManager: Override config changes=200 {1.0 ?mcc?mnc [en_US] ldltr sw393dp w393dp h801dp 440dpi nrml long port finger -keyb/v/h -nav/h winConfig={ mBounds=Rect(0, 0 - 1080, 2340) mAppBounds=Rect(0, 136 - 1080, 2340) mMaxBounds=Rect(0, 0 - 1080, 2340) mDisplayRotation=ROTATION_0 mWindowingMode=fullscreen mDisplayWindowingMode=fullscreen mActivityType=undefined mAlwaysOnTop=undefined mRotation=ROTATION_0} s.6 ?fontWeightAdjustment} for displayId=0
07-28 00:24:41.402  1708  1708 D SystemServerTiming: OnBootPhase_500_com.android.server.locales.LocaleManagerService
07-28 00:24:41.402  1708  1708 D SystemServerTiming: OnBootPhase_500_com.android.server.locksettings.LockSettingsService$Lifecycle
07-28 00:24:41.402  1708  1708 D SystemServerTiming: OnBootPhase_500_com.android.server.PersistentDataBlockService
07-28 00:24:41.402  1708  1708 D SystemServerTiming: OnBootPhase_500_com.android.server.testharness.TestHarnessModeService
07-28 00:24:41.402  1708  1708 D TestHarnessModeService: Setting up test harness mode
07-28 00:24:41.402  1708  1708 D TestHarnessModeService: Getting PersistentDataBlockManagerInternal from LocalServices
07-28 00:24:41.410  1708  1708 D SystemServerTiming: OnBootPhase_500_com.android.server.oemlock.OemLockService
07-28 00:24:41.411  1708  1708 D SystemServerTiming: OnBootPhase_500_com.android.server.DeviceIdleController
07-28 00:24:41.416  1708  1708 V HistoricalRegistry: Interaction before persistence initialized
07-28 00:24:41.419  1708  1708 D SystemServerTiming: OnBootPhase_500_com.android.server.devicepolicy.DevicePolicyManagerService$Lifecycle
07-28 00:24:41.419  1708  1708 D SystemServerTiming: OnBootPhase_500_com.android.server.musicrecognition.MusicRecognitionManagerService
07-28 00:24:41.419  1708  1708 D SystemServerTiming: OnBootPhase_500_com.android.server.contentcapture.ContentCaptureManagerService
07-28 00:24:41.419  1708  1708 D SystemServerTiming: OnBootPhase_500_com.android.server.attention.AttentionManagerService
07-28 00:24:41.419  1708  1708 I AttentionManagerService: readValuesFromDeviceConfig():
07-28 00:24:41.419  1708  1708 I AttentionManagerService: mIsServiceEnabled=true
07-28 00:24:41.419  1708  1708 I AttentionManagerService: mStaleAfterMillis=1000
07-28 00:24:41.419  1708  1708 D SystemServerTiming: OnBootPhase_500_com.android.server.rotationresolver.RotationResolverManagerService
07-28 00:24:41.422  1708  1708 D SystemServerTiming: OnBootPhase_500_com.android.server.systemcaptions.SystemCaptionsManagerService
07-28 00:24:41.422  1708  1708 D SystemServerTiming: OnBootPhase_500_com.android.server.texttospeech.TextToSpeechManagerService
07-28 00:24:41.422  1708  1708 D SystemServerTiming: OnBootPhase_500_com.android.server.ambientcontext.AmbientContextManagerService
07-28 00:24:41.425  1708  1708 D SystemServerTiming: OnBootPhase_500_com.android.server.speech.SpeechRecognitionManagerService
07-28 00:24:41.425  1708  1708 D SystemServerTiming: OnBootPhase_500_com.android.server.appprediction.AppPredictionManagerService
07-28 00:24:41.425  1708  1708 D SystemServerTiming: OnBootPhase_500_com.android.server.contentsuggestions.ContentSuggestionsManagerService
07-28 00:24:41.425  1708  1708 D SystemServerTiming: OnBootPhase_500_com.android.server.searchui.SearchUiManagerService
07-28 00:24:41.425  1708  1708 D SystemServerTiming: OnBootPhase_500_com.android.server.smartspace.SmartspaceManagerService
07-28 00:24:41.425  1708  1708 D SystemServerTiming: OnBootPhase_500_com.android.server.graphics.fonts.FontManagerService$Lifecycle
07-28 00:24:41.425  1708  1708 D SystemServerTiming: OnBootPhase_500_com.android.server.textservices.TextServicesManagerService$Lifecycle
07-28 00:24:41.425  1708  1708 D SystemServerTiming: OnBootPhase_500_com.android.server.textclassifier.TextClassificationManagerService$Lifecycle
07-28 00:24:41.425  1708  1708 D SystemServerTiming: OnBootPhase_500_com.android.server.NetworkScoreService$Lifecycle
07-28 00:24:41.426  1708  1708 D SystemServerTiming: OnBootPhase_500_com.android.server.NetworkStatsServiceInitializer
07-28 00:24:41.426  1708  1708 D SystemServerTiming: OnBootPhase_500_com.android.server.wifi.WifiService
07-28 00:24:41.427  1708  1708 D SystemServerTiming: OnBootPhase_500_com.android.server.wifi.scanner.WifiScanningService
07-28 00:24:41.427  1708  1708 D SystemServerTiming: OnBootPhase_500_com.android.server.wifi.rtt.RttService
07-28 00:24:41.431  1708  1708 D SystemServerTiming: OnBootPhase_500_com.android.server.wifi.aware.WifiAwareService
07-28 00:24:41.438  1708  1708 D SystemServerTiming: OnBootPhase_500_com.android.server.wifi.p2p.WifiP2pService
07-28 00:24:41.438  1708  1708 D SystemServerTiming: OnBootPhase_500_com.android.server.ConnectivityServiceInitializer
07-28 00:24:41.441  1708  1708 D SystemServerTiming: OnBootPhase_500_com.android.server.notification.NotificationManagerService
07-28 00:24:41.441  1834  1834 I Diag_Lib: StartImsService
07-28 00:24:41.441  1834  1834 I imsrcsd : ImsServiceMain startService[1]
07-28 00:24:41.447  1708  1708 D SystemServerTiming: OnBootPhase_500_com.android.server.storage.DeviceStorageMonitorService
07-28 00:24:41.447  1708  1708 D SystemServerTiming: OnBootPhase_500_com.android.server.location.LocationManagerService$Lifecycle
07-28 00:24:41.449  1834  2510 I HidlServiceManagement: Registered vendor.qti.ims.callinfo@1.0::IService/default
07-28 00:24:41.451  1708  1708 V HistoricalRegistry: Interaction before persistence initialized
07-28 00:24:41.452  1834  2510 I imsrcsd : Interface vendor.qti.ims.factory@1.1::IImsFactory  default is not found in manifest
07-28 00:24:41.452  1708  1708 D SystemServerTiming: OnBootPhase_500_com.android.server.timedetector.TimeDetectorService$Lifecycle
07-28 00:24:41.452  1708  1708 D SystemServerTiming: OnBootPhase_500_com.android.server.timezonedetector.TimeZoneDetectorService$Lifecycle
07-28 00:24:41.452  1708  1708 D SystemServerTiming: OnBootPhase_500_com.android.server.timezonedetector.location.LocationTimeZoneManagerService$Lifecycle
07-28 00:24:41.452  1834  2510 I HidlServiceManagement: Registered vendor.qti.ims.factory@1.0::IImsFactory/default
07-28 00:24:41.452  1834  2510 I imsrcsd : ImsServiceMain Running..
07-28 00:24:41.452  1708  1708 D SystemServerTiming: OnBootPhase_500_com.android.server.search.SearchManagerService$Lifecycle
07-28 00:24:41.452  1708  1708 D SystemServerTiming: OnBootPhase_500_com.android.server.wallpaper.WallpaperManagerService$Lifecycle
07-28 00:24:41.453  1708  1708 D SystemServerTiming: OnBootPhase_500_com.android.server.wallpapereffectsgeneration.WallpaperEffectsGenerationManagerService
07-28 00:24:41.453  1708  1708 D SystemServerTiming: OnBootPhase_500_com.android.server.audio.AudioService$Lifecycle
07-28 00:24:41.453  1708  1708 D SystemServerTiming: OnBootPhase_500_com.android.server.soundtrigger_middleware.SoundTriggerMiddlewareService$Lifecycle
07-28 00:24:41.453  1708  1708 D SystemServerTiming: OnBootPhase_500_com.android.server.DockObserver
07-28 00:24:41.453  1708  1708 D SystemServerTiming: OnBootPhase_500_com.android.server.midi.MidiService$Lifecycle
07-28 00:24:41.453  1708  1708 D SystemServerTiming: OnBootPhase_500_com.android.server.adb.AdbService$Lifecycle
07-28 00:24:41.453  1708  1708 D SystemServerTiming: OnBootPhase_500_com.android.server.usb.UsbService$Lifecycle
07-28 00:24:41.453  1708  1708 D SystemServerTiming: OnBootPhase_500_com.android.server.twilight.TwilightService
07-28 00:24:41.453  1708  1708 D SystemServerTiming: OnBootPhase_500_com.android.server.display.color.ColorDisplayService
07-28 00:24:41.453  1708  1708 D SystemServerTiming: OnBootPhase_500_com.android.server.job.JobSchedulerService
07-28 00:24:41.477  1708  1708 V HistoricalRegistry: Interaction before persistence initialized
07-28 00:24:41.479  1708  1708 D SystemServerTiming: OnBootPhase_500_com.android.server.soundtrigger.SoundTriggerService
07-28 00:24:41.479  1708  1708 D SoundTriggerService: onBootPhase: 500 : false
07-28 00:24:41.479  1708  1708 D SystemServerTiming: OnBootPhase_500_com.android.server.trust.TrustManagerService
07-28 00:24:41.481  1708  1708 D SystemServerTiming: OnBootPhase_500_com.android.server.backup.BackupManagerService$Lifecycle
07-28 00:24:41.481  1708  1708 D SystemServerTiming: OnBootPhase_500_com.android.server.appwidget.AppWidgetService
07-28 00:24:41.481  1708  1708 D SystemServerTiming: OnBootPhase_500_com.android.server.voiceinteraction.VoiceInteractionManagerService
07-28 00:24:41.481  1708  1708 D SystemServerTiming: OnBootPhase_500_com.android.server.apphibernation.AppHibernationService
07-28 00:24:41.482  1708  1708 D SystemServerTiming: OnBootPhase_500_com.android.server.GestureLauncherService
07-28 00:24:41.482  1708  1708 D SystemServerTiming: OnBootPhase_500_com.android.server.SensorNotificationService
07-28 00:24:41.482  1708  1708 D SystemServerTiming: OnBootPhase_500_com.android.server.ContextHubSystemService
07-28 00:24:41.483  1708  1708 D SystemServerTiming: OnBootPhase_500_com.android.server.emergency.EmergencyAffordanceService
07-28 00:24:41.483  1708  1708 D SystemServerTiming: OnBootPhase_500_com.android.server.blob.BlobStoreManagerService
07-28 00:24:41.483  1708  1708 D SystemServerTiming: OnBootPhase_500_com.android.server.dreams.DreamManagerService
07-28 00:24:41.483  1708  1708 D SystemServerTiming: OnBootPhase_500_com.android.server.print.PrintManagerService
07-28 00:24:41.483  1708  1708 D SystemServerTiming: OnBootPhase_500_com.android.server.security.AttestationVerificationManagerService
07-28 00:24:41.483  1708  1708 D SystemServerTiming: OnBootPhase_500_com.android.server.companion.CompanionDeviceManagerService
07-28 00:24:41.484  1708  1708 D SystemServerTiming: OnBootPhase_500_com.android.server.companion.virtual.VirtualDeviceManagerService
07-28 00:24:41.484  1708  1708 D SystemServerTiming: OnBootPhase_500_com.android.server.restrictions.RestrictionsManagerService
07-28 00:24:41.484  1708  1708 D SystemServerTiming: OnBootPhase_500_com.android.server.media.MediaSessionService
07-28 00:24:41.484  1708  1708 D SystemServerTiming: OnBootPhase_500_com.android.server.media.MediaResourceMonitorService
07-28 00:24:41.484  1708  1708 D SystemServerTiming: OnBootPhase_500_com.android.server.biometrics.sensors.fingerprint.FingerprintService
07-28 00:24:41.484  1708  1708 D SystemServerTiming: OnBootPhase_500_com.android.server.biometrics.BiometricService
07-28 00:24:41.484  1708  1708 D SystemServerTiming: OnBootPhase_500_com.android.server.biometrics.AuthService
07-28 00:24:41.484  1708  1708 D SystemServerTiming: OnBootPhase_500_com.android.server.pm.ShortcutService$Lifecycle
07-28 00:24:41.484  1708  1708 D SystemServerTiming: OnBootPhase_500_com.android.server.pm.LauncherAppsService
07-28 00:24:41.484  1708  1708 D SystemServerTiming: OnBootPhase_500_com.android.server.pm.CrossProfileAppsService
07-28 00:24:41.484  1708  1708 D SystemServerTiming: OnBootPhase_500_com.android.server.people.PeopleService
07-28 00:24:41.485  1708  1708 D SystemServerTiming: OnBootPhase_500_com.android.server.media.metrics.MediaMetricsManagerService
07-28 00:24:41.485  1708  1708 D SystemServerTiming: OnBootPhase_500_com.android.server.media.projection.MediaProjectionManagerService
07-28 00:24:41.485  1708  1708 D SystemServerTiming: OnBootPhase_500_com.android.server.slice.SliceManagerService$Lifecycle
07-28 00:24:41.485  1708  1708 D SystemServerTiming: OnBootPhase_500_com.android.server.stats.StatsCompanion$Lifecycle
07-28 00:24:41.485  1708  1708 D SystemServerTiming: OnBootPhase_500_com.android.server.scheduling.RebootReadinessManagerService$Lifecycle
07-28 00:24:41.485  1708  1708 D SystemServerTiming: OnBootPhase_500_com.android.server.stats.pull.StatsPullAtomService
07-28 00:24:41.485  1708  1708 D SystemServerTiming: OnBootPhase_500_com.android.server.stats.bootstrap.StatsBootstrapAtomService$Lifecycle
07-28 00:24:41.485  1708  1708 D SystemServerTiming: OnBootPhase_500_com.android.server.incident.IncidentCompanionService
07-28 00:24:41.485  1708  1708 D SystemServerTiming: OnBootPhase_500_com.android.server.sdksandbox.SdkSandboxManagerService$Lifecycle
07-28 00:24:41.485  1708  1708 D SystemServerTiming: OnBootPhase_500_com.android.server.adservices.AdServicesManagerService$Lifecycle
07-28 00:24:41.485  1708  1708 D SystemServerTiming: OnBootPhase_500_com.android.server.MmsServiceBroker
07-28 00:24:41.485  1708  1708 D SystemServerTiming: OnBootPhase_500_com.android.server.autofill.AutofillManagerService
07-28 00:24:41.485  1708  1708 D SystemServerTiming: OnBootPhase_500_com.android.server.translation.TranslationManagerService
07-28 00:24:41.485  1708  1708 D SystemServerTiming: OnBootPhase_500_com.android.server.clipboard.ClipboardService
07-28 00:24:41.485  1708  1708 D SystemServerTiming: OnBootPhase_500_com.android.server.appbinding.AppBindingService$Lifecycle
07-28 00:24:41.485  1708  1708 D SystemServerTiming: OnBootPhase_500_com.android.server.tracing.TracingServiceProxy
07-28 00:24:41.485  1708  1708 D SystemServerTiming: MakeWindowManagerServiceReady
07-28 00:24:41.488  1708  1708 D SystemServerTiming: StartPermissionPolicyService
07-28 00:24:41.489  1708  1708 I SystemServiceManager: Starting com.android.server.policy.PermissionPolicyService
07-28 00:24:41.491  1708  1708 D SystemServerTiming: MakePackageManagerServiceReady
07-28 00:24:41.496  1086  1086 I vendor.google.wifi_ext@1.0-service-vendor: Wifi HAL started
07-28 00:24:41.501  1086  1086 W vendor.google.wifi_ext@1.0-service-vendor: No active wlan interfaces in use! Using default
07-28 00:24:41.501  1086  1086 E vendor.google.wifi_ext@1.0-service-vendor: Unknown iface name: wlan0
07-28 00:24:41.501  1086  1086 E vendor.google.wifi_ext@1.0-service-vendor: Unknown iface name: wlan0
07-28 00:24:41.504  1086  1086 W vendor.google.wifi_ext@1.0-service-vendor: No active wlan interfaces in use! Using default
07-28 00:24:41.504  1086  1086 E vendor.google.wifi_ext@1.0-service-vendor: Unknown iface name: wlan0
07-28 00:24:41.504  1086  1086 E vendor.google.wifi_ext@1.0-service-vendor: Unknown iface name: wlan0
07-28 00:24:41.506  1708  1924 D PinnerService: pinRangeStream: null
07-28 00:24:41.506  1086  1086 W vendor.google.wifi_ext@1.0-service-vendor: No active wlan interfaces in use! Using default
07-28 00:24:41.506  1086  1086 E vendor.google.wifi_ext@1.0-service-vendor: Unknown iface name: wlan0
07-28 00:24:41.506  1086  1086 E vendor.google.wifi_ext@1.0-service-vendor: Unknown iface name: wlan0
07-28 00:24:41.507  1708  1924 D PinnerService: pinRangeStream: null
07-28 00:24:41.525  1086  1086 I vendor.google.wifi_ext@1.0-service-vendor: Adding interface handle for wlan1
07-28 00:24:41.525  1086  1086 I vendor.google.wifi_ext@1.0-service-vendor: Adding interface handle for p2p0
07-28 00:24:41.525  1086  1086 I vendor.google.wifi_ext@1.0-service-vendor: Adding interface handle for wlan0
07-28 00:24:41.525  1086  1086 W vendor.google.wifi_ext@1.0-service-vendor: No active wlan interfaces in use! Using default
07-28 00:24:41.525  1086  1086 W vendor.google.wifi_ext@1.0-service-vendor: No active wlan interfaces in use! Using default
07-28 00:24:41.527  1086  1086 I vendor.google.wifi_ext@1.0-service-vendor: Configured chip in mode 3
07-28 00:24:41.527  1086  1086 W vendor.google.wifi_ext@1.0-service-vendor: No active wlan interfaces in use! Using default
07-28 00:24:41.528  1086  1086 W vendor.google.wifi_ext@1.0-service-vendor: No active wlan interfaces in use! Using default
07-28 00:24:41.532  1086  1086 W vendor.google.wifi_ext@1.0-service-vendor: No active wlan interfaces in use! Using default
07-28 00:24:41.538  1086  1086 I vendor.google.wifi_ext@1.0-service-vendor: Adding interface handle for wlan1
07-28 00:24:41.538  1086  1086 I vendor.google.wifi_ext@1.0-service-vendor: Adding interface handle for p2p0
07-28 00:24:41.538  1086  1086 I vendor.google.wifi_ext@1.0-service-vendor: Adding interface handle for wlan0
07-28 00:24:41.539  1708  1924 D PinnerService: pinRangeStream: null
07-28 00:24:41.545  1708  1924 D PinnerService: pinRangeStream: null
07-28 00:24:41.548  1708  1924 D PinnerService: pinRangeStream: null
07-28 00:24:41.553  1708  1924 D PinnerService: pinRangeStream: java.util.zip.ZipFile$ZipFileInflaterInputStream@5870a58
07-28 00:24:41.558  1708  1924 D PinnerService: pinRangeStream: java.util.zip.ZipFile$ZipFileInflaterInputStream@284496
07-28 00:24:41.558  1708  1924 D PinnerService: pinRangeStream: java.util.zip.ZipFile$ZipFileInflaterInputStream@8e7404
07-28 00:24:41.558  1708  1924 D PinnerService: pinRangeStream: java.util.zip.ZipFile$ZipFileInflaterInputStream@29c1422
07-28 00:24:41.559  1708  1924 D PinnerService: pinRangeStream: java.util.zip.ZipFile$ZipFileInflaterInputStream@b80cc70
07-28 00:24:41.559  1708  1924 D PinnerService: pinRangeStream: java.util.zip.ZipFile$ZipFileInflaterInputStream@58b506e
07-28 00:24:41.559  1708  1924 D PinnerService: pinRangeStream: java.util.zip.ZipFile$ZipFileInflaterInputStream@9fe3f9c
07-28 00:24:41.560  1708  1924 D PinnerService: pinRangeStream: java.util.zip.ZipFile$ZipFileInflaterInputStream@820057a
07-28 00:24:41.560  1708  1924 D PinnerService: pinRangeStream: java.util.zip.ZipFile$ZipFileInflaterInputStream@77db988
07-28 00:24:41.564  1318  1318 I wificond: createClientInterface: wiphy_index 0 iface_name wlan0
07-28 00:24:41.565  1318  1318 I wificond: create scanner for interface with index: 30
07-28 00:24:41.565  1318  1318 I wificond: subscribe scan result for interface with index: 30
07-28 00:24:41.566  1318  1318 I wificond: add channel type 0 support at wiphy index: 0
07-28 00:24:41.566  1318  1318 I wificond: add channel type 1 support at wiphy index: 0
07-28 00:24:41.571  1834  2509 I Diag_Lib: OnServiceStatusReceived iStatus[0]
07-28 00:24:41.572  1834  2509 E Diag_Lib: Modem does not support UCE/IMS-CM, proceed to register HAL's
07-28 00:24:41.572  1834  2509 I Diag_Lib: Starting Service for First Time
07-28 00:24:41.572  1834  2509 I HidlServiceManagement: Registered com.qualcomm.qti.uceservice@2.3::IUceService/com.qualcomm.qti.uceservice
07-28 00:24:41.573  1834  2509 I Diag_Lib: CM_IMSCONNECTIONMANAGER_CREATE_CONNECTION Before Registering Service
07-28 00:24:41.574  1834  2509 I HidlServiceManagement: Registered com.qualcomm.qti.imscmservice@2.2::IImsCmService/qti.ims.connectionmanagerservice
07-28 00:24:41.574  1834  2509 I Diag_Lib: CM_IMSCONNECTIONMANAGER_CREATE_CONNECTION After Registering Service
07-28 00:24:41.576  1708  1924 D PinnerService: pinRangeStream: null
07-28 00:24:41.577  1708  1924 D PinnerService: pinRangeStream: null
07-28 00:24:41.585  1708  1924 I HealthServiceWrapperHidl: health: HealthServiceWrapper listening to instance default
07-28 00:24:41.587  1708  1924 D StatsPullAtomService: Registering pullers with statsd
07-28 00:24:41.590  1708  1924 I StatsPullAtomService: register thermal listener successfully
07-28 00:24:41.708  1318  1318 I wificond: Regulatory domain changed to country: 00 on wiphy_index: 0
07-28 00:24:41.709  1318  1318 I wificond: UpdateBandInfo
07-28 00:24:41.713  1318  1318 I wificond: 2.4Ghz frequencies: 2412 2417 2422 2427 2432 2437 2442 2447 2452 2457 2462 2467
07-28 00:24:41.713  1318  1318 I wificond: 5Ghz non-DFS frequencies:
07-28 00:24:41.713  1318  1318 I wificond: 5Ghz DFS frequencies: 5180 5200 5220 5240 5260 5280 5300 5320 5500 5520 5540 5560 5580 5600 5620 5640 5660 5680 5700 5720 5745 5765 5785 5805 5825
07-28 00:24:41.713  1318  1318 I wificond: 6Ghz frequencies:
07-28 00:24:41.713  1318  1318 I wificond: 60Ghz frequencies:
07-28 00:24:42.042  1708  1753 W InputManager: Input event injection from pid 2531 failed.
07-28 00:24:42.043  1708  1753 W InputManager: Input event injection from pid 2531 failed.
07-28 00:24:42.605   696   721 I keystore2: keystore2::watchdog: Watchdog thread idle -> terminating. Have a great day.
07-28 00:24:43.045  1708  1753 W InputManager: Input event injection from pid 2539 failed.
07-28 00:24:43.046  1708  1753 W InputManager: Input event injection from pid 2539 failed.
07-28 00:24:43.876  1708  1708 V UserDataPreparer: Found /data/user_de/0 with serial number 0
07-28 00:24:43.876  1708  1708 V UserDataPreparer: Found /data/user/0 with serial number 0
07-28 00:24:43.876  1708  1708 V UserDataPreparer: Found /data/system_de/0 with serial number 0
07-28 00:24:43.876  1708  1708 W UserDataPreparer: Invalid user directory /data/system_de/usagestats
07-28 00:24:43.876  1708  1708 V UserDataPreparer: Found /data/system_ce/0 with serial number 0
07-28 00:24:43.876  1708  1708 V UserDataPreparer: Found /data/misc_ce/0 with serial number 0
07-28 00:24:43.877  1708  1708 I PackageManager: Permission ownership changed. Updating all permissions.
07-28 00:24:43.917  1708  1708 D StagingManager: APEX activation failed. Reason: Session reverted due to crashing native process: fps_hal
07-28 00:24:43.917  1708  1708 D PackageInstallerSession: Marking session 1566976675 as failed: APEX activation failed. Reason: Session reverted due to crashing native process: fps_hal
07-28 00:24:43.918  1708  1708 D StagingManager: APEX activation failed. Reason: Session reverted due to crashing native process: fps_hal
07-28 00:24:43.918  1708  1708 D PackageInstallerSession: Marking session 1959419242 as failed: APEX activation failed. Reason: Session reverted due to crashing native process: fps_hal
07-28 00:24:43.919  1708  2042 E DefaultPermGrantPolicy: Package not found: com.google.android.adservices
07-28 00:24:43.919  1708  2042 E DefaultPermGrantPolicy: Package not found: com.google.android.apps.mediashell
07-28 00:24:43.919  1708  2042 E DefaultPermGrantPolicy: Package not found: com.google.android.apps.pixelmigrate
07-28 00:24:44.020  1708  1708 D StagingManager: APEX activation failed. Reason: Session reverted due to crashing native process: fps_hal
07-28 00:24:44.020  1708  1708 D PackageInstallerSession: Marking session 1976611944 as failed: APEX activation failed. Reason: Session reverted due to crashing native process: fps_hal
07-28 00:24:44.023  1708  1708 D StagingManager: APEX activation failed. Reason: Session reverted due to crashing native process: fps_hal
07-28 00:24:44.023  1708  1708 D PackageInstallerSession: Marking session 2147401651 as failed: APEX activation failed. Reason: Session reverted due to crashing native process: fps_hal
07-28 00:24:44.035  1708  1753 W InputManager: Input event injection from pid 2545 failed.
07-28 00:24:44.035  1708  1753 W InputManager: Input event injection from pid 2545 failed.
07-28 00:24:44.039  1708  1708 D SystemServerTiming: MakeDisplayManagerServiceReady
07-28 00:24:44.040  1708  1908 E DisplayModeDirector: Asked about unknown display, returning empty display mode specs!(id=0)
07-28 00:24:44.040  1708  1908 E DisplayModeDirector: Asked about unknown display, returning empty display mode specs!(id=0)
07-28 00:24:44.042  1708  1708 I BrightnessSynchronizer: Initial brightness readings: 10(int), 0.035433073(float)
07-28 00:24:44.043  1708  1708 D SystemServerTiming: StartDeviceSpecificServices
07-28 00:24:44.043  1708  1708 D SystemServerTiming: GameManagerService
07-28 00:24:44.043  1708  1708 I SystemServiceManager: Starting com.android.server.app.GameManagerService$Lifecycle
07-28 00:24:44.045  1708  1708 V HistoricalRegistry: Interaction before persistence initialized
07-28 00:24:44.047  1708  1708 D SystemServerTiming: ArtManagerLocal
07-28 00:24:44.048  1708  1708 D SystemServerTiming: StartBootPhaseDeviceSpecificServicesReady
07-28 00:24:44.048  1708  1708 I SystemServiceManager: Starting phase 520
07-28 00:24:44.048  1708  1708 D SystemServerTiming: OnBootPhase_520
07-28 00:24:44.048  1708  1708 D SystemServerTiming: OnBootPhase_520_com.android.server.security.FileIntegrityService
07-28 00:24:44.048  1708  1708 D SystemServerTiming: OnBootPhase_520_com.android.server.pm.Installer
07-28 00:24:44.048  1708  1708 D SystemServerTiming: OnBootPhase_520_com.android.server.os.DeviceIdentifiersPolicyService
07-28 00:24:44.048  1708  1708 D SystemServerTiming: OnBootPhase_520_com.android.server.uri.UriGrantsManagerService$Lifecycle
07-28 00:24:44.048  1708  1708 D SystemServerTiming: OnBootPhase_520_com.android.server.powerstats.PowerStatsService
07-28 00:24:44.048  1708  1708 D SystemServerTiming: OnBootPhase_520_com.android.server.wm.ActivityTaskManagerService$Lifecycle
07-28 00:24:44.048  1708  1708 D SystemServerTiming: OnBootPhase_520_com.android.server.am.ActivityManagerService$Lifecycle
07-28 00:24:44.048  1708  1708 D SystemServerTiming: OnBootPhase_520_com.android.server.pm.DataLoaderManagerService
07-28 00:24:44.048  1708  1708 D SystemServerTiming: OnBootPhase_520_com.android.server.power.PowerManagerService
07-28 00:24:44.048  1708  1708 D SystemServerTiming: OnBootPhase_520_com.android.server.power.ThermalManagerService
07-28 00:24:44.048  1708  1708 D SystemServerTiming: OnBootPhase_520_com.android.server.power.hint.HintManagerService
07-28 00:24:44.048  1708  1708 D SystemServerTiming: OnBootPhase_520_com.android.server.recoverysystem.RecoverySystemService$Lifecycle
07-28 00:24:44.048  1708  1708 D SystemServerTiming: OnBootPhase_520_com.android.server.lights.LightsService
07-28 00:24:44.048  1708  1708 D SystemServerTiming: OnBootPhase_520_com.android.server.display.DisplayManagerService
07-28 00:24:44.048  1708  1708 D SystemServerTiming: OnBootPhase_520_com.android.server.pm.verify.domain.DomainVerificationService
07-28 00:24:44.048  1708  1708 D SystemServerTiming: OnBootPhase_520_com.android.server.pm.PackageInstallerService$Lifecycle
07-28 00:24:44.048  1708  1708 D SystemServerTiming: OnBootPhase_520_com.android.server.pm.UserManagerService$LifeCycle
07-28 00:24:44.048  1708  1708 D SystemServerTiming: OnBootPhase_520_com.android.server.om.OverlayManagerService
07-28 00:24:44.048  1708  1708 D SystemServerTiming: OnBootPhase_520_com.android.server.resources.ResourcesManagerService
07-28 00:24:44.048  1708  1708 D SystemServerTiming: OnBootPhase_520_com.android.server.sensorprivacy.SensorPrivacyService
07-28 00:24:44.048  1708  1708 D SystemServerTiming: OnBootPhase_520_com.android.server.sensors.SensorService
07-28 00:24:44.048  1708  1708 D SystemServerTiming: OnBootPhase_520_com.android.server.SystemConfigService
07-28 00:24:44.048  1708  1708 D SystemServerTiming: OnBootPhase_520_com.android.server.BatteryService
07-28 00:24:44.048  1708  1708 D SystemServerTiming: OnBootPhase_520_com.android.server.usage.UsageStatsService
07-28 00:24:44.048  1708  1708 D SystemServerTiming: OnBootPhase_520_com.android.server.webkit.WebViewUpdateService
07-28 00:24:44.048  1708  1708 D SystemServerTiming: OnBootPhase_520_com.android.server.CachedDeviceStateService
07-28 00:24:44.048  1708  1708 D SystemServerTiming: OnBootPhase_520_com.android.server.BinderCallsStatsService$LifeCycle
07-28 00:24:44.048  1708  1708 D SystemServerTiming: OnBootPhase_520_com.android.server.LooperStatsService$Lifecycle
07-28 00:24:44.048  1708  1708 D SystemServerTiming: OnBootPhase_520_com.android.server.rollback.RollbackManagerService
07-28 00:24:44.048  1708  1708 D SystemServerTiming: OnBootPhase_520_com.android.server.os.NativeTombstoneManagerService
07-28 00:24:44.048  1708  1708 D SystemServerTiming: OnBootPhase_520_com.android.server.os.BugreportManagerService
07-28 00:24:44.048  1708  1708 D SystemServerTiming: OnBootPhase_520_com.android.server.gpu.GpuService
07-28 00:24:44.048  1708  1708 D SystemServerTiming: OnBootPhase_520_com.android.server.security.KeyChainSystemService
07-28 00:24:44.048  1708  1708 D SystemServerTiming: OnBootPhase_520_com.android.server.BinaryTransparencyService
07-28 00:24:44.048  1708  1708 D SystemServerTiming: OnBootPhase_520_com.android.server.telecom.TelecomLoaderService
07-28 00:24:44.048  1708  1708 D SystemServerTiming: OnBootPhase_520_com.android.server.accounts.AccountManagerService$Lifecycle
07-28 00:24:44.048  1708  1708 D SystemServerTiming: OnBootPhase_520_com.android.server.content.ContentService$Lifecycle
07-28 00:24:44.048  1708  1708 D SystemServerTiming: OnBootPhase_520_com.android.server.DropBoxManagerService
07-28 00:24:44.048  1708  1708 D SystemServerTiming: OnBootPhase_520_com.android.role.RoleService
07-28 00:24:44.048  1708  1708 D SystemServerTiming: OnBootPhase_520_com.android.server.vibrator.VibratorManagerService$Lifecycle
07-28 00:24:44.048  1708  1708 D SystemServerTiming: OnBootPhase_520_com.android.server.tare.InternalResourceService
07-28 00:24:44.048  1708  1708 D SystemServerTiming: OnBootPhase_520_com.android.server.alarm.AlarmManagerService
07-28 00:24:44.048  1708  1708 D SystemServerTiming: OnBootPhase_520_com.android.server.devicestate.DeviceStateManagerService
07-28 00:24:44.048  1708  1708 D SystemServerTiming: OnBootPhase_520_com.android.server.camera.CameraServiceProxy
07-28 00:24:44.048  1708  1708 D SystemServerTiming: OnBootPhase_520_com.android.server.bluetooth.BluetoothService
07-28 00:24:44.048  1708  1708 D SystemServerTiming: OnBootPhase_520_com.android.server.connectivity.IpConnectivityMetrics
07-28 00:24:44.048  1708  1708 D SystemServerTiming: OnBootPhase_520_com.android.server.net.watchlist.NetworkWatchlistService$Lifecycle
07-28 00:24:44.048  1708  1708 D SystemServerTiming: OnBootPhase_520_com.android.server.PinnerService
07-28 00:24:44.048  1708  1708 D SystemServerTiming: OnBootPhase_520_com.android.server.integrity.AppIntegrityManagerService
07-28 00:24:44.048  1708  1708 D SystemServerTiming: OnBootPhase_520_com.android.server.logcat.LogcatManagerService
07-28 00:24:44.048  1708  1708 D SystemServerTiming: OnBootPhase_520_com.android.server.inputmethod.InputMethodManagerService$Lifecycle
07-28 00:24:44.048  1708  1708 D SystemServerTiming: OnBootPhase_520_com.android.server.accessibility.AccessibilityManagerService$Lifecycle
07-28 00:24:44.048  1708  1708 D SystemServerTiming: OnBootPhase_520_com.android.server.StorageManagerService$Lifecycle
07-28 00:24:44.048  1708  1708 D SystemServerTiming: OnBootPhase_520_com.android.server.usage.StorageStatsService$Lifecycle
07-28 00:24:44.048  1708  1708 D SystemServerTiming: OnBootPhase_520_com.android.server.UiModeManagerService
07-28 00:24:44.048  1708  1708 D SystemServerTiming: OnBootPhase_520_com.android.server.locales.LocaleManagerService
07-28 00:24:44.048  1708  1708 D SystemServerTiming: OnBootPhase_520_com.android.server.locksettings.LockSettingsService$Lifecycle
07-28 00:24:44.048  1708  1708 D SystemServerTiming: OnBootPhase_520_com.android.server.PersistentDataBlockService
07-28 00:24:44.048  1708  1708 D SystemServerTiming: OnBootPhase_520_com.android.server.testharness.TestHarnessModeService
07-28 00:24:44.048  1708  1708 D SystemServerTiming: OnBootPhase_520_com.android.server.oemlock.OemLockService
07-28 00:24:44.048  1708  1708 D SystemServerTiming: OnBootPhase_520_com.android.server.DeviceIdleController
07-28 00:24:44.048  1708  1708 D SystemServerTiming: OnBootPhase_520_com.android.server.devicepolicy.DevicePolicyManagerService$Lifecycle
07-28 00:24:44.048  1708  1708 D SystemServerTiming: OnBootPhase_520_com.android.server.musicrecognition.MusicRecognitionManagerService
07-28 00:24:44.048  1708  1708 D SystemServerTiming: OnBootPhase_520_com.android.server.contentcapture.ContentCaptureManagerService
07-28 00:24:44.048  1708  1708 D SystemServerTiming: OnBootPhase_520_com.android.server.attention.AttentionManagerService
07-28 00:24:44.048  1708  1708 D SystemServerTiming: OnBootPhase_520_com.android.server.rotationresolver.RotationResolverManagerService
07-28 00:24:44.049  1708  1708 D SystemServerTiming: OnBootPhase_520_com.android.server.systemcaptions.SystemCaptionsManagerService
07-28 00:24:44.049  1708  1708 D SystemServerTiming: OnBootPhase_520_com.android.server.texttospeech.TextToSpeechManagerService
07-28 00:24:44.049  1708  1708 D SystemServerTiming: OnBootPhase_520_com.android.server.ambientcontext.AmbientContextManagerService
07-28 00:24:44.049  1708  1708 D SystemServerTiming: OnBootPhase_520_com.android.server.speech.SpeechRecognitionManagerService
07-28 00:24:44.049  1708  1708 D SystemServerTiming: OnBootPhase_520_com.android.server.appprediction.AppPredictionManagerService
07-28 00:24:44.049  1708  1708 D SystemServerTiming: OnBootPhase_520_com.android.server.contentsuggestions.ContentSuggestionsManagerService
07-28 00:24:44.049  1708  1708 D SystemServerTiming: OnBootPhase_520_com.android.server.searchui.SearchUiManagerService
07-28 00:24:44.049  1708  1708 D SystemServerTiming: OnBootPhase_520_com.android.server.smartspace.SmartspaceManagerService
07-28 00:24:44.049  1708  1708 D SystemServerTiming: OnBootPhase_520_com.android.server.graphics.fonts.FontManagerService$Lifecycle
07-28 00:24:44.049  1708  1708 D SystemServerTiming: OnBootPhase_520_com.android.server.textservices.TextServicesManagerService$Lifecycle
07-28 00:24:44.049  1708  1708 D SystemServerTiming: OnBootPhase_520_com.android.server.textclassifier.TextClassificationManagerService$Lifecycle
07-28 00:24:44.049  1708  1708 D SystemServerTiming: OnBootPhase_520_com.android.server.NetworkScoreService$Lifecycle
07-28 00:24:44.049  1708  1708 D SystemServerTiming: OnBootPhase_520_com.android.server.NetworkStatsServiceInitializer
07-28 00:24:44.049  1708  1708 D SystemServerTiming: OnBootPhase_520_com.android.server.wifi.WifiService
07-28 00:24:44.049  1708  1708 D SystemServerTiming: OnBootPhase_520_com.android.server.wifi.scanner.WifiScanningService
07-28 00:24:44.049  1708  1708 D SystemServerTiming: OnBootPhase_520_com.android.server.wifi.rtt.RttService
07-28 00:24:44.049  1708  1708 D SystemServerTiming: OnBootPhase_520_com.android.server.wifi.aware.WifiAwareService
07-28 00:24:44.049  1708  1708 D SystemServerTiming: OnBootPhase_520_com.android.server.wifi.p2p.WifiP2pService
07-28 00:24:44.049  1708  1708 D SystemServerTiming: OnBootPhase_520_com.android.server.ConnectivityServiceInitializer
07-28 00:24:44.049  1708  1708 D SystemServerTiming: OnBootPhase_520_com.android.server.notification.NotificationManagerService
07-28 00:24:44.049  1708  1708 D SystemServerTiming: OnBootPhase_520_com.android.server.storage.DeviceStorageMonitorService
07-28 00:24:44.049  1708  1708 D SystemServerTiming: OnBootPhase_520_com.android.server.location.LocationManagerService$Lifecycle
07-28 00:24:44.049  1708  1708 D SystemServerTiming: OnBootPhase_520_com.android.server.timedetector.TimeDetectorService$Lifecycle
07-28 00:24:44.049  1708  1708 D SystemServerTiming: OnBootPhase_520_com.android.server.timezonedetector.TimeZoneDetectorService$Lifecycle
07-28 00:24:44.049  1708  1708 D SystemServerTiming: OnBootPhase_520_com.android.server.timezonedetector.location.LocationTimeZoneManagerService$Lifecycle
07-28 00:24:44.049  1708  1708 D SystemServerTiming: OnBootPhase_520_com.android.server.search.SearchManagerService$Lifecycle
07-28 00:24:44.049  1708  1708 D SystemServerTiming: OnBootPhase_520_com.android.server.wallpaper.WallpaperManagerService$Lifecycle
07-28 00:24:44.049  1708  1708 D SystemServerTiming: OnBootPhase_520_com.android.server.wallpapereffectsgeneration.WallpaperEffectsGenerationManagerService
07-28 00:24:44.049  1708  1708 D SystemServerTiming: OnBootPhase_520_com.android.server.audio.AudioService$Lifecycle
07-28 00:24:44.049  1708  1708 D SystemServerTiming: OnBootPhase_520_com.android.server.soundtrigger_middleware.SoundTriggerMiddlewareService$Lifecycle
07-28 00:24:44.049  1708  1708 D SystemServerTiming: OnBootPhase_520_com.android.server.DockObserver
07-28 00:24:44.049  1708  1708 D SystemServerTiming: OnBootPhase_520_com.android.server.midi.MidiService$Lifecycle
07-28 00:24:44.049  1708  1708 D SystemServerTiming: OnBootPhase_520_com.android.server.adb.AdbService$Lifecycle
07-28 00:24:44.049  1708  1708 D SystemServerTiming: OnBootPhase_520_com.android.server.usb.UsbService$Lifecycle
07-28 00:24:44.049  1708  1708 D SystemServerTiming: OnBootPhase_520_com.android.server.twilight.TwilightService
07-28 00:24:44.049  1708  1708 D SystemServerTiming: OnBootPhase_520_com.android.server.display.color.ColorDisplayService
07-28 00:24:44.049  1708  1708 D SystemServerTiming: OnBootPhase_520_com.android.server.job.JobSchedulerService
07-28 00:24:44.049  1708  1708 D SystemServerTiming: OnBootPhase_520_com.android.server.soundtrigger.SoundTriggerService
07-28 00:24:44.049  1708  1708 D SoundTriggerService: onBootPhase: 520 : false
07-28 00:24:44.049  1708  1708 D SystemServerTiming: OnBootPhase_520_com.android.server.trust.TrustManagerService
07-28 00:24:44.049  1708  1708 D SystemServerTiming: OnBootPhase_520_com.android.server.backup.BackupManagerService$Lifecycle
07-28 00:24:44.049  1708  1708 D SystemServerTiming: OnBootPhase_520_com.android.server.appwidget.AppWidgetService
07-28 00:24:44.049  1708  1708 D SystemServerTiming: OnBootPhase_520_com.android.server.voiceinteraction.VoiceInteractionManagerService
07-28 00:24:44.049  1708  1708 D SystemServerTiming: OnBootPhase_520_com.android.server.apphibernation.AppHibernationService
07-28 00:24:44.049  1708  1708 D SystemServerTiming: OnBootPhase_520_com.android.server.GestureLauncherService
07-28 00:24:44.049  1708  1708 D SystemServerTiming: OnBootPhase_520_com.android.server.SensorNotificationService
07-28 00:24:44.049  1708  1708 D SystemServerTiming: OnBootPhase_520_com.android.server.ContextHubSystemService
07-28 00:24:44.049  1708  1708 D SystemServerTiming: OnBootPhase_520_com.android.server.emergency.EmergencyAffordanceService
07-28 00:24:44.049  1708  1708 D SystemServerTiming: OnBootPhase_520_com.android.server.blob.BlobStoreManagerService
07-28 00:24:44.049  1708  1708 D SystemServerTiming: OnBootPhase_520_com.android.server.dreams.DreamManagerService
07-28 00:24:44.049  1708  1708 D SystemServerTiming: OnBootPhase_520_com.android.server.print.PrintManagerService
07-28 00:24:44.049  1708  1708 D SystemServerTiming: OnBootPhase_520_com.android.server.security.AttestationVerificationManagerService
07-28 00:24:44.049  1708  1708 D SystemServerTiming: OnBootPhase_520_com.android.server.companion.CompanionDeviceManagerService
07-28 00:24:44.049  1708  1708 D SystemServerTiming: OnBootPhase_520_com.android.server.companion.virtual.VirtualDeviceManagerService
07-28 00:24:44.049  1708  1708 D SystemServerTiming: OnBootPhase_520_com.android.server.restrictions.RestrictionsManagerService
07-28 00:24:44.049  1708  1708 D SystemServerTiming: OnBootPhase_520_com.android.server.media.MediaSessionService
07-28 00:24:44.049  1708  1708 D SystemServerTiming: OnBootPhase_520_com.android.server.media.MediaResourceMonitorService
07-28 00:24:44.049  1708  1708 D SystemServerTiming: OnBootPhase_520_com.android.server.biometrics.sensors.fingerprint.FingerprintService
07-28 00:24:44.049  1708  1708 D SystemServerTiming: OnBootPhase_520_com.android.server.biometrics.BiometricService
07-28 00:24:44.050  1708  1708 D SystemServerTiming: OnBootPhase_520_com.android.server.biometrics.AuthService
07-28 00:24:44.050  1708  1708 D SystemServerTiming: OnBootPhase_520_com.android.server.pm.ShortcutService$Lifecycle
07-28 00:24:44.050  1708  1708 D SystemServerTiming: OnBootPhase_520_com.android.server.pm.LauncherAppsService
07-28 00:24:44.050  1708  1708 D SystemServerTiming: OnBootPhase_520_com.android.server.pm.CrossProfileAppsService
07-28 00:24:44.050  1708  1708 D SystemServerTiming: OnBootPhase_520_com.android.server.people.PeopleService
07-28 00:24:44.050  1708  1708 D SystemServerTiming: OnBootPhase_520_com.android.server.media.metrics.MediaMetricsManagerService
07-28 00:24:44.050  1708  1708 D SystemServerTiming: OnBootPhase_520_com.android.server.media.projection.MediaProjectionManagerService
07-28 00:24:44.050  1708  1708 D SystemServerTiming: OnBootPhase_520_com.android.server.slice.SliceManagerService$Lifecycle
07-28 00:24:44.050  1708  1708 D SystemServerTiming: OnBootPhase_520_com.android.server.stats.StatsCompanion$Lifecycle
07-28 00:24:44.050  1708  1708 D SystemServerTiming: OnBootPhase_520_com.android.server.scheduling.RebootReadinessManagerService$Lifecycle
07-28 00:24:44.050  1708  1708 D SystemServerTiming: OnBootPhase_520_com.android.server.stats.pull.StatsPullAtomService
07-28 00:24:44.050  1708  1708 D SystemServerTiming: OnBootPhase_520_com.android.server.stats.bootstrap.StatsBootstrapAtomService$Lifecycle
07-28 00:24:44.050  1708  1708 D SystemServerTiming: OnBootPhase_520_com.android.server.incident.IncidentCompanionService
07-28 00:24:44.050  1708  1708 D SystemServerTiming: OnBootPhase_520_com.android.server.sdksandbox.SdkSandboxManagerService$Lifecycle
07-28 00:24:44.050  1708  1708 D SystemServerTiming: OnBootPhase_520_com.android.server.adservices.AdServicesManagerService$Lifecycle
07-28 00:24:44.050  1708  1708 D SystemServerTiming: OnBootPhase_520_com.android.server.MmsServiceBroker
07-28 00:24:44.050  1708  1708 D SystemServerTiming: OnBootPhase_520_com.android.server.autofill.AutofillManagerService
07-28 00:24:44.050  1708  1708 D SystemServerTiming: OnBootPhase_520_com.android.server.translation.TranslationManagerService
07-28 00:24:44.050  1708  1708 D SystemServerTiming: OnBootPhase_520_com.android.server.clipboard.ClipboardService
07-28 00:24:44.050  1708  1708 D SystemServerTiming: OnBootPhase_520_com.android.server.appbinding.AppBindingService$Lifecycle
07-28 00:24:44.050  1708  1708 D SystemServerTiming: OnBootPhase_520_com.android.server.tracing.TracingServiceProxy
07-28 00:24:44.050  1708  1708 D SystemServerTiming: OnBootPhase_520_com.android.server.policy.PermissionPolicyService
07-28 00:24:44.051  1708  1708 D SystemServerTiming: OnBootPhase_520_com.android.server.pm.StagingManager$Lifecycle
07-28 00:24:44.051  1708  1708 D SystemServerTiming: OnBootPhase_520_com.android.server.app.GameManagerService$Lifecycle
07-28 00:24:44.051  1708  1708 D SystemServerTiming: StartSafetyCenterService
07-28 00:24:44.051  1708  1708 I SystemServiceManager: Starting com.android.safetycenter.SafetyCenterService
07-28 00:24:44.080  1708  1708 D SystemServerTiming: AppSearchModule
07-28 00:24:44.085  1708  1708 I SystemServiceManager: Starting com.android.server.appsearch.AppSearchModule$Lifecycle
07-28 00:24:44.097  1708  1708 D SystemServerTiming: StartMediaCommunicationService
07-28 00:24:44.097  1708  1708 I SystemServiceManager: Starting com.android.server.media.MediaCommunicationService
07-28 00:24:44.099  1708  1708 D SystemServerTiming: AppCompatOverridesService
07-28 00:24:44.099  1708  1708 I SystemServiceManager: Starting com.android.server.compat.overrides.AppCompatOverridesService$Lifecycle
07-28 00:24:44.100  1708  1708 D SystemServerTiming: PhaseActivityManagerReady
07-28 00:24:44.100  1708  1708 D SystemServerTiming: controllersReady
07-28 00:24:44.105  1708  2319 D SystemServerTimingAsync: InitThreadPoolExec:Update app-ops uidState in case package com.google.android.apps.chromecast.app changed
07-28 00:24:44.105  1708  2386 D SystemServerTimingAsync: InitThreadPoolExec:Update app-ops uidState in case package com.google.android.apps.nbu.paisa.user changed
07-28 00:24:44.105  1708  2429 D SystemServerTimingAsync: InitThreadPoolExec:Update app-ops uidState in case package com.TechTreeGames.TheTower changed
07-28 00:24:44.105  1708  2426 D SystemServerTimingAsync: InitThreadPoolExec:Update app-ops uidState in case package com.google.android.apps.subscriptions.red changed
07-28 00:24:44.105  1708  2338 D SystemServerTimingAsync: InitThreadPoolExec:Update app-ops uidState in case package com.google.android.keep changed
07-28 00:24:44.105  1708  1913 D SystemServerTimingAsync: InitThreadPoolExec:Update app-ops uidState in case package com.google.android.apps.magazines changed
07-28 00:24:44.105  1708  2357 D SystemServerTimingAsync: InitThreadPoolExec:Update app-ops uidState in case package com.google.android.apps.tachyon changed
07-28 00:24:44.105  1708  2356 D SystemServerTimingAsync: InitThreadPoolExec:Update app-ops uidState in case package com.google.android.apps.docs.editors.docs changed
07-28 00:24:44.106  1708  2319 D SystemServerTimingAsync: InitThreadPoolExec:Update app-ops uidState in case package com.google.android.ext.services changed
07-28 00:24:44.106  1708  2319 D SystemServerTimingAsync: InitThreadPoolExec:Update app-ops uidState in case package com.google.android.providers.media.module changed
07-28 00:24:44.106  1708  2429 D SystemServerTimingAsync: InitThreadPoolExec:Update app-ops uidState in case package com.google.android.cellbroadcastreceiver changed
07-28 00:24:44.106  1708  2319 D SystemServerTimingAsync: InitThreadPoolExec:Update app-ops uidState in case package com.google.android.apps.nexuslauncher changed
07-28 00:24:44.106  1708  2429 D SystemServerTimingAsync: InitThreadPoolExec:Update app-ops uidState in case package com.android.systemui changed
07-28 00:24:44.106  1708  2319 D SystemServerTimingAsync: InitThreadPoolExec:Update app-ops uidState in case package com.google.android.pixel.setupwizard changed
07-28 00:24:44.106  1708  2338 D SystemServerTimingAsync: InitThreadPoolExec:Update app-ops uidState in case package org.codeaurora.ims changed
07-28 00:24:44.106  1708  1913 D SystemServerTimingAsync: InitThreadPoolExec:Update app-ops uidState in case package com.google.android.apps.wallpaper changed
07-28 00:24:44.106  1708  2426 D SystemServerTimingAsync: InitThreadPoolExec:Update app-ops uidState in case package com.google.android.apps.maps changed
07-28 00:24:44.106  1708  2386 D SystemServerTimingAsync: InitThreadPoolExec:Update app-ops uidState in case package com.google.android.calendar changed
07-28 00:24:44.106  1708  2426 D SystemServerTimingAsync: InitThreadPoolExec:Update app-ops uidState in case package com.google.android.gm changed
07-28 00:24:44.106  1708  2338 D SystemServerTimingAsync: InitThreadPoolExec:Update app-ops uidState in case package com.google.android.apps.youtube.music changed
07-28 00:24:44.106  1708  2386 D SystemServerTimingAsync: InitThreadPoolExec:Update app-ops uidState in case package com.google.android.tts changed
07-28 00:24:44.106  1708  2426 D SystemServerTimingAsync: InitThreadPoolExec:Update app-ops uidState in case package com.google.android.apps.work.clouddpc changed
07-28 00:24:44.106  1708  2357 D SystemServerTimingAsync: InitThreadPoolExec:Update app-ops uidState in case package com.google.android.accessibility.soundamplifier changed
07-28 00:24:44.106  1708  2319 D SystemServerTimingAsync: InitThreadPoolExec:Update app-ops uidState in case package com.google.android.inputmethod.latin changed
07-28 00:24:44.106  1708  2357 D SystemServerTimingAsync: InitThreadPoolExec:Update app-ops uidState in case package com.google.android.youtube changed
07-28 00:24:44.106  1708  2319 D SystemServerTimingAsync: InitThreadPoolExec:Update app-ops uidState in case package com.google.android.webview changed
07-28 00:24:44.107  1708  2426 D SystemServerTimingAsync: InitThreadPoolExec:Update app-ops uidState in case package com.google.android.videos changed
07-28 00:24:44.107  1708  2386 D SystemServerTimingAsync: InitThreadPoolExec:Update app-ops uidState in case package com.google.android.deskclock changed
07-28 00:24:44.107  1708  2426 D SystemServerTimingAsync: InitThreadPoolExec:Update app-ops uidState in case package com.google.android.apps.docs changed
07-28 00:24:44.107  1708  2426 D SystemServerTimingAsync: InitThreadPoolExec:Update app-ops uidState in case package com.google.android.apps.safetyhub changed
