07-28 00:24:40.658  1708  1708 I SystemServiceManager: Starting com.android.server.searchui.SearchUiManagerService
07-28 00:24:40.659  1708  1708 D SystemServerTiming: StartSmartspaceService
07-28 00:24:40.659  1708  1708 I SystemServiceManager: Starting com.android.server.smartspace.SmartspaceManagerService
07-28 00:24:40.660  1708  1708 D SystemServerTiming: InitConnectivityModuleConnector
07-28 00:24:40.660  1708  1708 D ConnectivityModuleConnector: Network stack init
07-28 00:24:40.661  1708  1708 D SystemServerTiming: InitNetworkStackClient
07-28 00:24:40.661  1708  1708 D SystemServerTiming: StartNetworkManagementService
07-28 00:24:40.662  1708  1708 D SystemServerTiming: StartFontManagerService
07-28 00:24:40.669  1708  1924 D PinnerService: pinRangeStream: null
07-28 00:24:40.669  1708  1924 D PinnerService: pinRangeStream: null
07-28 00:24:40.688  1708  1924 D PinnerService: pinRangeStream: null
07-28 00:24:40.693  1708  1924 D PinnerService: pinRangeStream: null
07-28 00:24:40.693  1708  1924 D PinnerService: pinRangeStream: null
07-28 00:24:40.695  1708  1924 D PinnerService: pinRangeStream: null
07-28 00:24:40.695  1708  1924 D PinnerService: pinRangeStream: null
07-28 00:24:40.696  1708  1924 D PinnerService: pinRangeStream: null
07-28 00:24:40.696  1708  1924 D PinnerService: pinRangeStream: null
07-28 00:24:40.704  1708  1924 D PinnerService: pinRangeStream: null
07-28 00:24:40.799  1708  1708 D SystemServerTiming: StartTextServicesManager
07-28 00:24:40.799  1708  1708 I SystemServiceManager: Starting com.android.server.textservices.TextServicesManagerService$Lifecycle
07-28 00:24:40.800  1708  1708 D SystemServerTiming: StartTextClassificationManagerService
07-28 00:24:40.800  1708  1708 I SystemServiceManager: Starting com.android.server.textclassifier.TextClassificationManagerService$Lifecycle
07-28 00:24:40.801  1708  1708 D SystemServerTiming: StartNetworkScoreService
07-28 00:24:40.801  1708  1708 I SystemServiceManager: Starting com.android.server.NetworkScoreService$Lifecycle
07-28 00:24:40.802  1708  1708 D SystemServerTiming: StartNetworkStatsService
07-28 00:24:40.813  1708  1708 I SystemServiceManager: Starting com.android.server.NetworkStatsServiceInitializer
07-28 00:24:40.839  1708  1708 D SystemServerTiming: StartNetworkPolicyManagerService
07-28 00:24:40.843  1708  1708 D SystemServerTiming: StartWifi
07-28 00:24:40.860  1708  1708 I SystemServiceManager: Starting com.android.server.wifi.WifiService
07-28 00:24:40.875  1708  1924 D PinnerService: pinRangeStream: null
07-28 00:24:40.878  1708  1924 D PinnerService: pinRangeStream: null
07-28 00:24:40.931  1318  1318 I wificond: New wificond event callback registered
07-28 00:24:40.934  1708  1708 V HistoricalRegistry: Interaction before persistence initialized
07-28 00:24:40.936  1708  1708 D SystemServerTiming: StartWifiScanning
07-28 00:24:40.936  1708  1708 I SystemServiceManager: Starting com.android.server.wifi.scanner.WifiScanningService
07-28 00:24:40.944  1708  1708 D SystemServerTiming: StartRttService
07-28 00:24:40.945  1708  1708 I SystemServiceManager: Starting com.android.server.wifi.rtt.RttService
07-28 00:24:40.946  1708  1708 D SystemServerTiming: StartWifiAware
07-28 00:24:40.946  1708  1708 I SystemServiceManager: Starting com.android.server.wifi.aware.WifiAwareService
07-28 00:24:40.947  1708  1708 D SystemServerTiming: StartWifiP2P
07-28 00:24:40.947  1708  1708 I SystemServiceManager: Starting com.android.server.wifi.p2p.WifiP2pService
07-28 00:24:40.951  1708  1708 D SystemServerTiming: StartPacProxyService
07-28 00:24:40.952  1708  1708 D SystemServerTiming: StartConnectivityService
07-28 00:24:40.952  1708  1708 I SystemServiceManager: Starting com.android.server.ConnectivityServiceInitializer
07-28 00:24:40.963  1708  1754 W InputManager: Input event injection from pid 2443 failed.
07-28 00:24:40.963  1708  1754 W InputManager: Input event injection from pid 2443 failed.
07-28 00:24:40.976  1708  1708 D CompatibilityChangeReporter: Compat change id reported: 182478738; UID 1000; state: ENABLED
07-28 00:24:40.992  1708  1708 D SystemServerTiming: StartVpnManagerService
07-28 00:24:40.995  1708  1708 D SystemServerTiming: StartVcnManagementService
07-28 00:24:40.997  1708  1708 D SystemServerTiming: StartSystemUpdateManagerService
07-28 00:24:40.997  1708  1708 I SystemUpdateManagerService: No existing info file /data/system/system-update-info.xml
07-28 00:24:40.998  1708  1708 D SystemServerTiming: StartUpdateLockService
07-28 00:24:40.999  1708  1708 D SystemServerTiming: StartNotificationManager
07-28 00:24:40.999  1708  1708 I SystemServiceManager: Starting com.android.server.notification.NotificationManagerService
07-28 00:24:41.004  1708  1708 D ConditionProviders.SCP: new ScheduleConditionProvider()
07-28 00:24:41.020  1708  1708 I NotificationListeners: Read notification listener permissions from xml
07-28 00:24:41.020  1708  1708 I NotificationAssistants: Read notification assistant permissions from xml
07-28 00:24:41.020  1708  1708 I ConditionProviders: Read condition provider permissions from xml
07-28 00:24:41.020  1708  1708 I ConditionProviders: Read condition provider permissions from xml
07-28 00:24:41.020  1708  1708 D NotificationAssistants: Approving default notification assistant for user 0
07-28 00:24:41.021  1708  1708 I ConditionProviders:  Allowing condition provider com.google.android.as/com.google.android.apps.miphone.aiai.common.notification.service.AiAiNotificationAssistantService (userSet: true)
07-28 00:24:41.023  1708  1708 D CompatibilityChangeReporter: Compat change id reported: 157233955; UID 1000; state: ENABLED
07-28 00:24:41.028  1708  1708 D SystemServerTiming: StartDeviceMonitor
07-28 00:24:41.028  1708  1708 I SystemServiceManager: Starting com.android.server.storage.DeviceStorageMonitorService
07-28 00:24:41.029  1708  1708 D SystemServerTiming: StartLocationManagerService
07-28 00:24:41.029  1708  1708 I SystemServiceManager: Starting com.android.server.location.LocationManagerService$Lifecycle
07-28 00:24:41.032  1708  1708 D SystemServerTiming: StartCountryDetectorService
07-28 00:24:41.033  1708  1708 D SystemServerTiming: StartTimeDetectorService
07-28 00:24:41.033  1708  1708 I SystemServiceManager: Starting com.android.server.timedetector.TimeDetectorService$Lifecycle
07-28 00:24:41.035  1708  1754 W InputManager: Input event injection from pid 2459 failed.
07-28 00:24:41.035  1708  1754 W InputManager: Input event injection from pid 2459 failed.
07-28 00:24:41.035  1708  1708 D SystemServerTiming: StartTimeZoneDetectorService
07-28 00:24:41.035  1708  1708 I SystemServiceManager: Starting com.android.server.timezonedetector.TimeZoneDetectorService$Lifecycle
07-28 00:24:41.038  1708  1708 D SystemServerTiming: StartLocationTimeZoneManagerService
07-28 00:24:41.038  1708  1708 I SystemServiceManager: Starting com.android.server.timezonedetector.location.LocationTimeZoneManagerService$Lifecycle
07-28 00:24:41.038  1708  1708 D SystemServerTiming: StartSearchManagerService
07-28 00:24:41.038  1708  1708 I SystemServiceManager: Starting com.android.server.search.SearchManagerService$Lifecycle
07-28 00:24:41.039  1708  1708 D SystemServerTiming: StartWallpaperManagerService
07-28 00:24:41.039  1708  1708 I SystemServiceManager: Starting com.android.server.wallpaper.WallpaperManagerService$Lifecycle
07-28 00:24:41.040  1708  1708 D SystemServerTiming: StartWallpaperEffectsGenerationService
07-28 00:24:41.040  1708  1708 I SystemServiceManager: Starting com.android.server.wallpapereffectsgeneration.WallpaperEffectsGenerationManagerService
07-28 00:24:41.041  1708  1708 D SystemServerTiming: StartAudioService
07-28 00:24:41.041  1708  1708 I SystemServiceManager: Starting com.android.server.audio.AudioService$Lifecycle
07-28 00:24:41.070  1708  1924 D PinnerService: pinRangeStream: null
07-28 00:24:41.071  1708  1708 D SystemServerTiming: StartSoundTriggerMiddlewareService
07-28 00:24:41.071  1708  1708 I SystemServiceManager: Starting com.android.server.soundtrigger_middleware.SoundTriggerMiddlewareService$Lifecycle
07-28 00:24:41.105  1708  1924 D PinnerService: pinRangeStream: null
07-28 00:24:41.105  1708  1924 D PinnerService: pinRangeStream: null
07-28 00:24:41.107  1708  1924 D PinnerService: pinRangeStream: java.util.zip.ZipFile$ZipFileInflaterInputStream@3b704eb
07-28 00:24:41.123  1708  1708 W SystemServiceManager: Service com.android.server.soundtrigger_middleware.SoundTriggerMiddlewareService$Lifecycle took 51 ms in onStart
07-28 00:24:41.123  1708  1708 D SystemServerTiming: StartDockObserver
07-28 00:24:41.123  1708  1708 I SystemServiceManager: Starting com.android.server.DockObserver
07-28 00:24:41.124  1708  1708 I DockObserver: No extcon dock device found in this kernel.
07-28 00:24:41.124  1708  1708 D SystemServerTiming: StartWiredAccessoryManager
07-28 00:24:41.125  1708  1708 W WiredAccessoryManager: This kernel does not have usb audio support
07-28 00:24:41.125  1708  1708 W WiredAccessoryManager: This kernel does not have HDMI audio support
07-28 00:24:41.125  1708  1708 D SystemServerTiming: StartMidiManager
07-28 00:24:41.126  1708  1708 I SystemServiceManager: Starting com.android.server.midi.MidiService$Lifecycle
07-28 00:24:41.129  1708  1708 D SystemServerTiming: StartAdbService
07-28 00:24:41.129  1708  1708 I SystemServiceManager: Starting com.android.server.adb.AdbService$Lifecycle
07-28 00:24:41.131  1708  1708 D SystemServerTiming: StartUsbService
07-28 00:24:41.131  1708  1708 I SystemServiceManager: Starting com.android.server.usb.UsbService$Lifecycle
07-28 00:24:41.131  1708  1913 D SystemServerTimingAsync: InitThreadPoolExec:UsbService$Lifecycle#onStart
07-28 00:24:41.131  1708  1708 D SystemServerTiming: StartSerialService
07-28 00:24:41.132  1708  1708 D SystemServerTiming: StartHardwarePropertiesManagerService
07-28 00:24:41.133  1708  1913 I UsbDeviceManager: failed to write to /sys/class/android_usb/android0/f_rndis/ethaddr
07-28 00:24:41.134  1708  1708 D SystemServerTiming: StartTwilightService
07-28 00:24:41.134  1708  1708 I SystemServiceManager: Starting com.android.server.twilight.TwilightService
07-28 00:24:41.134  1708  1708 D SystemServerTiming: StartColorDisplay
07-28 00:24:41.134  1708  1708 I SystemServiceManager: Starting com.android.server.display.color.ColorDisplayService
07-28 00:24:41.137  1708  1708 D SystemServerTiming: StartJobScheduler
07-28 00:24:41.137  1708  1913 W StorageManagerService: No primary storage defined yet; hacking together a stub
07-28 00:24:41.137  1708  1708 I SystemServiceManager: Starting com.android.server.job.JobSchedulerService
07-28 00:24:41.139  1708  2389 I UsbDeviceManager: Usb gadget hal service started android.hardware.usb.gadget@1.0::IUsbGadget default
07-28 00:24:41.140  1708  1708 D JobStore: Start tag: job-info
07-28 00:24:41.144  1708  1905 I UsbDeviceManager: processing MSG_GET_CURRENT_USB_FUNCTIONS
07-28 00:24:41.144  1708  1905 I UsbDeviceManager: updating mCurrentFunctions
07-28 00:24:41.144  1708  1905 I UsbDeviceManager: mCurrentFunctions:0applied:1
07-28 00:24:41.146  1708  1913 D UsbPortManager: Querying USB HAL version
07-28 00:24:41.146  1708  1913 I UsbPortManager: USB HAL AIDL present
07-28 00:24:41.147  1708  1913 D UsbPortManager: getInstance done
07-28 00:24:41.149  1708  2056 I UsbPortManager: all: opID:1 successful
07-28 00:24:41.153  1708  1708 I JobStore: Read 157 jobs
07-28 00:24:41.157  1708  1708 V HistoricalRegistry: Interaction before persistence initialized
07-28 00:24:41.157  1708  1708 V HistoricalRegistry: Interaction before persistence initialized
07-28 00:24:41.158  1708  1708 D SystemServerTiming: StartSoundTrigger
07-28 00:24:41.158  1708  1708 I SystemServiceManager: Starting com.android.server.soundtrigger.SoundTriggerService
07-28 00:24:41.158  1708  1708 D SystemServerTiming: StartTrustManager
07-28 00:24:41.158  1708  1708 I SystemServiceManager: Starting com.android.server.trust.TrustManagerService
07-28 00:24:41.159  1708  1708 D SystemServerTiming: StartBackupManager
07-28 00:24:41.159  1708  1708 I SystemServiceManager: Starting com.android.server.backup.BackupManagerService$Lifecycle
07-28 00:24:41.160  1708  1708 D SystemServerTiming: StartAppWidgetService
07-28 00:24:41.160  1708  1708 I SystemServiceManager: Starting com.android.server.appwidget.AppWidgetService
07-28 00:24:41.162  1708  1708 D SystemServerTiming: StartVoiceRecognitionManager
07-28 00:24:41.162  1708  1708 I SystemServiceManager: Starting com.android.server.voiceinteraction.VoiceInteractionManagerService
07-28 00:24:41.171  1708  1708 D SystemServerTiming: StartAppHibernationService
07-28 00:24:41.171  1708  1708 I SystemServiceManager: Starting com.android.server.apphibernation.AppHibernationService
07-28 00:24:41.173  1708  1708 D SystemServerTiming: StartGestureLauncher
07-28 00:24:41.173  1708  1708 I SystemServiceManager: Starting com.android.server.GestureLauncherService
07-28 00:24:41.173  1708  1708 D SystemServerTiming: StartSensorNotification
07-28 00:24:41.173  1708  1708 I SystemServiceManager: Starting com.android.server.SensorNotificationService
07-28 00:24:41.173  1708  1708 D SystemServerTiming: StartContextHubSystemService
07-28 00:24:41.173  1708  1708 I SystemServiceManager: Starting com.android.server.ContextHubSystemService
07-28 00:24:41.173  1708  1708 D SystemServerTiming: StartDiskStatsService
07-28 00:24:41.173  1708  2338 D SystemServerTimingAsync: InitThreadPoolExec:Init ContextHubSystemService
07-28 00:24:41.174  1708  1924 D PinnerService: pinRangeStream: java.util.zip.ZipFile$ZipFileInflaterInputStream@7b70745
07-28 00:24:41.175  1708  1708 D CompatibilityChangeReporter: Compat change id reported: 194532703; UID 1000; state: ENABLED
07-28 00:24:41.176  1708  1708 D SystemServerTiming: RuntimeService
07-28 00:24:41.176  1708  1708 D SystemServerTiming: StartNetworkTimeUpdateService
07-28 00:24:41.178  1708  1708 D SystemServerTiming: CertBlacklister
07-28 00:24:41.178  1708  1708 D SystemServerTiming: StartEmergencyAffordanceService
07-28 00:24:41.178  1708  1708 I SystemServiceManager: Starting com.android.server.emergency.EmergencyAffordanceService
07-28 00:24:41.180  1708  1708 D SystemServerTiming: startBlobStoreManagerService
07-28 00:24:41.180  1708  1708 I SystemServiceManager: Starting com.android.server.blob.BlobStoreManagerService
07-28 00:24:41.181  1708  1708 D SystemServerTiming: StartDreamManager
07-28 00:24:41.181  1708  1708 I SystemServiceManager: Starting com.android.server.dreams.DreamManagerService
07-28 00:24:41.181  1708  1708 D SystemServerTiming: AddGraphicsStatsService
07-28 00:24:41.184  1708  1708 D SystemServerTiming: StartPrintManager
07-28 00:24:41.184  1708  1708 I SystemServiceManager: Starting com.android.server.print.PrintManagerService
07-28 00:24:41.185  1708  1708 D SystemServerTiming: StartAttestationVerificationService
07-28 00:24:41.185  1708  1708 I SystemServiceManager: Starting com.android.server.security.AttestationVerificationManagerService
07-28 00:24:41.185  1708  1708 D AVF     : Started
07-28 00:24:41.186  1708  1708 D SystemServerTiming: StartCompanionDeviceManager
07-28 00:24:41.186  1708  1708 I SystemServiceManager: Starting com.android.server.companion.CompanionDeviceManagerService
07-28 00:24:41.187  1708  1708 I CompanionDevice_PersistentDataStore: Reading associations for user 0 from disk
07-28 00:24:41.188  1708  1708 D SystemServerTiming: StartVirtualDeviceManager
07-28 00:24:41.188  1708  1708 I SystemServiceManager: Starting com.android.server.companion.virtual.VirtualDeviceManagerService
07-28 00:24:41.188  1708  1708 D SystemServerTiming: StartRestrictionManager
07-28 00:24:41.188  1708  1708 I SystemServiceManager: Starting com.android.server.restrictions.RestrictionsManagerService
07-28 00:24:41.190  1708  1708 D SystemServerTiming: StartMediaSessionService
07-28 00:24:41.190  1708  1708 I SystemServiceManager: Starting com.android.server.media.MediaSessionService
07-28 00:24:41.191  1708  1924 D PinnerService: pinRangeStream: java.util.zip.ZipFile$ZipFileInflaterInputStream@545911
07-28 00:24:41.192  1708  1708 D SystemServerTiming: StartMediaResourceMonitor
07-28 00:24:41.192  1708  1708 I SystemServiceManager: Starting com.android.server.media.MediaResourceMonitorService
07-28 00:24:41.192  1708  1708 D SystemServerTiming: StartMediaRouterService
07-28 00:24:41.193  1708  1708 V HistoricalRegistry: Interaction before persistence initialized
07-28 00:24:41.195  1708  1708 D SystemServerTiming: StartFingerprintSensor
07-28 00:24:41.195  1708  1708 I SystemServiceManager: Starting com.android.server.biometrics.sensors.fingerprint.FingerprintService
07-28 00:24:41.195  1708  1708 D SystemServerTiming: StartBiometricService
07-28 00:24:41.196  1708  1708 I SystemServiceManager: Starting com.android.server.biometrics.BiometricService
07-28 00:24:41.198  1708  1708 D SystemServerTiming: StartAuthService
07-28 00:24:41.198  1708  1708 I SystemServiceManager: Starting com.android.server.biometrics.AuthService
07-28 00:24:41.199  1708  1708 D AuthService: Registering HIDL ID: 0 Modality: 2 Strength: 15
07-28 00:24:41.199  1708  1924 D PinnerService: pinRangeStream: java.util.zip.ZipFile$ZipFileInflaterInputStream@b238080
07-28 00:24:41.202  1708  1708 D SystemServerTiming: StartDynamicCodeLoggingService
07-28 00:24:41.204  1708  1708 D SystemServerTiming: StartPruneInstantAppsJobService
07-28 00:24:41.204  1708  2490 D BiometricService: Registering ID: 0 Modality: 2 Strength: 15
07-28 00:24:41.205  1708  1708 D SystemServerTiming: StartShortcutServiceLifecycle
07-28 00:24:41.205  1708  1708 I SystemServiceManager: Starting com.android.server.pm.ShortcutService$Lifecycle
07-28 00:24:41.206  1708  2490 D BiometricStrengthController: updateStrengths: revert sensorId=0 to oemStrength=15
07-28 00:24:41.206  1708  2490 D BiometricService/Sensor: updateStrength: Before(ID(0), oemStrength: 15, updatedStrength: 15, modality 2, state: 0, cookie: 0) After(ID(0), oemStrength: 15, updatedStrength: 15, modality 2, state: 0, cookie: 0)
07-28 00:24:41.207  1708  1708 V HistoricalRegistry: Interaction before persistence initialized
07-28 00:24:41.208  1708  1708 D SystemServerTiming: StartLauncherAppsService
07-28 00:24:41.208  1708  1708 I SystemServiceManager: Starting com.android.server.pm.LauncherAppsService
07-28 00:24:41.209  1708  1924 D PinnerService: pinRangeStream: java.util.zip.ZipFile$ZipFileInflaterInputStream@b8d0b47
07-28 00:24:41.211  1708  1708 D SystemServerTiming: StartCrossProfileAppsService
07-28 00:24:41.211  1708  1708 I SystemServiceManager: Starting com.android.server.pm.CrossProfileAppsService
07-28 00:24:41.212  1708  1708 D SystemServerTiming: StartPeopleService
07-28 00:24:41.212  1708  1708 I SystemServiceManager: Starting com.android.server.people.PeopleService
07-28 00:24:41.213  1708  1708 D SystemServerTiming: StartMediaMetricsManager
07-28 00:24:41.213  1708  1708 I SystemServiceManager: Starting com.android.server.media.metrics.MediaMetricsManagerService
07-28 00:24:41.214  1708  1708 D SystemServerTiming: StartMediaProjectionManager
07-28 00:24:41.214  1708  1708 I SystemServiceManager: Starting com.android.server.media.projection.MediaProjectionManagerService
07-28 00:24:41.219  1708  1708 D SystemServerTiming: StartSliceManagerService
07-28 00:24:41.219  1708  1708 I SystemServiceManager: Starting com.android.server.slice.SliceManagerService$Lifecycle
07-28 00:24:41.221  1708  1708 D SystemServerTiming: StartStatsCompanion
07-28 00:24:41.222  1708  1708 I SystemServiceManager: Starting com.android.server.stats.StatsCompanion$Lifecycle
07-28 00:24:41.224  1708  1708 D SystemServerTiming: StartRebootReadinessManagerService
07-28 00:24:41.225  1708  1708 I SystemServiceManager: Starting com.android.server.scheduling.RebootReadinessManagerService$Lifecycle
07-28 00:24:41.234  1708  1924 D PinnerService: pinRangeStream: java.util.zip.ZipFile$ZipFileInflaterInputStream@a30a5be
07-28 00:24:41.234  1708  1708 D SystemServerTiming: StartStatsPullAtomService
07-28 00:24:41.234  1708  1708 I SystemServiceManager: Starting com.android.server.stats.pull.StatsPullAtomService
07-28 00:24:41.234  1708  1708 D SystemServerTiming: StatsBootstrapAtomService
07-28 00:24:41.234  1708  1708 I SystemServiceManager: Starting com.android.server.stats.bootstrap.StatsBootstrapAtomService$Lifecycle
07-28 00:24:41.236  1708  1708 D SystemServerTiming: StartIncidentCompanionService
07-28 00:24:41.236  1708  1708 I SystemServiceManager: Starting com.android.server.incident.IncidentCompanionService
07-28 00:24:41.237  1708  1708 D SystemServerTiming: StarSdkSandboxManagerService
07-28 00:24:41.238  1708  1708 I SystemServiceManager: Starting com.android.server.sdksandbox.SdkSandboxManagerService$Lifecycle
07-28 00:24:41.239  1708  1924 D PinnerService: pinRangeStream: java.util.zip.ZipFile$ZipFileInflaterInputStream@3c05d6c
07-28 00:24:41.242  1708  1924 D PinnerService: pinRangeStream: java.util.zip.ZipFile$ZipFileInflaterInputStream@1b339b1
07-28 00:24:41.243  1708  1924 D PinnerService: pinRangeStream: java.util.zip.ZipFile$ZipFileInflaterInputStream@486ee04
07-28 00:24:41.247  1708  1708 D SystemServerTiming: StartAdServicesManagerService
07-28 00:24:41.247  1708  1708 I SystemServiceManager: Starting com.android.server.adservices.AdServicesManagerService$Lifecycle
07-28 00:24:41.249  1708  1708 D SystemServerTiming: StartMmsService
07-28 00:24:41.249  1708  1708 I SystemServiceManager: Starting com.android.server.MmsServiceBroker
07-28 00:24:41.250  1708  1708 D SystemServerTiming: StartAutoFillService
07-28 00:24:41.250  1708  1708 I SystemServiceManager: Starting com.android.server.autofill.AutofillManagerService
07-28 00:24:41.254  1708  1708 E AutofillManagerServiceImpl: Bad service name: com.google.android.gms/.autofill.service.AutofillService
07-28 00:24:41.255  1708  1708 E RemoteAugmentedAutofillService: Bad service name for flags 1048704: com.google.android.as/com.google.android.apps.miphone.aiai.app.AiAiAugmentedAutofillService
07-28 00:24:41.257  1708  1708 D SystemServerTiming: StartTranslationManagerService
07-28 00:24:41.257  1708  1708 I SystemServiceManager: Starting com.android.server.translation.TranslationManagerService
07-28 00:24:41.258  1708  1708 D SystemServerTiming: StartClipboardService
07-28 00:24:41.258  1708  1708 I SystemServiceManager: Starting com.android.server.clipboard.ClipboardService
07-28 00:24:41.262  1708  1708 D SystemServerTiming: AppServiceManager
07-28 00:24:41.262  1708  1708 I SystemServiceManager: Starting com.android.server.appbinding.AppBindingService$Lifecycle
07-28 00:24:41.263  1708  1708 D SystemServerTiming: startTracingServiceProxy
07-28 00:24:41.263  1708  1708 I SystemServiceManager: Starting com.android.server.tracing.TracingServiceProxy
07-28 00:24:41.264  1708  1708 D SystemServerTiming: MakeLockSettingsServiceReady
07-28 00:24:41.284  1708  1708 D SystemServerTiming: StartBootPhaseLockSettingsReady
07-28 00:24:41.284  1708  1708 I SystemServiceManager: Starting phase 480
07-28 00:24:41.284  1708  1708 D SystemServerTiming: OnBootPhase_480
07-28 00:24:41.284  1708  1708 D SystemServerTiming: OnBootPhase_480_com.android.server.security.FileIntegrityService
07-28 00:24:41.284  1708  1708 D SystemServerTiming: OnBootPhase_480_com.android.server.pm.Installer
07-28 00:24:41.284  1708  1708 D SystemServerTiming: OnBootPhase_480_com.android.server.os.DeviceIdentifiersPolicyService
07-28 00:24:41.284  1708  1708 D SystemServerTiming: OnBootPhase_480_com.android.server.uri.UriGrantsManagerService$Lifecycle
07-28 00:24:41.284  1708  1708 D SystemServerTiming: OnBootPhase_480_com.android.server.powerstats.PowerStatsService
07-28 00:24:41.284  1708  1708 D SystemServerTiming: OnBootPhase_480_com.android.server.wm.ActivityTaskManagerService$Lifecycle
07-28 00:24:41.284  1708  1708 D SystemServerTiming: OnBootPhase_480_com.android.server.am.ActivityManagerService$Lifecycle
07-28 00:24:41.284  1708  1708 D SystemServerTiming: OnBootPhase_480_com.android.server.pm.DataLoaderManagerService
07-28 00:24:41.284  1708  1708 D SystemServerTiming: OnBootPhase_480_com.android.server.power.PowerManagerService
07-28 00:24:41.284  1708  1708 D SystemServerTiming: OnBootPhase_480_com.android.server.power.ThermalManagerService
07-28 00:24:41.284  1708  1708 D SystemServerTiming: OnBootPhase_480_com.android.server.power.hint.HintManagerService
07-28 00:24:41.284  1708  1708 D SystemServerTiming: OnBootPhase_480_com.android.server.recoverysystem.RecoverySystemService$Lifecycle
07-28 00:24:41.284  1708  1708 D SystemServerTiming: OnBootPhase_480_com.android.server.lights.LightsService
07-28 00:24:41.284  1708  1708 D SystemServerTiming: OnBootPhase_480_com.android.server.display.DisplayManagerService
07-28 00:24:41.284  1708  1708 D SystemServerTiming: OnBootPhase_480_com.android.server.pm.verify.domain.DomainVerificationService
07-28 00:24:41.284  1708  1708 D SystemServerTiming: OnBootPhase_480_com.android.server.pm.PackageInstallerService$Lifecycle
07-28 00:24:41.284  1708  1708 D SystemServerTiming: OnBootPhase_480_com.android.server.pm.UserManagerService$LifeCycle
07-28 00:24:41.284  1708  1708 D SystemServerTiming: OnBootPhase_480_com.android.server.om.OverlayManagerService
07-28 00:24:41.284  1708  1708 D SystemServerTiming: OnBootPhase_480_com.android.server.resources.ResourcesManagerService
07-28 00:24:41.284  1708  1708 D SystemServerTiming: OnBootPhase_480_com.android.server.sensorprivacy.SensorPrivacyService
07-28 00:24:41.284  1708  1708 D SystemServerTiming: OnBootPhase_480_com.android.server.sensors.SensorService
07-28 00:24:41.284  1708  1708 D SystemServerTiming: OnBootPhase_480_com.android.server.SystemConfigService
07-28 00:24:41.284  1708  1708 D SystemServerTiming: OnBootPhase_480_com.android.server.BatteryService
07-28 00:24:41.284  1708  1708 D SystemServerTiming: OnBootPhase_480_com.android.server.usage.UsageStatsService
07-28 00:24:41.284  1708  1708 D SystemServerTiming: OnBootPhase_480_com.android.server.webkit.WebViewUpdateService
07-28 00:24:41.284  1708  1708 D SystemServerTiming: OnBootPhase_480_com.android.server.CachedDeviceStateService
07-28 00:24:41.284  1708  1708 D SystemServerTiming: OnBootPhase_480_com.android.server.BinderCallsStatsService$LifeCycle
07-28 00:24:41.284  1708  1708 D SystemServerTiming: OnBootPhase_480_com.android.server.LooperStatsService$Lifecycle
07-28 00:24:41.284  1708  1708 D SystemServerTiming: OnBootPhase_480_com.android.server.rollback.RollbackManagerService
07-28 00:24:41.284  1708  1708 D SystemServerTiming: OnBootPhase_480_com.android.server.os.NativeTombstoneManagerService
07-28 00:24:41.284  1708  1708 D SystemServerTiming: OnBootPhase_480_com.android.server.os.BugreportManagerService
07-28 00:24:41.284  1708  1708 D SystemServerTiming: OnBootPhase_480_com.android.server.gpu.GpuService
07-28 00:24:41.284  1708  1708 D SystemServerTiming: OnBootPhase_480_com.android.server.security.KeyChainSystemService
07-28 00:24:41.284  1708  1708 D SystemServerTiming: OnBootPhase_480_com.android.server.BinaryTransparencyService
07-28 00:24:41.284  1708  1708 D SystemServerTiming: OnBootPhase_480_com.android.server.telecom.TelecomLoaderService
07-28 00:24:41.284  1708  1708 D SystemServerTiming: OnBootPhase_480_com.android.server.accounts.AccountManagerService$Lifecycle
07-28 00:24:41.284  1708  1708 D SystemServerTiming: OnBootPhase_480_com.android.server.content.ContentService$Lifecycle
07-28 00:24:41.284  1708  1708 D SystemServerTiming: OnBootPhase_480_com.android.server.DropBoxManagerService
07-28 00:24:41.284  1708  1708 D SystemServerTiming: OnBootPhase_480_com.android.role.RoleService
07-28 00:24:41.284  1708  1708 D SystemServerTiming: OnBootPhase_480_com.android.server.vibrator.VibratorManagerService$Lifecycle
07-28 00:24:41.284  1708  1708 D SystemServerTiming: OnBootPhase_480_com.android.server.tare.InternalResourceService
07-28 00:24:41.284  1708  1708 D SystemServerTiming: OnBootPhase_480_com.android.server.alarm.AlarmManagerService
07-28 00:24:41.284  1708  1708 D SystemServerTiming: OnBootPhase_480_com.android.server.devicestate.DeviceStateManagerService
07-28 00:24:41.284  1708  1708 D SystemServerTiming: OnBootPhase_480_com.android.server.camera.CameraServiceProxy
07-28 00:24:41.284  1708  1708 D SystemServerTiming: OnBootPhase_480_com.android.server.bluetooth.BluetoothService
07-28 00:24:41.284  1708  1708 D SystemServerTiming: OnBootPhase_480_com.android.server.connectivity.IpConnectivityMetrics
07-28 00:24:41.284  1708  1708 D SystemServerTiming: OnBootPhase_480_com.android.server.net.watchlist.NetworkWatchlistService$Lifecycle
07-28 00:24:41.284  1708  1708 D SystemServerTiming: OnBootPhase_480_com.android.server.PinnerService
07-28 00:24:41.284  1708  1708 D SystemServerTiming: OnBootPhase_480_com.android.server.integrity.AppIntegrityManagerService
07-28 00:24:41.284  1708  1708 D SystemServerTiming: OnBootPhase_480_com.android.server.logcat.LogcatManagerService
07-28 00:24:41.284  1708  1708 D SystemServerTiming: OnBootPhase_480_com.android.server.inputmethod.InputMethodManagerService$Lifecycle
07-28 00:24:41.284  1708  1708 D SystemServerTiming: OnBootPhase_480_com.android.server.accessibility.AccessibilityManagerService$Lifecycle
07-28 00:24:41.284  1708  1708 D SystemServerTiming: OnBootPhase_480_com.android.server.StorageManagerService$Lifecycle
07-28 00:24:41.284  1708  1708 D SystemServerTiming: OnBootPhase_480_com.android.server.usage.StorageStatsService$Lifecycle
07-28 00:24:41.284  1708  1708 D SystemServerTiming: OnBootPhase_480_com.android.server.UiModeManagerService
07-28 00:24:41.284  1708  1708 D SystemServerTiming: OnBootPhase_480_com.android.server.locales.LocaleManagerService
07-28 00:24:41.284  1708  1708 D SystemServerTiming: OnBootPhase_480_com.android.server.locksettings.LockSettingsService$Lifecycle
07-28 00:24:41.284  1708  1708 D SystemServerTiming: OnBootPhase_480_com.android.server.PersistentDataBlockService
07-28 00:24:41.284  1708  1708 D SystemServerTiming: OnBootPhase_480_com.android.server.testharness.TestHarnessModeService
07-28 00:24:41.284  1708  1708 D SystemServerTiming: OnBootPhase_480_com.android.server.oemlock.OemLockService
07-28 00:24:41.284  1708  1708 D SystemServerTiming: OnBootPhase_480_com.android.server.DeviceIdleController
07-28 00:24:41.284  1708  1708 D SystemServerTiming: OnBootPhase_480_com.android.server.devicepolicy.DevicePolicyManagerService$Lifecycle
07-28 00:24:41.292  1708  1708 I UsbPortManager: USB HAL AIDL version: USB_HAL_V2_0
07-28 00:24:41.293  1708  2357 D SystemServerTimingAsync: InitThreadPoolExec:DevicePolicyManager
07-28 00:24:41.293  1708  1708 D SystemServerTiming: OnBootPhase_480_com.android.server.musicrecognition.MusicRecognitionManagerService
07-28 00:24:41.293  1708  1708 D SystemServerTiming: OnBootPhase_480_com.android.server.contentcapture.ContentCaptureManagerService
07-28 00:24:41.293  1708  1708 D SystemServerTiming: OnBootPhase_480_com.android.server.attention.AttentionManagerService
07-28 00:24:41.293  1708  1708 D SystemServerTiming: OnBootPhase_480_com.android.server.rotationresolver.RotationResolverManagerService
07-28 00:24:41.293  1708  1708 D SystemServerTiming: OnBootPhase_480_com.android.server.systemcaptions.SystemCaptionsManagerService
07-28 00:24:41.293  1708  1708 D SystemServerTiming: OnBootPhase_480_com.android.server.texttospeech.TextToSpeechManagerService
07-28 00:24:41.293  1708  1708 D SystemServerTiming: OnBootPhase_480_com.android.server.ambientcontext.AmbientContextManagerService
07-28 00:24:41.293  1708  1708 D SystemServerTiming: OnBootPhase_480_com.android.server.speech.SpeechRecognitionManagerService
07-28 00:24:41.293  1708  1708 D SystemServerTiming: OnBootPhase_480_com.android.server.appprediction.AppPredictionManagerService
07-28 00:24:41.293  1708  1708 D SystemServerTiming: OnBootPhase_480_com.android.server.contentsuggestions.ContentSuggestionsManagerService
07-28 00:24:41.293  1708  1708 D SystemServerTiming: OnBootPhase_480_com.android.server.searchui.SearchUiManagerService
07-28 00:24:41.293  1708  1708 D SystemServerTiming: OnBootPhase_480_com.android.server.smartspace.SmartspaceManagerService
07-28 00:24:41.293  1708  1708 D SystemServerTiming: OnBootPhase_480_com.android.server.graphics.fonts.FontManagerService$Lifecycle
07-28 00:24:41.293  1708  1708 D SystemServerTiming: OnBootPhase_480_com.android.server.textservices.TextServicesManagerService$Lifecycle
07-28 00:24:41.293  1708  1708 D SystemServerTiming: OnBootPhase_480_com.android.server.textclassifier.TextClassificationManagerService$Lifecycle
07-28 00:24:41.293  1708  1708 D SystemServerTiming: OnBootPhase_480_com.android.server.NetworkScoreService$Lifecycle
07-28 00:24:41.293  1708  1708 D SystemServerTiming: OnBootPhase_480_com.android.server.NetworkStatsServiceInitializer
07-28 00:24:41.293  1708  1708 D SystemServerTiming: OnBootPhase_480_com.android.server.wifi.WifiService
07-28 00:24:41.293  1708  1708 D SystemServerTiming: OnBootPhase_480_com.android.server.wifi.scanner.WifiScanningService
07-28 00:24:41.293  1708  1708 D SystemServerTiming: OnBootPhase_480_com.android.server.wifi.rtt.RttService
07-28 00:24:41.293  1708  1708 D SystemServerTiming: OnBootPhase_480_com.android.server.wifi.aware.WifiAwareService
07-28 00:24:41.293  1708  1708 D SystemServerTiming: OnBootPhase_480_com.android.server.wifi.p2p.WifiP2pService
07-28 00:24:41.293  1708  1708 D SystemServerTiming: OnBootPhase_480_com.android.server.ConnectivityServiceInitializer
07-28 00:24:41.293  1708  1708 D SystemServerTiming: OnBootPhase_480_com.android.server.notification.NotificationManagerService
07-28 00:24:41.293  1708  1708 D SystemServerTiming: OnBootPhase_480_com.android.server.storage.DeviceStorageMonitorService
07-28 00:24:41.293  1708  1708 D SystemServerTiming: OnBootPhase_480_com.android.server.location.LocationManagerService$Lifecycle
07-28 00:24:41.293  1708  1708 D SystemServerTiming: OnBootPhase_480_com.android.server.timedetector.TimeDetectorService$Lifecycle
07-28 00:24:41.293  1708  1708 D SystemServerTiming: OnBootPhase_480_com.android.server.timezonedetector.TimeZoneDetectorService$Lifecycle
07-28 00:24:41.293  1708  1708 D SystemServerTiming: OnBootPhase_480_com.android.server.timezonedetector.location.LocationTimeZoneManagerService$Lifecycle
07-28 00:24:41.293  1708  1708 D SystemServerTiming: OnBootPhase_480_com.android.server.search.SearchManagerService$Lifecycle
07-28 00:24:41.293  1708  1708 D SystemServerTiming: OnBootPhase_480_com.android.server.wallpaper.WallpaperManagerService$Lifecycle
07-28 00:24:41.294  1708  1708 D SystemServerTiming: OnBootPhase_480_com.android.server.wallpapereffectsgeneration.WallpaperEffectsGenerationManagerService
07-28 00:24:41.294  1708  1708 D SystemServerTiming: OnBootPhase_480_com.android.server.audio.AudioService$Lifecycle
07-28 00:24:41.294  1708  1708 D SystemServerTiming: OnBootPhase_480_com.android.server.soundtrigger_middleware.SoundTriggerMiddlewareService$Lifecycle
07-28 00:24:41.294  1708  1708 D SystemServerTiming: OnBootPhase_480_com.android.server.DockObserver
07-28 00:24:41.294  1708  1708 D SystemServerTiming: OnBootPhase_480_com.android.server.midi.MidiService$Lifecycle
07-28 00:24:41.294  1708  1708 D SystemServerTiming: OnBootPhase_480_com.android.server.adb.AdbService$Lifecycle
07-28 00:24:41.294  1708  1708 D SystemServerTiming: OnBootPhase_480_com.android.server.usb.UsbService$Lifecycle
07-28 00:24:41.294  1708  1708 D SystemServerTiming: OnBootPhase_480_com.android.server.twilight.TwilightService
07-28 00:24:41.294  1708  1708 D SystemServerTiming: OnBootPhase_480_com.android.server.display.color.ColorDisplayService
07-28 00:24:41.294  1708  1708 D SystemServerTiming: OnBootPhase_480_com.android.server.job.JobSchedulerService
07-28 00:24:41.294  1708  1708 D SystemServerTiming: OnBootPhase_480_com.android.server.soundtrigger.SoundTriggerService
07-28 00:24:41.294  1708  1708 D SoundTriggerService: onBootPhase: 480 : false
07-28 00:24:41.294  1708  1708 D SystemServerTiming: OnBootPhase_480_com.android.server.trust.TrustManagerService
07-28 00:24:41.294  1708  1708 D SystemServerTiming: OnBootPhase_480_com.android.server.backup.BackupManagerService$Lifecycle
07-28 00:24:41.294  1708  1708 D SystemServerTiming: OnBootPhase_480_com.android.server.appwidget.AppWidgetService
07-28 00:24:41.294  1708  1708 D SystemServerTiming: OnBootPhase_480_com.android.server.voiceinteraction.VoiceInteractionManagerService
07-28 00:24:41.294  1708  1708 D SystemServerTiming: OnBootPhase_480_com.android.server.apphibernation.AppHibernationService
07-28 00:24:41.294  1708  1708 D SystemServerTiming: OnBootPhase_480_com.android.server.GestureLauncherService
07-28 00:24:41.294  1708  1708 D SystemServerTiming: OnBootPhase_480_com.android.server.SensorNotificationService
07-28 00:24:41.295  1708  1708 D SystemServerTiming: OnBootPhase_480_com.android.server.ContextHubSystemService
07-28 00:24:41.295  1708  1708 D SystemServerTiming: OnBootPhase_480_com.android.server.emergency.EmergencyAffordanceService
07-28 00:24:41.295  1708  1708 D SystemServerTiming: OnBootPhase_480_com.android.server.blob.BlobStoreManagerService
07-28 00:24:41.295  1708  1708 D SystemServerTiming: OnBootPhase_480_com.android.server.dreams.DreamManagerService
07-28 00:24:41.295  1708  1708 D SystemServerTiming: OnBootPhase_480_com.android.server.print.PrintManagerService
07-28 00:24:41.295  1708  1708 D SystemServerTiming: OnBootPhase_480_com.android.server.security.AttestationVerificationManagerService
07-28 00:24:41.295  1708  1708 D SystemServerTiming: OnBootPhase_480_com.android.server.companion.CompanionDeviceManagerService
07-28 00:24:41.295  1708  1708 D SystemServerTiming: OnBootPhase_480_com.android.server.companion.virtual.VirtualDeviceManagerService
07-28 00:24:41.295  1708  1708 D SystemServerTiming: OnBootPhase_480_com.android.server.restrictions.RestrictionsManagerService
07-28 00:24:41.295  1708  1708 D SystemServerTiming: OnBootPhase_480_com.android.server.media.MediaSessionService
07-28 00:24:41.295  1708  1708 D SystemServerTiming: OnBootPhase_480_com.android.server.media.MediaResourceMonitorService
07-28 00:24:41.295  1708  1708 D SystemServerTiming: OnBootPhase_480_com.android.server.biometrics.sensors.fingerprint.FingerprintService
07-28 00:24:41.295  1708  1708 D SystemServerTiming: OnBootPhase_480_com.android.server.biometrics.BiometricService
07-28 00:24:41.295  1708  1708 D SystemServerTiming: OnBootPhase_480_com.android.server.biometrics.AuthService
07-28 00:24:41.295  1708  1708 D SystemServerTiming: OnBootPhase_480_com.android.server.pm.ShortcutService$Lifecycle
07-28 00:24:41.297  1708  1708 D SystemServerTiming: OnBootPhase_480_com.android.server.pm.LauncherAppsService
07-28 00:24:41.297  1708  1708 D SystemServerTiming: OnBootPhase_480_com.android.server.pm.CrossProfileAppsService
07-28 00:24:41.297  1708  1708 D SystemServerTiming: OnBootPhase_480_com.android.server.people.PeopleService
07-28 00:24:41.297  1708  1708 D SystemServerTiming: OnBootPhase_480_com.android.server.media.metrics.MediaMetricsManagerService
07-28 00:24:41.297  1708  1708 D SystemServerTiming: OnBootPhase_480_com.android.server.media.projection.MediaProjectionManagerService
07-28 00:24:41.297  1708  1708 D SystemServerTiming: OnBootPhase_480_com.android.server.slice.SliceManagerService$Lifecycle
07-28 00:24:41.297  1708  1708 D SystemServerTiming: OnBootPhase_480_com.android.server.stats.StatsCompanion$Lifecycle
07-28 00:24:41.297  1708  1708 D SystemServerTiming: OnBootPhase_480_com.android.server.scheduling.RebootReadinessManagerService$Lifecycle
07-28 00:24:41.297  1708  1708 D SystemServerTiming: OnBootPhase_480_com.android.server.stats.pull.StatsPullAtomService
07-28 00:24:41.297  1708  1708 D SystemServerTiming: OnBootPhase_480_com.android.server.stats.bootstrap.StatsBootstrapAtomService$Lifecycle
07-28 00:24:41.297  1708  1708 D SystemServerTiming: OnBootPhase_480_com.android.server.incident.IncidentCompanionService
07-28 00:24:41.297  1708  1708 D SystemServerTiming: OnBootPhase_480_com.android.server.sdksandbox.SdkSandboxManagerService$Lifecycle
07-28 00:24:41.298  1708  1708 D SystemServerTiming: OnBootPhase_480_com.android.server.adservices.AdServicesManagerService$Lifecycle
07-28 00:24:41.298  1708  1708 D SystemServerTiming: OnBootPhase_480_com.android.server.MmsServiceBroker
07-28 00:24:41.298  1708  1708 D SystemServerTiming: OnBootPhase_480_com.android.server.autofill.AutofillManagerService
07-28 00:24:41.298  1708  1708 D SystemServerTiming: OnBootPhase_480_com.android.server.translation.TranslationManagerService
07-28 00:24:41.298  1708  1708 D SystemServerTiming: OnBootPhase_480_com.android.server.clipboard.ClipboardService
07-28 00:24:41.298  1708  1708 D SystemServerTiming: OnBootPhase_480_com.android.server.appbinding.AppBindingService$Lifecycle
07-28 00:24:41.298  1708  1708 D SystemServerTiming: OnBootPhase_480_com.android.server.tracing.TracingServiceProxy
07-28 00:24:41.298  1708  1708 D SystemServerTiming: StartBootPhaseSystemServicesReady
07-28 00:24:41.298  1708  1708 I SystemServiceManager: Starting phase 500
07-28 00:24:41.298  1708  1708 D SystemServerTiming: OnBootPhase_500
07-28 00:24:41.298  1708  1708 D SystemServerTiming: OnBootPhase_500_com.android.server.security.FileIntegrityService
07-28 00:24:41.298  1708  1708 D SystemServerTiming: OnBootPhase_500_com.android.server.pm.Installer
07-28 00:24:41.298  1708  1708 D SystemServerTiming: OnBootPhase_500_com.android.server.os.DeviceIdentifiersPolicyService
07-28 00:24:41.298  1708  1708 D SystemServerTiming: OnBootPhase_500_com.android.server.uri.UriGrantsManagerService$Lifecycle
07-28 00:24:41.299  1708  1708 D SystemServerTiming: OnBootPhase_500_com.android.server.powerstats.PowerStatsService
07-28 00:24:41.300  1708  1708 E StatsPullAtomCallbackImpl: Failed to init OnDevicePowerMeasurement puller
07-28 00:24:41.301  1708  1708 D SystemServerTiming: OnBootPhase_500_com.android.server.wm.ActivityTaskManagerService$Lifecycle
07-28 00:24:41.301  1708  1708 D SystemServerTiming: OnBootPhase_500_com.android.server.am.ActivityManagerService$Lifecycle
07-28 00:24:41.308  1708  1708 D SystemServerTiming: OnBootPhase_500_com.android.server.pm.DataLoaderManagerService
07-28 00:24:41.308  1708  1708 D SystemServerTiming: OnBootPhase_500_com.android.server.power.PowerManagerService
07-28 00:24:41.311  1708  1708 I AttentionDetector: readValuesFromDeviceConfig():
07-28 00:24:41.311  1708  1708 I AttentionDetector: mMaximumExtensionMillis=330000
07-28 00:24:41.311  1708  1708 I AttentionDetector: mPreDimCheckDurationMillis=2100
07-28 00:24:41.311  1708  1708 I AttentionDetector: mRequestedPostDimTimeoutMillis=0
07-28 00:24:41.317  1708  1708 W BrightnessThrottler: DeviceConfig BrightnessThrottlingData is null
07-28 00:24:41.318  1708  1708 E DisplayPowerController[0]: failed to set up display white-balance: java.lang.IllegalStateException: cannot find sensor com.google.sensor.color
07-28 00:24:41.324  1708  2012 W KeyguardServiceDelegate: onScreenTurningOn(): no keyguard service!
07-28 00:24:41.325  1708  2012 V DisplayPowerController[0]: Brightness [0.31889763] reason changing to: 'override', previous reason: '0'.
07-28 00:24:41.325  1708  2012 I DisplayPowerController[0]: BrightnessEvent: disp=0, physDisp=local:4630946475097398401, brt=0.31889763, initBrt=NaN, rcmdBrt=NaN, preBrt=NaN, lux=0.0, preLux=0.0, hbmMax=1.0, hbmMode=off, rbcStrength=0, powerFactor=1.0, thrmMax=1.0, wasShortTermModelActive=false, flags=, reason=override, autoBrightness=false
07-28 00:24:41.326  1708  2012 I DisplayPowerController[0]: BrightnessEvent: disp=0, physDisp=local:4630946475097398401, brt=0.31889763, initBrt=0.31889763, rcmdBrt=NaN, preBrt=NaN, lux=0.0, preLux=0.0, hbmMax=1.0, hbmMode=off, rbcStrength=0, powerFactor=1.0, thrmMax=1.0, wasShortTermModelActive=false, flags=, reason=override, autoBrightness=true
07-28 00:24:41.326  1708  2012 I DisplayPowerController[0]: BrightnessEvent: disp=0, physDisp=local:4630946475097398401, brt=0.31889763, initBrt=0.31889763, rcmdBrt=NaN, preBrt=NaN, lux=0.0, preLux=0.0, hbmMax=1.0, hbmMode=off, rbcStrength=0, powerFactor=1.0, thrmMax=1.0, wasShortTermModelActive=false, flags=, reason=override, autoBrightness=true
07-28 00:24:41.328  1708  1708 I FaceDownDetector: readValuesFromDeviceConfig():
07-28 00:24:41.328  1708  1708 I FaceDownDetector: mAccelerationThreshold=0.2
07-28 00:24:41.328  1708  1708 I FaceDownDetector: mZAccelerationThreshold=-9.5
07-28 00:24:41.328  1708  1708 I FaceDownDetector: mTimeThreshold=PT1S
07-28 00:24:41.328  1708  1708 I FaceDownDetector: mIsEnabled=true
07-28 00:24:41.329  1708  1908 I DisplayDeviceRepository: Display device changed state: "Built-in Screen", ON
07-28 00:24:41.333  1708  1908 I DisplayDeviceRepository: Display device changed state: "Built-in Screen", ON
07-28 00:24:41.341  1708  2012 I DisplayPowerController[0]: BrightnessEvent: disp=0, physDisp=local:4630946475097398401, brt=0.31889763, initBrt=0.31889763, rcmdBrt=NaN, preBrt=NaN, lux=0.0, preLux=0.0, hbmMax=1.0, hbmMode=off, rbcStrength=0, powerFactor=1.0, thrmMax=1.0, wasShortTermModelActive=false, flags=, reason=override, autoBrightness=true
07-28 00:24:41.352  1708  1708 I ScreenUndimDetector: readValuesFromDeviceConfig():
07-28 00:24:41.352  1708  1708 I ScreenUndimDetector: mKeepScreenOnForMillis=300000
07-28 00:24:41.352  1708  1708 I ScreenUndimDetector: mKeepScreenOnNotificationEnabled=false
07-28 00:24:41.352  1708  1708 I ScreenUndimDetector: mUndimsRequired=2
07-28 00:24:41.354  1708  1708 D SystemServerTiming: OnBootPhase_500_com.android.server.power.ThermalManagerService
07-28 00:24:41.354  1708  1708 D SystemServerTiming: OnBootPhase_500_com.android.server.power.hint.HintManagerService
07-28 00:24:41.354  1708  1708 V HintManagerService: Initializing HintManager service...
07-28 00:24:41.354  1708  1708 V HistoricalRegistry: Interaction before persistence initialized
07-28 00:24:41.355  1708  1708 D SystemServerTiming: OnBootPhase_500_com.android.server.recoverysystem.RecoverySystemService$Lifecycle
07-28 00:24:41.355  1708  1708 D SystemServerTiming: OnBootPhase_500_com.android.server.lights.LightsService
07-28 00:24:41.355  1708  1708 D SystemServerTiming: OnBootPhase_500_com.android.server.display.DisplayManagerService
07-28 00:24:41.355  1708  1708 D SystemServerTiming: OnBootPhase_500_com.android.server.pm.verify.domain.DomainVerificationService
07-28 00:24:41.355  1708  1708 D SystemServerTiming: OnBootPhase_500_com.android.server.pm.PackageInstallerService$Lifecycle
07-28 00:24:41.355  1708  1708 D SystemServerTiming: OnBootPhase_500_com.android.server.pm.UserManagerService$LifeCycle
07-28 00:24:41.355  1708  1708 D SystemServerTiming: OnBootPhase_500_com.android.server.om.OverlayManagerService
07-28 00:24:41.355  1708  1708 D SystemServerTiming: OnBootPhase_500_com.android.server.resources.ResourcesManagerService
07-28 00:24:41.355  1708  1708 D SystemServerTiming: OnBootPhase_500_com.android.server.sensorprivacy.SensorPrivacyService
07-28 00:24:41.358  1708  1708 D SystemServerTiming: OnBootPhase_500_com.android.server.sensors.SensorService
07-28 00:24:41.358  1708  1708 D SystemServerTiming: OnBootPhase_500_com.android.server.SystemConfigService
07-28 00:24:41.358  1708  1708 D SystemServerTiming: OnBootPhase_500_com.android.server.BatteryService
07-28 00:24:41.358  1708  1708 D SystemServerTiming: OnBootPhase_500_com.android.server.usage.UsageStatsService
07-28 00:24:41.359  1708  1708 D AppStandbyController: Setting app idle enabled state
07-28 00:24:41.371  1708  1708 V HistoricalRegistry: Interaction before persistence initialized
07-28 00:24:41.371  1708  1708 D SystemServerTiming: OnBootPhase_500_com.android.server.webkit.WebViewUpdateService
07-28 00:24:41.371  1708  1708 D SystemServerTiming: OnBootPhase_500_com.android.server.CachedDeviceStateService
07-28 00:24:41.372  1708  1708 D SystemServerTiming: OnBootPhase_500_com.android.server.BinderCallsStatsService$LifeCycle
07-28 00:24:41.378  1708  1708 D SystemServerTiming: OnBootPhase_500_com.android.server.LooperStatsService$Lifecycle
07-28 00:24:41.379  1708  1708 D SystemServerTiming: OnBootPhase_500_com.android.server.rollback.RollbackManagerService
07-28 00:24:41.379  1708  1708 D SystemServerTiming: OnBootPhase_500_com.android.server.os.NativeTombstoneManagerService
07-28 00:24:41.379  1708  1708 D SystemServerTiming: OnBootPhase_500_com.android.server.os.BugreportManagerService
07-28 00:24:41.379  1708  1708 D SystemServerTiming: OnBootPhase_500_com.android.server.gpu.GpuService
07-28 00:24:41.379  1708  1708 D SystemServerTiming: OnBootPhase_500_com.android.server.security.KeyChainSystemService
07-28 00:24:41.379  1708  1708 D SystemServerTiming: OnBootPhase_500_com.android.server.BinaryTransparencyService
07-28 00:24:41.379  1708  1708 D SystemServerTiming: OnBootPhase_500_com.android.server.telecom.TelecomLoaderService
07-28 00:24:41.379  1708  1708 D SystemServerTiming: OnBootPhase_500_com.android.server.accounts.AccountManagerService$Lifecycle
07-28 00:24:41.379  1708  1708 D SystemServerTiming: OnBootPhase_500_com.android.server.content.ContentService$Lifecycle
07-28 00:24:41.379  1708  1708 D SystemServerTiming: OnBootPhase_500_com.android.server.DropBoxManagerService
07-28 00:24:41.379  1708  1708 D SystemServerTiming: OnBootPhase_500_com.android.role.RoleService
07-28 00:24:41.379  1708  1708 D SystemServerTiming: OnBootPhase_500_com.android.server.vibrator.VibratorManagerService$Lifecycle
07-28 00:24:41.379  1708  1708 V VibratorManagerService: Initializing VibratorManager service...
07-28 00:24:41.379  1708  1708 V HistoricalRegistry: Interaction before persistence initialized
07-28 00:24:41.380  1708  1708 V VibratorManagerService: VibratorManager service initialized
