07-28 14:47:02.923 W/ActivityManager( 1795): Unbind failed: could not find connection for android.app.LoadedApk$ServiceDispatcher$InnerConnection@3f4ba8e
07-28 14:47:02.936 I/Telecom ( 1795): PhoneAccountRegistrar: Modify account: [ComponentInfo{com.android.phone/com.android.services.telephony.TelephonyConnectionService}, E, UserHandle{0}]: TSI.rPA@AA0
07-28 14:47:02.940 I/Telecom ( 1795): CallsManager: handlePhoneAccountChanged: phoneAccount=[[X] PhoneAccount: ComponentInfo{com.android.phone/com.android.services.telephony.TelephonyConnectionService}, E, UserHandle{0} Capabilities: CallProvider MultiUser PlaceEmerg SimSub  Audio Routes: BESW Schemes: tel voicemail  Extras: Bundle[{android.telecom.extra.SUPPORTS_VIDEO_CALLING_FALLBACK=true}] GroupId: ***]: TSI.rPA@AA0
07-28 14:47:02.942 W/ActivityThread( 2466): Failed to find provider info for com.google.android.apps.turbo.estimated_time_remaining (user not unlocked)
07-28 14:47:02.951 I/Telecom ( 1795): PhoneAccountRegistrar: getSimCallManager: SimCallManager for subId -1 queried, returning: null: TSI.rPA@AA0
07-28 14:47:02.951 I/Telecom ( 1795): PhoneAccountRegistrar: Notifying telephony of voice service override change for 1 SIMs, hasService = false: TSI.rPA@AA0
07-28 14:47:02.992 I/Telecom ( 1795): PhoneAccountRegistrar: setUserSelectedOutgoingPhoneAccount: null: TSI.sUSOPA@AA8
07-28 14:47:02.993 I/Telecom ( 1795): PhoneAccountRegistrar: setUserSelectedOutgoingPhoneAccount: no change in default phoneAccountHandle.  current is same as new.: TSI.sUSOPA@AA8
07-28 14:47:03.062 I/Telecom ( 1795): PhoneAccountRegistrar: Modify account: [ComponentInfo{com.android.phone/com.android.services.telephony.TelephonyConnectionService}, E, UserHandle{0}]: TSI.rPA@ABA
07-28 14:47:03.064 I/Telecom ( 1795): CallsManager: handlePhoneAccountChanged: phoneAccount=[[X] PhoneAccount: ComponentInfo{com.android.phone/com.android.services.telephony.TelephonyConnectionService}, E, UserHandle{0} Capabilities: CallProvider MultiUser PlaceEmerg SimSub  Audio Routes: BESW Schemes: tel voicemail  Extras: Bundle[{android.telecom.extra.SUPPORTS_VIDEO_CALLING_FALLBACK=true}] GroupId: ***]: TSI.rPA@ABA
07-28 14:47:03.067 I/WindowManager( 1795): ******* TELLING SURFACE FLINGER WE ARE BOOTED!
07-28 14:47:03.067 I/Telecom ( 1795): PhoneAccountRegistrar: getSimCallManager: SimCallManager for subId -1 queried, returning: null: TSI.rPA@ABA
07-28 14:47:03.067 I/Telecom ( 1795): PhoneAccountRegistrar: Notifying telephony of voice service override change for 1 SIMs, hasService = false: TSI.rPA@ABA
07-28 14:47:03.070 D/ActivityManagerTiming( 1795): FinishBooting
07-28 14:47:03.075 I/ActivityManager( 1795): About to commit checkpoint
07-28 14:47:03.076 I/SystemServiceManager( 1795): Starting phase 1000
07-28 14:47:03.076 D/ActivityManagerTiming( 1795): OnBootPhase_1000
07-28 14:47:03.076 D/ActivityManagerTiming( 1795): OnBootPhase_1000_com.android.server.security.FileIntegrityService
07-28 14:47:03.076 D/ActivityManagerTiming( 1795): OnBootPhase_1000_com.android.server.pm.Installer
07-28 14:47:03.076 D/ActivityManagerTiming( 1795): OnBootPhase_1000_com.android.server.os.DeviceIdentifiersPolicyService
07-28 14:47:03.076 D/ActivityManagerTiming( 1795): OnBootPhase_1000_com.android.server.uri.UriGrantsManagerService$Lifecycle
07-28 14:47:03.076 D/ActivityManagerTiming( 1795): OnBootPhase_1000_com.android.server.powerstats.PowerStatsService
07-28 14:47:03.084 D/ActivityManagerTiming( 1795): OnBootPhase_1000_com.android.server.wm.ActivityTaskManagerService$Lifecycle
07-28 14:47:03.084 D/ActivityManagerTiming( 1795): OnBootPhase_1000_com.android.server.am.ActivityManagerService$Lifecycle
07-28 14:47:03.084 D/ActivityManagerTiming( 1795): OnBootPhase_1000_com.android.server.pm.DataLoaderManagerService
07-28 14:47:03.084 D/ActivityManagerTiming( 1795): OnBootPhase_1000_com.android.server.power.PowerManagerService
07-28 14:47:03.084 D/CompatibilityChangeReporter( 1795): Compat change id reported: 214016041; UID 1000; state: ENABLED
07-28 14:47:03.088 D/ActivityManagerTiming( 1795): OnBootPhase_1000_com.android.server.power.ThermalManagerService
07-28 14:47:03.088 D/CompatibilityChangeReporter( 1795): Compat change id reported: 177438394; UID 10192; state: DISABLED
07-28 14:47:03.088 D/ActivityManagerTiming( 1795): OnBootPhase_1000_com.android.server.power.hint.HintManagerService
07-28 14:47:03.088 D/CompatibilityChangeReporter( 1795): Compat change id reported: 135772972; UID 10192; state: DISABLED
07-28 14:47:03.088 D/CompatibilityChangeReporter( 1795): Compat change id reported: 135754954; UID 10192; state: ENABLED
07-28 14:47:03.089 D/ActivityManagerTiming( 1795): OnBootPhase_1000_com.android.server.recoverysystem.RecoverySystemService$Lifecycle
07-28 14:47:03.089 D/ActivityManagerTiming( 1795): OnBootPhase_1000_com.android.server.lights.LightsService
07-28 14:47:03.089 D/ActivityManagerTiming( 1795): OnBootPhase_1000_com.android.server.display.DisplayManagerService
07-28 14:47:03.089 V/DisplayPowerController[0]( 1795): Brightness [0.0] reason changing to: 'manual', previous reason: 'override'.
07-28 14:47:03.089 I/DisplayPowerController[0]( 1795): BrightnessEvent: disp=0, physDisp=local:4630946475097398401, brt=0.0, initBrt=0.31889763, rcmdBrt=NaN, preBrt=NaN, lux=0.0, preLux=0.0, hbmMax=1.0, hbmMode=off, rbcStrength=0, powerFactor=1.0, thrmMax=1.0, wasShortTermModelActive=false, flags=, reason=manual, autoBrightness=false
07-28 14:47:03.089 I/LogicalDisplayMapper( 1795): Requesting Transition to state: 0, from state=-1, interactive=true, mBootCompleted=true
07-28 14:47:03.089 I/LogicalDisplayMapper( 1795): Applying layout: [{addr: {port=129, model=0x40446d4886071c}, dispId: 0(ON)}], Previous layout: [{addr: {port=129, model=0x40446d4886071c}, dispId: 0(ON)}]
07-28 14:47:03.090 D/CompatibilityChangeReporter( 1795): Compat change id reported: 143937733; UID 10192; state: ENABLED
07-28 14:47:03.090 D/ActivityManagerTiming( 1795): OnBootPhase_1000_com.android.server.pm.verify.domain.DomainVerificationService
07-28 14:47:03.090 I/DisplayPowerController[0]( 1795): BrightnessEvent: disp=0, physDisp=local:4630946475097398401, brt=0.0, initBrt=0.0, rcmdBrt=NaN, preBrt=NaN, lux=0.0, preLux=0.0, hbmMax=1.0, hbmMode=off, rbcStrength=0, powerFactor=1.0, thrmMax=1.0, wasShortTermModelActive=false, flags=, reason=manual, autoBrightness=false
07-28 14:47:03.091 W/ActivityManager( 1795): Unable to start service Intent { act=android.service.quickaccesswallet.QuickAccessWalletService cmp=com.google.android.gms/.tapandpay.globalactions.WalletQuickAccessWalletService } U=0: not found
07-28 14:47:03.091 D/ActivityManagerTiming( 1795): OnBootPhase_1000_com.android.server.pm.PackageInstallerService$Lifecycle
07-28 14:47:03.091 D/ActivityManagerTiming( 1795): OnBootPhase_1000_com.android.server.pm.UserManagerService$LifeCycle
07-28 14:47:03.091 D/ActivityManagerTiming( 1795): OnBootPhase_1000_com.android.server.om.OverlayManagerService
07-28 14:47:03.091 D/ActivityManagerTiming( 1795): OnBootPhase_1000_com.android.server.resources.ResourcesManagerService
07-28 14:47:03.091 D/ActivityManagerTiming( 1795): OnBootPhase_1000_com.android.server.sensorprivacy.SensorPrivacyService
07-28 14:47:03.091 D/ActivityManagerTiming( 1795): OnBootPhase_1000_com.android.server.sensors.SensorService
07-28 14:47:03.091 D/ActivityManagerTiming( 1795): OnBootPhase_1000_com.android.server.SystemConfigService
07-28 14:47:03.091 D/ActivityManagerTiming( 1795): OnBootPhase_1000_com.android.server.BatteryService
07-28 14:47:03.091 D/ActivityManagerTiming( 1795): OnBootPhase_1000_com.android.server.usage.UsageStatsService
07-28 14:47:03.091 D/ActivityManagerTiming( 1795): OnBootPhase_1000_com.android.server.webkit.WebViewUpdateService
07-28 14:47:03.091 D/ActivityManagerTiming( 1795): OnBootPhase_1000_com.android.server.CachedDeviceStateService
07-28 14:47:03.091 D/ActivityManagerTiming( 1795): OnBootPhase_1000_com.android.server.BinderCallsStatsService$LifeCycle
07-28 14:47:03.091 D/ActivityManagerTiming( 1795): OnBootPhase_1000_com.android.server.LooperStatsService$Lifecycle
07-28 14:47:03.091 D/ActivityManagerTiming( 1795): OnBootPhase_1000_com.android.server.rollback.RollbackManagerService
07-28 14:47:03.092 I/Telecom ( 1795): PhoneAccountRegistrar: setUserSelectedOutgoingPhoneAccount: null: TSI.sUSOPA@ABI
07-28 14:47:03.092 I/Telecom ( 1795): PhoneAccountRegistrar: setUserSelectedOutgoingPhoneAccount: no change in default phoneAccountHandle.  current is same as new.: TSI.sUSOPA@ABI
07-28 14:47:03.093 D/RollbackManager( 1795): mRollbackLifetimeDurationInMillis=1209600000
07-28 14:47:03.093 D/ActivityManagerTiming( 1795): OnBootPhase_1000_com.android.server.os.NativeTombstoneManagerService
07-28 14:47:03.093 D/ActivityManagerTiming( 1795): OnBootPhase_1000_com.android.server.os.BugreportManagerService
07-28 14:47:03.093 D/ActivityManagerTiming( 1795): OnBootPhase_1000_com.android.server.gpu.GpuService
07-28 14:47:03.097 D/ActivityManagerTiming( 1795): OnBootPhase_1000_com.android.server.security.KeyChainSystemService
07-28 14:47:03.097 D/ActivityManagerTiming( 1795): OnBootPhase_1000_com.android.server.BinaryTransparencyService
07-28 14:47:03.097 I/TransparencyService( 1795): Boot completed. Getting VBMeta Digest.
07-28 14:47:03.098 D/TransparencyService( 1795): VBMeta Digest: 079f7365cdfad604ce51f903a8a15f778e5fff97d1a3cec00dd913cbd31a3071
07-28 14:47:03.098 I/TransparencyService( 1795): Scheduling APEX and Module measurements to be updated.
07-28 14:47:03.098 I/TransparencyService( 1795): Scheduling APEX & Module SHA256 digest computation job
07-28 14:47:03.099 D/CompatibilityChangeReporter( 1795): Compat change id reported: 194532703; UID 1000; state: ENABLED
07-28 14:47:03.100 D/TransparencyService( 1795): Job 257883146 to update binary measurements scheduled successfully.
07-28 14:47:03.100 D/ActivityManagerTiming( 1795): OnBootPhase_1000_com.android.server.telecom.TelecomLoaderService
07-28 14:47:03.100 D/ActivityManagerTiming( 1795): OnBootPhase_1000_com.android.server.accounts.AccountManagerService$Lifecycle
07-28 14:47:03.100 D/ActivityManagerTiming( 1795): OnBootPhase_1000_com.android.server.content.ContentService$Lifecycle
07-28 14:47:03.100 D/ActivityManagerTiming( 1795): OnBootPhase_1000_com.android.server.DropBoxManagerService
07-28 14:47:03.100 D/ActivityManagerTiming( 1795): OnBootPhase_1000_com.android.role.RoleService
07-28 14:47:03.100 D/ActivityManagerTiming( 1795): OnBootPhase_1000_com.android.server.vibrator.VibratorManagerService$Lifecycle
07-28 14:47:03.100 D/ActivityManagerTiming( 1795): OnBootPhase_1000_com.android.server.tare.InternalResourceService
07-28 14:47:03.101 D/ActivityManagerTiming( 1795): OnBootPhase_1000_com.android.server.alarm.AlarmManagerService
07-28 14:47:03.101 D/ActivityManagerTiming( 1795): OnBootPhase_1000_com.android.server.devicestate.DeviceStateManagerService
07-28 14:47:03.101 D/ActivityManagerTiming( 1795): OnBootPhase_1000_com.android.server.camera.CameraServiceProxy
07-28 14:47:03.102 D/ActivityManagerTiming( 1795): OnBootPhase_1000_com.android.server.bluetooth.BluetoothService
07-28 14:47:03.102 D/ActivityManagerTiming( 1795): OnBootPhase_1000_com.android.server.connectivity.IpConnectivityMetrics
07-28 14:47:03.102 D/ActivityManagerTiming( 1795): OnBootPhase_1000_com.android.server.net.watchlist.NetworkWatchlistService$Lifecycle
07-28 14:47:03.102 D/ActivityManagerTiming( 1795): OnBootPhase_1000_com.android.server.PinnerService
07-28 14:47:03.102 D/ActivityManagerTiming( 1795): OnBootPhase_1000_com.android.server.integrity.AppIntegrityManagerService
07-28 14:47:03.102 D/ActivityManagerTiming( 1795): OnBootPhase_1000_com.android.server.logcat.LogcatManagerService
07-28 14:47:03.102 D/ActivityManagerTiming( 1795): OnBootPhase_1000_com.android.server.inputmethod.InputMethodManagerService$Lifecycle
07-28 14:47:03.102 D/ActivityManagerTiming( 1795): OnBootPhase_1000_com.android.server.accessibility.AccessibilityManagerService$Lifecycle
07-28 14:47:03.102 D/ActivityManagerTiming( 1795): OnBootPhase_1000_com.android.server.StorageManagerService$Lifecycle
07-28 14:47:03.102 D/StorageManagerService( 1795): Thinking about init, mBootCompleted=true, mDaemonConnected=true
07-28 14:47:03.102 D/StorageManagerService( 1795): Thinking about reset, mBootCompleted=true, mDaemonConnected=true
07-28 14:47:03.103 I/StorageSessionController( 1795): Started resetting external storage service...
07-28 14:47:03.103 I/StorageSessionController( 1795): Finished resetting external storage service
07-28 14:47:03.103 I/StorageManagerService( 1795): Resetting vold...
07-28 14:47:03.103 I/StorageManagerService( 1795): Reset vold
07-28 14:47:03.104 I/vold    (  686): onUserAdded: 0
07-28 14:47:03.104 D/ActivityManagerTiming( 1795): OnBootPhase_1000_com.android.server.usage.StorageStatsService$Lifecycle
07-28 14:47:03.104 D/ActivityManagerTiming( 1795): OnBootPhase_1000_com.android.server.UiModeManagerService
07-28 14:47:03.104 D/ActivityManagerTiming( 1795): OnBootPhase_1000_com.android.server.locales.LocaleManagerService
07-28 14:47:03.104 D/ActivityManagerTiming( 1795): OnBootPhase_1000_com.android.server.locksettings.LockSettingsService$Lifecycle
07-28 14:47:03.104 D/ActivityManagerTiming( 1795): OnBootPhase_1000_com.android.server.PersistentDataBlockService
07-28 14:47:03.104 D/ActivityManagerTiming( 1795): OnBootPhase_1000_com.android.server.testharness.TestHarnessModeService
07-28 14:47:03.105 D/TestHarnessModeService( 1795): Completing Test Harness Mode setup.
07-28 14:47:03.107 W/ActivityThread( 3129): Failed to find provider info for com.google.android.gsf.gservices (user not unlocked)
07-28 14:47:03.117 I/ActivityManager( 1795): Start proc 3180:com.google.android.inputmethod.latin/u0a192 for service {com.google.android.inputmethod.latin/com.android.inputmethod.latin.LatinIME}
07-28 14:47:03.118 D/ActivityManagerTiming( 1795): OnBootPhase_1000_com.android.server.oemlock.OemLockService
07-28 14:47:03.118 D/ActivityManagerTiming( 1795): OnBootPhase_1000_com.android.server.DeviceIdleController
07-28 14:47:03.118 D/ActivityManagerTiming( 1795): OnBootPhase_1000_com.android.server.devicepolicy.DevicePolicyManagerService$Lifecycle
07-28 14:47:03.118 D/ActivityManagerTiming( 1795): OnBootPhase_1000_com.android.server.musicrecognition.MusicRecognitionManagerService
07-28 14:47:03.118 D/ActivityManagerTiming( 1795): OnBootPhase_1000_com.android.server.contentcapture.ContentCaptureManagerService
07-28 14:47:03.118 D/ActivityManagerTiming( 1795): OnBootPhase_1000_com.android.server.attention.AttentionManagerService
07-28 14:47:03.118 D/ActivityManagerTiming( 1795): OnBootPhase_1000_com.android.server.rotationresolver.RotationResolverManagerService
07-28 14:47:03.118 D/ActivityManagerTiming( 1795): OnBootPhase_1000_com.android.server.systemcaptions.SystemCaptionsManagerService
07-28 14:47:03.118 D/ActivityManagerTiming( 1795): OnBootPhase_1000_com.android.server.texttospeech.TextToSpeechManagerService
07-28 14:47:03.118 D/ActivityManagerTiming( 1795): OnBootPhase_1000_com.android.server.ambientcontext.AmbientContextManagerService
07-28 14:47:03.118 D/ActivityManagerTiming( 1795): OnBootPhase_1000_com.android.server.speech.SpeechRecognitionManagerService
07-28 14:47:03.118 D/ActivityManagerTiming( 1795): OnBootPhase_1000_com.android.server.appprediction.AppPredictionManagerService
07-28 14:47:03.118 D/ActivityManagerTiming( 1795): OnBootPhase_1000_com.android.server.contentsuggestions.ContentSuggestionsManagerService
07-28 14:47:03.118 D/ActivityManagerTiming( 1795): OnBootPhase_1000_com.android.server.searchui.SearchUiManagerService
07-28 14:47:03.118 D/ActivityManagerTiming( 1795): OnBootPhase_1000_com.android.server.smartspace.SmartspaceManagerService
07-28 14:47:03.118 D/ActivityManagerTiming( 1795): OnBootPhase_1000_com.android.server.graphics.fonts.FontManagerService$Lifecycle
07-28 14:47:03.118 D/ActivityManagerTiming( 1795): OnBootPhase_1000_com.android.server.textservices.TextServicesManagerService$Lifecycle
07-28 14:47:03.118 D/ActivityManagerTiming( 1795): OnBootPhase_1000_com.android.server.textclassifier.TextClassificationManagerService$Lifecycle
07-28 14:47:03.118 D/ActivityManagerTiming( 1795): OnBootPhase_1000_com.android.server.NetworkScoreService$Lifecycle
07-28 14:47:03.118 D/ActivityManagerTiming( 1795): OnBootPhase_1000_com.android.server.NetworkStatsServiceInitializer
07-28 14:47:03.118 D/ActivityManagerTiming( 1795): OnBootPhase_1000_com.android.server.wifi.WifiService
07-28 14:47:03.118 W/ContextImpl( 1795): Calling a method in the system process without a qualified user: android.app.ContextImpl.sendBroadcastMultiplePermissions:1222 com.android.server.TelephonyRegistry.broadcastServiceStateChanged:3111 com.android.server.TelephonyRegistry.notifyServiceStateForPhoneId:1616 com.android.internal.telephony.ITelephonyRegistry$Stub.onTransact:492 android.os.Binder.execTransactInternal:1280 
07-28 14:47:03.119 W/ContextImpl( 1795): Calling a method in the system process without a qualified user: android.app.ContextImpl.sendBroadcastMultiplePermissions:1272 android.content.Context.sendBroadcastMultiplePermissions:2272 com.android.server.TelephonyRegistry.broadcastServiceStateChanged:3114 com.android.server.TelephonyRegistry.notifyServiceStateForPhoneId:1616 com.android.internal.telephony.ITelephonyRegistry$Stub.onTransact:492 
07-28 14:47:03.119 D/ActivityManagerTiming( 1795): OnBootPhase_1000_com.android.server.wifi.scanner.WifiScanningService
07-28 14:47:03.119 D/ActivityManagerTiming( 1795): OnBootPhase_1000_com.android.server.wifi.rtt.RttService
07-28 14:47:03.119 D/ActivityManagerTiming( 1795): OnBootPhase_1000_com.android.server.wifi.aware.WifiAwareService
07-28 14:47:03.119 D/ActivityManagerTiming( 1795): OnBootPhase_1000_com.android.server.wifi.p2p.WifiP2pService
07-28 14:47:03.119 D/ActivityManagerTiming( 1795): OnBootPhase_1000_com.android.server.ConnectivityServiceInitializer
07-28 14:47:03.122 W/ContextImpl( 1795): Calling a method in the system process without a qualified user: android.app.ContextImpl.sendBroadcastMultiplePermissions:1272 com.android.server.TelephonyRegistry.broadcastServiceStateChanged:3121 com.android.server.TelephonyRegistry.notifyServiceStateForPhoneId:1616 com.android.internal.telephony.ITelephonyRegistry$Stub.onTransact:492 android.os.Binder.execTransactInternal:1280 
07-28 14:47:03.123 W/ContextImpl( 1795): Calling a method in the system process without a qualified user: android.app.ContextImpl.sendBroadcastMultiplePermissions:1272 com.android.server.TelephonyRegistry.broadcastServiceStateChanged:3126 com.android.server.TelephonyRegistry.notifyServiceStateForPhoneId:1616 com.android.internal.telephony.ITelephonyRegistry$Stub.onTransact:492 android.os.Binder.execTransactInternal:1280 
07-28 14:47:03.123 D/AppStandbyController( 1795): Loaded headless system app cache in 14 ms: appIdleEnabled=true
07-28 14:47:03.123 W/BroadcastQueue( 1795): Permission Denial: receiving Intent { act=android.intent.action.SERVICE_STATE flg=0x1000010 (has extras) } to ProcessRecord{545cdfc 2466:com.android.systemui/u0a208} (pid=2466, uid=10208) requires android.permission.READ_PHONE_STATE due to sender android (uid 1001)
07-28 14:47:03.131 D/ActivityManagerTiming( 1795): OnBootPhase_1000_com.android.server.notification.NotificationManagerService
07-28 14:47:03.131 D/ActivityManagerTiming( 1795): OnBootPhase_1000_com.android.server.storage.DeviceStorageMonitorService
07-28 14:47:03.131 D/ActivityManagerTiming( 1795): OnBootPhase_1000_com.android.server.location.LocationManagerService$Lifecycle
07-28 14:47:03.131 D/ActivityManagerTiming( 1795): OnBootPhase_1000_com.android.server.timedetector.TimeDetectorService$Lifecycle
07-28 14:47:03.131 D/ActivityManagerTiming( 1795): OnBootPhase_1000_com.android.server.timezonedetector.TimeZoneDetectorService$Lifecycle
07-28 14:47:03.131 D/ActivityManagerTiming( 1795): OnBootPhase_1000_com.android.server.timezonedetector.location.LocationTimeZoneManagerService$Lifecycle
07-28 14:47:03.131 D/ActivityManagerTiming( 1795): OnBootPhase_1000_com.android.server.search.SearchManagerService$Lifecycle
07-28 14:47:03.131 D/ActivityManagerTiming( 1795): OnBootPhase_1000_com.android.server.wallpaper.WallpaperManagerService$Lifecycle
07-28 14:47:03.132 D/ActivityManagerTiming( 1795): OnBootPhase_1000_com.android.server.wallpapereffectsgeneration.WallpaperEffectsGenerationManagerService
07-28 14:47:03.132 D/ActivityManagerTiming( 1795): OnBootPhase_1000_com.android.server.audio.AudioService$Lifecycle
07-28 14:47:03.132 D/ActivityManagerTiming( 1795): OnBootPhase_1000_com.android.server.soundtrigger_middleware.SoundTriggerMiddlewareService$Lifecycle
07-28 14:47:03.132 D/ActivityManagerTiming( 1795): OnBootPhase_1000_com.android.server.DockObserver
07-28 14:47:03.132 D/ActivityManagerTiming( 1795): OnBootPhase_1000_com.android.server.midi.MidiService$Lifecycle
07-28 14:47:03.132 D/ActivityManagerTiming( 1795): OnBootPhase_1000_com.android.server.adb.AdbService$Lifecycle
07-28 14:47:03.132 D/ActivityManagerTiming( 1795): OnBootPhase_1000_com.android.server.usb.UsbService$Lifecycle
07-28 14:47:03.132 D/ActivityManagerTiming( 1795): OnBootPhase_1000_com.android.server.twilight.TwilightService
07-28 14:47:03.140 D/ActivityManagerTiming( 1795): OnBootPhase_1000_com.android.server.display.color.ColorDisplayService
07-28 14:47:03.140 D/ActivityManagerTiming( 1795): OnBootPhase_1000_com.android.server.job.JobSchedulerService
07-28 14:47:03.140 D/ActivityManagerTiming( 1795): OnBootPhase_1000_com.android.server.soundtrigger.SoundTriggerService
07-28 14:47:03.140 D/SoundTriggerService( 1795): onBootPhase: 1000 : false
07-28 14:47:03.140 D/ActivityManagerTiming( 1795): OnBootPhase_1000_com.android.server.trust.TrustManagerService
07-28 14:47:03.140 D/ActivityManagerTiming( 1795): OnBootPhase_1000_com.android.server.backup.BackupManagerService$Lifecycle
07-28 14:47:03.140 D/ActivityManagerTiming( 1795): OnBootPhase_1000_com.android.server.appwidget.AppWidgetService
07-28 14:47:03.140 D/ActivityManagerTiming( 1795): OnBootPhase_1000_com.android.server.voiceinteraction.VoiceInteractionManagerService
07-28 14:47:03.140 D/ActivityManagerTiming( 1795): OnBootPhase_1000_com.android.server.apphibernation.AppHibernationService
07-28 14:47:03.141 D/ActivityManagerTiming( 1795): OnBootPhase_1000_com.android.server.GestureLauncherService
07-28 14:47:03.141 D/ActivityManagerTiming( 1795): OnBootPhase_1000_com.android.server.SensorNotificationService
07-28 14:47:03.141 D/CompatibilityChangeReporter( 1795): Compat change id reported: 168936375; UID 1000; state: ENABLED
07-28 14:47:03.142 D/ActivityManagerTiming( 1795): OnBootPhase_1000_com.android.server.ContextHubSystemService
07-28 14:47:03.142 D/ActivityManagerTiming( 1795): OnBootPhase_1000_com.android.server.emergency.EmergencyAffordanceService
07-28 14:47:03.142 D/ActivityManagerTiming( 1795): OnBootPhase_1000_com.android.server.blob.BlobStoreManagerService
07-28 14:47:03.143 D/CompatibilityChangeReporter( 1795): Compat change id reported: 218533173; UID 10232; state: ENABLED
07-28 14:47:03.143 W/NotificationHistory( 1795): Attempted to add notif for locked/gone/disabled user 0
07-28 14:47:03.145 W/AdbDebuggingManager( 1795): Ignoring tag 'keyStore'. Not recognized.
07-28 14:47:03.146 D/ActivityManagerTiming( 1795): OnBootPhase_1000_com.android.server.dreams.DreamManagerService
07-28 14:47:03.146 D/ActivityManagerTiming( 1795): OnBootPhase_1000_com.android.server.print.PrintManagerService
07-28 14:47:03.146 D/ActivityManagerTiming( 1795): OnBootPhase_1000_com.android.server.security.AttestationVerificationManagerService
07-28 14:47:03.146 D/ActivityManagerTiming( 1795): OnBootPhase_1000_com.android.server.companion.CompanionDeviceManagerService
07-28 14:47:03.146 I/CompanionDeviceManagerService( 1795): Scheduling the Association Removal job
07-28 14:47:03.147 D/ActivityManagerTiming( 1795): OnBootPhase_1000_com.android.server.companion.virtual.VirtualDeviceManagerService
07-28 14:47:03.147 D/ActivityManagerTiming( 1795): OnBootPhase_1000_com.android.server.restrictions.RestrictionsManagerService
07-28 14:47:03.147 D/ActivityManagerTiming( 1795): OnBootPhase_1000_com.android.server.media.MediaSessionService
07-28 14:47:03.148 D/ActivityManagerTiming( 1795): OnBootPhase_1000_com.android.server.media.MediaResourceMonitorService
07-28 14:47:03.148 D/ActivityManagerTiming( 1795): OnBootPhase_1000_com.android.server.biometrics.sensors.fingerprint.FingerprintService
07-28 14:47:03.148 D/ActivityManagerTiming( 1795): OnBootPhase_1000_com.android.server.biometrics.BiometricService
07-28 14:47:03.148 D/ActivityManagerTiming( 1795): OnBootPhase_1000_com.android.server.biometrics.AuthService
07-28 14:47:03.148 D/ActivityManagerTiming( 1795): OnBootPhase_1000_com.android.server.pm.ShortcutService$Lifecycle
07-28 14:47:03.148 D/ActivityManagerTiming( 1795): OnBootPhase_1000_com.android.server.pm.LauncherAppsService
07-28 14:47:03.148 D/ActivityManagerTiming( 1795): OnBootPhase_1000_com.android.server.pm.CrossProfileAppsService
07-28 14:47:03.148 D/ActivityManagerTiming( 1795): OnBootPhase_1000_com.android.server.people.PeopleService
07-28 14:47:03.148 D/ActivityManagerTiming( 1795): OnBootPhase_1000_com.android.server.media.metrics.MediaMetricsManagerService
07-28 14:47:03.148 D/ActivityManagerTiming( 1795): OnBootPhase_1000_com.android.server.media.projection.MediaProjectionManagerService
07-28 14:47:03.148 D/ActivityManagerTiming( 1795): OnBootPhase_1000_com.android.server.slice.SliceManagerService$Lifecycle
07-28 14:47:03.148 D/ActivityManagerTiming( 1795): OnBootPhase_1000_com.android.server.stats.StatsCompanion$Lifecycle
07-28 14:47:03.148 D/ActivityManagerTiming( 1795): OnBootPhase_1000_com.android.server.scheduling.RebootReadinessManagerService$Lifecycle
07-28 14:47:03.148 D/ActivityManagerTiming( 1795): OnBootPhase_1000_com.android.server.stats.pull.StatsPullAtomService
07-28 14:47:03.148 D/ActivityManagerTiming( 1795): OnBootPhase_1000_com.android.server.stats.bootstrap.StatsBootstrapAtomService$Lifecycle
07-28 14:47:03.148 D/ActivityManagerTiming( 1795): OnBootPhase_1000_com.android.server.incident.IncidentCompanionService
07-28 14:47:03.148 D/ActivityManagerTiming( 1795): OnBootPhase_1000_com.android.server.sdksandbox.SdkSandboxManagerService$Lifecycle
07-28 14:47:03.150 D/ActivityManagerTiming( 1795): OnBootPhase_1000_com.android.server.adservices.AdServicesManagerService$Lifecycle
07-28 14:47:03.150 D/ActivityManagerTiming( 1795): OnBootPhase_1000_com.android.server.MmsServiceBroker
07-28 14:47:03.150 D/ActivityManagerTiming( 1795): OnBootPhase_1000_com.android.server.autofill.AutofillManagerService
07-28 14:47:03.150 D/ActivityManagerTiming( 1795): OnBootPhase_1000_com.android.server.translation.TranslationManagerService
07-28 14:47:03.150 D/ActivityManagerTiming( 1795): OnBootPhase_1000_com.android.server.clipboard.ClipboardService
07-28 14:47:03.150 D/ActivityManagerTiming( 1795): OnBootPhase_1000_com.android.server.appbinding.AppBindingService$Lifecycle
07-28 14:47:03.150 D/ActivityManagerTiming( 1795): OnBootPhase_1000_com.android.server.tracing.TracingServiceProxy
07-28 14:47:03.150 D/ActivityManagerTiming( 1795): OnBootPhase_1000_com.android.server.policy.PermissionPolicyService
07-28 14:47:03.150 D/ActivityManagerTiming( 1795): OnBootPhase_1000_com.android.server.pm.StagingManager$Lifecycle
07-28 14:47:03.150 I/HibernationStateDiskStore( 1795): No hibernation file on disk for file /data/system/hibernation/states
07-28 14:47:03.151 D/ActivityManagerTiming( 1795): OnBootPhase_1000_com.android.server.app.GameManagerService$Lifecycle
07-28 14:47:03.151 D/GameManagerService( 1795): onBootCompleted
07-28 14:47:03.151 D/ActivityManagerTiming( 1795): OnBootPhase_1000_com.android.safetycenter.SafetyCenterService
07-28 14:47:03.152 D/ActivityManagerTiming( 1795): OnBootPhase_1000_com.android.server.appsearch.AppSearchModule$Lifecycle
07-28 14:47:03.152 D/ActivityManagerTiming( 1795): OnBootPhase_1000_com.android.server.media.MediaCommunicationService
07-28 14:47:03.152 D/ActivityManagerTiming( 1795): OnBootPhase_1000_com.android.server.compat.overrides.AppCompatOverridesService$Lifecycle
07-28 14:47:03.152 V/ActivityManagerTiming( 1795): TotalBootTime took to complete: 9116ms
07-28 14:47:03.152 W/GameServiceProviderSelector( 1795): No available game service found for user id: 0
07-28 14:47:03.152 D/SystemServerInitThreadPool( 1795): Shutdown requested
07-28 14:47:03.152 D/SystemServerTiming( 1795): WaitInitThreadPoolShutdown
07-28 14:47:03.155 D/SystemServerInitThreadPool( 1795): Shutdown successful
07-28 14:47:03.160 I/ActivityManager( 1795): User 0 state changed from BOOTING to RUNNING_LOCKED
07-28 14:47:03.161 W/ActivityManager( 1795): UserLifecycleEvent 4 received without an active userJourneySession.
07-28 14:47:03.163 D/CompatibilityChangeReporter( 1795): Compat change id reported: 203704822; UID 10200; state: ENABLED
07-28 14:47:03.164 D/CompatibilityChangeReporter( 1795): Compat change id reported: 203704822; UID 10139; state: ENABLED
07-28 14:47:03.164 D/CompatibilityChangeReporter( 1795): Compat change id reported: 203704822; UID 10178; state: ENABLED
07-28 14:47:03.164 D/CompatibilityChangeReporter( 1795): Compat change id reported: 203704822; UID 10135; state: ENABLED
07-28 14:47:03.166 D/StorageManagerService( 1795): unlockUserKey: 0 isFileEncryptedNativeOrEmulated: true hasSecret: false
07-28 14:47:03.166 E/vendor.google.wifi_ext@1.0-service-vendor( 1098): Callback invoked on an invalid object
07-28 14:47:03.167 D/vold    (  686): fscrypt_unlock_user_key 0 serial=0
07-28 14:47:03.169 D/vold    (  686): Trying user CE key /data/misc/vold/user_keys/ce/0/current
07-28 14:47:03.179 D/AdbDebuggingManager( 1795): Received connected key message: QAAAABXkbLDDNFKwPx2EPtxIsgRp/XgzUNkTw7QzfhLxbzoWN9GUem+tDlNjDEdzNsXCCqEPpAHwT2yGJcFcW5v/AjTh4+tAOHprxCiBrhxtumKIALDr+8ByDzqxxPOUL453AWlBtnfbSHXH2wfTwM4eroCwLMNgDgqeGTOiWv6z0nz7G9Q4q3a/KBcrb2urAUcJHnmYOA6MJwQc3M2vIgWRCd2qzwNs+ITq29VCI7UqrrtLd4CIYLtl0Y40uixOJqqWC6X54Zvx95NYmjS9WqRViTTl57U9eJLdiyLcPjq/NqxhajHS5BBKUwl5IshUoG80njXRehvnPlgPnpGrL7wlmAxwyE7EleEXabH1nmiGMBOv2zNsd0MQ1o40a5QMXR8B9XGHi7qGJKYHQR+E7oWCXNWB+ArW+ETU3NQN5VqFVw5Oa0tCFT9nxRVXSQc+6AdpmuNFSepluTOW2J3pgUC9AkDRac7ItAaOFNMVb2naNOGeKP4sAKcOgrcT2P8R6zWiTWHxak1Dq4lK0k9Mip+nNGmvNTEQXmc7K3Wgmtc5zt7q/yy1LEsfs+lUZOUe/2aGciCwZjMHsOoe7KhvC/jpfQul7ng5KTkQK+/7m9HGJ1xgAgfteLbK7Bxu1TOJknibmHjPTXK+Ka3132KK454zKBMHTdatgfEz6BHI68JhydM8H540cAEAAQA= brianm@magic
07-28 14:47:03.179 D/AdbDebuggingManager( 1795): Logging key QAAAABXkbLDDNFKwPx2EPtxIsgRp/XgzUNkTw7QzfhLxbzoWN9GUem+tDlNjDEdzNsXCCqEPpAHwT2yGJcFcW5v/AjTh4+tAOHprxCiBrhxtumKIALDr+8ByDzqxxPOUL453AWlBtnfbSHXH2wfTwM4eroCwLMNgDgqeGTOiWv6z0nz7G9Q4q3a/KBcrb2urAUcJHnmYOA6MJwQc3M2vIgWRCd2qzwNs+ITq29VCI7UqrrtLd4CIYLtl0Y40uixOJqqWC6X54Zvx95NYmjS9WqRViTTl57U9eJLdiyLcPjq/NqxhajHS5BBKUwl5IshUoG80njXRehvnPlgPnpGrL7wlmAxwyE7EleEXabH1nmiGMBOv2zNsd0MQ1o40a5QMXR8B9XGHi7qGJKYHQR+E7oWCXNWB+ArW+ETU3NQN5VqFVw5Oa0tCFT9nxRVXSQc+6AdpmuNFSepluTOW2J3pgUC9AkDRac7ItAaOFNMVb2naNOGeKP4sAKcOgrcT2P8R6zWiTWHxak1Dq4lK0k9Mip+nNGmvNTEQXmc7K3Wgmtc5zt7q/yy1LEsfs+lUZOUe/2aGciCwZjMHsOoe7KhvC/jpfQul7ng5KTkQK+/7m9HGJ1xgAgfteLbK7Bxu1TOJknibmHjPTXK+Ka3132KK454zKBMHTdatgfEz6BHI68JhydM8H540cAEAAQA= brianm@magic, state = 4, alwaysAllow = true, lastConnectionTime = 1753739223179, authWindow = 0
07-28 14:47:03.182 D/CompatibilityChangeReporter( 1795): Compat change id reported: 218533173; UID 10201; state: DISABLED
07-28 14:47:03.192 D/vold    (  686): Successfully retrieved key
07-28 14:47:03.202 D/CompatibilityChangeReporter( 1795): Compat change id reported: 218533173; UID 10206; state: ENABLED
07-28 14:47:03.204 D/CompatibilityChangeReporter( 1795): Compat change id reported: 218533173; UID 10203; state: DISABLED
07-28 14:47:03.205 D/vold    (  686): Installed fscrypt key with ref 76b92000e7be0799 to /data
07-28 14:47:03.206 D/vold    (  686): Added fscrypt-provisioning key for 76b92000e7be0799 to session keyring
07-28 14:47:03.206 D/vold    (  686): Installed ce key for user 0
07-28 14:47:03.206 D/SystemServerTiming( 1795): finishUserUnlocking-0
07-28 14:47:03.206 W/ActivityManager( 1795): UserLifecycleEvent 5 received without an active userJourneySession.
07-28 14:47:03.207 D/ActivityManager( 1795): Started unlocking user 0
07-28 14:47:03.207 D/ActivityManager( 1795): Unlocking user 0 progress 0
07-28 14:47:03.207 D/ActivityManager( 1795): Unlocking user 0 progress 5
07-28 14:47:03.207 D/CompatibilityChangeReporter( 1795): Compat change id reported: 218533173; UID 10224; state: ENABLED
07-28 14:47:03.207 D/SystemServerTiming( 1795): UM.onBeforeUnlockUser-0
07-28 14:47:03.207 D/SystemServerTiming( 1795): prepareUserData-0
07-28 14:47:03.208 D/vold    (  686): fscrypt_prepare_user_storage for volume null, user 0, serial 0, flags 2
07-28 14:47:03.208 D/vold    (  686): Preparing: /data/system_ce/0
07-28 14:47:03.208 D/vold    (  686): Preparing: /data/vendor_ce/0
07-28 14:47:03.210 D/vold    (  686): Preparing: /data/media/0
07-28 14:47:03.211 D/CompatibilityChangeReporter( 1795): Compat change id reported: 168419799; UID 10192; state: DISABLED
07-28 14:47:03.211 D/vold    (  686): Preparing: /data/misc_ce/0
07-28 14:47:03.211 D/vold    (  686): Preparing: /data/data
07-28 14:47:03.212 D/CompatibilityChangeReporter( 1795): Compat change id reported: 273564678; UID 10192; state: DISABLED
07-28 14:47:03.212 I/vold    (  686): Verified that /data/system_ce/0 has the encryption policy 76b92000e7be0799 v1 modes 127/4 flags 0x0
07-28 14:47:03.212 I/vold    (  686): Verified that /data/vendor_ce/0 has the encryption policy 76b92000e7be0799 v1 modes 127/4 flags 0x0
07-28 14:47:03.212 I/vold    (  686): Verified that /data/media/0 has the encryption policy 76b92000e7be0799 v1 modes 127/4 flags 0x0
07-28 14:47:03.212 I/vold    (  686): Verified that /data/misc_ce/0 has the encryption policy 76b92000e7be0799 v1 modes 127/4 flags 0x0
07-28 14:47:03.212 I/vold    (  686): Verified that /data/data has the encryption policy 76b92000e7be0799 v1 modes 127/4 flags 0x0
07-28 14:47:03.212 D/vold    (  686): Starting restorecon of /data/system_ce/0
07-28 14:47:03.214 D/ColorDisplayService( 1795): setUp: currentUser=0
07-28 14:47:03.215 D/vold    (  686): Finished restorecon of /data/system_ce/0
07-28 14:47:03.215 D/vold    (  686): Starting restorecon of /data/vendor_ce/0
07-28 14:47:03.216 E/JobScheduler.Quota( 1795): <0>com.google.android.inputmethod.latin has 0 EJ quota without running anything
07-28 14:47:03.216 E/JobScheduler.Quota( 1795): <0>com.google.android.inputmethod.latin has 0 EJ quota without running anything
07-28 14:47:03.218 D/CompatibilityChangeReporter( 1795): Compat change id reported: 218533173; UID 10156; state: DISABLED
07-28 14:47:03.219 D/CompatibilityChangeReporter( 1795): Compat change id reported: 168419799; UID 10139; state: DISABLED
07-28 14:47:03.219 D/CompatibilityChangeReporter( 1795): Compat change id reported: 273564678; UID 10139; state: DISABLED
07-28 14:47:03.221 W/ActivityThread( 2466): Failed to find provider info for media (user not unlocked)
07-28 14:47:03.221 I/DropBoxManagerService( 1795): add tag=system_server_wtf isTagEnabled=true flags=0x2
07-28 14:47:03.222 D/CompatibilityChangeReporter( 1795): Compat change id reported: 161145287; UID 10123; state: DISABLED
07-28 14:47:03.227 I/Telecom ( 1795): PhoneAccountRegistrar: Modify account: [ComponentInfo{com.android.phone/com.android.services.telephony.TelephonyConnectionService}, E, UserHandle{0}]: TSI.rPA@ABc
07-28 14:47:03.232 I/DropBoxManagerService( 1795): add tag=system_server_wtf isTagEnabled=true flags=0x2
07-28 14:47:03.235 I/Telecom ( 1795): CallsManager: handlePhoneAccountChanged: phoneAccount=[[X] PhoneAccount: ComponentInfo{com.android.phone/com.android.services.telephony.TelephonyConnectionService}, E, UserHandle{0} Capabilities: CallProvider MultiUser PlaceEmerg SimSub  Audio Routes: BESW Schemes: tel voicemail  Extras: Bundle[{android.telecom.extra.SUPPORTS_VIDEO_CALLING_FALLBACK=true}] GroupId: ***]: TSI.rPA@ABc
07-28 14:47:03.235 D/CompatibilityChangeReporter( 1795): Compat change id reported: 218533173; UID 10123; state: ENABLED
07-28 14:47:03.245 D/ColorDisplayService( 1795): onNightDisplayAutoModeChanged: autoMode=0
07-28 14:47:03.245 I/ColorDisplayService( 1795): Turning off night display
07-28 14:47:03.245 D/CompatibilityChangeReporter( 1795): Compat change id reported: 218533173; UID 10209; state: ENABLED
07-28 14:47:03.245 D/ColorDisplayService( 1795): Setting bright color reduction level: 50
07-28 14:47:03.246 I/ColorDisplayService( 1795): Turning off reduce bright colors
07-28 14:47:03.246 I/DisplayPowerController[0]( 1795): BrightnessEvent: disp=0, physDisp=local:4630946475097398401, brt=0.0, initBrt=0.0, rcmdBrt=NaN, preBrt=NaN, lux=0.0, preLux=0.0, hbmMax=1.0, hbmMode=off, rbcStrength=50, powerFactor=1.0, thrmMax=1.0, wasShortTermModelActive=false, flags=, reason=manual, autoBrightness=false
07-28 14:47:03.246 I/DisplayPowerController[0]( 1795): BrightnessEvent: disp=0, physDisp=local:4630946475097398401, brt=0.0, initBrt=0.0, rcmdBrt=NaN, preBrt=NaN, lux=0.0, preLux=0.0, hbmMax=1.0, hbmMode=off, rbcStrength=50, powerFactor=1.0, thrmMax=1.0, wasShortTermModelActive=false, flags=, reason=manual, autoBrightness=false
07-28 14:47:03.248 I/Telecom ( 1795): PhoneAccountRegistrar: getSimCallManager: SimCallManager for subId -1 queried, returning: null: TSI.rPA@ABc
07-28 14:47:03.248 I/Telecom ( 1795): PhoneAccountRegistrar: Notifying telephony of voice service override change for 1 SIMs, hasService = false: TSI.rPA@ABc
07-28 14:47:03.253 I/wificond( 1368): Receive notifyCountryCodeChanged
07-28 14:47:03.253 I/wificond( 1368): UpdateBandInfo
07-28 14:47:03.255 D/vold    (  686): Finished restorecon of /data/vendor_ce/0
07-28 14:47:03.256 D/vold    (  686): Starting restorecon of /data/misc_ce/0
07-28 14:47:03.256 I/wificond( 1368): 2.4Ghz frequencies: 2412 2417 2422 2427 2432 2437 2442 2447 2452 2457 2462 2467
07-28 14:47:03.256 I/wificond( 1368): 5Ghz non-DFS frequencies:
07-28 14:47:03.256 I/wificond( 1368): 5Ghz DFS frequencies: 5180 5200 5220 5240 5260 5280 5300 5320 5500 5520 5540 5560 5580 5600 5620 5640 5660 5680 5700 5720 5745 5765 5785 5805 5825
07-28 14:47:03.256 I/wificond( 1368): 6Ghz frequencies:
07-28 14:47:03.256 I/wificond( 1368): 60Ghz frequencies:
07-28 14:47:03.259 D/vold    (  686): Finished restorecon of /data/misc_ce/0
07-28 14:47:03.259 D/vold    (  686): /system/bin/vold_prepare_subdirs
07-28 14:47:03.259 D/vold    (  686):     prepare
07-28 14:47:03.259 D/vold    (  686):     
07-28 14:47:03.259 D/vold    (  686):     0
07-28 14:47:03.259 D/vold    (  686):     2
07-28 14:47:03.291 W/ActivityThread( 2604): Failed to find provider info for com.android.contacts (user not unlocked)
07-28 14:47:03.321 W/ActivityManager( 1795): Unable to start service Intent { act=com.google.android.chimera.BoundService.START dat=chimera-action: cmp=com.google.android.gms/.chimera.PersistentApiService } U=0: not found
07-28 14:47:03.324 W/ActivityManager( 1795): Unbind failed: could not find connection for android.os.BinderProxy@8edd04e
07-28 14:47:03.338 I/Telecom ( 1795): PhoneAccountRegistrar: Modify account: [ComponentInfo{com.android.phone/com.android.services.telephony.TelephonyConnectionService}, E, UserHandle{0}]: TSI.rPA@ABg
07-28 14:47:03.340 I/Telecom ( 1795): CallsManager: handlePhoneAccountChanged: phoneAccount=[[X] PhoneAccount: ComponentInfo{com.android.phone/com.android.services.telephony.TelephonyConnectionService}, E, UserHandle{0} Capabilities: CallProvider MultiUser PlaceEmerg SimSub  Audio Routes: BESW Schemes: tel voicemail  Extras: Bundle[{android.telecom.extra.SUPPORTS_VIDEO_CALLING_FALLBACK=true}] GroupId: ***]: TSI.rPA@ABg
07-28 14:47:03.344 I/Telecom ( 1795): PhoneAccountRegistrar: getSimCallManager: SimCallManager for subId -1 queried, returning: null: TSI.rPA@ABg
07-28 14:47:03.344 I/Telecom ( 1795): PhoneAccountRegistrar: Notifying telephony of voice service override change for 1 SIMs, hasService = false: TSI.rPA@ABg
07-28 14:47:03.359 D/CompatibilityChangeReporter( 1795): Compat change id reported: 218533173; UID 10192; state: ENABLED
07-28 14:47:03.363 D/CompatibilityChangeReporter( 1795): Compat change id reported: 161145287; UID 10192; state: DISABLED
07-28 14:47:03.364 I/Telecom ( 1795): PhoneAccountRegistrar: setUserSelectedOutgoingPhoneAccount: null: TSI.sUSOPA@ABo
07-28 14:47:03.364 I/Telecom ( 1795): PhoneAccountRegistrar: setUserSelectedOutgoingPhoneAccount: no change in default phoneAccountHandle.  current is same as new.: TSI.sUSOPA@ABo
07-28 14:47:03.372 V/UserDataPreparer( 1795): Found /data/user/0 with serial number 0
07-28 14:47:03.372 V/UserDataPreparer( 1795): Found /data/system_ce/0 with serial number 0
07-28 14:47:03.372 D/UserDataPreparer( 1795): Setting property: sys.user.0.ce_available=true
07-28 14:47:03.374 D/SystemServerTiming( 1795): reconcileAppsData-0
07-28 14:47:03.374 V/PackageManager( 1795): reconcileAppsData for null u0 0x2 migrateAppData=false
07-28 14:47:03.381 W/PackageManager( 1795): Skipping preparing app data for com.google.android.sdksandbox
07-28 14:47:03.385 D/CompatibilityChangeReporter( 1795): Compat change id reported: 168419799; UID 10123; state: DISABLED
07-28 14:47:03.385 D/CompatibilityChangeReporter( 1795): Compat change id reported: 273564678; UID 10123; state: DISABLED
07-28 14:47:03.400 D/SystemServerTiming( 1795): getUserSwitchability-0
07-28 14:47:03.400 D/SystemServerTiming( 1795): TM.isInCall
07-28 14:47:03.400 D/SystemServerTiming( 1795): hasUserRestriction-DISALLOW_USER_SWITCH
07-28 14:47:03.400 D/SystemServerTiming( 1795): getInt-ALLOW_USER_SWITCHING_WHEN_SYSTEM_USER_LOCKED
07-28 14:47:03.400 D/SystemServerTiming( 1795): isUserUnlocked-USER_SYSTEM
07-28 14:47:03.406 I/Telecom ( 1795): BluetoothDeviceManager: Got BluetoothHearingAid: android.bluetooth.BluetoothHearingAid@e7e75d4: BMSL.oSC@ABw
07-28 14:47:03.412 W/ActivityManager( 1795): Unable to start service Intent { act=com.google.android.gms.phenotype.service.START pkg=com.google.android.gms } U=0: not found
07-28 14:47:03.413 W/ActivityManager( 1795): Unbind failed: could not find connection for android.os.BinderProxy@1b61535
07-28 14:47:03.425 I/Telecom ( 1795): PhoneAccountRegistrar: Modify account: [ComponentInfo{com.android.phone/com.android.services.telephony.TelephonyConnectionService}, E, UserHandle{0}]: TSI.rPA@AB0
07-28 14:47:03.429 I/Telecom ( 1795): CallsManager: handlePhoneAccountChanged: phoneAccount=[[X] PhoneAccount: ComponentInfo{com.android.phone/com.android.services.telephony.TelephonyConnectionService}, E, UserHandle{0} Capabilities: CallProvider MultiUser PlaceEmerg SimSub  Audio Routes: BESW Schemes: tel voicemail  Extras: Bundle[{android.telecom.extra.SUPPORTS_VIDEO_CALLING_FALLBACK=true}] GroupId: ***]: TSI.rPA@AB0
07-28 14:47:03.442 I/Telecom ( 1795): PhoneAccountRegistrar: getSimCallManager: SimCallManager for subId -1 queried, returning: null: TSI.rPA@AB0
07-28 14:47:03.442 I/Telecom ( 1795): PhoneAccountRegistrar: Notifying telephony of voice service override change for 1 SIMs, hasService = false: TSI.rPA@AB0
07-28 14:47:03.444 I/Telecom ( 1795): BluetoothDeviceManager: Got BluetoothHeadset: android.bluetooth.BluetoothHeadset@217b5a5: BMSL.oSC@AB4
07-28 14:47:03.446 D/CompatibilityChangeReporter( 1795): Compat change id reported: 202110963; UID 10139; state: ENABLED
07-28 14:47:03.451 I/Telecom ( 1795): PhoneAccountRegistrar: getSimCallManager: SimCallManager for subId -1 queried, returning: null: TSI.gSCMFU@ACA
07-28 14:47:03.469 D/SystemServerTiming( 1795): getUserSwitchability-0
07-28 14:47:03.469 D/SystemServerTiming( 1795): TM.isInCall
07-28 14:47:03.470 D/SystemServerTiming( 1795): hasUserRestriction-DISALLOW_USER_SWITCH
07-28 14:47:03.470 D/SystemServerTiming( 1795): getInt-ALLOW_USER_SWITCHING_WHEN_SYSTEM_USER_LOCKED
07-28 14:47:03.470 D/SystemServerTiming( 1795): isUserUnlocked-USER_SYSTEM
07-28 14:47:03.470 D/CompatibilityChangeReporter( 1795): Compat change id reported: 135634846; UID 10061; state: DISABLED
07-28 14:47:03.470 D/CompatibilityChangeReporter( 1795): Compat change id reported: 177438394; UID 10061; state: DISABLED
07-28 14:47:03.470 D/CompatibilityChangeReporter( 1795): Compat change id reported: 135772972; UID 10061; state: DISABLED
07-28 14:47:03.470 D/CompatibilityChangeReporter( 1795): Compat change id reported: 135754954; UID 10061; state: ENABLED
07-28 14:47:03.470 D/CompatibilityChangeReporter( 1795): Compat change id reported: 202110963; UID 1001; state: ENABLED
07-28 14:47:03.471 D/CompatibilityChangeReporter( 1795): Compat change id reported: 202110963; UID 1001; state: DISABLED
07-28 14:47:03.471 D/CompatibilityChangeReporter( 1795): Compat change id reported: 143937733; UID 10061; state: ENABLED
07-28 14:47:03.481 D/CompatibilityChangeReporter( 1795): Compat change id reported: 202110963; UID 1000; state: ENABLED
07-28 14:47:03.486 D/CompatibilityChangeReporter( 1795): Compat change id reported: 194532703; UID 10139; state: ENABLED
07-28 14:47:03.487 I/ActivityManager( 1795): Start proc 3278:android.process.acore/u0a61 for content provider {com.android.providers.blockednumber/com.android.providers.blockednumber.BlockedNumberProvider}
07-28 14:47:03.501 I/wificond( 1368): Regulatory domain changed to country: US on wiphy_index: 0
07-28 14:47:03.501 I/wificond( 1368): UpdateBandInfo
07-28 14:47:03.507 I/wificond( 1368): 2.4Ghz frequencies: 2412 2417 2422 2427 2432 2437 2442 2447 2452 2457 2462
07-28 14:47:03.507 I/wificond( 1368): 5Ghz non-DFS frequencies: 5180 5200 5220 5240 5745 5765 5785 5805 5825
07-28 14:47:03.507 I/wificond( 1368): 5Ghz DFS frequencies: 5260 5280 5300 5320 5500 5520 5540 5560 5580 5600 5620 5640 5660 5680 5700 5720
07-28 14:47:03.507 I/wificond( 1368): 6Ghz frequencies:
07-28 14:47:03.507 I/wificond( 1368): 60Ghz frequencies:
07-28 14:47:03.508 W/wificond( 1368): Scan aborted
07-28 14:47:03.514 W/ActivityManager( 1795): Unable to start service Intent { act=com.google.android.chimera.BoundService.START dat=chimera-action: cmp=com.google.android.gms/.chimera.GmsApiService } U=0: not found
07-28 14:47:03.516 D/CompatibilityChangeReporter( 1795): Compat change id reported: 135634846; UID 10200; state: DISABLED
07-28 14:47:03.516 D/CompatibilityChangeReporter( 1795): Compat change id reported: 177438394; UID 10200; state: DISABLED
07-28 14:47:03.516 D/CompatibilityChangeReporter( 1795): Compat change id reported: 135772972; UID 10200; state: DISABLED
07-28 14:47:03.516 D/CompatibilityChangeReporter( 1795): Compat change id reported: 135754954; UID 10200; state: ENABLED
07-28 14:47:03.517 D/CompatibilityChangeReporter( 1795): Compat change id reported: 143937733; UID 10200; state: ENABLED
07-28 14:47:03.525 W/ActivityManager( 1795): Unbind failed: could not find connection for android.os.BinderProxy@158a3e8
07-28 14:47:03.530 I/Telecom ( 1795): PhoneAccountRegistrar: Modify account: [ComponentInfo{com.android.phone/com.android.services.telephony.TelephonyConnectionService}, E, UserHandle{0}]: TSI.rPA@ACM
07-28 14:47:03.532 I/Telecom ( 1795): CallsManager: handlePhoneAccountChanged: phoneAccount=[[X] PhoneAccount: ComponentInfo{com.android.phone/com.android.services.telephony.TelephonyConnectionService}, E, UserHandle{0} Capabilities: CallProvider MultiUser PlaceEmerg SimSub  Audio Routes: BESW Schemes: tel voicemail  Extras: Bundle[{android.telecom.extra.SUPPORTS_VIDEO_CALLING_FALLBACK=true}] GroupId: ***]: TSI.rPA@ACM
07-28 14:47:03.535 I/Telecom ( 1795): PhoneAccountRegistrar: getSimCallManager: SimCallManager for subId -1 queried, returning: null: TSI.rPA@ACM
07-28 14:47:03.535 I/Telecom ( 1795): PhoneAccountRegistrar: Notifying telephony of voice service override change for 1 SIMs, hasService = false: TSI.rPA@ACM
07-28 14:47:03.541 D/CompatibilityChangeReporter( 1795): Compat change id reported: 168419799; UID 10061; state: DISABLED
07-28 14:47:03.541 D/CompatibilityChangeReporter( 1795): Compat change id reported: 273564678; UID 10061; state: DISABLED
07-28 14:47:03.547 I/ActivityManager( 1795): Start proc 3297:com.google.euiccpixel/u0a200 for content provider {com.google.euiccpixel/com.google.euiccpixel.provider.OtaContentProvider}
07-28 14:47:03.548 D/CompatibilityChangeReporter( 1795): Compat change id reported: 171306433; UID 10208; state: ENABLED
07-28 14:47:03.561 D/CompatibilityChangeReporter( 1795): Compat change id reported: 168419799; UID 10217; state: DISABLED
07-28 14:47:03.562 D/CompatibilityChangeReporter( 1795): Compat change id reported: 273564678; UID 10217; state: DISABLED
07-28 14:47:03.583 D/CompatibilityChangeReporter( 1795): Compat change id reported: 168419799; UID 10200; state: DISABLED
07-28 14:47:03.583 D/CompatibilityChangeReporter( 1795): Compat change id reported: 273564678; UID 10200; state: DISABLED
07-28 14:47:03.596 I/Telecom ( 1795): PhoneAccountRegistrar: setUserSelectedOutgoingPhoneAccount: null: TSI.sUSOPA@ACQ
07-28 14:47:03.596 I/Telecom ( 1795): PhoneAccountRegistrar: setUserSelectedOutgoingPhoneAccount: no change in default phoneAccountHandle.  current is same as new.: TSI.sUSOPA@ACQ
07-28 14:47:03.627 D/CompatibilityChangeReporter( 1795): Compat change id reported: 168419799; UID 10201; state: DISABLED
07-28 14:47:03.629 D/CompatibilityChangeReporter( 1795): Compat change id reported: 273564678; UID 10201; state: DISABLED
07-28 14:47:03.644 D/CompatibilityChangeReporter( 1795): Compat change id reported: 161145287; UID 10061; state: DISABLED
07-28 14:47:03.651 D/CompatibilityChangeReporter( 1795): Compat change id reported: 161145287; UID 10201; state: DISABLED
07-28 14:47:03.668 D/CompatibilityChangeReporter( 1795): Compat change id reported: 161252188; UID 10203; state: DISABLED
07-28 14:47:03.670 D/CompatibilityChangeReporter( 1795): Compat change id reported: 168419799; UID 10203; state: DISABLED
