--------- beginning of system
07-30 17:20:46.022 D/CompatibilityChangeReporter( 1685): Compat change id reported: 135634846; UID 10104; state: DISABLED
07-30 17:20:46.022 D/CompatibilityChangeReporter( 1685): Compat change id reported: 177438394; UID 10104; state: DISABLED
07-30 17:20:46.022 D/CompatibilityChangeReporter( 1685): Compat change id reported: 135772972; UID 10104; state: DISABLED
07-30 17:20:46.022 D/CompatibilityChangeReporter( 1685): Compat change id reported: 135754954; UID 10104; state: ENABLED
07-30 17:20:46.023 D/CompatibilityChangeReporter( 1685): Compat change id reported: 143937733; UID 10104; state: ENABLED
--------- beginning of main
07-30 17:20:46.029 W/ziparchive(15873): Unable to open '/data/app/~~8zB0UA_KC5Jg5rSJC0xSww==/com.google.android.apps.safetyhub-ez7hBGA0y1j-YO4nxHSXDw==/split_config.arm64_v8a.dm': No such file or directory
07-30 17:20:46.029 W/ziparchive(15873): Unable to open '/data/app/~~8zB0UA_KC5Jg5rSJC0xSww==/com.google.android.apps.safetyhub-ez7hBGA0y1j-YO4nxHSXDw==/split_config.arm64_v8a.dm': No such file or directory
07-30 17:20:46.030 W/.apps.safetyhub(15873): Entry not found
07-30 17:20:46.031 W/ziparchive(15873): Unable to open '/data/app/~~8zB0UA_KC5Jg5rSJC0xSww==/com.google.android.apps.safetyhub-ez7hBGA0y1j-YO4nxHSXDw==/split_config.xxhdpi.dm': No such file or directory
07-30 17:20:46.031 W/ziparchive(15873): Unable to open '/data/app/~~8zB0UA_KC5Jg5rSJC0xSww==/com.google.android.apps.safetyhub-ez7hBGA0y1j-YO4nxHSXDw==/split_config.xxhdpi.dm': No such file or directory
07-30 17:20:46.032 W/.apps.safetyhub(15873): Entry not found
07-30 17:20:46.034 D/Zygote  ( 1038): Forked child process 15900
07-30 17:20:46.034 I/ActivityManager( 1685): Start proc 15900:com.google.android.apps.tips/u0a104 for content provider {com.google.android.apps.tips/com.google.android.apps.tips.settings.search.SettingsSearchProvider}
07-30 17:20:46.038 D/nativeloader(15873): Configuring classloader-namespace for other apk /data/app/~~8zB0UA_KC5Jg5rSJC0xSww==/com.google.android.apps.safetyhub-ez7hBGA0y1j-YO4nxHSXDw==/base.apk:/data/app/~~8zB0UA_KC5Jg5rSJC0xSww==/com.google.android.apps.safetyhub-ez7hBGA0y1j-YO4nxHSXDw==/split_config.arm64_v8a.apk:/data/app/~~8zB0UA_KC5Jg5rSJC0xSww==/com.google.android.apps.safetyhub-ez7hBGA0y1j-YO4nxHSXDw==/split_config.xxhdpi.apk. target_sdk_version=35, uses_libraries=, library_path=/data/app/~~8zB0UA_KC5Jg5rSJC0xSww==/com.google.android.apps.safetyhub-ez7hBGA0y1j-YO4nxHSXDw==/lib/arm64:/data/app/~~8zB0UA_KC5Jg5rSJC0xSww==/com.google.android.apps.safetyhub-ez7hBGA0y1j-YO4nxHSXDw==/base.apk!/lib/arm64-v8a:/data/app/~~8zB0UA_KC5Jg5rSJC0xSww==/com.google.android.apps.safetyhub-ez7hBGA0y1j-YO4nxHSXDw==/split_config.arm64_v8a.apk!/lib/arm64-v8a:/data/app/~~8zB0UA_KC5Jg5rSJC0xSww==/com.google.android.apps.safetyhub-ez7hBGA0y1j-YO4nxHSXDw==/split_config.xxhdpi.apk!/lib/arm64-v8a, permitted_path=/data:/mnt/expand:/data/user/0/com.google.android.apps.saf
07-30 17:20:46.045 I/droid.apps.tips(15900): Using CollectorTypeCC GC.
07-30 17:20:46.047 W/RemoteCallableBase(15201): Null cursor. Cannot add index data for Uri: content://com.google.android.apps.security.securityhub.searchindexables/settings/dynamic_indexables_raw
07-30 17:20:46.052 E/droid.apps.tips(15900): Not starting debugger since process cannot load the jdwp agent.
07-30 17:20:46.066 W/.apps.safetyhub(15873): JIT profile information will not be recorded: profile file does not exist.
07-30 17:20:46.066 W/.apps.safetyhub(15873): JIT profile information will not be recorded: profile file does not exist.
07-30 17:20:46.071 W/audio_hw_primary( 1053): out_write: underrun(1182) frames_by_time(103) > out->last_fifo_frames_remaining(48)
07-30 17:20:46.071 W/qc_adm  ( 1053): margin check: adm_request_focus_v2_1(p) failed diff -96
07-30 17:20:46.072 W/audio_hw_primary( 1053): out_get_presentation_position: avail:24576 > kernel_buffer_size:24576 clamping!
07-30 17:20:46.072 W/audio_hw_primary( 1053): out_write: underrun(1183) frames_by_time(23) > out->last_fifo_frames_remaining(0)
07-30 17:20:46.075 W/audio_hw_primary( 1053): out_write: underrun(1184) frames_by_time(152) > out->last_fifo_frames_remaining(96)
07-30 17:20:46.075 W/qc_adm  ( 1053): margin check: adm_request_focus_v2_1(p) failed diff -48
07-30 17:20:46.092 D/CompatibilityChangeReporter(15900): Compat change id reported: 171979766; UID 10104; state: ENABLED
07-30 17:20:46.128 V/GraphicsEnvironment(15873): ANGLE Developer option for 'com.google.android.apps.safetyhub' set to: 'default'
07-30 17:20:46.129 V/GraphicsEnvironment(15873): ANGLE GameManagerService for com.google.android.apps.safetyhub: false
07-30 17:20:46.131 D/nativeloader(15900): Configuring classloader-namespace for other apk /system/framework/org.apache.http.legacy.jar. target_sdk_version=33, uses_libraries=ALL, library_path=/product/priv-app/TipsPrebuilt/lib/arm64, permitted_path=/data:/mnt/expand:/data/user/0/com.google.android.apps.tips
07-30 17:20:46.140 D/NetworkSecurityConfig(15873): No Network Security Config specified, using platform default
07-30 17:20:46.141 D/NetworkSecurityConfig(15873): No Network Security Config specified, using platform default
07-30 17:20:46.144 W/id.GoogleCamera(15812): JIT profile information will not be recorded: profile file does not exist.
07-30 17:20:46.144 W/id.GoogleCamera(15812): JIT profile information will not be recorded: profile file does not exist.
07-30 17:20:46.144 W/id.GoogleCamera(15812): JIT profile information will not be recorded: profile file does not exist.
07-30 17:20:46.144 W/id.GoogleCamera(15812): JIT profile information will not be recorded: profile file does not exist.
07-30 17:20:46.145 W/id.GoogleCamera(15812): JIT profile information will not be recorded: profile file does not exist.
07-30 17:20:46.146 W/id.GoogleCamera(15812): JIT profile information will not be recorded: profile file does not exist.
07-30 17:20:46.146 W/id.GoogleCamera(15812): JIT profile information will not be recorded: profile file does not exist.
07-30 17:20:46.146 W/id.GoogleCamera(15812): JIT profile information will not be recorded: profile file does not exist.
07-30 17:20:46.195 D/nativeloader(15900): Configuring vendor-classloader-namespace for unbundled product apk /product/priv-app/TipsPrebuilt/TipsPrebuilt.apk. target_sdk_version=33, uses_libraries=, library_path=/product/priv-app/TipsPrebuilt/lib/arm64:/product/lib64:/system/product/lib64, permitted_path=/data:/mnt/expand:/data/user/0/com.google.android.apps.tips:/product/lib64:/system/product/lib64
07-30 17:20:46.203 V/GraphicsEnvironment(15812): ANGLE Developer option for 'com.google.android.GoogleCamera' set to: 'default'
07-30 17:20:46.204 V/GraphicsEnvironment(15812): ANGLE GameManagerService for com.google.android.GoogleCamera: false
07-30 17:20:46.204 V/GraphicsEnvironment(15812): Updatable production driver is not supported on the device.
07-30 17:20:46.208 D/NetworkSecurityConfig(15812): No Network Security Config specified, using platform default
07-30 17:20:46.209 D/NetworkSecurityConfig(15812): No Network Security Config specified, using platform default
07-30 17:20:46.256 I/MultiDex(15873): VM with version 2.1.0 has multidex support
07-30 17:20:46.257 I/MultiDex(15873): Installing application
07-30 17:20:46.257 I/MultiDex(15873): VM has multidex support, MultiDex support library is disabled.
07-30 17:20:46.283 V/GraphicsEnvironment(15900): ANGLE Developer option for 'com.google.android.apps.tips' set to: 'default'
07-30 17:20:46.284 V/GraphicsEnvironment(15900): ANGLE GameManagerService for com.google.android.apps.tips: false
07-30 17:20:46.291 D/NetworkSecurityConfig(15900): No Network Security Config specified, using platform default
07-30 17:20:46.292 D/NetworkSecurityConfig(15900): No Network Security Config specified, using platform default
07-30 17:20:46.297 I/SignatureCheck(15812): Signature check ok
07-30 17:20:46.387 D/CompatibilityChangeReporter( 1685): Compat change id reported: 161145287; UID 10131; state: DISABLED
07-30 17:20:46.403 D/CompatibilityChangeReporter(15873): Compat change id reported: 183155436; UID 10151; state: ENABLED
07-30 17:20:46.454 I/ActivityManager( 1685): Killing 12635:com.google.android.calendar/u0a190 (adj 935): empty #33
07-30 17:20:46.461 I/libprocessgroup( 1685): Successfully killed process cgroup uid 10190 pid 12635 in 5ms
07-30 17:20:46.465 I/FirebaseApp(15873): Device unlocked: initializing all Firebase APIs for app [DEFAULT]
07-30 17:20:46.506 D/ConnectivityService( 1685): ConnectivityService NetworkRequestInfo binderDied(uid/pid:10190/12635, [NetworkRequest [ REQUEST id=492, [ Capabilities: INTERNET&NOT_RESTRICTED&TRUSTED&NOT_VCN_MANAGED Uid: 10190 RequestorUid: 10190 RequestorPkg: com.google.android.calendar UnderlyingNetworks: Null] ]], android.os.BinderProxy@71cc2e2)
07-30 17:20:46.506 D/ConnectivityService( 1685): releasing NetworkRequest [ REQUEST id=492, [ Capabilities: INTERNET&NOT_RESTRICTED&TRUSTED&NOT_VCN_MANAGED Uid: 10190 RequestorUid: 10190 RequestorPkg: com.google.android.calendar UnderlyingNetworks: Null] ] (release request)
07-30 17:20:46.509 I/Zygote  ( 1038): Process 12635 exited due to signal 9 (Killed)
07-30 17:20:46.515 I/ActivityManager( 1685): Killing 8912:com.android.settings/1000 (adj 985): empty #33
07-30 17:20:46.521 I/libprocessgroup( 1685): Successfully killed process cgroup uid 1000 pid 8912 in 5ms
07-30 17:20:46.591 I/MR2ServiceImpl( 1685): unregisterManager | package: com.android.settings, user: 0, manager: 3
07-30 17:20:46.593 I/Zygote  ( 1038): Process 8912 exited due to signal 9 (Killed)
07-30 17:20:46.608 I/FirebaseInitProvider(15873): FirebaseApp initialization successful
07-30 17:20:46.680 W/RemoteCallableBase(15201): Null cursor. Cannot add index data for Uri: content://com.google.android.apps.tips.settings.search/settings/dynamic_indexables_raw
07-30 17:20:46.756 D/ConnectivityService( 1685): Returning BLOCKED NetworkInfo to uid=10104
07-30 17:20:46.764 W/droid.apps.tips(15900): Accessing hidden field Ljava/util/Collections$SynchronizedCollection;->mutex:Ljava/lang/Object; (max-target-o, reflection, denied)
07-30 17:20:46.765 W/droid.apps.tips(15900): Accessing hidden method Ljava/util/Collections$SynchronizedSet;-><init>(Ljava/util/Set;Ljava/lang/Object;)V (max-target-o, reflection, denied)
07-30 17:20:46.765 W/droid.apps.tips(15900): Accessing hidden method Ljava/util/Collections$SynchronizedCollection;-><init>(Ljava/util/Collection;Ljava/lang/Object;)V (max-target-o, reflection, denied)
07-30 17:20:46.824 W/audio_hw_primary( 1053): out_write: underrun(1185) frames_by_time(60) > out->last_fifo_frames_remaining(48)
07-30 17:20:46.856 W/audio_hw_primary( 1053): out_write: underrun(1186) frames_by_time(58) > out->last_fifo_frames_remaining(48)
07-30 17:20:46.899 W/RemoteCallableBase(15201): Null cursor. Cannot add index data for Uri: content://com.android.cellbroadcastreceiver/settings/dynamic_indexables_raw
07-30 17:20:46.943 D/CompatibilityChangeReporter(15812): Compat change id reported: 183155436; UID 10169; state: ENABLED
07-30 17:20:46.977 W/AppSettings(15812): Warning: providing system service notification took 23 ms
07-30 17:20:46.997 D/Tips_PhenotypeManagerIm(15900): network not available, fallback to legacy flag access
07-30 17:20:46.998 D/Tips_PrimesApiImpl(15900): Primes instant initialization
07-30 17:20:47.025 I/DynamiteModule( 9634): Considering local module com.google.android.gms.googlecertificates:7 and remote module com.google.android.gms.googlecertificates:7
07-30 17:20:47.026 I/DynamiteModule( 9634): Selected local version of com.google.android.gms.googlecertificates
07-30 17:20:47.042 W/RemoteCallableBase(15201): Null cursor. Cannot add index data for Uri: content://com.google.android.gms.accountsettings.content/settings/indexables_xml_res
07-30 17:20:47.057 W/id.GoogleCamera(15812): Accessing hidden field Ljava/util/Collections$SynchronizedCollection;->mutex:Ljava/lang/Object; (max-target-o, reflection, denied)
07-30 17:20:47.057 W/id.GoogleCamera(15812): Accessing hidden method Ljava/util/Collections$SynchronizedSet;-><init>(Ljava/util/Set;Ljava/lang/Object;)V (max-target-o, reflection, denied)
07-30 17:20:47.057 W/id.GoogleCamera(15812): Accessing hidden method Ljava/util/Collections$SynchronizedCollection;-><init>(Ljava/util/Collection;Ljava/lang/Object;)V (max-target-o, reflection, denied)
07-30 17:20:47.099 W/CAM_A   (15812): Camera HAL package not found.
07-30 17:20:47.099 W/CAM_A   (15812): Camera HAL package not found.
07-30 17:20:47.100 W/CAM_A   (15812): Called onCreate
07-30 17:20:47.100 W/CAM_A   (15812): Called queryXmlResources
07-30 17:20:47.103 W/CAM_A   (15812): Called queryRawData
07-30 17:20:47.129 D/ConnectivityService( 1685): NetReassign [no changes] [c 1] [a 0] [i 5]
07-30 17:20:47.134 W/RemoteCallableBase(15201): Null cursor. Cannot add index data for Uri: content://com.google.android.gms.accountsettings.content/settings/dynamic_indexables_raw
07-30 17:20:47.203 I/Tips_UsageReportConsent(15900): getOptInOptions onSuccess
07-30 17:20:47.253 D/CompatibilityChangeReporter( 9634): Compat change id reported: 160794467; UID 10123; state: ENABLED
07-30 17:20:47.263 I/mha     (15873): SslGuard completed installation.
07-30 17:20:47.266 D/CompatibilityChangeReporter( 1685): Compat change id reported: 161145287; UID 10151; state: DISABLED
07-30 17:20:47.271 I/pixel-thermal( 2031): skin-therm-monitor: 48.887
07-30 17:20:47.350 W/PhBaseOp( 3160): Phenotype API error. Event: # hfse@df4c9598, EventCode: COMMIT_CONFIG [CONTEXT service_id=51 ]
07-30 17:20:47.350 W/PhBaseOp( 3160): eefr: 29537: Stale snapshot for com.google.android.gms.adsidentity(new configuration available)
07-30 17:20:47.350 W/PhBaseOp( 3160): 	at eehq.d(:com.google.android.gms@252635029@25.26.35 (190400-783060121):466)
07-30 17:20:47.350 W/PhBaseOp( 3160): 	at eehq.b(:com.google.android.gms@252635029@25.26.35 (190400-783060121):43)
07-30 17:20:47.350 W/PhBaseOp( 3160): 	at eehp.i(:com.google.android.gms@252635029@25.26.35 (190400-783060121):3)
07-30 17:20:47.350 W/PhBaseOp( 3160): 	at eehl.h(:com.google.android.gms@252635029@25.26.35 (190400-783060121):35)
07-30 17:20:47.350 W/PhBaseOp( 3160): 	at eehl.f(:com.google.android.gms@252635029@25.26.35 (190400-783060121):17)
07-30 17:20:47.350 W/PhBaseOp( 3160): 	at chij.fI(:com.google.android.gms@252635029@25.26.35 (190400-783060121):1)
07-30 17:20:47.350 W/PhBaseOp( 3160): 	at chin.run(:com.google.android.gms@252635029@25.26.35 (190400-783060121):128)
07-30 17:20:47.350 W/PhBaseOp( 3160): 	at fyft.run(:com.google.android.gms@252635029@25.26.35 (190400-783060121):21)
07-30 17:20:47.350 W/PhBaseOp( 3160): 	at azsg.c(:com.google.android.gms@252635029@25.26.35 (190400-783060121):50)
07-30 17:20:47.350 W/PhBaseOp( 3160): 	at azsg.run(:com.google.android.gms@252635029@25.26.35 (190400-783060121):70)
07-30 17:20:47.350 W/PhBaseOp( 3160): 	at java.util.concurrent.ThreadPoolExecutor.runWorker(ThreadPoolExecutor.java:1137)
07-30 17:20:47.350 W/PhBaseOp( 3160): 	at java.util.concurrent.ThreadPoolExecutor$Worker.run(ThreadPoolExecutor.java:637)
07-30 17:20:47.350 W/PhBaseOp( 3160): 	at azxy.run(:com.google.android.gms@252635029@25.26.35 (190400-783060121):8)
07-30 17:20:47.350 W/PhBaseOp( 3160): 	at java.lang.Thread.run(Thread.java:1012)
07-30 17:20:47.351 W/AsyncOperation( 3160): operation=CommitToConfigurationOperationCall, opStatusCode=29537 [CONTEXT service_id=51 ]
07-30 17:20:47.351 W/AsyncOperation( 3160): OperationException[Status{statusCode=Stale snapshot for com.google.android.gms.adsidentity(new configuration available), resolution=null}]
07-30 17:20:47.351 W/AsyncOperation( 3160): 	at eehl.h(:com.google.android.gms@252635029@25.26.35 (190400-783060121):65)
07-30 17:20:47.351 W/AsyncOperation( 3160): 	at eehl.f(:com.google.android.gms@252635029@25.26.35 (190400-783060121):17)
07-30 17:20:47.351 W/AsyncOperation( 3160): 	at chij.fI(:com.google.android.gms@252635029@25.26.35 (190400-783060121):1)
07-30 17:20:47.351 W/AsyncOperation( 3160): 	at chin.run(:com.google.android.gms@252635029@25.26.35 (190400-783060121):128)
07-30 17:20:47.351 W/AsyncOperation( 3160): 	at fyft.run(:com.google.android.gms@252635029@25.26.35 (190400-783060121):21)
07-30 17:20:47.351 W/AsyncOperation( 3160): 	at azsg.c(:com.google.android.gms@252635029@25.26.35 (190400-783060121):50)
07-30 17:20:47.351 W/AsyncOperation( 3160): 	at azsg.run(:com.google.android.gms@252635029@25.26.35 (190400-783060121):70)
07-30 17:20:47.351 W/AsyncOperation( 3160): 	at java.util.concurrent.ThreadPoolExecutor.runWorker(ThreadPoolExecutor.java:1137)
07-30 17:20:47.351 W/AsyncOperation( 3160): 	at java.util.concurrent.ThreadPoolExecutor$Worker.run(ThreadPoolExecutor.java:637)
07-30 17:20:47.351 W/AsyncOperation( 3160): 	at azxy.run(:com.google.android.gms@252635029@25.26.35 (190400-783060121):8)
07-30 17:20:47.351 W/AsyncOperation( 3160): 	at java.lang.Thread.run(Thread.java:1012)
07-30 17:20:47.372 I/QC2Comp ( 1101): [avcE_17] Stats: Works: Q(175667)/Done(175658)| Work-Rate: Q(31.6/s Avg=38.5/s) Done(31.428/s Avg=38.455/s)| Stream: 59.49fps 9.0Mbps| Pending(9) i/p-done(0)
07-30 17:20:47.389 W/PhBaseOp( 3160): Phenotype API error. Event: # hfse@c1d3d777, EventCode: COMMIT_CONFIG [CONTEXT service_id=51 ]
07-30 17:20:47.389 W/PhBaseOp( 3160): eefr: 29537: Stale snapshot for com.google.android.gms.auth_api_phone(new configuration available)
07-30 17:20:47.389 W/PhBaseOp( 3160): 	at eehq.d(:com.google.android.gms@252635029@25.26.35 (190400-783060121):466)
07-30 17:20:47.389 W/PhBaseOp( 3160): 	at eehq.b(:com.google.android.gms@252635029@25.26.35 (190400-783060121):43)
07-30 17:20:47.389 W/PhBaseOp( 3160): 	at eehp.i(:com.google.android.gms@252635029@25.26.35 (190400-783060121):3)
07-30 17:20:47.389 W/PhBaseOp( 3160): 	at eehl.h(:com.google.android.gms@252635029@25.26.35 (190400-783060121):35)
07-30 17:20:47.389 W/PhBaseOp( 3160): 	at eehl.f(:com.google.android.gms@252635029@25.26.35 (190400-783060121):17)
07-30 17:20:47.389 W/PhBaseOp( 3160): 	at chij.fI(:com.google.android.gms@252635029@25.26.35 (190400-783060121):1)
07-30 17:20:47.389 W/PhBaseOp( 3160): 	at chin.run(:com.google.android.gms@252635029@25.26.35 (190400-783060121):128)
07-30 17:20:47.389 W/PhBaseOp( 3160): 	at fyft.run(:com.google.android.gms@252635029@25.26.35 (190400-783060121):21)
07-30 17:20:47.389 W/PhBaseOp( 3160): 	at azsg.c(:com.google.android.gms@252635029@25.26.35 (190400-783060121):50)
07-30 17:20:47.389 W/PhBaseOp( 3160): 	at azsg.run(:com.google.android.gms@252635029@25.26.35 (190400-783060121):70)
07-30 17:20:47.389 W/PhBaseOp( 3160): 	at java.util.concurrent.ThreadPoolExecutor.runWorker(ThreadPoolExecutor.java:1137)
07-30 17:20:47.389 W/PhBaseOp( 3160): 	at java.util.concurrent.ThreadPoolExecutor$Worker.run(ThreadPoolExecutor.java:637)
07-30 17:20:47.389 W/PhBaseOp( 3160): 	at azxy.run(:com.google.android.gms@252635029@25.26.35 (190400-783060121):8)
07-30 17:20:47.389 W/PhBaseOp( 3160): 	at java.lang.Thread.run(Thread.java:1012)
07-30 17:20:47.392 W/Safetyhub.EmergencySearchIndexablesProvider(15873): Error getting setting item searchables
07-30 17:20:47.392 W/Safetyhub.EmergencySearchIndexablesProvider(15873): java.util.concurrent.ExecutionException: java.lang.IllegalStateException: No account, cannot provide search indexables
07-30 17:20:47.392 W/Safetyhub.EmergencySearchIndexablesProvider(15873): 	at pxc.h(PG:21)
07-30 17:20:47.392 W/Safetyhub.EmergencySearchIndexablesProvider(15873): 	at pxk.s(PG:71)
07-30 17:20:47.392 W/Safetyhub.EmergencySearchIndexablesProvider(15873): 	at pxc.get(PG:1)
07-30 17:20:47.392 W/Safetyhub.EmergencySearchIndexablesProvider(15873): 	at jnn.a(PG:166)
07-30 17:20:47.392 W/Safetyhub.EmergencySearchIndexablesProvider(15873): 	at com.google.android.apps.safetyhub.platformsettings.search.EmergencySearchIndexablesProvider.a(PG:51)
07-30 17:20:47.392 W/Safetyhub.EmergencySearchIndexablesProvider(15873): 	at com.google.android.apps.safetyhub.platformsettings.search.EmergencySearchIndexablesProvider.queryRawData(PG:8)
07-30 17:20:47.392 W/Safetyhub.EmergencySearchIndexablesProvider(15873): 	at android.provider.SearchIndexablesProvider.query(SearchIndexablesProvider.java:125)
07-30 17:20:47.392 W/Safetyhub.EmergencySearchIndexablesProvider(15873): 	at android.content.ContentProvider.query(ContentProvider.java:1455)
07-30 17:20:47.392 W/Safetyhub.EmergencySearchIndexablesProvider(15873): 	at android.content.ContentProvider.query(ContentProvider.java:1551)
07-30 17:20:47.392 W/Safetyhub.EmergencySearchIndexablesProvider(15873): 	at android.content.ContentProvider$Transport.query(ContentProvider.java:285)
07-30 17:20:47.392 W/Safetyhub.EmergencySearchIndexablesProvider(15873): 	at android.content.ContentProviderNative.onTransact(ContentProviderNative.java:107)
07-30 17:20:47.392 W/Safetyhub.EmergencySearchIndexablesProvider(15873): 	at android.os.Binder.execTransactInternal(Binder.java:1280)
07-30 17:20:47.392 W/Safetyhub.EmergencySearchIndexablesProvider(15873): 	at android.os.Binder.execTransact(Binder.java:1244)
07-30 17:20:47.392 W/Safetyhub.EmergencySearchIndexablesProvider(15873): Caused by: java.lang.IllegalStateException: No account, cannot provide search indexables
07-30 17:20:47.392 W/Safetyhub.EmergencySearchIndexablesProvider(15873): 	at hpg.a(PG:652)
07-30 17:20:47.392 W/Safetyhub.EmergencySearchIndexablesProvider(15873): 	at pxz.a(PG:57)
07-30 17:20:47.392 W/Safetyhub.EmergencySearchIndexablesProvider(15873): 	at pxm.d(PG:3)
07-30 17:20:47.392 W/Safetyhub.EmergencySearchIndexablesProvider(15873): 	at pxo.run(PG:38)
07-30 17:20:47.392 W/Safetyhub.EmergencySearchIndexablesProvider(15873): 	at a.e(PG:1)
07-30 17:20:47.392 W/Safetyhub.EmergencySearchIndexablesProvider(15873): 	at pyn.execute(PG:1)
07-30 17:20:47.392 W/Safetyhub.EmergencySearchIndexablesProvider(15873): 	at pxc.f(PG:1)
07-30 17:20:47.392 W/Safetyhub.EmergencySearchIndexablesProvider(15873): 	at pxc.k(PG:93)
07-30 17:20:47.392 W/Safetyhub.EmergencySearchIndexablesProvider(15873): 	at pxc.o(PG:13)
07-30 17:20:47.392 W/Safetyhub.EmergencySearchIndexablesProvider(15873): 	at tka.a(PG:3)
07-30 17:20:47.392 W/Safetyhub.EmergencySearchIndexablesProvider(15873): 	at las.a(PG:27)
07-30 17:20:47.392 W/Safetyhub.EmergencySearchIndexablesProvider(15873): 	at tfg.a(PG:3)
07-30 17:20:47.392 W/Safetyhub.EmergencySearchIndexablesProvider(15873): 	at tfr.k(PG:91)
07-30 17:20:47.392 W/Safetyhub.EmergencySearchIndexablesProvider(15873): 	at tfr.B(PG:290)
07-30 17:20:47.392 W/Safetyhub.EmergencySearchIndexablesProvider(15873): 	at tfr.e(PG:198)
07-30 17:20:47.392 W/Safetyhub.EmergencySearchIndexablesProvider(15873): 	at tfr.E(PG:5)
07-30 17:20:47.392 W/Safetyhub.EmergencySearchIndexablesProvider(15873): 	at tda.dh(PG:5)
07-30 17:20:47.392 W/Safetyhub.EmergencySearchIndexablesProvider(15873): 	at szd.dh(PG:35)
07-30 17:20:47.392 W/Safetyhub.EmergencySearchIndexablesProvider(15873): 	at tlc.g(PG:7)
07-30 17:20:47.392 W/Safetyhub.EmergencySearchIndexablesProvider(15873): 	at tda.dh(PG:14)
07-30 17:20:47.392 W/Safetyhub.EmergencySearchIndexablesProvider(15873): 	at szd.dh(PG:35)
07-30 17:20:47.392 W/Safetyhub.EmergencySearchIndexablesProvider(15873): 	at tel.run(PG:107)
07-30 17:20:47.392 W/Safetyhub.EmergencySearchIndexablesProvider(15873): 	at mpd.run(PG:101)
07-30 17:20:47.392 W/Safetyhub.EmergencySearchIndexablesProvider(15873): 	at jmw.run(PG:7)
07-30 17:20:47.392 W/Safetyhub.EmergencySearchIndexablesProvider(15873): 	at ptn.run(PG:44)
07-30 17:20:47.392 W/Safetyhub.EmergencySearchIndexablesProvider(15873): 	at iwn.run(PG:365)
07-30 17:20:47.392 W/Safetyhub.EmergencySearchIndexablesProvider(15873): 	at java.lang.Thread.run(Thread.java:1012)
07-30 17:20:47.392 W/Safetyhub.EmergencySearchIndexablesProvider(15873): 	at jog.run(PG:61)
07-30 17:20:47.393 W/AsyncOperation( 3160): operation=CommitToConfigurationOperationCall, opStatusCode=29537 [CONTEXT service_id=51 ]
07-30 17:20:47.393 W/AsyncOperation( 3160): OperationException[Status{statusCode=Stale snapshot for com.google.android.gms.auth_api_phone(new configuration available), resolution=null}]
07-30 17:20:47.393 W/AsyncOperation( 3160): 	at eehl.h(:com.google.android.gms@252635029@25.26.35 (190400-783060121):65)
07-30 17:20:47.393 W/AsyncOperation( 3160): 	at eehl.f(:com.google.android.gms@252635029@25.26.35 (190400-783060121):17)
07-30 17:20:47.393 W/AsyncOperation( 3160): 	at chij.fI(:com.google.android.gms@252635029@25.26.35 (190400-783060121):1)
07-30 17:20:47.393 W/AsyncOperation( 3160): 	at chin.run(:com.google.android.gms@252635029@25.26.35 (190400-783060121):128)
07-30 17:20:47.393 W/AsyncOperation( 3160): 	at fyft.run(:com.google.android.gms@252635029@25.26.35 (190400-783060121):21)
07-30 17:20:47.393 W/AsyncOperation( 3160): 	at azsg.c(:com.google.android.gms@252635029@25.26.35 (190400-783060121):50)
07-30 17:20:47.393 W/AsyncOperation( 3160): 	at azsg.run(:com.google.android.gms@252635029@25.26.35 (190400-783060121):70)
07-30 17:20:47.393 W/AsyncOperation( 3160): 	at java.util.concurrent.ThreadPoolExecutor.runWorker(ThreadPoolExecutor.java:1137)
07-30 17:20:47.393 W/AsyncOperation( 3160): 	at java.util.concurrent.ThreadPoolExecutor$Worker.run(ThreadPoolExecutor.java:637)
07-30 17:20:47.393 W/AsyncOperation( 3160): 	at azxy.run(:com.google.android.gms@252635029@25.26.35 (190400-783060121):8)
07-30 17:20:47.393 W/AsyncOperation( 3160): 	at java.lang.Thread.run(Thread.java:1012)
07-30 17:20:47.396 W/RemoteCallableBase(15201): Null cursor. Cannot add index data for Uri: content://com.google.android.apps.wellbeing/settings/dynamic_indexables_raw
07-30 17:20:47.425 W/VideoCapabilities(15812): Unsupported mime image/vnd.android.heic
07-30 17:20:47.465 D/CompatibilityChangeReporter( 9634): Compat change id reported: 158482162; UID 10123; state: ENABLED
07-30 17:20:47.468 I/CameraManagerGlobal(15812): Connecting to camera service
07-30 17:20:47.472 D/CompatibilityChangeReporter( 1685): Compat change id reported: 158482162; UID 10123; state: ENABLED
07-30 17:20:47.498 W/PhBaseOp( 3160): Phenotype API error. Event: # hfse@f3986cc2, EventCode: COMMIT_CONFIG [CONTEXT service_id=51 ]
07-30 17:20:47.498 W/PhBaseOp( 3160): eefr: 29537: Stale snapshot for com.google.android.gms.constellation(new configuration available)
07-30 17:20:47.498 W/PhBaseOp( 3160): 	at eehq.d(:com.google.android.gms@252635029@25.26.35 (190400-783060121):466)
07-30 17:20:47.498 W/PhBaseOp( 3160): 	at eehq.b(:com.google.android.gms@252635029@25.26.35 (190400-783060121):43)
07-30 17:20:47.498 W/PhBaseOp( 3160): 	at eehp.i(:com.google.android.gms@252635029@25.26.35 (190400-783060121):3)
07-30 17:20:47.498 W/PhBaseOp( 3160): 	at eehl.h(:com.google.android.gms@252635029@25.26.35 (190400-783060121):35)
07-30 17:20:47.498 W/PhBaseOp( 3160): 	at eehl.f(:com.google.android.gms@252635029@25.26.35 (190400-783060121):17)
07-30 17:20:47.498 W/PhBaseOp( 3160): 	at chij.fI(:com.google.android.gms@252635029@25.26.35 (190400-783060121):1)
07-30 17:20:47.498 W/PhBaseOp( 3160): 	at chin.run(:com.google.android.gms@252635029@25.26.35 (190400-783060121):128)
07-30 17:20:47.498 W/PhBaseOp( 3160): 	at fyft.run(:com.google.android.gms@252635029@25.26.35 (190400-783060121):21)
07-30 17:20:47.498 W/PhBaseOp( 3160): 	at azsg.c(:com.google.android.gms@252635029@25.26.35 (190400-783060121):50)
07-30 17:20:47.498 W/PhBaseOp( 3160): 	at azsg.run(:com.google.android.gms@252635029@25.26.35 (190400-783060121):70)
07-30 17:20:47.498 W/PhBaseOp( 3160): 	at java.util.concurrent.ThreadPoolExecutor.runWorker(ThreadPoolExecutor.java:1137)
07-30 17:20:47.498 W/PhBaseOp( 3160): 	at java.util.concurrent.ThreadPoolExecutor$Worker.run(ThreadPoolExecutor.java:637)
07-30 17:20:47.498 W/PhBaseOp( 3160): 	at azxy.run(:com.google.android.gms@252635029@25.26.35 (190400-783060121):8)
07-30 17:20:47.498 W/PhBaseOp( 3160): 	at java.lang.Thread.run(Thread.java:1012)
07-30 17:20:47.501 W/AsyncOperation( 3160): operation=CommitToConfigurationOperationCall, opStatusCode=29537 [CONTEXT service_id=51 ]
07-30 17:20:47.501 W/AsyncOperation( 3160): OperationException[Status{statusCode=Stale snapshot for com.google.android.gms.constellation(new configuration available), resolution=null}]
07-30 17:20:47.501 W/AsyncOperation( 3160): 	at eehl.h(:com.google.android.gms@252635029@25.26.35 (190400-783060121):65)
07-30 17:20:47.501 W/AsyncOperation( 3160): 	at eehl.f(:com.google.android.gms@252635029@25.26.35 (190400-783060121):17)
07-30 17:20:47.501 W/AsyncOperation( 3160): 	at chij.fI(:com.google.android.gms@252635029@25.26.35 (190400-783060121):1)
07-30 17:20:47.501 W/AsyncOperation( 3160): 	at chin.run(:com.google.android.gms@252635029@25.26.35 (190400-783060121):128)
07-30 17:20:47.501 W/AsyncOperation( 3160): 	at fyft.run(:com.google.android.gms@252635029@25.26.35 (190400-783060121):21)
07-30 17:20:47.501 W/AsyncOperation( 3160): 	at azsg.c(:com.google.android.gms@252635029@25.26.35 (190400-783060121):50)
07-30 17:20:47.501 W/AsyncOperation( 3160): 	at azsg.run(:com.google.android.gms@252635029@25.26.35 (190400-783060121):70)
07-30 17:20:47.501 W/AsyncOperation( 3160): 	at java.util.concurrent.ThreadPoolExecutor.runWorker(ThreadPoolExecutor.java:1137)
07-30 17:20:47.501 W/AsyncOperation( 3160): 	at java.util.concurrent.ThreadPoolExecutor$Worker.run(ThreadPoolExecutor.java:637)
07-30 17:20:47.501 W/AsyncOperation( 3160): 	at azxy.run(:com.google.android.gms@252635029@25.26.35 (190400-783060121):8)
07-30 17:20:47.501 W/AsyncOperation( 3160): 	at java.lang.Thread.run(Thread.java:1012)
07-30 17:20:47.519 W/PhBaseOp( 3160): Phenotype API error. Event: # hfse@31410ba0, EventCode: COMMIT_CONFIG [CONTEXT service_id=51 ]
07-30 17:20:47.519 W/PhBaseOp( 3160): eefr: 29537: Stale snapshot for com.google.android.gms.cast(new configuration available)
07-30 17:20:47.519 W/PhBaseOp( 3160): 	at eehq.d(:com.google.android.gms@252635029@25.26.35 (190400-783060121):466)
07-30 17:20:47.519 W/PhBaseOp( 3160): 	at eehq.b(:com.google.android.gms@252635029@25.26.35 (190400-783060121):43)
07-30 17:20:47.519 W/PhBaseOp( 3160): 	at eehp.i(:com.google.android.gms@252635029@25.26.35 (190400-783060121):3)
07-30 17:20:47.519 W/PhBaseOp( 3160): 	at eehl.h(:com.google.android.gms@252635029@25.26.35 (190400-783060121):35)
07-30 17:20:47.519 W/PhBaseOp( 3160): 	at eehl.f(:com.google.android.gms@252635029@25.26.35 (190400-783060121):17)
07-30 17:20:47.519 W/PhBaseOp( 3160): 	at chij.fI(:com.google.android.gms@252635029@25.26.35 (190400-783060121):1)
07-30 17:20:47.519 W/PhBaseOp( 3160): 	at chin.run(:com.google.android.gms@252635029@25.26.35 (190400-783060121):128)
07-30 17:20:47.519 W/PhBaseOp( 3160): 	at fyft.run(:com.google.android.gms@252635029@25.26.35 (190400-783060121):21)
07-30 17:20:47.519 W/PhBaseOp( 3160): 	at azsg.c(:com.google.android.gms@252635029@25.26.35 (190400-783060121):50)
07-30 17:20:47.519 W/PhBaseOp( 3160): 	at azsg.run(:com.google.android.gms@252635029@25.26.35 (190400-783060121):70)
07-30 17:20:47.519 W/PhBaseOp( 3160): 	at java.util.concurrent.ThreadPoolExecutor.runWorker(ThreadPoolExecutor.java:1137)
07-30 17:20:47.519 W/PhBaseOp( 3160): 	at java.util.concurrent.ThreadPoolExecutor$Worker.run(ThreadPoolExecutor.java:637)
07-30 17:20:47.519 W/PhBaseOp( 3160): 	at azxy.run(:com.google.android.gms@252635029@25.26.35 (190400-783060121):8)
07-30 17:20:47.519 W/PhBaseOp( 3160): 	at java.lang.Thread.run(Thread.java:1012)
07-30 17:20:47.523 W/AsyncOperation( 3160): operation=CommitToConfigurationOperationCall, opStatusCode=29537 [CONTEXT service_id=51 ]
07-30 17:20:47.523 W/AsyncOperation( 3160): OperationException[Status{statusCode=Stale snapshot for com.google.android.gms.cast(new configuration available), resolution=null}]
07-30 17:20:47.523 W/AsyncOperation( 3160): 	at eehl.h(:com.google.android.gms@252635029@25.26.35 (190400-783060121):65)
07-30 17:20:47.523 W/AsyncOperation( 3160): 	at eehl.f(:com.google.android.gms@252635029@25.26.35 (190400-783060121):17)
07-30 17:20:47.523 W/AsyncOperation( 3160): 	at chij.fI(:com.google.android.gms@252635029@25.26.35 (190400-783060121):1)
07-30 17:20:47.523 W/AsyncOperation( 3160): 	at chin.run(:com.google.android.gms@252635029@25.26.35 (190400-783060121):128)
07-30 17:20:47.523 W/AsyncOperation( 3160): 	at fyft.run(:com.google.android.gms@252635029@25.26.35 (190400-783060121):21)
07-30 17:20:47.523 W/AsyncOperation( 3160): 	at azsg.c(:com.google.android.gms@252635029@25.26.35 (190400-783060121):50)
07-30 17:20:47.523 W/AsyncOperation( 3160): 	at azsg.run(:com.google.android.gms@252635029@25.26.35 (190400-783060121):70)
07-30 17:20:47.523 W/AsyncOperation( 3160): 	at java.util.concurrent.ThreadPoolExecutor.runWorker(ThreadPoolExecutor.java:1137)
07-30 17:20:47.523 W/AsyncOperation( 3160): 	at java.util.concurrent.ThreadPoolExecutor$Worker.run(ThreadPoolExecutor.java:637)
07-30 17:20:47.523 W/AsyncOperation( 3160): 	at azxy.run(:com.google.android.gms@252635029@25.26.35 (190400-783060121):8)
07-30 17:20:47.523 W/AsyncOperation( 3160): 	at java.lang.Thread.run(Thread.java:1012)
07-30 17:20:47.529 I/CAR.DRIVINGMODE( 9634): DrivingMode Settings Indexed from the location module
07-30 17:20:47.531 W/PhBaseOp( 3160): Phenotype API error. Event: # hfse@9d3a143f, EventCode: COMMIT_CONFIG [CONTEXT service_id=51 ]
07-30 17:20:47.531 W/PhBaseOp( 3160): eefr: 29537: Stale snapshot for com.google.android.gms.crisisalerts#com.google.android.gms(new configuration available)
07-30 17:20:47.531 W/PhBaseOp( 3160): 	at eehq.d(:com.google.android.gms@252635029@25.26.35 (190400-783060121):466)
07-30 17:20:47.531 W/PhBaseOp( 3160): 	at eehq.b(:com.google.android.gms@252635029@25.26.35 (190400-783060121):43)
07-30 17:20:47.531 W/PhBaseOp( 3160): 	at eehp.i(:com.google.android.gms@252635029@25.26.35 (190400-783060121):3)
07-30 17:20:47.531 W/PhBaseOp( 3160): 	at eehl.h(:com.google.android.gms@252635029@25.26.35 (190400-783060121):35)
07-30 17:20:47.531 W/PhBaseOp( 3160): 	at eehl.f(:com.google.android.gms@252635029@25.26.35 (190400-783060121):17)
07-30 17:20:47.531 W/PhBaseOp( 3160): 	at chij.fI(:com.google.android.gms@252635029@25.26.35 (190400-783060121):1)
07-30 17:20:47.531 W/PhBaseOp( 3160): 	at chin.run(:com.google.android.gms@252635029@25.26.35 (190400-783060121):128)
07-30 17:20:47.531 W/PhBaseOp( 3160): 	at fyft.run(:com.google.android.gms@252635029@25.26.35 (190400-783060121):21)
07-30 17:20:47.531 W/PhBaseOp( 3160): 	at azsg.c(:com.google.android.gms@252635029@25.26.35 (190400-783060121):50)
07-30 17:20:47.531 W/PhBaseOp( 3160): 	at azsg.run(:com.google.android.gms@252635029@25.26.35 (190400-783060121):70)
07-30 17:20:47.531 W/PhBaseOp( 3160): 	at java.util.concurrent.ThreadPoolExecutor.runWorker(ThreadPoolExecutor.java:1137)
07-30 17:20:47.531 W/PhBaseOp( 3160): 	at java.util.concurrent.ThreadPoolExecutor$Worker.run(ThreadPoolExecutor.java:637)
07-30 17:20:47.531 W/PhBaseOp( 3160): 	at azxy.run(:com.google.android.gms@252635029@25.26.35 (190400-783060121):8)
07-30 17:20:47.531 W/PhBaseOp( 3160): 	at java.lang.Thread.run(Thread.java:1012)
07-30 17:20:47.533 W/AsyncOperation( 3160): operation=CommitToConfigurationOperationCall, opStatusCode=29537 [CONTEXT service_id=51 ]
07-30 17:20:47.533 W/AsyncOperation( 3160): OperationException[Status{statusCode=Stale snapshot for com.google.android.gms.crisisalerts#com.google.android.gms(new configuration available), resolution=null}]
07-30 17:20:47.533 W/AsyncOperation( 3160): 	at eehl.h(:com.google.android.gms@252635029@25.26.35 (190400-783060121):65)
07-30 17:20:47.533 W/AsyncOperation( 3160): 	at eehl.f(:com.google.android.gms@252635029@25.26.35 (190400-783060121):17)
07-30 17:20:47.533 W/AsyncOperation( 3160): 	at chij.fI(:com.google.android.gms@252635029@25.26.35 (190400-783060121):1)
07-30 17:20:47.533 W/AsyncOperation( 3160): 	at chin.run(:com.google.android.gms@252635029@25.26.35 (190400-783060121):128)
07-30 17:20:47.533 W/AsyncOperation( 3160): 	at fyft.run(:com.google.android.gms@252635029@25.26.35 (190400-783060121):21)
07-30 17:20:47.533 W/AsyncOperation( 3160): 	at azsg.c(:com.google.android.gms@252635029@25.26.35 (190400-783060121):50)
07-30 17:20:47.533 W/AsyncOperation( 3160): 	at azsg.run(:com.google.android.gms@252635029@25.26.35 (190400-783060121):70)
07-30 17:20:47.533 W/AsyncOperation( 3160): 	at java.util.concurrent.ThreadPoolExecutor.runWorker(ThreadPoolExecutor.java:1137)
07-30 17:20:47.533 W/AsyncOperation( 3160): 	at java.util.concurrent.ThreadPoolExecutor$Worker.run(ThreadPoolExecutor.java:637)
07-30 17:20:47.533 W/AsyncOperation( 3160): 	at azxy.run(:com.google.android.gms@252635029@25.26.35 (190400-783060121):8)
07-30 17:20:47.533 W/AsyncOperation( 3160): 	at java.lang.Thread.run(Thread.java:1012)
07-30 17:20:47.534 W/PhBaseOp( 3160): Phenotype API error. Event: # hfse@12c84107, EventCode: COMMIT_CONFIG [CONTEXT service_id=51 ]
07-30 17:20:47.534 W/PhBaseOp( 3160): eefr: 29537: Stale snapshot for com.google.android.gms.fido(new configuration available)
07-30 17:20:47.534 W/PhBaseOp( 3160): 	at eehq.d(:com.google.android.gms@252635029@25.26.35 (190400-783060121):466)
07-30 17:20:47.534 W/PhBaseOp( 3160): 	at eehq.b(:com.google.android.gms@252635029@25.26.35 (190400-783060121):43)
07-30 17:20:47.534 W/PhBaseOp( 3160): 	at eehp.i(:com.google.android.gms@252635029@25.26.35 (190400-783060121):3)
07-30 17:20:47.534 W/PhBaseOp( 3160): 	at eehl.h(:com.google.android.gms@252635029@25.26.35 (190400-783060121):35)
07-30 17:20:47.534 W/PhBaseOp( 3160): 	at eehl.f(:com.google.android.gms@252635029@25.26.35 (190400-783060121):17)
07-30 17:20:47.534 W/PhBaseOp( 3160): 	at chij.fI(:com.google.android.gms@252635029@25.26.35 (190400-783060121):1)
07-30 17:20:47.534 W/PhBaseOp( 3160): 	at chin.run(:com.google.android.gms@252635029@25.26.35 (190400-783060121):128)
07-30 17:20:47.534 W/PhBaseOp( 3160): 	at fyft.run(:com.google.android.gms@252635029@25.26.35 (190400-783060121):21)
07-30 17:20:47.534 W/PhBaseOp( 3160): 	at azsg.c(:com.google.android.gms@252635029@25.26.35 (190400-783060121):50)
07-30 17:20:47.534 W/PhBaseOp( 3160): 	at azsg.run(:com.google.android.gms@252635029@25.26.35 (190400-783060121):70)
07-30 17:20:47.534 W/PhBaseOp( 3160): 	at java.util.concurrent.ThreadPoolExecutor.runWorker(ThreadPoolExecutor.java:1137)
07-30 17:20:47.534 W/PhBaseOp( 3160): 	at java.util.concurrent.ThreadPoolExecutor$Worker.run(ThreadPoolExecutor.java:637)
07-30 17:20:47.534 W/PhBaseOp( 3160): 	at azxy.run(:com.google.android.gms@252635029@25.26.35 (190400-783060121):8)
07-30 17:20:47.534 W/PhBaseOp( 3160): 	at java.lang.Thread.run(Thread.java:1012)
07-30 17:20:47.536 W/AsyncOperation( 3160): operation=CommitToConfigurationOperationCall, opStatusCode=29537 [CONTEXT service_id=51 ]
07-30 17:20:47.536 W/AsyncOperation( 3160): OperationException[Status{statusCode=Stale snapshot for com.google.android.gms.fido(new configuration available), resolution=null}]
07-30 17:20:47.536 W/AsyncOperation( 3160): 	at eehl.h(:com.google.android.gms@252635029@25.26.35 (190400-783060121):65)
07-30 17:20:47.536 W/AsyncOperation( 3160): 	at eehl.f(:com.google.android.gms@252635029@25.26.35 (190400-783060121):17)
07-30 17:20:47.536 W/AsyncOperation( 3160): 	at chij.fI(:com.google.android.gms@252635029@25.26.35 (190400-783060121):1)
07-30 17:20:47.536 W/AsyncOperation( 3160): 	at chin.run(:com.google.android.gms@252635029@25.26.35 (190400-783060121):128)
07-30 17:20:47.536 W/AsyncOperation( 3160): 	at fyft.run(:com.google.android.gms@252635029@25.26.35 (190400-783060121):21)
07-30 17:20:47.536 W/AsyncOperation( 3160): 	at azsg.c(:com.google.android.gms@252635029@25.26.35 (190400-783060121):50)
07-30 17:20:47.536 W/AsyncOperation( 3160): 	at azsg.run(:com.google.android.gms@252635029@25.26.35 (190400-783060121):70)
07-30 17:20:47.536 W/AsyncOperation( 3160): 	at java.util.concurrent.ThreadPoolExecutor.runWorker(ThreadPoolExecutor.java:1137)
07-30 17:20:47.536 W/AsyncOperation( 3160): 	at java.util.concurrent.ThreadPoolExecutor$Worker.run(ThreadPoolExecutor.java:637)
07-30 17:20:47.536 W/AsyncOperation( 3160): 	at azxy.run(:com.google.android.gms@252635029@25.26.35 (190400-783060121):8)
07-30 17:20:47.536 W/AsyncOperation( 3160): 	at java.lang.Thread.run(Thread.java:1012)
07-30 17:20:47.567 W/.gms.persistent( 3160): Couldn't lock the profile file /data/misc/profiles/cur/0/com.google.android.gms/primary.prof: Failed to lock file '/data/misc/profiles/cur/0/com.google.android.gms/primary.prof': Try again
07-30 17:20:47.567 W/.gms.persistent( 3160): Could not forcefully load profile /data/misc/profiles/cur/0/com.google.android.gms/primary.prof
07-30 17:20:47.619 W/RemoteCallableBase(15201): Null cursor. Cannot add index data for Uri: content://com.google.android.GoogleCamera/settings/dynamic_indexables_raw
07-30 17:20:47.622 W/CAM_A   (15812): Called queryNonIndexableKeys
07-30 17:20:47.638 D/ThermalEngine( 1292): handle_timer_sig: SS Id SS-SKIN-LOW-CPU7 Read skin-therm-adc 48896mC, Err -3896mC, SampleCnt 1
07-30 17:20:47.639 D/ThermalEngine( 1292): handle_timer_sig: SS Id SS-SKIN-HIGH-CPU7 Read skin-therm-adc 48904mC, Err -5904mC, SampleCnt 1
07-30 17:20:47.659 W/RemoteCallableBase(15201): Null cursor. Cannot add index data for Uri: content://com.google.android.apps.safetyhub.platformsettings.searchindexablesprovider/settings/dynamic_indexables_raw
07-30 17:20:47.676 W/Safetyhub.EmergencySearchIndexablesProvider(15873): Error getting setting item searchables
07-30 17:20:47.676 W/Safetyhub.EmergencySearchIndexablesProvider(15873): java.util.concurrent.ExecutionException: java.lang.IllegalStateException: No account, cannot provide search indexables
07-30 17:20:47.676 W/Safetyhub.EmergencySearchIndexablesProvider(15873): 	at pxc.h(PG:21)
07-30 17:20:47.676 W/Safetyhub.EmergencySearchIndexablesProvider(15873): 	at pxk.s(PG:23)
07-30 17:20:47.676 W/Safetyhub.EmergencySearchIndexablesProvider(15873): 	at pxc.get(PG:1)
07-30 17:20:47.676 W/Safetyhub.EmergencySearchIndexablesProvider(15873): 	at jnn.a(PG:166)
07-30 17:20:47.676 W/Safetyhub.EmergencySearchIndexablesProvider(15873): 	at com.google.android.apps.safetyhub.platformsettings.search.EmergencySearchIndexablesProvider.a(PG:51)
07-30 17:20:47.676 W/Safetyhub.EmergencySearchIndexablesProvider(15873): 	at com.google.android.apps.safetyhub.platformsettings.search.EmergencySearchIndexablesProvider.queryNonIndexableKeys(PG:62)
07-30 17:20:47.676 W/Safetyhub.EmergencySearchIndexablesProvider(15873): 	at android.provider.SearchIndexablesProvider.query(SearchIndexablesProvider.java:127)
07-30 17:20:47.676 W/Safetyhub.EmergencySearchIndexablesProvider(15873): 	at android.content.ContentProvider.query(ContentProvider.java:1455)
07-30 17:20:47.676 W/Safetyhub.EmergencySearchIndexablesProvider(15873): 	at android.content.ContentProvider.query(ContentProvider.java:1551)
07-30 17:20:47.676 W/Safetyhub.EmergencySearchIndexablesProvider(15873): 	at android.content.ContentProvider$Transport.query(ContentProvider.java:285)
07-30 17:20:47.676 W/Safetyhub.EmergencySearchIndexablesProvider(15873): 	at android.content.ContentProviderNative.onTransact(ContentProviderNative.java:107)
07-30 17:20:47.676 W/Safetyhub.EmergencySearchIndexablesProvider(15873): 	at android.os.Binder.execTransactInternal(Binder.java:1280)
07-30 17:20:47.676 W/Safetyhub.EmergencySearchIndexablesProvider(15873): 	at android.os.Binder.execTransact(Binder.java:1244)
07-30 17:20:47.676 W/Safetyhub.EmergencySearchIndexablesProvider(15873): Caused by: java.lang.IllegalStateException: No account, cannot provide search indexables
07-30 17:20:47.676 W/Safetyhub.EmergencySearchIndexablesProvider(15873): 	at hpg.a(PG:652)
07-30 17:20:47.676 W/Safetyhub.EmergencySearchIndexablesProvider(15873): 	at pxz.a(PG:57)
07-30 17:20:47.676 W/Safetyhub.EmergencySearchIndexablesProvider(15873): 	at pxm.d(PG:3)
07-30 17:20:47.676 W/Safetyhub.EmergencySearchIndexablesProvider(15873): 	at pxo.run(PG:38)
07-30 17:20:47.676 W/Safetyhub.EmergencySearchIndexablesProvider(15873): 	at a.e(PG:1)
07-30 17:20:47.676 W/Safetyhub.EmergencySearchIndexablesProvider(15873): 	at pyn.execute(PG:1)
07-30 17:20:47.676 W/Safetyhub.EmergencySearchIndexablesProvider(15873): 	at pxc.f(PG:1)
07-30 17:20:47.676 W/Safetyhub.EmergencySearchIndexablesProvider(15873): 	at pxc.c(PG:42)
07-30 17:20:47.676 W/Safetyhub.EmergencySearchIndexablesProvider(15873): 	at tka.c(PG:3)
07-30 17:20:47.676 W/Safetyhub.EmergencySearchIndexablesProvider(15873): 	at pxo.g(PG:10)
07-30 17:20:47.676 W/Safetyhub.EmergencySearchIndexablesProvider(15873): 	at owi.ap(PG:5)
07-30 17:20:47.676 W/Safetyhub.EmergencySearchIndexablesProvider(15873): 	at com.google.android.apps.safetyhub.platformsettings.search.EmergencySearchIndexablesProvider.a(PG:47)
07-30 17:20:47.676 W/Safetyhub.EmergencySearchIndexablesProvider(15873): 	... 8 more
07-30 17:20:47.716 W/RemoteCallableBase(15201): Null cursor. Cannot add index data for Uri: content://com.google.android.googlequicksearchbox.settings.search/settings/dynamic_indexables_raw
07-30 17:20:47.788 I/GmsModuleInitializer( 9634): Using ContainerGservicesDelegate
07-30 17:20:47.841 I/SettingsSearchIndexablesProvider( 3133): SettingsSearchIndexablesProvider.queryXmlResources():77 queryXmlResources
07-30 17:20:47.842 W/audio_hw_primary( 1053): out_write: underrun(1187) frames_by_time(50) > out->last_fifo_frames_remaining(48)
07-30 17:20:47.879 I/SettingsSearchIndexablesProvider( 3133): SettingsSearchIndexablesProvider.queryRawData():85 queryRawData
07-30 17:20:48.000 W/PhBaseOp( 3160): Phenotype API error. Event: # hfse@2d9d264c, EventCode: COMMIT_CONFIG [CONTEXT service_id=51 ]
07-30 17:20:48.000 W/PhBaseOp( 3160): eefr: 29537: Stale snapshot for com.google.android.gms.auth_account_client#com.google.android.gms(new configuration available)
07-30 17:20:48.000 W/PhBaseOp( 3160): 	at eehq.d(:com.google.android.gms@252635029@25.26.35 (190400-783060121):466)
07-30 17:20:48.000 W/PhBaseOp( 3160): 	at eehq.b(:com.google.android.gms@252635029@25.26.35 (190400-783060121):43)
07-30 17:20:48.000 W/PhBaseOp( 3160): 	at eehp.i(:com.google.android.gms@252635029@25.26.35 (190400-783060121):3)
07-30 17:20:48.000 W/PhBaseOp( 3160): 	at eehl.h(:com.google.android.gms@252635029@25.26.35 (190400-783060121):35)
07-30 17:20:48.000 W/PhBaseOp( 3160): 	at eehl.f(:com.google.android.gms@252635029@25.26.35 (190400-783060121):17)
07-30 17:20:48.000 W/PhBaseOp( 3160): 	at chij.fI(:com.google.android.gms@252635029@25.26.35 (190400-783060121):1)
07-30 17:20:48.000 W/PhBaseOp( 3160): 	at chin.run(:com.google.android.gms@252635029@25.26.35 (190400-783060121):128)
07-30 17:20:48.000 W/PhBaseOp( 3160): 	at fyft.run(:com.google.android.gms@252635029@25.26.35 (190400-783060121):21)
07-30 17:20:48.000 W/PhBaseOp( 3160): 	at azsg.c(:com.google.android.gms@252635029@25.26.35 (190400-783060121):50)
07-30 17:20:48.000 W/PhBaseOp( 3160): 	at azsg.run(:com.google.android.gms@252635029@25.26.35 (190400-783060121):70)
07-30 17:20:48.000 W/PhBaseOp( 3160): 	at java.util.concurrent.ThreadPoolExecutor.runWorker(ThreadPoolExecutor.java:1137)
07-30 17:20:48.000 W/PhBaseOp( 3160): 	at java.util.concurrent.ThreadPoolExecutor$Worker.run(ThreadPoolExecutor.java:637)
07-30 17:20:48.000 W/PhBaseOp( 3160): 	at azxy.run(:com.google.android.gms@252635029@25.26.35 (190400-783060121):8)
07-30 17:20:48.000 W/PhBaseOp( 3160): 	at java.lang.Thread.run(Thread.java:1012)
07-30 17:20:48.002 W/AsyncOperation( 3160): operation=CommitToConfigurationOperationCall, opStatusCode=29537 [CONTEXT service_id=51 ]
07-30 17:20:48.002 W/AsyncOperation( 3160): OperationException[Status{statusCode=Stale snapshot for com.google.android.gms.auth_account_client#com.google.android.gms(new configuration available), resolution=null}]
07-30 17:20:48.002 W/AsyncOperation( 3160): 	at eehl.h(:com.google.android.gms@252635029@25.26.35 (190400-783060121):65)
07-30 17:20:48.002 W/AsyncOperation( 3160): 	at eehl.f(:com.google.android.gms@252635029@25.26.35 (190400-783060121):17)
07-30 17:20:48.002 W/AsyncOperation( 3160): 	at chij.fI(:com.google.android.gms@252635029@25.26.35 (190400-783060121):1)
07-30 17:20:48.002 W/AsyncOperation( 3160): 	at chin.run(:com.google.android.gms@252635029@25.26.35 (190400-783060121):128)
07-30 17:20:48.002 W/AsyncOperation( 3160): 	at fyft.run(:com.google.android.gms@252635029@25.26.35 (190400-783060121):21)
07-30 17:20:48.002 W/AsyncOperation( 3160): 	at azsg.c(:com.google.android.gms@252635029@25.26.35 (190400-783060121):50)
07-30 17:20:48.002 W/AsyncOperation( 3160): 	at azsg.run(:com.google.android.gms@252635029@25.26.35 (190400-783060121):70)
07-30 17:20:48.002 W/AsyncOperation( 3160): 	at java.util.concurrent.ThreadPoolExecutor.runWorker(ThreadPoolExecutor.java:1137)
07-30 17:20:48.002 W/AsyncOperation( 3160): 	at java.util.concurrent.ThreadPoolExecutor$Worker.run(ThreadPoolExecutor.java:637)
07-30 17:20:48.002 W/AsyncOperation( 3160): 	at azxy.run(:com.google.android.gms@252635029@25.26.35 (190400-783060121):8)
07-30 17:20:48.002 W/AsyncOperation( 3160): 	at java.lang.Thread.run(Thread.java:1012)
07-30 17:20:48.067 W/RemoteCallableBase(15201): Null cursor. Cannot add index data for Uri: content://com.google.android.apps.gsa.opa.AssistantSettingsProvider/settings/dynamic_indexables_raw
07-30 17:20:48.071 W/RemoteCallableBase(15201): Null cursor. Cannot add index data for Uri: content://com.google.android.apps.search.assistant.surfaces.settings.search/settings/dynamic_indexables_raw
07-30 17:20:48.115 D/CompatibilityChangeReporter( 1685): Compat change id reported: 135634846; UID 10162; state: DISABLED
07-30 17:20:48.115 D/CompatibilityChangeReporter( 1685): Compat change id reported: 177438394; UID 10162; state: DISABLED
07-30 17:20:48.115 D/CompatibilityChangeReporter( 1685): Compat change id reported: 135772972; UID 10162; state: DISABLED
07-30 17:20:48.115 D/CompatibilityChangeReporter( 1685): Compat change id reported: 135754954; UID 10162; state: ENABLED
07-30 17:20:48.116 W/ListPreference( 3133): Setting a summary with a String formatting marker is no longer supported. You should use a SummaryProvider instead.
