07-30 17:20:48.116 D/CompatibilityChangeReporter( 1685): Compat change id reported: 143937733; UID 10162; state: ENABLED
07-30 17:20:48.124 W/ListPreference( 3133): Setting a summary with a String formatting marker is no longer supported. You should use a SummaryProvider instead.
07-30 17:20:48.124 W/ListPreference( 3133): Setting a summary with a String formatting marker is no longer supported. You should use a SummaryProvider instead.
07-30 17:20:48.128 D/Zygote  ( 1038): Forked child process 16032
07-30 17:20:48.128 I/ActivityManager( 1685): Start proc 16032:com.google.android.marvin.talkback/u0a162 for content provider {com.google.android.marvin.talkback/com.google.android.accessibility.talkback.preference.search.TalkBackSearchIndexablesProvider}
07-30 17:20:48.131 I/GmsModuleInitializer( 9634): Using ContainerGservicesDelegate
07-30 17:20:48.153 I/marvin.talkback(16032): Using CollectorTypeCC GC.
07-30 17:20:48.156 W/ListPreference( 3133): Setting a summary with a String formatting marker is no longer supported. You should use a SummaryProvider instead.
07-30 17:20:48.157 W/ListPreference( 3133): Setting a summary with a String formatting marker is no longer supported. You should use a SummaryProvider instead.
07-30 17:20:48.157 W/ListPreference( 3133): Setting a summary with a String formatting marker is no longer supported. You should use a SummaryProvider instead.
07-30 17:20:48.164 E/marvin.talkback(16032): Not starting debugger since process cannot load the jdwp agent.
07-30 17:20:48.166 W/audio_hw_primary( 1053): out_write: underrun(1188) frames_by_time(108) > out->last_fifo_frames_remaining(96)
07-30 17:20:48.193 D/CompatibilityChangeReporter( 1685): Compat change id reported: 168419799; UID 10162; state: DISABLED
07-30 17:20:48.194 D/CompatibilityChangeReporter( 1685): Compat change id reported: 273564678; UID 10162; state: DISABLED
07-30 17:20:48.202 D/CompatibilityChangeReporter(16032): Compat change id reported: 171979766; UID 10162; state: ENABLED
07-30 17:20:48.224 W/ListPreference( 3133): Setting a summary with a String formatting marker is no longer supported. You should use a SummaryProvider instead.
07-30 17:20:48.231 D/BufferPoolAccessor2.0( 1101): bufferpool2 0xeb382d28 : 24(45748224 size) total buffers - 11(20967936 size) used buffers - 175583/175699 (recycle/alloc) - 1440/175688 (fetch/transfer)
07-30 17:20:48.244 W/ziparchive(16032): Unable to open '/data/app/~~KGqWbCW5EyBcW6u8Uk7dDg==/com.google.android.marvin.talkback-Z06Zt0eQ8kYxAg6U-T_zpw==/split_config.arm64_v8a.dm': No such file or directory
07-30 17:20:48.244 W/ziparchive(16032): Unable to open '/data/app/~~KGqWbCW5EyBcW6u8Uk7dDg==/com.google.android.marvin.talkback-Z06Zt0eQ8kYxAg6U-T_zpw==/split_config.arm64_v8a.dm': No such file or directory
07-30 17:20:48.246 W/marvin.talkback(16032): Entry not found
07-30 17:20:48.259 D/nativeloader(16032): Configuring classloader-namespace for other apk /data/app/~~KGqWbCW5EyBcW6u8Uk7dDg==/com.google.android.marvin.talkback-Z06Zt0eQ8kYxAg6U-T_zpw==/base.apk:/data/app/~~KGqWbCW5EyBcW6u8Uk7dDg==/com.google.android.marvin.talkback-Z06Zt0eQ8kYxAg6U-T_zpw==/split_config.arm64_v8a.apk. target_sdk_version=36, uses_libraries=, library_path=/data/app/~~KGqWbCW5EyBcW6u8Uk7dDg==/com.google.android.marvin.talkback-Z06Zt0eQ8kYxAg6U-T_zpw==/lib/arm64:/data/app/~~KGqWbCW5EyBcW6u8Uk7dDg==/com.google.android.marvin.talkback-Z06Zt0eQ8kYxAg6U-T_zpw==/base.apk!/lib/arm64-v8a:/data/app/~~KGqWbCW5EyBcW6u8Uk7dDg==/com.google.android.marvin.talkback-Z06Zt0eQ8kYxAg6U-T_zpw==/split_config.arm64_v8a.apk!/lib/arm64-v8a, permitted_path=/data:/mnt/expand:/data/user/0/com.google.android.marvin.talkback
07-30 17:20:48.308 W/marvin.talkback(16032): JIT profile information will not be recorded: profile file does not exist.
07-30 17:20:48.318 W/PhBaseOp( 3160): Phenotype API error. Event: # hfse@3a1f1de2, EventCode: COMMIT_CONFIG [CONTEXT service_id=51 ]
07-30 17:20:48.318 W/PhBaseOp( 3160): eefr: 29537: Stale snapshot for com.google.android.gms.icing(new configuration available)
07-30 17:20:48.318 W/PhBaseOp( 3160): 	at eehq.d(:com.google.android.gms@252635029@25.26.35 (190400-783060121):466)
07-30 17:20:48.318 W/PhBaseOp( 3160): 	at eehq.b(:com.google.android.gms@252635029@25.26.35 (190400-783060121):43)
07-30 17:20:48.318 W/PhBaseOp( 3160): 	at eehp.i(:com.google.android.gms@252635029@25.26.35 (190400-783060121):3)
07-30 17:20:48.318 W/PhBaseOp( 3160): 	at eehl.h(:com.google.android.gms@252635029@25.26.35 (190400-783060121):35)
07-30 17:20:48.318 W/PhBaseOp( 3160): 	at eehl.f(:com.google.android.gms@252635029@25.26.35 (190400-783060121):17)
07-30 17:20:48.318 W/PhBaseOp( 3160): 	at chij.fI(:com.google.android.gms@252635029@25.26.35 (190400-783060121):1)
07-30 17:20:48.318 W/PhBaseOp( 3160): 	at chin.run(:com.google.android.gms@252635029@25.26.35 (190400-783060121):128)
07-30 17:20:48.318 W/PhBaseOp( 3160): 	at fyft.run(:com.google.android.gms@252635029@25.26.35 (190400-783060121):21)
07-30 17:20:48.318 W/PhBaseOp( 3160): 	at azsg.c(:com.google.android.gms@252635029@25.26.35 (190400-783060121):50)
07-30 17:20:48.318 W/PhBaseOp( 3160): 	at azsg.run(:com.google.android.gms@252635029@25.26.35 (190400-783060121):70)
07-30 17:20:48.318 W/PhBaseOp( 3160): 	at java.util.concurrent.ThreadPoolExecutor.runWorker(ThreadPoolExecutor.java:1137)
07-30 17:20:48.318 W/PhBaseOp( 3160): 	at java.util.concurrent.ThreadPoolExecutor$Worker.run(ThreadPoolExecutor.java:637)
07-30 17:20:48.318 W/PhBaseOp( 3160): 	at azxy.run(:com.google.android.gms@252635029@25.26.35 (190400-783060121):8)
07-30 17:20:48.318 W/PhBaseOp( 3160): 	at java.lang.Thread.run(Thread.java:1012)
07-30 17:20:48.319 W/AsyncOperation( 3160): operation=CommitToConfigurationOperationCall, opStatusCode=29537 [CONTEXT service_id=51 ]
07-30 17:20:48.319 W/AsyncOperation( 3160): OperationException[Status{statusCode=Stale snapshot for com.google.android.gms.icing(new configuration available), resolution=null}]
07-30 17:20:48.319 W/AsyncOperation( 3160): 	at eehl.h(:com.google.android.gms@252635029@25.26.35 (190400-783060121):65)
07-30 17:20:48.319 W/AsyncOperation( 3160): 	at eehl.f(:com.google.android.gms@252635029@25.26.35 (190400-783060121):17)
07-30 17:20:48.319 W/AsyncOperation( 3160): 	at chij.fI(:com.google.android.gms@252635029@25.26.35 (190400-783060121):1)
07-30 17:20:48.319 W/AsyncOperation( 3160): 	at chin.run(:com.google.android.gms@252635029@25.26.35 (190400-783060121):128)
07-30 17:20:48.319 W/AsyncOperation( 3160): 	at fyft.run(:com.google.android.gms@252635029@25.26.35 (190400-783060121):21)
07-30 17:20:48.319 W/AsyncOperation( 3160): 	at azsg.c(:com.google.android.gms@252635029@25.26.35 (190400-783060121):50)
07-30 17:20:48.319 W/AsyncOperation( 3160): 	at azsg.run(:com.google.android.gms@252635029@25.26.35 (190400-783060121):70)
07-30 17:20:48.319 W/AsyncOperation( 3160): 	at java.util.concurrent.ThreadPoolExecutor.runWorker(ThreadPoolExecutor.java:1137)
07-30 17:20:48.319 W/AsyncOperation( 3160): 	at java.util.concurrent.ThreadPoolExecutor$Worker.run(ThreadPoolExecutor.java:637)
07-30 17:20:48.319 W/AsyncOperation( 3160): 	at azxy.run(:com.google.android.gms@252635029@25.26.35 (190400-783060121):8)
07-30 17:20:48.319 W/AsyncOperation( 3160): 	at java.lang.Thread.run(Thread.java:1012)
07-30 17:20:48.344 V/GraphicsEnvironment(16032): ANGLE Developer option for 'com.google.android.marvin.talkback' set to: 'default'
07-30 17:20:48.345 V/GraphicsEnvironment(16032): ANGLE GameManagerService for com.google.android.marvin.talkback: false
07-30 17:20:48.345 V/GraphicsEnvironment(16032): Updatable production driver is not supported on the device.
07-30 17:20:48.350 D/NetworkSecurityConfig(16032): No Network Security Config specified, using platform default
07-30 17:20:48.351 D/NetworkSecurityConfig(16032): No Network Security Config specified, using platform default
07-30 17:20:48.424 W/PhBaseOp( 3160): Phenotype API error. Event: # hfse@bed23450, EventCode: COMMIT_CONFIG [CONTEXT service_id=51 ]
07-30 17:20:48.424 W/PhBaseOp( 3160): eefr: 29537: Stale snapshot for com.google.android.gms.magictether(new configuration available)
07-30 17:20:48.424 W/PhBaseOp( 3160): 	at eehq.d(:com.google.android.gms@252635029@25.26.35 (190400-783060121):466)
07-30 17:20:48.424 W/PhBaseOp( 3160): 	at eehq.b(:com.google.android.gms@252635029@25.26.35 (190400-783060121):43)
07-30 17:20:48.424 W/PhBaseOp( 3160): 	at eehp.i(:com.google.android.gms@252635029@25.26.35 (190400-783060121):3)
07-30 17:20:48.424 W/PhBaseOp( 3160): 	at eehl.h(:com.google.android.gms@252635029@25.26.35 (190400-783060121):35)
07-30 17:20:48.424 W/PhBaseOp( 3160): 	at eehl.f(:com.google.android.gms@252635029@25.26.35 (190400-783060121):17)
07-30 17:20:48.424 W/PhBaseOp( 3160): 	at chij.fI(:com.google.android.gms@252635029@25.26.35 (190400-783060121):1)
07-30 17:20:48.424 W/PhBaseOp( 3160): 	at chin.run(:com.google.android.gms@252635029@25.26.35 (190400-783060121):128)
07-30 17:20:48.424 W/PhBaseOp( 3160): 	at fyft.run(:com.google.android.gms@252635029@25.26.35 (190400-783060121):21)
07-30 17:20:48.424 W/PhBaseOp( 3160): 	at azsg.c(:com.google.android.gms@252635029@25.26.35 (190400-783060121):50)
07-30 17:20:48.424 W/PhBaseOp( 3160): 	at azsg.run(:com.google.android.gms@252635029@25.26.35 (190400-783060121):89)
07-30 17:20:48.424 W/PhBaseOp( 3160): 	at java.util.concurrent.ThreadPoolExecutor.runWorker(ThreadPoolExecutor.java:1137)
07-30 17:20:48.424 W/PhBaseOp( 3160): 	at java.util.concurrent.ThreadPoolExecutor$Worker.run(ThreadPoolExecutor.java:637)
07-30 17:20:48.424 W/PhBaseOp( 3160): 	at azxy.run(:com.google.android.gms@252635029@25.26.35 (190400-783060121):8)
07-30 17:20:48.424 W/PhBaseOp( 3160): 	at java.lang.Thread.run(Thread.java:1012)
07-30 17:20:48.435 W/PhBaseOp( 3160): Phenotype API error. Event: # hfse@95685fa1, EventCode: COMMIT_CONFIG [CONTEXT service_id=51 ]
07-30 17:20:48.435 W/PhBaseOp( 3160): eefr: 29537: Stale snapshot for com.google.android.gms.security.fmd#com.google.android.gms(new configuration available)
07-30 17:20:48.435 W/PhBaseOp( 3160): 	at eehq.d(:com.google.android.gms@252635029@25.26.35 (190400-783060121):466)
07-30 17:20:48.435 W/PhBaseOp( 3160): 	at eehq.b(:com.google.android.gms@252635029@25.26.35 (190400-783060121):43)
07-30 17:20:48.435 W/PhBaseOp( 3160): 	at eehp.i(:com.google.android.gms@252635029@25.26.35 (190400-783060121):3)
07-30 17:20:48.435 W/PhBaseOp( 3160): 	at eehl.h(:com.google.android.gms@252635029@25.26.35 (190400-783060121):35)
07-30 17:20:48.435 W/PhBaseOp( 3160): 	at eehl.f(:com.google.android.gms@252635029@25.26.35 (190400-783060121):17)
07-30 17:20:48.435 W/PhBaseOp( 3160): 	at chij.fI(:com.google.android.gms@252635029@25.26.35 (190400-783060121):1)
07-30 17:20:48.435 W/PhBaseOp( 3160): 	at chin.run(:com.google.android.gms@252635029@25.26.35 (190400-783060121):128)
07-30 17:20:48.435 W/PhBaseOp( 3160): 	at fyft.run(:com.google.android.gms@252635029@25.26.35 (190400-783060121):21)
07-30 17:20:48.435 W/PhBaseOp( 3160): 	at azsg.c(:com.google.android.gms@252635029@25.26.35 (190400-783060121):50)
07-30 17:20:48.435 W/PhBaseOp( 3160): 	at azsg.run(:com.google.android.gms@252635029@25.26.35 (190400-783060121):89)
07-30 17:20:48.435 W/PhBaseOp( 3160): 	at java.util.concurrent.ThreadPoolExecutor.runWorker(ThreadPoolExecutor.java:1137)
07-30 17:20:48.435 W/PhBaseOp( 3160): 	at java.util.concurrent.ThreadPoolExecutor$Worker.run(ThreadPoolExecutor.java:637)
07-30 17:20:48.435 W/PhBaseOp( 3160): 	at azxy.run(:com.google.android.gms@252635029@25.26.35 (190400-783060121):8)
07-30 17:20:48.435 W/PhBaseOp( 3160): 	at java.lang.Thread.run(Thread.java:1012)
07-30 17:20:48.437 W/AsyncOperation( 3160): operation=CommitToConfigurationOperationCall, opStatusCode=29537 [CONTEXT service_id=51 ]
07-30 17:20:48.437 W/AsyncOperation( 3160): OperationException[Status{statusCode=Stale snapshot for com.google.android.gms.magictether(new configuration available), resolution=null}]
07-30 17:20:48.437 W/AsyncOperation( 3160): 	at eehl.h(:com.google.android.gms@252635029@25.26.35 (190400-783060121):65)
07-30 17:20:48.437 W/AsyncOperation( 3160): 	at eehl.f(:com.google.android.gms@252635029@25.26.35 (190400-783060121):17)
07-30 17:20:48.437 W/AsyncOperation( 3160): 	at chij.fI(:com.google.android.gms@252635029@25.26.35 (190400-783060121):1)
07-30 17:20:48.437 W/AsyncOperation( 3160): 	at chin.run(:com.google.android.gms@252635029@25.26.35 (190400-783060121):128)
07-30 17:20:48.437 W/AsyncOperation( 3160): 	at fyft.run(:com.google.android.gms@252635029@25.26.35 (190400-783060121):21)
07-30 17:20:48.437 W/AsyncOperation( 3160): 	at azsg.c(:com.google.android.gms@252635029@25.26.35 (190400-783060121):50)
07-30 17:20:48.437 W/AsyncOperation( 3160): 	at azsg.run(:com.google.android.gms@252635029@25.26.35 (190400-783060121):89)
07-30 17:20:48.437 W/AsyncOperation( 3160): 	at java.util.concurrent.ThreadPoolExecutor.runWorker(ThreadPoolExecutor.java:1137)
07-30 17:20:48.437 W/AsyncOperation( 3160): 	at java.util.concurrent.ThreadPoolExecutor$Worker.run(ThreadPoolExecutor.java:637)
07-30 17:20:48.437 W/AsyncOperation( 3160): 	at azxy.run(:com.google.android.gms@252635029@25.26.35 (190400-783060121):8)
07-30 17:20:48.437 W/AsyncOperation( 3160): 	at java.lang.Thread.run(Thread.java:1012)
07-30 17:20:48.437 W/AsyncOperation( 3160): operation=CommitToConfigurationOperationCall, opStatusCode=29537 [CONTEXT service_id=51 ]
07-30 17:20:48.437 W/AsyncOperation( 3160): OperationException[Status{statusCode=Stale snapshot for com.google.android.gms.security.fmd#com.google.android.gms(new configuration available), resolution=null}]
07-30 17:20:48.437 W/AsyncOperation( 3160): 	at eehl.h(:com.google.android.gms@252635029@25.26.35 (190400-783060121):65)
07-30 17:20:48.437 W/AsyncOperation( 3160): 	at eehl.f(:com.google.android.gms@252635029@25.26.35 (190400-783060121):17)
07-30 17:20:48.437 W/AsyncOperation( 3160): 	at chij.fI(:com.google.android.gms@252635029@25.26.35 (190400-783060121):1)
07-30 17:20:48.437 W/AsyncOperation( 3160): 	at chin.run(:com.google.android.gms@252635029@25.26.35 (190400-783060121):128)
07-30 17:20:48.437 W/AsyncOperation( 3160): 	at fyft.run(:com.google.android.gms@252635029@25.26.35 (190400-783060121):21)
07-30 17:20:48.437 W/AsyncOperation( 3160): 	at azsg.c(:com.google.android.gms@252635029@25.26.35 (190400-783060121):50)
07-30 17:20:48.437 W/AsyncOperation( 3160): 	at azsg.run(:com.google.android.gms@252635029@25.26.35 (190400-783060121):89)
07-30 17:20:48.437 W/AsyncOperation( 3160): 	at java.util.concurrent.ThreadPoolExecutor.runWorker(ThreadPoolExecutor.java:1137)
07-30 17:20:48.437 W/AsyncOperation( 3160): 	at java.util.concurrent.ThreadPoolExecutor$Worker.run(ThreadPoolExecutor.java:637)
07-30 17:20:48.437 W/AsyncOperation( 3160): 	at azxy.run(:com.google.android.gms@252635029@25.26.35 (190400-783060121):8)
07-30 17:20:48.437 W/AsyncOperation( 3160): 	at java.lang.Thread.run(Thread.java:1012)
07-30 17:20:48.442 W/PhBaseOp( 3160): Phenotype API error. Event: # hfse@8661003e, EventCode: COMMIT_CONFIG [CONTEXT service_id=51 ]
07-30 17:20:48.442 W/PhBaseOp( 3160): eefr: 29537: Stale snapshot for com.google.android.gms.multidevicesync#com.google.android.gms(new configuration available)
07-30 17:20:48.442 W/PhBaseOp( 3160): 	at eehq.d(:com.google.android.gms@252635029@25.26.35 (190400-783060121):466)
07-30 17:20:48.442 W/PhBaseOp( 3160): 	at eehq.b(:com.google.android.gms@252635029@25.26.35 (190400-783060121):43)
07-30 17:20:48.442 W/PhBaseOp( 3160): 	at eehp.i(:com.google.android.gms@252635029@25.26.35 (190400-783060121):3)
07-30 17:20:48.442 W/PhBaseOp( 3160): 	at eehl.h(:com.google.android.gms@252635029@25.26.35 (190400-783060121):35)
07-30 17:20:48.442 W/PhBaseOp( 3160): 	at eehl.f(:com.google.android.gms@252635029@25.26.35 (190400-783060121):17)
07-30 17:20:48.442 W/PhBaseOp( 3160): 	at chij.fI(:com.google.android.gms@252635029@25.26.35 (190400-783060121):1)
07-30 17:20:48.442 W/PhBaseOp( 3160): 	at chin.run(:com.google.android.gms@252635029@25.26.35 (190400-783060121):128)
07-30 17:20:48.442 W/PhBaseOp( 3160): 	at fyft.run(:com.google.android.gms@252635029@25.26.35 (190400-783060121):21)
07-30 17:20:48.442 W/PhBaseOp( 3160): 	at azsg.c(:com.google.android.gms@252635029@25.26.35 (190400-783060121):50)
07-30 17:20:48.442 W/PhBaseOp( 3160): 	at azsg.run(:com.google.android.gms@252635029@25.26.35 (190400-783060121):89)
07-30 17:20:48.442 W/PhBaseOp( 3160): 	at java.util.concurrent.ThreadPoolExecutor.runWorker(ThreadPoolExecutor.java:1137)
07-30 17:20:48.442 W/PhBaseOp( 3160): 	at java.util.concurrent.ThreadPoolExecutor$Worker.run(ThreadPoolExecutor.java:637)
07-30 17:20:48.442 W/PhBaseOp( 3160): 	at azxy.run(:com.google.android.gms@252635029@25.26.35 (190400-783060121):8)
07-30 17:20:48.442 W/PhBaseOp( 3160): 	at java.lang.Thread.run(Thread.java:1012)
07-30 17:20:48.445 W/AsyncOperation( 3160): operation=CommitToConfigurationOperationCall, opStatusCode=29537 [CONTEXT service_id=51 ]
07-30 17:20:48.445 W/AsyncOperation( 3160): OperationException[Status{statusCode=Stale snapshot for com.google.android.gms.multidevicesync#com.google.android.gms(new configuration available), resolution=null}]
07-30 17:20:48.445 W/AsyncOperation( 3160): 	at eehl.h(:com.google.android.gms@252635029@25.26.35 (190400-783060121):65)
07-30 17:20:48.445 W/AsyncOperation( 3160): 	at eehl.f(:com.google.android.gms@252635029@25.26.35 (190400-783060121):17)
07-30 17:20:48.445 W/AsyncOperation( 3160): 	at chij.fI(:com.google.android.gms@252635029@25.26.35 (190400-783060121):1)
07-30 17:20:48.445 W/AsyncOperation( 3160): 	at chin.run(:com.google.android.gms@252635029@25.26.35 (190400-783060121):128)
07-30 17:20:48.445 W/AsyncOperation( 3160): 	at fyft.run(:com.google.android.gms@252635029@25.26.35 (190400-783060121):21)
07-30 17:20:48.445 W/AsyncOperation( 3160): 	at azsg.c(:com.google.android.gms@252635029@25.26.35 (190400-783060121):50)
07-30 17:20:48.445 W/AsyncOperation( 3160): 	at azsg.run(:com.google.android.gms@252635029@25.26.35 (190400-783060121):89)
07-30 17:20:48.445 W/AsyncOperation( 3160): 	at java.util.concurrent.ThreadPoolExecutor.runWorker(ThreadPoolExecutor.java:1137)
07-30 17:20:48.445 W/AsyncOperation( 3160): 	at java.util.concurrent.ThreadPoolExecutor$Worker.run(ThreadPoolExecutor.java:637)
07-30 17:20:48.445 W/AsyncOperation( 3160): 	at azxy.run(:com.google.android.gms@252635029@25.26.35 (190400-783060121):8)
07-30 17:20:48.445 W/AsyncOperation( 3160): 	at java.lang.Thread.run(Thread.java:1012)
07-30 17:20:48.448 I/.gms.persistent( 3160): Background concurrent copying GC freed 1071410(51MB) AllocSpace objects, 116(9172KB) LOS objects, 75% free, 27MB/111MB, paused 221us,388us total 751.071ms
07-30 17:20:48.454 W/PhBaseOp( 3160): Phenotype API error. Event: # hfse@fe805c4c, EventCode: COMMIT_CONFIG [CONTEXT service_id=51 ]
07-30 17:20:48.454 W/PhBaseOp( 3160): eefr: 29537: Stale snapshot for com.google.android.gms.security(new configuration available)
07-30 17:20:48.454 W/PhBaseOp( 3160): 	at eehq.d(:com.google.android.gms@252635029@25.26.35 (190400-783060121):466)
07-30 17:20:48.454 W/PhBaseOp( 3160): 	at eehq.b(:com.google.android.gms@252635029@25.26.35 (190400-783060121):43)
07-30 17:20:48.454 W/PhBaseOp( 3160): 	at eehp.i(:com.google.android.gms@252635029@25.26.35 (190400-783060121):3)
07-30 17:20:48.454 W/PhBaseOp( 3160): 	at eehl.h(:com.google.android.gms@252635029@25.26.35 (190400-783060121):35)
07-30 17:20:48.454 W/PhBaseOp( 3160): 	at eehl.f(:com.google.android.gms@252635029@25.26.35 (190400-783060121):17)
07-30 17:20:48.454 W/PhBaseOp( 3160): 	at chij.fI(:com.google.android.gms@252635029@25.26.35 (190400-783060121):1)
07-30 17:20:48.454 W/PhBaseOp( 3160): 	at chin.run(:com.google.android.gms@252635029@25.26.35 (190400-783060121):128)
07-30 17:20:48.454 W/PhBaseOp( 3160): 	at fyft.run(:com.google.android.gms@252635029@25.26.35 (190400-783060121):21)
07-30 17:20:48.454 W/PhBaseOp( 3160): 	at azsg.c(:com.google.android.gms@252635029@25.26.35 (190400-783060121):50)
07-30 17:20:48.454 W/PhBaseOp( 3160): 	at azsg.run(:com.google.android.gms@252635029@25.26.35 (190400-783060121):89)
07-30 17:20:48.454 W/PhBaseOp( 3160): 	at java.util.concurrent.ThreadPoolExecutor.runWorker(ThreadPoolExecutor.java:1137)
07-30 17:20:48.454 W/PhBaseOp( 3160): 	at java.util.concurrent.ThreadPoolExecutor$Worker.run(ThreadPoolExecutor.java:637)
07-30 17:20:48.454 W/PhBaseOp( 3160): 	at azxy.run(:com.google.android.gms@252635029@25.26.35 (190400-783060121):8)
07-30 17:20:48.454 W/PhBaseOp( 3160): 	at java.lang.Thread.run(Thread.java:1012)
07-30 17:20:48.456 W/AsyncOperation( 3160): operation=CommitToConfigurationOperationCall, opStatusCode=29537 [CONTEXT service_id=51 ]
07-30 17:20:48.456 W/AsyncOperation( 3160): OperationException[Status{statusCode=Stale snapshot for com.google.android.gms.security(new configuration available), resolution=null}]
07-30 17:20:48.456 W/AsyncOperation( 3160): 	at eehl.h(:com.google.android.gms@252635029@25.26.35 (190400-783060121):65)
07-30 17:20:48.456 W/AsyncOperation( 3160): 	at eehl.f(:com.google.android.gms@252635029@25.26.35 (190400-783060121):17)
07-30 17:20:48.456 W/AsyncOperation( 3160): 	at chij.fI(:com.google.android.gms@252635029@25.26.35 (190400-783060121):1)
07-30 17:20:48.456 W/AsyncOperation( 3160): 	at chin.run(:com.google.android.gms@252635029@25.26.35 (190400-783060121):128)
07-30 17:20:48.456 W/AsyncOperation( 3160): 	at fyft.run(:com.google.android.gms@252635029@25.26.35 (190400-783060121):21)
07-30 17:20:48.456 W/AsyncOperation( 3160): 	at azsg.c(:com.google.android.gms@252635029@25.26.35 (190400-783060121):50)
07-30 17:20:48.456 W/AsyncOperation( 3160): 	at azsg.run(:com.google.android.gms@252635029@25.26.35 (190400-783060121):89)
07-30 17:20:48.456 W/AsyncOperation( 3160): 	at java.util.concurrent.ThreadPoolExecutor.runWorker(ThreadPoolExecutor.java:1137)
07-30 17:20:48.456 W/AsyncOperation( 3160): 	at java.util.concurrent.ThreadPoolExecutor$Worker.run(ThreadPoolExecutor.java:637)
07-30 17:20:48.456 W/AsyncOperation( 3160): 	at azxy.run(:com.google.android.gms@252635029@25.26.35 (190400-783060121):8)
07-30 17:20:48.456 W/AsyncOperation( 3160): 	at java.lang.Thread.run(Thread.java:1012)
07-30 17:20:48.466 I/Nearby  ( 9634): (REDACTED) is blocked device type %s, isAuto=%s, isIot=%s, isLatchsky=%s, isChinaWearable=%s, isTv=%s, isWearable=%s (supportWearOs=%s), isChromeOsDevice=%s (supportChromeOs=%s)
07-30 17:20:48.475 I/Multidevice( 3160): (REDACTED) [FeatureSettingsApiService] onGetService called from: %s
07-30 17:20:48.478 I/Multidevice( 3160): [FeatureSettingsApiService] Created API Stub. [CONTEXT service_id=348 ]
07-30 17:20:48.508 W/PhBaseOp( 3160): Phenotype API error. Event: # hfse@37465a72, EventCode: COMMIT_CONFIG [CONTEXT service_id=51 ]
07-30 17:20:48.508 W/PhBaseOp( 3160): eefr: 29537: Stale snapshot for com.google.android.gms.multidevice#com.google.android.gms(new configuration available)
07-30 17:20:48.508 W/PhBaseOp( 3160): 	at eehq.d(:com.google.android.gms@252635029@25.26.35 (190400-783060121):466)
07-30 17:20:48.508 W/PhBaseOp( 3160): 	at eehq.b(:com.google.android.gms@252635029@25.26.35 (190400-783060121):43)
07-30 17:20:48.508 W/PhBaseOp( 3160): 	at eehp.i(:com.google.android.gms@252635029@25.26.35 (190400-783060121):3)
07-30 17:20:48.508 W/PhBaseOp( 3160): 	at eehl.h(:com.google.android.gms@252635029@25.26.35 (190400-783060121):35)
07-30 17:20:48.508 W/PhBaseOp( 3160): 	at eehl.f(:com.google.android.gms@252635029@25.26.35 (190400-783060121):17)
07-30 17:20:48.508 W/PhBaseOp( 3160): 	at chij.fI(:com.google.android.gms@252635029@25.26.35 (190400-783060121):1)
07-30 17:20:48.508 W/PhBaseOp( 3160): 	at chin.run(:com.google.android.gms@252635029@25.26.35 (190400-783060121):128)
07-30 17:20:48.508 W/PhBaseOp( 3160): 	at fyft.run(:com.google.android.gms@252635029@25.26.35 (190400-783060121):21)
07-30 17:20:48.508 W/PhBaseOp( 3160): 	at azsg.c(:com.google.android.gms@252635029@25.26.35 (190400-783060121):50)
07-30 17:20:48.508 W/PhBaseOp( 3160): 	at azsg.run(:com.google.android.gms@252635029@25.26.35 (190400-783060121):70)
07-30 17:20:48.508 W/PhBaseOp( 3160): 	at java.util.concurrent.ThreadPoolExecutor.runWorker(ThreadPoolExecutor.java:1137)
07-30 17:20:48.508 W/PhBaseOp( 3160): 	at java.util.concurrent.ThreadPoolExecutor$Worker.run(ThreadPoolExecutor.java:637)
07-30 17:20:48.508 W/PhBaseOp( 3160): 	at azxy.run(:com.google.android.gms@252635029@25.26.35 (190400-783060121):8)
07-30 17:20:48.508 W/PhBaseOp( 3160): 	at java.lang.Thread.run(Thread.java:1012)
07-30 17:20:48.514 W/PhBaseOp( 3160): Phenotype API error. Event: # hfse@9d0760a3, EventCode: COMMIT_CONFIG [CONTEXT service_id=51 ]
07-30 17:20:48.514 W/PhBaseOp( 3160): eefr: 29537: Stale snapshot for com.google.android.gms.mobile_data_plan(new configuration available)
07-30 17:20:48.514 W/PhBaseOp( 3160): 	at eehq.d(:com.google.android.gms@252635029@25.26.35 (190400-783060121):466)
07-30 17:20:48.514 W/PhBaseOp( 3160): 	at eehq.b(:com.google.android.gms@252635029@25.26.35 (190400-783060121):43)
07-30 17:20:48.514 W/PhBaseOp( 3160): 	at eehp.i(:com.google.android.gms@252635029@25.26.35 (190400-783060121):3)
07-30 17:20:48.514 W/PhBaseOp( 3160): 	at eehl.h(:com.google.android.gms@252635029@25.26.35 (190400-783060121):35)
07-30 17:20:48.514 W/PhBaseOp( 3160): 	at eehl.f(:com.google.android.gms@252635029@25.26.35 (190400-783060121):17)
07-30 17:20:48.514 W/PhBaseOp( 3160): 	at chij.fI(:com.google.android.gms@252635029@25.26.35 (190400-783060121):1)
07-30 17:20:48.514 W/PhBaseOp( 3160): 	at chin.run(:com.google.android.gms@252635029@25.26.35 (190400-783060121):128)
07-30 17:20:48.514 W/PhBaseOp( 3160): 	at fyft.run(:com.google.android.gms@252635029@25.26.35 (190400-783060121):21)
07-30 17:20:48.514 W/PhBaseOp( 3160): 	at azsg.c(:com.google.android.gms@252635029@25.26.35 (190400-783060121):50)
07-30 17:20:48.514 W/PhBaseOp( 3160): 	at azsg.run(:com.google.android.gms@252635029@25.26.35 (190400-783060121):70)
07-30 17:20:48.514 W/PhBaseOp( 3160): 	at java.util.concurrent.ThreadPoolExecutor.runWorker(ThreadPoolExecutor.java:1137)
07-30 17:20:48.514 W/PhBaseOp( 3160): 	at java.util.concurrent.ThreadPoolExecutor$Worker.run(ThreadPoolExecutor.java:637)
07-30 17:20:48.514 W/PhBaseOp( 3160): 	at azxy.run(:com.google.android.gms@252635029@25.26.35 (190400-783060121):8)
07-30 17:20:48.514 W/PhBaseOp( 3160): 	at java.lang.Thread.run(Thread.java:1012)
07-30 17:20:48.521 W/AsyncOperation( 3160): operation=CommitToConfigurationOperationCall, opStatusCode=29537 [CONTEXT service_id=51 ]
07-30 17:20:48.521 W/AsyncOperation( 3160): OperationException[Status{statusCode=Stale snapshot for com.google.android.gms.multidevice#com.google.android.gms(new configuration available), resolution=null}]
07-30 17:20:48.521 W/AsyncOperation( 3160): 	at eehl.h(:com.google.android.gms@252635029@25.26.35 (190400-783060121):65)
07-30 17:20:48.521 W/AsyncOperation( 3160): 	at eehl.f(:com.google.android.gms@252635029@25.26.35 (190400-783060121):17)
07-30 17:20:48.521 W/AsyncOperation( 3160): 	at chij.fI(:com.google.android.gms@252635029@25.26.35 (190400-783060121):1)
07-30 17:20:48.521 W/AsyncOperation( 3160): 	at chin.run(:com.google.android.gms@252635029@25.26.35 (190400-783060121):128)
07-30 17:20:48.521 W/AsyncOperation( 3160): 	at fyft.run(:com.google.android.gms@252635029@25.26.35 (190400-783060121):21)
07-30 17:20:48.521 W/AsyncOperation( 3160): 	at azsg.c(:com.google.android.gms@252635029@25.26.35 (190400-783060121):50)
07-30 17:20:48.521 W/AsyncOperation( 3160): 	at azsg.run(:com.google.android.gms@252635029@25.26.35 (190400-783060121):70)
07-30 17:20:48.521 W/AsyncOperation( 3160): 	at java.util.concurrent.ThreadPoolExecutor.runWorker(ThreadPoolExecutor.java:1137)
07-30 17:20:48.521 W/AsyncOperation( 3160): 	at java.util.concurrent.ThreadPoolExecutor$Worker.run(ThreadPoolExecutor.java:637)
07-30 17:20:48.521 W/AsyncOperation( 3160): 	at azxy.run(:com.google.android.gms@252635029@25.26.35 (190400-783060121):8)
07-30 17:20:48.521 W/AsyncOperation( 3160): 	at java.lang.Thread.run(Thread.java:1012)
07-30 17:20:48.521 W/RemoteCallableBase(15201): Null cursor. Cannot add index data for Uri: content://com.google.android.inputmethod.latin/settings/dynamic_indexables_raw
07-30 17:20:48.524 W/AsyncOperation( 3160): operation=CommitToConfigurationOperationCall, opStatusCode=29537 [CONTEXT service_id=51 ]
07-30 17:20:48.524 W/AsyncOperation( 3160): OperationException[Status{statusCode=Stale snapshot for com.google.android.gms.mobile_data_plan(new configuration available), resolution=null}]
07-30 17:20:48.524 W/AsyncOperation( 3160): 	at eehl.h(:com.google.android.gms@252635029@25.26.35 (190400-783060121):65)
07-30 17:20:48.524 W/AsyncOperation( 3160): 	at eehl.f(:com.google.android.gms@252635029@25.26.35 (190400-783060121):17)
07-30 17:20:48.524 W/AsyncOperation( 3160): 	at chij.fI(:com.google.android.gms@252635029@25.26.35 (190400-783060121):1)
07-30 17:20:48.524 W/AsyncOperation( 3160): 	at chin.run(:com.google.android.gms@252635029@25.26.35 (190400-783060121):128)
07-30 17:20:48.524 W/AsyncOperation( 3160): 	at fyft.run(:com.google.android.gms@252635029@25.26.35 (190400-783060121):21)
07-30 17:20:48.524 W/AsyncOperation( 3160): 	at azsg.c(:com.google.android.gms@252635029@25.26.35 (190400-783060121):50)
07-30 17:20:48.524 W/AsyncOperation( 3160): 	at azsg.run(:com.google.android.gms@252635029@25.26.35 (190400-783060121):70)
07-30 17:20:48.524 W/AsyncOperation( 3160): 	at java.util.concurrent.ThreadPoolExecutor.runWorker(ThreadPoolExecutor.java:1137)
07-30 17:20:48.524 W/AsyncOperation( 3160): 	at java.util.concurrent.ThreadPoolExecutor$Worker.run(ThreadPoolExecutor.java:637)
07-30 17:20:48.524 W/AsyncOperation( 3160): 	at azxy.run(:com.google.android.gms@252635029@25.26.35 (190400-783060121):8)
07-30 17:20:48.524 W/AsyncOperation( 3160): 	at java.lang.Thread.run(Thread.java:1012)
07-30 17:20:48.563 W/TracingHelper( 9634): No RequestContext found in the trace or trace not available. [CONTEXT service_id=259 ratelimit_count=100000 ]
07-30 17:20:48.563 D/CompatibilityChangeReporter( 1685): Compat change id reported: 161145287; UID 10162; state: DISABLED
07-30 17:20:48.575 I/LatinVoiceInputPreferenceInitializer( 3133): LatinVoiceInputPreferenceInitializer.initializePreference():24 avt available = false [SDG]
07-30 17:20:48.576 I/Multidevice( 3160): (REDACTED) [FeatureSettingsApiService] getXdFeatureStatus( %s ): %s
07-30 17:20:48.583 I/SpeechEnhancementLogger( 3133): SpeechEnhancementLogger.logAtInfo():24 Speech enhancement is disabled because device model is not supported [SD]
07-30 17:20:48.599 I/fkki    ( 9634): (REDACTED) Shared storage file not found for %s
07-30 17:20:48.602 W/PhBaseOp( 3160): Phenotype API error. Event: # hfse@cdc897b7, EventCode: COMMIT_CONFIG [CONTEXT service_id=51 ]
07-30 17:20:48.602 W/PhBaseOp( 3160): eefr: 29537: Stale snapshot for com.google.android.gms.instantapps(new configuration available)
07-30 17:20:48.602 W/PhBaseOp( 3160): 	at eehq.d(:com.google.android.gms@252635029@25.26.35 (190400-783060121):466)
07-30 17:20:48.602 W/PhBaseOp( 3160): 	at eehq.b(:com.google.android.gms@252635029@25.26.35 (190400-783060121):43)
07-30 17:20:48.602 W/PhBaseOp( 3160): 	at eehp.i(:com.google.android.gms@252635029@25.26.35 (190400-783060121):3)
07-30 17:20:48.602 W/PhBaseOp( 3160): 	at eehl.h(:com.google.android.gms@252635029@25.26.35 (190400-783060121):35)
07-30 17:20:48.602 W/PhBaseOp( 3160): 	at eehl.f(:com.google.android.gms@252635029@25.26.35 (190400-783060121):17)
07-30 17:20:48.602 W/PhBaseOp( 3160): 	at chij.fI(:com.google.android.gms@252635029@25.26.35 (190400-783060121):1)
07-30 17:20:48.602 W/PhBaseOp( 3160): 	at chin.run(:com.google.android.gms@252635029@25.26.35 (190400-783060121):128)
07-30 17:20:48.602 W/PhBaseOp( 3160): 	at fyft.run(:com.google.android.gms@252635029@25.26.35 (190400-783060121):21)
07-30 17:20:48.602 W/PhBaseOp( 3160): 	at azsg.c(:com.google.android.gms@252635029@25.26.35 (190400-783060121):50)
07-30 17:20:48.602 W/PhBaseOp( 3160): 	at azsg.run(:com.google.android.gms@252635029@25.26.35 (190400-783060121):70)
07-30 17:20:48.602 W/PhBaseOp( 3160): 	at java.util.concurrent.ThreadPoolExecutor.runWorker(ThreadPoolExecutor.java:1137)
07-30 17:20:48.602 W/PhBaseOp( 3160): 	at java.util.concurrent.ThreadPoolExecutor$Worker.run(ThreadPoolExecutor.java:637)
07-30 17:20:48.602 W/PhBaseOp( 3160): 	at azxy.run(:com.google.android.gms@252635029@25.26.35 (190400-783060121):8)
07-30 17:20:48.602 W/PhBaseOp( 3160): 	at java.lang.Thread.run(Thread.java:1012)
07-30 17:20:48.630 W/AsyncOperation( 3160): operation=CommitToConfigurationOperationCall, opStatusCode=29537 [CONTEXT service_id=51 ]
07-30 17:20:48.630 W/AsyncOperation( 3160): OperationException[Status{statusCode=Stale snapshot for com.google.android.gms.instantapps(new configuration available), resolution=null}]
07-30 17:20:48.630 W/AsyncOperation( 3160): 	at eehl.h(:com.google.android.gms@252635029@25.26.35 (190400-783060121):65)
07-30 17:20:48.630 W/AsyncOperation( 3160): 	at eehl.f(:com.google.android.gms@252635029@25.26.35 (190400-783060121):17)
07-30 17:20:48.630 W/AsyncOperation( 3160): 	at chij.fI(:com.google.android.gms@252635029@25.26.35 (190400-783060121):1)
07-30 17:20:48.630 W/AsyncOperation( 3160): 	at chin.run(:com.google.android.gms@252635029@25.26.35 (190400-783060121):128)
07-30 17:20:48.630 W/AsyncOperation( 3160): 	at fyft.run(:com.google.android.gms@252635029@25.26.35 (190400-783060121):21)
07-30 17:20:48.630 W/AsyncOperation( 3160): 	at azsg.c(:com.google.android.gms@252635029@25.26.35 (190400-783060121):50)
07-30 17:20:48.630 W/AsyncOperation( 3160): 	at azsg.run(:com.google.android.gms@252635029@25.26.35 (190400-783060121):70)
07-30 17:20:48.630 W/AsyncOperation( 3160): 	at java.util.concurrent.ThreadPoolExecutor.runWorker(ThreadPoolExecutor.java:1137)
07-30 17:20:48.630 W/AsyncOperation( 3160): 	at java.util.concurrent.ThreadPoolExecutor$Worker.run(ThreadPoolExecutor.java:637)
07-30 17:20:48.630 W/AsyncOperation( 3160): 	at azxy.run(:com.google.android.gms@252635029@25.26.35 (190400-783060121):8)
07-30 17:20:48.630 W/AsyncOperation( 3160): 	at java.lang.Thread.run(Thread.java:1012)
07-30 17:20:48.635 I/SpatulaSettingsModuleIn( 9634): Spatula Settings item fetched [CONTEXT service_id=386 ]
07-30 17:20:48.644 W/audio_hw_primary( 1053): out_write: underrun(1189) frames_by_time(107) > out->last_fifo_frames_remaining(96)
07-30 17:20:48.689 I/LatinVoiceInputPreferenceInitializer( 3133): LatinVoiceInputPreferenceInitializer.initializePreference():24 avt available = false [SDG]
07-30 17:20:48.699 I/SpeechEnhancementLogger( 3133): SpeechEnhancementLogger.logAtInfo():24 Speech enhancement is disabled because device model is not supported [SD]
07-30 17:20:48.712 W/PhBaseOp( 3160): Phenotype API error. Event: # hfse@10d37c74, EventCode: COMMIT_CONFIG [CONTEXT service_id=51 ]
07-30 17:20:48.712 W/PhBaseOp( 3160): eefr: 29537: Stale snapshot for com.google.android.gms.threadnetwork#com.google.android.gms(new configuration available)
07-30 17:20:48.712 W/PhBaseOp( 3160): 	at eehq.d(:com.google.android.gms@252635029@25.26.35 (190400-783060121):466)
07-30 17:20:48.712 W/PhBaseOp( 3160): 	at eehq.b(:com.google.android.gms@252635029@25.26.35 (190400-783060121):43)
07-30 17:20:48.712 W/PhBaseOp( 3160): 	at eehp.i(:com.google.android.gms@252635029@25.26.35 (190400-783060121):3)
07-30 17:20:48.712 W/PhBaseOp( 3160): 	at eehl.h(:com.google.android.gms@252635029@25.26.35 (190400-783060121):35)
07-30 17:20:48.712 W/PhBaseOp( 3160): 	at eehl.f(:com.google.android.gms@252635029@25.26.35 (190400-783060121):17)
07-30 17:20:48.712 W/PhBaseOp( 3160): 	at chij.fI(:com.google.android.gms@252635029@25.26.35 (190400-783060121):1)
07-30 17:20:48.712 W/PhBaseOp( 3160): 	at chin.run(:com.google.android.gms@252635029@25.26.35 (190400-783060121):128)
07-30 17:20:48.712 W/PhBaseOp( 3160): 	at fyft.run(:com.google.android.gms@252635029@25.26.35 (190400-783060121):21)
07-30 17:20:48.712 W/PhBaseOp( 3160): 	at azsg.c(:com.google.android.gms@252635029@25.26.35 (190400-783060121):50)
07-30 17:20:48.712 W/PhBaseOp( 3160): 	at azsg.run(:com.google.android.gms@252635029@25.26.35 (190400-783060121):89)
07-30 17:20:48.712 W/PhBaseOp( 3160): 	at java.util.concurrent.ThreadPoolExecutor.runWorker(ThreadPoolExecutor.java:1137)
07-30 17:20:48.712 W/PhBaseOp( 3160): 	at java.util.concurrent.ThreadPoolExecutor$Worker.run(ThreadPoolExecutor.java:637)
07-30 17:20:48.712 W/PhBaseOp( 3160): 	at azxy.run(:com.google.android.gms@252635029@25.26.35 (190400-783060121):8)
07-30 17:20:48.712 W/PhBaseOp( 3160): 	at java.lang.Thread.run(Thread.java:1012)
07-30 17:20:48.714 W/AsyncOperation( 3160): operation=CommitToConfigurationOperationCall, opStatusCode=29537 [CONTEXT service_id=51 ]
07-30 17:20:48.714 W/AsyncOperation( 3160): OperationException[Status{statusCode=Stale snapshot for com.google.android.gms.threadnetwork#com.google.android.gms(new configuration available), resolution=null}]
07-30 17:20:48.714 W/AsyncOperation( 3160): 	at eehl.h(:com.google.android.gms@252635029@25.26.35 (190400-783060121):65)
07-30 17:20:48.714 W/AsyncOperation( 3160): 	at eehl.f(:com.google.android.gms@252635029@25.26.35 (190400-783060121):17)
07-30 17:20:48.714 W/AsyncOperation( 3160): 	at chij.fI(:com.google.android.gms@252635029@25.26.35 (190400-783060121):1)
07-30 17:20:48.714 W/AsyncOperation( 3160): 	at chin.run(:com.google.android.gms@252635029@25.26.35 (190400-783060121):128)
07-30 17:20:48.714 W/AsyncOperation( 3160): 	at fyft.run(:com.google.android.gms@252635029@25.26.35 (190400-783060121):21)
07-30 17:20:48.714 W/AsyncOperation( 3160): 	at azsg.c(:com.google.android.gms@252635029@25.26.35 (190400-783060121):50)
07-30 17:20:48.714 W/AsyncOperation( 3160): 	at azsg.run(:com.google.android.gms@252635029@25.26.35 (190400-783060121):89)
07-30 17:20:48.714 W/AsyncOperation( 3160): 	at java.util.concurrent.ThreadPoolExecutor.runWorker(ThreadPoolExecutor.java:1137)
07-30 17:20:48.714 W/AsyncOperation( 3160): 	at java.util.concurrent.ThreadPoolExecutor$Worker.run(ThreadPoolExecutor.java:637)
07-30 17:20:48.714 W/AsyncOperation( 3160): 	at azxy.run(:com.google.android.gms@252635029@25.26.35 (190400-783060121):8)
07-30 17:20:48.714 W/AsyncOperation( 3160): 	at java.lang.Thread.run(Thread.java:1012)
07-30 17:20:48.751 W/RemoteCallableBase(15201): Null cursor. Cannot add index data for Uri: content://com.android.permissioncontroller/settings/dynamic_indexables_raw
07-30 17:20:48.773 D/BoundBrokerSvc( 3160): onBind: Intent { act=com.google.android.gms.trustagent.BridgeApi.START dat=chimera-action:/... cmp=com.google.android.gms/.chimera.PersistentInternalApiService }
07-30 17:20:48.773 D/BoundBrokerSvc( 3160): Loading bound service for intent: Intent { act=com.google.android.gms.trustagent.BridgeApi.START dat=chimera-action:/... cmp=com.google.android.gms/.chimera.PersistentInternalApiService }
07-30 17:20:48.776 D/CompatibilityChangeReporter( 1685): Compat change id reported: 161145287; UID 10119; state: DISABLED
07-30 17:20:48.777 W/PhBaseOp( 3160): Phenotype API error. Event: # hfse@e1a4b044, EventCode: COMMIT_CONFIG [CONTEXT service_id=51 ]
07-30 17:20:48.777 W/PhBaseOp( 3160): eefr: 29537: Stale snapshot for com.google.android.gms.auth_account_client#com.google.android.gms(new configuration available)
07-30 17:20:48.777 W/PhBaseOp( 3160): 	at eehq.d(:com.google.android.gms@252635029@25.26.35 (190400-783060121):466)
07-30 17:20:48.777 W/PhBaseOp( 3160): 	at eehq.b(:com.google.android.gms@252635029@25.26.35 (190400-783060121):43)
07-30 17:20:48.777 W/PhBaseOp( 3160): 	at eehp.i(:com.google.android.gms@252635029@25.26.35 (190400-783060121):3)
07-30 17:20:48.777 W/PhBaseOp( 3160): 	at eehl.h(:com.google.android.gms@252635029@25.26.35 (190400-783060121):35)
07-30 17:20:48.777 W/PhBaseOp( 3160): 	at eehl.f(:com.google.android.gms@252635029@25.26.35 (190400-783060121):17)
07-30 17:20:48.777 W/PhBaseOp( 3160): 	at chij.fI(:com.google.android.gms@252635029@25.26.35 (190400-783060121):1)
07-30 17:20:48.777 W/PhBaseOp( 3160): 	at chin.run(:com.google.android.gms@252635029@25.26.35 (190400-783060121):128)
07-30 17:20:48.777 W/PhBaseOp( 3160): 	at fyft.run(:com.google.android.gms@252635029@25.26.35 (190400-783060121):21)
07-30 17:20:48.777 W/PhBaseOp( 3160): 	at azsg.c(:com.google.android.gms@252635029@25.26.35 (190400-783060121):50)
07-30 17:20:48.777 W/PhBaseOp( 3160): 	at azsg.run(:com.google.android.gms@252635029@25.26.35 (190400-783060121):70)
07-30 17:20:48.777 W/PhBaseOp( 3160): 	at java.util.concurrent.ThreadPoolExecutor.runWorker(ThreadPoolExecutor.java:1137)
07-30 17:20:48.777 W/PhBaseOp( 3160): 	at java.util.concurrent.ThreadPoolExecutor$Worker.run(ThreadPoolExecutor.java:637)
07-30 17:20:48.777 W/PhBaseOp( 3160): 	at azxy.run(:com.google.android.gms@252635029@25.26.35 (190400-783060121):8)
07-30 17:20:48.777 W/PhBaseOp( 3160): 	at java.lang.Thread.run(Thread.java:1012)
07-30 17:20:48.780 W/AsyncOperation( 3160): operation=CommitToConfigurationOperationCall, opStatusCode=29537 [CONTEXT service_id=51 ]
07-30 17:20:48.780 W/AsyncOperation( 3160): OperationException[Status{statusCode=Stale snapshot for com.google.android.gms.auth_account_client#com.google.android.gms(new configuration available), resolution=null}]
07-30 17:20:48.780 W/AsyncOperation( 3160): 	at eehl.h(:com.google.android.gms@252635029@25.26.35 (190400-783060121):65)
07-30 17:20:48.780 W/AsyncOperation( 3160): 	at eehl.f(:com.google.android.gms@252635029@25.26.35 (190400-783060121):17)
07-30 17:20:48.780 W/AsyncOperation( 3160): 	at chij.fI(:com.google.android.gms@252635029@25.26.35 (190400-783060121):1)
07-30 17:20:48.780 W/AsyncOperation( 3160): 	at chin.run(:com.google.android.gms@252635029@25.26.35 (190400-783060121):128)
07-30 17:20:48.780 W/AsyncOperation( 3160): 	at fyft.run(:com.google.android.gms@252635029@25.26.35 (190400-783060121):21)
07-30 17:20:48.780 W/AsyncOperation( 3160): 	at azsg.c(:com.google.android.gms@252635029@25.26.35 (190400-783060121):50)
07-30 17:20:48.780 W/AsyncOperation( 3160): 	at azsg.run(:com.google.android.gms@252635029@25.26.35 (190400-783060121):70)
07-30 17:20:48.780 W/AsyncOperation( 3160): 	at java.util.concurrent.ThreadPoolExecutor.runWorker(ThreadPoolExecutor.java:1137)
07-30 17:20:48.780 W/AsyncOperation( 3160): 	at java.util.concurrent.ThreadPoolExecutor$Worker.run(ThreadPoolExecutor.java:637)
07-30 17:20:48.780 W/AsyncOperation( 3160): 	at azxy.run(:com.google.android.gms@252635029@25.26.35 (190400-783060121):8)
07-30 17:20:48.780 W/AsyncOperation( 3160): 	at java.lang.Thread.run(Thread.java:1012)
07-30 17:20:48.792 W/IndexDataConverter(15201): Skipping null deep link for raw indexable com.android.settings/Third Party Notices
07-30 17:20:48.792 W/IndexDataConverter(15201): Skipping null deep link for raw indexable com.android.settings/Android Safe Browsing
07-30 17:20:48.792 W/IndexDataConverter(15201): Skipping null deep link for raw indexable com.android.settings/Theft protection
07-30 17:20:48.792 W/IndexDataConverter(15201): Skipping null deep link for raw indexable com.android.settings/Watch Unlock
07-30 17:20:48.811 I/LatinVoiceInputPreferenceInitializer( 3133): LatinVoiceInputPreferenceInitializer.initializePreference():24 avt available = false [SDG]
07-30 17:20:48.811 I/SpeechEnhancementLogger( 3133): SpeechEnhancementLogger.logAtInfo():24 Speech enhancement is disabled because device model is not supported [SD]
07-30 17:20:48.858 W/IndexDataConverter(15201): Skipping null deep link for raw indexable com.android.settings/Google
07-30 17:20:48.859 I/LatinVoiceInputPreferenceInitializer( 3133): LatinVoiceInputPreferenceInitializer.initializePreference():24 avt available = false [SDG]
07-30 17:20:48.860 I/SpeechEnhancementLogger( 3133): SpeechEnhancementLogger.logAtInfo():24 Speech enhancement is disabled because device model is not supported [SD]
07-30 17:20:48.874 I/DRIVINGMODE( 9634): isAllowedProfile = true
07-30 17:20:48.880 I/LatinVoiceInputPreferenceInitializer( 3133): LatinVoiceInputPreferenceInitializer.initializePreference():24 avt available = false [SDG]
07-30 17:20:48.880 I/SpeechEnhancementLogger( 3133): SpeechEnhancementLogger.logAtInfo():24 Speech enhancement is disabled because device model is not supported [SD]
07-30 17:20:48.883 W/PersonalSafety( 9634): Debug page in internal setting true, true, false  [CONTEXT service_id=310 ]
07-30 17:20:48.886 D/CompatibilityChangeReporter( 1685): Compat change id reported: 161252188; UID 1000; state: DISABLED
07-30 17:20:48.886 I/PersonalSafety( 9634): (REDACTED) Displaying Google Setting item %b, %b, %b 
07-30 17:20:48.897 W/IndexDataConverter(15201): Skipping null deep link for raw indexable com.android.settings/Android Safe Browsing
07-30 17:20:48.898 W/IndexDataConverter(15201): Skipping null deep link for raw indexable com.android.settings/Theft protection
07-30 17:20:48.898 W/IndexDataConverter(15201): Skipping null deep link for raw indexable com.android.settings/Watch Unlock
07-30 17:20:48.910 W/PhBaseOp( 3160): Phenotype API error. Event: # hfse@53f805e0, EventCode: COMMIT_CONFIG [CONTEXT service_id=51 ]
07-30 17:20:48.910 W/PhBaseOp( 3160): eefr: 29537: Stale snapshot for com.google.android.gms.personalsafety(new configuration available)
07-30 17:20:48.910 W/PhBaseOp( 3160): 	at eehq.d(:com.google.android.gms@252635029@25.26.35 (190400-783060121):466)
07-30 17:20:48.910 W/PhBaseOp( 3160): 	at eehq.b(:com.google.android.gms@252635029@25.26.35 (190400-783060121):43)
07-30 17:20:48.910 W/PhBaseOp( 3160): 	at eehp.i(:com.google.android.gms@252635029@25.26.35 (190400-783060121):3)
07-30 17:20:48.910 W/PhBaseOp( 3160): 	at eehl.h(:com.google.android.gms@252635029@25.26.35 (190400-783060121):35)
07-30 17:20:48.910 W/PhBaseOp( 3160): 	at eehl.f(:com.google.android.gms@252635029@25.26.35 (190400-783060121):17)
07-30 17:20:48.910 W/PhBaseOp( 3160): 	at chij.fI(:com.google.android.gms@252635029@25.26.35 (190400-783060121):1)
07-30 17:20:48.910 W/PhBaseOp( 3160): 	at chin.run(:com.google.android.gms@252635029@25.26.35 (190400-783060121):128)
07-30 17:20:48.910 W/PhBaseOp( 3160): 	at fyft.run(:com.google.android.gms@252635029@25.26.35 (190400-783060121):21)
07-30 17:20:48.910 W/PhBaseOp( 3160): 	at azsg.c(:com.google.android.gms@252635029@25.26.35 (190400-783060121):50)
07-30 17:20:48.910 W/PhBaseOp( 3160): 	at azsg.run(:com.google.android.gms@252635029@25.26.35 (190400-783060121):70)
07-30 17:20:48.910 W/PhBaseOp( 3160): 	at java.util.concurrent.ThreadPoolExecutor.runWorker(ThreadPoolExecutor.java:1137)
07-30 17:20:48.910 W/PhBaseOp( 3160): 	at java.util.concurrent.ThreadPoolExecutor$Worker.run(ThreadPoolExecutor.java:637)
07-30 17:20:48.910 W/PhBaseOp( 3160): 	at azxy.run(:com.google.android.gms@252635029@25.26.35 (190400-783060121):8)
07-30 17:20:48.910 W/PhBaseOp( 3160): 	at java.lang.Thread.run(Thread.java:1012)
07-30 17:20:48.912 W/AsyncOperation( 3160): operation=CommitToConfigurationOperationCall, opStatusCode=29537 [CONTEXT service_id=51 ]
07-30 17:20:48.912 W/AsyncOperation( 3160): OperationException[Status{statusCode=Stale snapshot for com.google.android.gms.personalsafety(new configuration available), resolution=null}]
07-30 17:20:48.912 W/AsyncOperation( 3160): 	at eehl.h(:com.google.android.gms@252635029@25.26.35 (190400-783060121):65)
07-30 17:20:48.912 W/AsyncOperation( 3160): 	at eehl.f(:com.google.android.gms@252635029@25.26.35 (190400-783060121):17)
07-30 17:20:48.912 W/AsyncOperation( 3160): 	at chij.fI(:com.google.android.gms@252635029@25.26.35 (190400-783060121):1)
07-30 17:20:48.912 W/AsyncOperation( 3160): 	at chin.run(:com.google.android.gms@252635029@25.26.35 (190400-783060121):128)
07-30 17:20:48.912 W/AsyncOperation( 3160): 	at fyft.run(:com.google.android.gms@252635029@25.26.35 (190400-783060121):21)
07-30 17:20:48.912 W/AsyncOperation( 3160): 	at azsg.c(:com.google.android.gms@252635029@25.26.35 (190400-783060121):50)
07-30 17:20:48.912 W/AsyncOperation( 3160): 	at azsg.run(:com.google.android.gms@252635029@25.26.35 (190400-783060121):70)
07-30 17:20:48.912 W/AsyncOperation( 3160): 	at java.util.concurrent.ThreadPoolExecutor.runWorker(ThreadPoolExecutor.java:1137)
07-30 17:20:48.912 W/AsyncOperation( 3160): 	at java.util.concurrent.ThreadPoolExecutor$Worker.run(ThreadPoolExecutor.java:637)
07-30 17:20:48.912 W/AsyncOperation( 3160): 	at azxy.run(:com.google.android.gms@252635029@25.26.35 (190400-783060121):8)
07-30 17:20:48.912 W/AsyncOperation( 3160): 	at java.lang.Thread.run(Thread.java:1012)
07-30 17:20:48.924 I/ResolveIntentPreferenceInitializer( 3133): ResolveIntentPreferenceInitializer$Visitor.visitPreference():86 preference enable_smart_reply is hidden since the intent can't be resolved
07-30 17:20:48.925 W/RemoteCallableBase(15201): Null cursor. Cannot add index data for Uri: content://com.google.android.marvin.talkback.preference.search.TalkBackSearchIndexablesProvider/settings/indexables_xml_res
07-30 17:20:48.934 D/BoundBrokerSvc( 3160): onRebind: Intent { act=com.google.android.gms.libs.gmscorelogger.service.START dat=chimera-action:/... cmp=com.google.android.gms/.chimera.PersistentDirectBootAwareApiService }
07-30 17:20:48.936 W/IndexDatabaseHelper(15201): Detected schema version '127'. Index needs to be rebuilt for schema version '133'.
07-30 17:20:48.945 W/IndexableItem( 9634): indexing key is not set:Intent { act=com.google.android.gms.fido.fido2.ui.hybrid.LINKED_DEVICES_SETTINGS cat=[android.intent.category.DEFAULT] pkg=com.google.android.gms } [CONTEXT service_id=231 ]
07-30 17:20:48.945 W/IndexableItem( 9634): indexing key is not set:Intent { act=com.google.android.gms.fido.fido2.ui.hybrid.LINKED_DEVICES_SETTINGS cat=[android.intent.category.DEFAULT] pkg=com.google.android.gms } [CONTEXT service_id=231 ]
07-30 17:20:48.951 W/RemoteCallableBase(15201): Null cursor. Cannot add index data for Uri: content://com.google.android.marvin.talkback.preference.search.TalkBackSearchIndexablesProvider/settings/dynamic_indexables_raw
