07-30 17:20:48.958 D/CompatibilityChangeReporter(16032): Compat change id reported: 160794467; UID 10162; state: ENABLED
07-30 17:20:48.961 W/IndexableItem( 9634): indexing key is not set:Intent { cmp=com.google.android.gms/.locationsharing.activity.LocationSharingRedirectActivity } [CONTEXT service_id=231 ]
07-30 17:20:48.961 W/IndexableItem( 9634): indexing key is not set:Intent { cmp=com.google.android.gms/.locationsharing.activity.LocationSharingRedirectActivity } [CONTEXT service_id=231 ]
07-30 17:20:48.971 W/IndexableItem( 9634): indexing key is not set:Intent { cmp=com.google.android.gms/.romanesco.restore.settings.ContactsRestoreSettingsActivity } [CONTEXT service_id=231 ]
07-30 17:20:48.974 W/IndexableItem( 9634): indexing key is not set:Intent { cmp=com.google.android.gms/.romanesco.restore.settings.ContactsRestoreSettingsActivity } [CONTEXT service_id=231 ]
07-30 17:20:48.985 W/IndexableItem( 9634): indexing key is not set:Intent { act=com.google.android.gms.fido.fido2.ui.hybrid.LINKED_DEVICES_SETTINGS cat=[android.intent.category.DEFAULT] pkg=com.google.android.gms } [CONTEXT service_id=231 ]
07-30 17:20:48.986 W/IndexableItem( 9634): indexing key is not set:Intent { cmp=com.google.android.gms/.locationsharing.activity.LocationSharingRedirectActivity } [CONTEXT service_id=231 ]
07-30 17:20:48.987 W/IndexableItem( 9634): indexing key is not set:Intent { cmp=com.google.android.gms/.romanesco.restore.settings.ContactsRestoreSettingsActivity } [CONTEXT service_id=231 ]
07-30 17:20:48.998 W/RemoteCallableBase(15201): Null cursor. Cannot add index data for Uri: content://com.android.permissioncontroller.role/settings/dynamic_indexables_raw
07-30 17:20:49.055 D/CompatibilityChangeReporter( 1685): Compat change id reported: 177438394; UID 10150; state: DISABLED
07-30 17:20:49.055 D/CompatibilityChangeReporter( 1685): Compat change id reported: 135772972; UID 10150; state: DISABLED
07-30 17:20:49.055 D/CompatibilityChangeReporter( 1685): Compat change id reported: 135754954; UID 10150; state: ENABLED
07-30 17:20:49.056 D/CompatibilityChangeReporter( 1685): Compat change id reported: 143937733; UID 10150; state: ENABLED
07-30 17:20:49.077 I/LatinVoiceInputPreferenceInitializer( 3133): LatinVoiceInputPreferenceInitializer.initializePreference():24 avt available = false [SDG]
07-30 17:20:49.078 I/SpeechEnhancementLogger( 3133): SpeechEnhancementLogger.logAtInfo():24 Speech enhancement is disabled because device model is not supported [SD]
07-30 17:20:49.081 D/Zygote  ( 1038): Forked child process 16112
07-30 17:20:49.082 I/ActivityManager( 1685): Start proc 16112:com.google.android.projection.gearhead:projection/u0a150 for content provider {com.google.android.projection.gearhead/com.google.android.projection.gearhead.companion.settings.SettingsSearchProvider}
07-30 17:20:49.090 I/ResolveIntentPreferenceInitializer( 3133): ResolveIntentPreferenceInitializer$Visitor.visitPreference():86 preference enable_smart_reply is hidden since the intent can't be resolved
07-30 17:20:49.117 I/head:projection(16112): Using CollectorTypeCC GC.
07-30 17:20:49.131 I/LatinVoiceInputPreferenceInitializer( 3133): LatinVoiceInputPreferenceInitializer.initializePreference():24 avt available = false [SDG]
07-30 17:20:49.131 I/CAR.DRIVINGMODE( 9634): DrivingMode Settings Indexed from the location module
07-30 17:20:49.132 I/SpeechEnhancementLogger( 3133): SpeechEnhancementLogger.logAtInfo():24 Speech enhancement is disabled because device model is not supported [SD]
07-30 17:20:49.147 I/LatinVoiceInputPreferenceInitializer( 3133): LatinVoiceInputPreferenceInitializer.initializePreference():24 avt available = false [SDG]
07-30 17:20:49.148 I/SpeechEnhancementLogger( 3133): SpeechEnhancementLogger.logAtInfo():24 Speech enhancement is disabled because device model is not supported [SD]
07-30 17:20:49.154 I/SafetyCenterResContext(14436): Found Safety Center resources APK at: com.google.android.safetycenter.resources
07-30 17:20:49.162 I/adbd    ( 9369): jdwp connection from 16112
07-30 17:20:49.163 D/CompatibilityChangeReporter( 1685): Compat change id reported: 168419799; UID 10150; state: DISABLED
07-30 17:20:49.164 D/CompatibilityChangeReporter( 1685): Compat change id reported: 273564678; UID 10150; state: DISABLED
07-30 17:20:49.168 D/CompatibilityChangeReporter(16112): Compat change id reported: 171979766; UID 10150; state: ENABLED
07-30 17:20:49.176 I/LatinVoiceInputPreferenceInitializer( 3133): LatinVoiceInputPreferenceInitializer.initializePreference():24 avt available = false [SDG]
07-30 17:20:49.177 I/SpeechEnhancementLogger( 3133): SpeechEnhancementLogger.logAtInfo():24 Speech enhancement is disabled because device model is not supported [SD]
07-30 17:20:49.186 W/SQLiteLog(15201): (28) double-quoted string literal: "com.android.cellbroadcastreceiver"
07-30 17:20:49.187 W/SQLiteLog(15201): (28) double-quoted string literal: "com.android.settings"
07-30 17:20:49.188 W/SQLiteLog(15201): (28) double-quoted string literal: "com.android.traceur"
07-30 17:20:49.188 W/SQLiteLog(15201): (28) double-quoted string literal: "com.google.android.GoogleCamera"
07-30 17:20:49.189 W/SQLiteLog(15201): (28) double-quoted string literal: "com.google.android.apps.gsa.opa.AssistantSettingsProvider"
07-30 17:20:49.193 I/LatinVoiceInputPreferenceInitializer( 3133): LatinVoiceInputPreferenceInitializer.initializePreference():24 avt available = false [SDG]
07-30 17:20:49.194 I/SpeechEnhancementLogger( 3133): SpeechEnhancementLogger.logAtInfo():24 Speech enhancement is disabled because device model is not supported [SD]
07-30 17:20:49.202 W/SQLiteLog(15201): (28) double-quoted string literal: "com.google.android.apps.healthdata"
07-30 17:20:49.204 W/SQLiteLog(15201): (28) double-quoted string literal: "com.google.android.apps.messaging.settings.search"
07-30 17:20:49.205 W/SQLiteLog(15201): (28) double-quoted string literal: "com.google.android.apps.nexuslauncher"
07-30 17:20:49.206 W/SQLiteLog(15201): (28) double-quoted string literal: "com.google.android.apps.safetyhub.platformsettings.searchindexablesprovider"
07-30 17:20:49.206 I/Nearby  ( 9634): (REDACTED) is blocked device type %s, isAuto=%s, isIot=%s, isLatchsky=%s, isChinaWearable=%s, isTv=%s, isWearable=%s (supportWearOs=%s), isChromeOsDevice=%s (supportChromeOs=%s)
07-30 17:20:49.207 W/SQLiteLog(15201): (28) double-quoted string literal: "com.google.android.apps.search.assistant.surfaces.settings.search"
07-30 17:20:49.213 I/LatinVoiceInputPreferenceInitializer( 3133): LatinVoiceInputPreferenceInitializer.initializePreference():24 avt available = false [SDG]
07-30 17:20:49.214 I/SpeechEnhancementLogger( 3133): SpeechEnhancementLogger.logAtInfo():24 Speech enhancement is disabled because device model is not supported [SD]
07-30 17:20:49.214 W/SQLiteLog(15201): (28) double-quoted string literal: "com.google.android.apps.security.securityhub.searchindexables"
07-30 17:20:49.214 W/SQLiteLog(15201): (28) double-quoted string literal: "com.google.android.apps.tips.settings.search"
07-30 17:20:49.215 W/SQLiteLog(15201): (28) double-quoted string literal: "com.google.android.apps.wellbeing"
07-30 17:20:49.216 W/SQLiteLog(15201): (28) double-quoted string literal: "com.google.android.gms.accountsettings.content"
07-30 17:20:49.217 W/SQLiteLog(15201): (28) double-quoted string literal: "com.google.android.googlequicksearchbox.settings.search"
07-30 17:20:49.220 D/nativeloader(16112): Configuring classloader-namespace for other apk /system/framework/org.apache.http.legacy.jar. target_sdk_version=36, uses_libraries=ALL, library_path=/data/app/~~2mmBLE7f8kiN8EElO1IZIA==/com.google.android.projection.gearhead-TUHeQX4fyCrFcqxmmu9t_g==/lib/arm64:/data/app/~~2mmBLE7f8kiN8EElO1IZIA==/com.google.android.projection.gearhead-TUHeQX4fyCrFcqxmmu9t_g==/base.apk!/lib/arm64-v8a:/data/app/~~2mmBLE7f8kiN8EElO1IZIA==/com.google.android.projection.gearhead-TUHeQX4fyCrFcqxmmu9t_g==/split_config.arm64_v8a.apk!/lib/arm64-v8a:/data/app/~~2mmBLE7f8kiN8EElO1IZIA==/com.google.android.projection.gearhead-TUHeQX4fyCrFcqxmmu9t_g==/split_config.en.apk!/lib/arm64-v8a:/data/app/~~2mmBLE7f8kiN8EElO1IZIA==/com.google.android.projection.gearhead-TUHeQX4fyCrFcqxmmu9t_g==/split_config.xxhdpi.apk!/lib/arm64-v8a, permitted_path=/data:/mnt/expand:/data/user/0/com.google.android.projection.gearhead
07-30 17:20:49.231 I/Multidevice( 3160): (REDACTED) [FeatureSettingsApiService] getXdFeatureStatus( %s ): %s
07-30 17:20:49.239 I/SpatulaSettingsModuleIn( 9634): Spatula Settings item fetched [CONTEXT service_id=386 ]
07-30 17:20:49.241 I/LatinVoiceInputPreferenceInitializer( 3133): LatinVoiceInputPreferenceInitializer.initializePreference():24 avt available = false [SDG]
07-30 17:20:49.242 I/SpeechEnhancementLogger( 3133): SpeechEnhancementLogger.logAtInfo():24 Speech enhancement is disabled because device model is not supported [SD]
07-30 17:20:49.258 I/LatinVoiceInputPreferenceInitializer( 3133): LatinVoiceInputPreferenceInitializer.initializePreference():24 avt available = false [SDG]
07-30 17:20:49.259 I/SpeechEnhancementLogger( 3133): SpeechEnhancementLogger.logAtInfo():24 Speech enhancement is disabled because device model is not supported [SD]
07-30 17:20:49.268 I/DRIVINGMODE( 9634): isAllowedProfile = true
07-30 17:20:49.274 I/pixel-thermal( 2031): skin-therm-monitor: 48.934
07-30 17:20:49.286 W/PersonalSafety( 9634): Debug page in internal setting true, true, false  [CONTEXT service_id=310 ]
07-30 17:20:49.289 W/ziparchive(16112): Unable to open '/data/app/~~2mmBLE7f8kiN8EElO1IZIA==/com.google.android.projection.gearhead-TUHeQX4fyCrFcqxmmu9t_g==/split_config.arm64_v8a.dm': No such file or directory
07-30 17:20:49.289 W/ziparchive(16112): Unable to open '/data/app/~~2mmBLE7f8kiN8EElO1IZIA==/com.google.android.projection.gearhead-TUHeQX4fyCrFcqxmmu9t_g==/split_config.arm64_v8a.dm': No such file or directory
07-30 17:20:49.289 I/PersonalSafety( 9634): (REDACTED) Displaying Google Setting item %b, %b, %b 
07-30 17:20:49.290 W/head:projection(16112): Entry not found
07-30 17:20:49.291 W/ziparchive(16112): Unable to open '/data/app/~~2mmBLE7f8kiN8EElO1IZIA==/com.google.android.projection.gearhead-TUHeQX4fyCrFcqxmmu9t_g==/split_config.en.dm': No such file or directory
07-30 17:20:49.291 W/ziparchive(16112): Unable to open '/data/app/~~2mmBLE7f8kiN8EElO1IZIA==/com.google.android.projection.gearhead-TUHeQX4fyCrFcqxmmu9t_g==/split_config.en.dm': No such file or directory
07-30 17:20:49.292 W/head:projection(16112): Entry not found
07-30 17:20:49.293 W/ziparchive(16112): Unable to open '/data/app/~~2mmBLE7f8kiN8EElO1IZIA==/com.google.android.projection.gearhead-TUHeQX4fyCrFcqxmmu9t_g==/split_config.xxhdpi.dm': No such file or directory
07-30 17:20:49.293 W/ziparchive(16112): Unable to open '/data/app/~~2mmBLE7f8kiN8EElO1IZIA==/com.google.android.projection.gearhead-TUHeQX4fyCrFcqxmmu9t_g==/split_config.xxhdpi.dm': No such file or directory
07-30 17:20:49.294 W/head:projection(16112): Entry not found
07-30 17:20:49.308 D/fpc_hidl(16128): fpc fingerprint hwbinder service starting
07-30 17:20:49.310 I/LatinVoiceInputPreferenceInitializer( 3133): LatinVoiceInputPreferenceInitializer.initializePreference():24 avt available = false [SDG]
07-30 17:20:49.311 I/SpeechEnhancementLogger( 3133): SpeechEnhancementLogger.logAtInfo():24 Speech enhancement is disabled because device model is not supported [SD]
07-30 17:20:49.311 D/nativeloader(16112): Configuring classloader-namespace for other apk /data/app/~~2mmBLE7f8kiN8EElO1IZIA==/com.google.android.projection.gearhead-TUHeQX4fyCrFcqxmmu9t_g==/base.apk:/data/app/~~2mmBLE7f8kiN8EElO1IZIA==/com.google.android.projection.gearhead-TUHeQX4fyCrFcqxmmu9t_g==/split_config.arm64_v8a.apk:/data/app/~~2mmBLE7f8kiN8EElO1IZIA==/com.google.android.projection.gearhead-TUHeQX4fyCrFcqxmmu9t_g==/split_config.en.apk:/data/app/~~2mmBLE7f8kiN8EElO1IZIA==/com.google.android.projection.gearhead-TUHeQX4fyCrFcqxmmu9t_g==/split_config.xxhdpi.apk. target_sdk_version=36, uses_libraries=, library_path=/data/app/~~2mmBLE7f8kiN8EElO1IZIA==/com.google.android.projection.gearhead-TUHeQX4fyCrFcqxmmu9t_g==/lib/arm64:/data/app/~~2mmBLE7f8kiN8EElO1IZIA==/com.google.android.projection.gearhead-TUHeQX4fyCrFcqxmmu9t_g==/base.apk!/lib/arm64-v8a:/data/app/~~2mmBLE7f8kiN8EElO1IZIA==/com.google.android.projection.gearhead-TUHeQX4fyCrFcqxmmu9t_g==/split_config.arm64_v8a.apk!/lib/arm64-v8a:/data/app/~~2mmBLE7f8kiN8EElO1IZIA==/com.google.android.pr
07-30 17:20:49.314 E/fpc_tac (16128): Unable to open '/sys/bus/platform/devices/18321000.qcom,cpucc:qcom,limits-dcvs@18358800/modalias'
07-30 17:20:49.342 E/fpc_tac (16128): Unable to open '/sys/bus/platform/devices/0.qcom,rmtfs_sharedmem/modalias'
07-30 17:20:49.345 W/head:projection(16112): JIT profile information will not be recorded: profile file does not exist.
07-30 17:20:49.345 W/head:projection(16112): JIT profile information will not be recorded: profile file does not exist.
07-30 17:20:49.346 W/head:projection(16112): JIT profile information will not be recorded: profile file does not exist.
07-30 17:20:49.349 E/fpc_tac (16128): Unable to open '/sys/bus/platform/devices/18321000.qcom,cpucc:qcom,limits-dcvs@18350800/modalias'
07-30 17:20:49.350 W/IndexableItem( 9634): indexing key is not set:Intent { act=com.google.android.gms.fido.fido2.ui.hybrid.LINKED_DEVICES_SETTINGS cat=[android.intent.category.DEFAULT] pkg=com.google.android.gms } [CONTEXT service_id=231 ]
07-30 17:20:49.350 W/IndexableItem( 9634): indexing key is not set:Intent { act=com.google.android.gms.fido.fido2.ui.hybrid.LINKED_DEVICES_SETTINGS cat=[android.intent.category.DEFAULT] pkg=com.google.android.gms } [CONTEXT service_id=231 ]
07-30 17:20:49.355 D/QSEECOMAPI(16128): QSEECom_get_handle sb_length = 0x80
07-30 17:20:49.355 D/QSEECOMAPI(16128): App is not loaded in QSEE
07-30 17:20:49.356 D/QSEECOMAPI(16128): app_arch = 2, total_files = 9
07-30 17:20:49.362 W/IndexableItem( 9634): indexing key is not set:Intent { cmp=com.google.android.gms/.locationsharing.activity.LocationSharingRedirectActivity } [CONTEXT service_id=231 ]
07-30 17:20:49.363 W/IndexableItem( 9634): indexing key is not set:Intent { cmp=com.google.android.gms/.locationsharing.activity.LocationSharingRedirectActivity } [CONTEXT service_id=231 ]
07-30 17:20:49.375 W/IndexableItem( 9634): indexing key is not set:Intent { cmp=com.google.android.gms/.romanesco.restore.settings.ContactsRestoreSettingsActivity } [CONTEXT service_id=231 ]
07-30 17:20:49.377 W/IndexableItem( 9634): indexing key is not set:Intent { cmp=com.google.android.gms/.romanesco.restore.settings.ContactsRestoreSettingsActivity } [CONTEXT service_id=231 ]
07-30 17:20:49.381 I/LatinVoiceInputPreferenceInitializer( 3133): LatinVoiceInputPreferenceInitializer.initializePreference():24 avt available = false [SDG]
07-30 17:20:49.384 V/GraphicsEnvironment(16112): ANGLE Developer option for 'com.google.android.projection.gearhead' set to: 'default'
07-30 17:20:49.385 V/GraphicsEnvironment(16112): ANGLE GameManagerService for com.google.android.projection.gearhead: false
07-30 17:20:49.387 D/qc_adm  ( 1053): ns 1562017 > expected_ns 1000000 (skipped 0)
07-30 17:20:49.389 D/NetworkSecurityConfig(16112): No Network Security Config specified, using platform default
07-30 17:20:49.390 D/NetworkSecurityConfig(16112): No Network Security Config specified, using platform default
07-30 17:20:49.391 I/SpeechEnhancementLogger( 3133): SpeechEnhancementLogger.logAtInfo():24 Speech enhancement is disabled because device model is not supported [SD]
07-30 17:20:49.401 W/IndexableItem( 9634): indexing key is not set:Intent { act=com.google.android.gms.fido.fido2.ui.hybrid.LINKED_DEVICES_SETTINGS cat=[android.intent.category.DEFAULT] pkg=com.google.android.gms } [CONTEXT service_id=231 ]
07-30 17:20:49.403 W/IndexableItem( 9634): indexing key is not set:Intent { cmp=com.google.android.gms/.locationsharing.activity.LocationSharingRedirectActivity } [CONTEXT service_id=231 ]
07-30 17:20:49.405 W/IndexableItem( 9634): indexing key is not set:Intent { cmp=com.google.android.gms/.romanesco.restore.settings.ContactsRestoreSettingsActivity } [CONTEXT service_id=231 ]
07-30 17:20:49.434 D/QSEECOMAPI(16128): Loaded image: APP id = 9379
07-30 17:20:49.441 E/gs.intelligence(15201): No package ID ff found for ID 0xffffffff.
07-30 17:20:49.442 E/gs.intelligence(15201): No package ID ff found for ID 0xffffffff.
07-30 17:20:49.442 E/gs.intelligence(15201): No package ID ff found for ID 0xffffffff.
07-30 17:20:49.442 E/gs.intelligence(15201): No package ID ff found for ID 0xffffffff.
07-30 17:20:49.442 E/gs.intelligence(15201): No package ID ff found for ID 0xffffffff.
07-30 17:20:49.443 E/gs.intelligence(15201): No package ID ff found for ID 0xffffffff.
07-30 17:20:49.443 E/gs.intelligence(15201): No package ID ff found for ID 0xffffffff.
07-30 17:20:49.445 W/UnsafeUtil(14436): platform method missing - proto runtime falling back to safer methods: java.lang.NoSuchMethodException: sun.misc.Unsafe.copyMemory [class java.lang.Object, long, class java.lang.Object, long, long]
07-30 17:20:49.447 E/fpc_tac (16128): TA returned error response 0xfffffff4 FPC_ERROR_RESET_HARDWARE
07-30 17:20:49.456 E/gs.intelligence(15201): No package ID ff found for ID 0xffffffff.
07-30 17:20:49.457 E/gs.intelligence(15201): No package ID ff found for ID 0xffffffff.
07-30 17:20:49.457 E/gs.intelligence(15201): No package ID ff found for ID 0xffffffff.
07-30 17:20:49.458 E/gs.intelligence(15201): No package ID ff found for ID 0xffffffff.
07-30 17:20:49.458 E/gs.intelligence(15201): No package ID ff found for ID 0xffffffff.
07-30 17:20:49.458 E/gs.intelligence(15201): No package ID ff found for ID 0xffffffff.
07-30 17:20:49.459 I/LatinVoiceInputPreferenceInitializer( 3133): LatinVoiceInputPreferenceInitializer.initializePreference():24 avt available = false [SDG]
07-30 17:20:49.459 E/gs.intelligence(15201): No package ID ff found for ID 0xffffffff.
07-30 17:20:49.460 E/gs.intelligence(15201): No package ID ff found for ID 0xffffffff.
07-30 17:20:49.460 E/gs.intelligence(15201): No package ID ff found for ID 0xffffffff.
07-30 17:20:49.462 E/gs.intelligence(15201): No package ID ff found for ID 0xffffffff.
07-30 17:20:49.463 E/gs.intelligence(15201): No package ID ff found for ID 0xffffffff.
07-30 17:20:49.463 E/gs.intelligence(15201): No package ID ff found for ID 0xffffffff.
07-30 17:20:49.465 E/gs.intelligence(15201): No package ID ff found for ID 0xffffffff.
07-30 17:20:49.465 E/gs.intelligence(15201): No package ID ff found for ID 0xffffffff.
07-30 17:20:49.466 E/gs.intelligence(15201): No package ID ff found for ID 0xffffffff.
07-30 17:20:49.466 E/fpc_tac (16128): TA returned error response 0xfffffff4 FPC_ERROR_RESET_HARDWARE
07-30 17:20:49.467 E/gs.intelligence(15201): No package ID ff found for ID 0xffffffff.
07-30 17:20:49.468 E/gs.intelligence(15201): No package ID ff found for ID 0xffffffff.
07-30 17:20:49.468 E/gs.intelligence(15201): No package ID ff found for ID 0xffffffff.
07-30 17:20:49.471 E/gs.intelligence(15201): No package ID ff found for ID 0xffffffff.
07-30 17:20:49.471 E/gs.intelligence(15201): No package ID ff found for ID 0xffffffff.
07-30 17:20:49.472 E/gs.intelligence(15201): No package ID ff found for ID 0xffffffff.
07-30 17:20:49.474 E/gs.intelligence(15201): No package ID ff found for ID 0xffffffff.
07-30 17:20:49.474 E/gs.intelligence(15201): No package ID ff found for ID 0xffffffff.
07-30 17:20:49.475 E/gs.intelligence(15201): No package ID ff found for ID 0xffffffff.
07-30 17:20:49.477 E/gs.intelligence(15201): No package ID ff found for ID 0xffffffff.
07-30 17:20:49.477 E/gs.intelligence(15201): No package ID ff found for ID 0xffffffff.
07-30 17:20:49.477 E/gs.intelligence(15201): No package ID ff found for ID 0xffffffff.
07-30 17:20:49.479 E/gs.intelligence(15201): No package ID ff found for ID 0xffffffff.
07-30 17:20:49.479 E/gs.intelligence(15201): No package ID ff found for ID 0xffffffff.
07-30 17:20:49.480 E/gs.intelligence(15201): No package ID ff found for ID 0xffffffff.
07-30 17:20:49.481 E/gs.intelligence(15201): No package ID ff found for ID 0xffffffff.
07-30 17:20:49.482 E/gs.intelligence(15201): No package ID ff found for ID 0xffffffff.
07-30 17:20:49.482 E/gs.intelligence(15201): No package ID ff found for ID 0xffffffff.
07-30 17:20:49.484 E/gs.intelligence(15201): No package ID ff found for ID 0xffffffff.
07-30 17:20:49.484 E/gs.intelligence(15201): No package ID ff found for ID 0xffffffff.
07-30 17:20:49.485 E/gs.intelligence(15201): No package ID ff found for ID 0xffffffff.
07-30 17:20:49.486 E/fpc_tac (16128): sensor_command, Failed to send command: 0 to TA, status code: -9
07-30 17:20:49.487 E/fpc_fingerprint_hal(16128): fpc_hal_open failed
07-30 17:20:49.487 D/QSEECOMAPI(16128): QSEECom_dealloc_memory 
07-30 17:20:49.487 D/QSEECOMAPI(16128): QSEECom_shutdown_app, app_id = 9379
07-30 17:20:49.487 E/gs.intelligence(15201): No package ID ff found for ID 0xffffffff.
07-30 17:20:49.487 E/gs.intelligence(15201): No package ID ff found for ID 0xffffffff.
07-30 17:20:49.487 E/gs.intelligence(15201): No package ID ff found for ID 0xffffffff.
07-30 17:20:49.489 E/gs.intelligence(15201): No package ID ff found for ID 0xffffffff.
07-30 17:20:49.490 E/gs.intelligence(15201): No package ID ff found for ID 0xffffffff.
07-30 17:20:49.490 E/gs.intelligence(15201): No package ID ff found for ID 0xffffffff.
07-30 17:20:49.491 E/gs.intelligence(15201): No package ID ff found for ID 0xffffffff.
07-30 17:20:49.492 E/gs.intelligence(15201): No package ID ff found for ID 0xffffffff.
07-30 17:20:49.492 E/gs.intelligence(15201): No package ID ff found for ID 0xffffffff.
07-30 17:20:49.494 E/gs.intelligence(15201): No package ID ff found for ID 0xffffffff.
07-30 17:20:49.494 E/gs.intelligence(15201): No package ID ff found for ID 0xffffffff.
07-30 17:20:49.494 I/SpeechEnhancementLogger( 3133): SpeechEnhancementLogger.logAtInfo():24 Speech enhancement is disabled because device model is not supported [SD]
07-30 17:20:49.494 E/gs.intelligence(15201): No package ID ff found for ID 0xffffffff.
07-30 17:20:49.495 E/gs.intelligence(15201): No package ID ff found for ID 0xffffffff.
07-30 17:20:49.496 E/gs.intelligence(15201): No package ID ff found for ID 0xffffffff.
07-30 17:20:49.496 E/gs.intelligence(15201): No package ID ff found for ID 0xffffffff.
07-30 17:20:49.497 E/gs.intelligence(15201): No package ID ff found for ID 0xffffffff.
07-30 17:20:49.498 E/gs.intelligence(15201): No package ID ff found for ID 0xffffffff.
07-30 17:20:49.499 E/gs.intelligence(15201): No package ID ff found for ID 0xffffffff.
07-30 17:20:49.499 E/gs.intelligence(15201): No package ID ff found for ID 0xffffffff.
07-30 17:20:49.500 E/gs.intelligence(15201): No package ID ff found for ID 0xffffffff.
07-30 17:20:49.502 E/gs.intelligence(15201): No package ID ff found for ID 0xffffffff.
07-30 17:20:49.502 E/gs.intelligence(15201): No package ID ff found for ID 0xffffffff.
07-30 17:20:49.503 E/gs.intelligence(15201): No package ID ff found for ID 0xffffffff.
07-30 17:20:49.506 E/gs.intelligence(15201): No package ID ff found for ID 0xffffffff.
07-30 17:20:49.508 E/gs.intelligence(15201): No package ID ff found for ID 0xffffffff.
07-30 17:20:49.508 E/gs.intelligence(15201): No package ID ff found for ID 0xffffffff.
07-30 17:20:49.513 I/flags_health_check(16135): ServerConfigurableFlagsReset reset_mode value: 1
07-30 17:20:49.514 I/flags_health_check(16135): ServerConfigurableFlagsReset updatable crashing detected, resetting flags.
07-30 17:20:49.518 E/gs.intelligence(15201): No package ID ff found for ID 0xffffffff.
07-30 17:20:49.518 E/gs.intelligence(15201): No package ID ff found for ID 0xffffffff.
07-30 17:20:49.519 E/gs.intelligence(15201): No package ID ff found for ID 0xffffffff.
07-30 17:20:49.530 W/RemoteCallableBase(15201): Null cursor. Cannot add index data for Uri: content://com.android.permissioncontroller.safetycenter/settings/dynamic_indexables_raw
07-30 17:20:49.531 E/gs.intelligence(15201): No package ID ff found for ID 0xffffffff.
07-30 17:20:49.531 E/gs.intelligence(15201): No package ID ff found for ID 0xffffffff.
07-30 17:20:49.531 E/gs.intelligence(15201): No package ID ff found for ID 0xffffffff.
07-30 17:20:49.531 E/gs.intelligence(15201): No package ID ff found for ID 0xffffffff.
07-30 17:20:49.538 E/gs.intelligence(15201): No package ID ff found for ID 0xffffffff.
07-30 17:20:49.539 E/gs.intelligence(15201): No package ID ff found for ID 0xffffffff.
07-30 17:20:49.539 E/gs.intelligence(15201): No package ID ff found for ID 0xffffffff.
07-30 17:20:49.543 E/gs.intelligence(15201): No package ID ff found for ID 0xffffffff.
07-30 17:20:49.546 E/gs.intelligence(15201): No package ID ff found for ID 0xffffffff.
07-30 17:20:49.547 E/gs.intelligence(15201): No package ID ff found for ID 0xffffffff.
07-30 17:20:49.548 E/gs.intelligence(15201): No package ID ff found for ID 0xffffffff.
07-30 17:20:49.548 E/gs.intelligence(15201): No package ID ff found for ID 0xffffffff.
07-30 17:20:49.549 E/gs.intelligence(15201): No package ID ff found for ID 0xffffffff.
07-30 17:20:49.550 E/gs.intelligence(15201): No package ID ff found for ID 0xffffffff.
07-30 17:20:49.551 E/gs.intelligence(15201): No package ID ff found for ID 0xffffffff.
07-30 17:20:49.551 E/gs.intelligence(15201): No package ID ff found for ID 0xffffffff.
07-30 17:20:49.552 E/gs.intelligence(15201): No package ID ff found for ID 0xffffffff.
07-30 17:20:49.553 E/gs.intelligence(15201): No package ID ff found for ID 0xffffffff.
07-30 17:20:49.556 E/gs.intelligence(15201): No package ID ff found for ID 0xffffffff.
07-30 17:20:49.559 W/IndexDataConverter(15201): Skipping index for null-key item IndexData.Builder {title: null,package: com.google.android.apps.nexuslauncher}
07-30 17:20:49.573 W/RemoteCallableBase(15201): Null cursor. Cannot add index data for Uri: content://com.google.android.settings.intelligence.modules.battery.impl.chargingoptimization.searchprovider/settings/dynamic_indexables_raw
07-30 17:20:49.546 I/LatinVoiceInputPreferenceInitializer( 3133): LatinVoiceInputPreferenceInitializer.initializePreference():24 avt available = false [SDG]
07-30 17:20:49.577 I/SpeechEnhancementLogger( 3133): SpeechEnhancementLogger.logAtInfo():24 Speech enhancement is disabled because device model is not supported [SD]
07-30 17:20:49.580 E/gs.intelligence(15201): No package ID ff found for ID 0xffffffff.
07-30 17:20:49.580 E/gs.intelligence(15201): No package ID ff found for ID 0xffffffff.
07-30 17:20:49.581 E/gs.intelligence(15201): No package ID ff found for ID 0xffffffff.
07-30 17:20:49.581 E/gs.intelligence(15201): No package ID ff found for ID 0xffffffff.
07-30 17:20:49.581 E/gs.intelligence(15201): No package ID ff found for ID 0xffffffff.
07-30 17:20:49.581 E/gs.intelligence(15201): No package ID ff found for ID 0xffffffff.
07-30 17:20:49.581 E/gs.intelligence(15201): No package ID ff found for ID 0xffffffff.
07-30 17:20:49.582 E/gs.intelligence(15201): No package ID ff found for ID 0xffffffff.
07-30 17:20:49.582 E/gs.intelligence(15201): No package ID ff found for ID 0xffffffff.
07-30 17:20:49.582 E/gs.intelligence(15201): No package ID ff found for ID 0xffffffff.
07-30 17:20:49.582 E/gs.intelligence(15201): No package ID ff found for ID 0xffffffff.
07-30 17:20:49.589 W/RemoteCallableBase(15201): Null cursor. Cannot add index data for Uri: content://com.google.android.settings.intelligence.routines.impl/settings/dynamic_indexables_raw
07-30 17:20:49.594 E/gs.intelligence(15201): No package ID ff found for ID 0xffffffff.
07-30 17:20:49.594 E/gs.intelligence(15201): No package ID ff found for ID 0xffffffff.
07-30 17:20:49.595 E/gs.intelligence(15201): No package ID ff found for ID 0xffffffff.
07-30 17:20:49.596 E/gs.intelligence(15201): No package ID ff found for ID 0xffffffff.
07-30 17:20:49.596 E/gs.intelligence(15201): No package ID ff found for ID 0xffffffff.
07-30 17:20:49.597 E/gs.intelligence(15201): No package ID ff found for ID 0xffffffff.
07-30 17:20:49.597 E/gs.intelligence(15201): No package ID ff found for ID 0xffffffff.
07-30 17:20:49.619 E/gs.intelligence(15201): No package ID ff found for ID 0xffffffff.
07-30 17:20:49.619 E/gs.intelligence(15201): No package ID ff found for ID 0xffffffff.
07-30 17:20:49.619 E/gs.intelligence(15201): No package ID ff found for ID 0xffffffff.
07-30 17:20:49.619 E/gs.intelligence(15201): No package ID ff found for ID 0xffffffff.
07-30 17:20:49.620 E/gs.intelligence(15201): No package ID ff found for ID 0xffffffff.
07-30 17:20:49.620 E/gs.intelligence(15201): No package ID ff found for ID 0xffffffff.
07-30 17:20:49.620 E/gs.intelligence(15201): No package ID ff found for ID 0xffffffff.
07-30 17:20:49.622 E/gs.intelligence(15201): No package ID ff found for ID 0xffffffff.
07-30 17:20:49.623 E/gs.intelligence(15201): No package ID ff found for ID 0xffffffff.
07-30 17:20:49.623 E/gs.intelligence(15201): No package ID ff found for ID 0xffffffff.
07-30 17:20:49.628 W/RemoteCallableBase(15201): Null cursor. Cannot add index data for Uri: content://com.google.android.settings.intelligence.provider.search/settings/dynamic_indexables_raw
07-30 17:20:49.638 E/gs.intelligence(15201): No package ID ff found for ID 0xffffffff.
07-30 17:20:49.638 E/gs.intelligence(15201): No package ID ff found for ID 0xffffffff.
07-30 17:20:49.639 E/gs.intelligence(15201): No package ID ff found for ID 0xffffffff.
07-30 17:20:49.641 E/gs.intelligence(15201): No package ID ff found for ID 0xffffffff.
07-30 17:20:49.641 E/gs.intelligence(15201): No package ID ff found for ID 0xffffffff.
07-30 17:20:49.641 E/gs.intelligence(15201): No package ID ff found for ID 0xffffffff.
07-30 17:20:49.644 E/gs.intelligence(15201): No package ID ff found for ID 0xffffffff.
07-30 17:20:49.645 E/gs.intelligence(15201): No package ID ff found for ID 0xffffffff.
07-30 17:20:49.645 E/gs.intelligence(15201): No package ID ff found for ID 0xffffffff.
07-30 17:20:49.647 E/gs.intelligence(15201): No package ID ff found for ID 0xffffffff.
07-30 17:20:49.647 E/gs.intelligence(15201): No package ID ff found for ID 0xffffffff.
07-30 17:20:49.647 E/gs.intelligence(15201): No package ID ff found for ID 0xffffffff.
07-30 17:20:49.648 E/gs.intelligence(15201): No package ID ff found for ID 0xffffffff.
07-30 17:20:49.649 E/gs.intelligence(15201): No package ID ff found for ID 0xffffffff.
07-30 17:20:49.649 E/gs.intelligence(15201): No package ID ff found for ID 0xffffffff.
07-30 17:20:49.650 E/gs.intelligence(15201): No package ID ff found for ID 0xffffffff.
07-30 17:20:49.651 E/gs.intelligence(15201): No package ID ff found for ID 0xffffffff.
07-30 17:20:49.651 E/gs.intelligence(15201): No package ID ff found for ID 0xffffffff.
07-30 17:20:49.652 E/gs.intelligence(15201): No package ID ff found for ID 0xffffffff.
07-30 17:20:49.652 E/gs.intelligence(15201): No package ID ff found for ID 0xffffffff.
07-30 17:20:49.652 E/gs.intelligence(15201): No package ID ff found for ID 0xffffffff.
07-30 17:20:49.654 E/gs.intelligence(15201): No package ID ff found for ID 0xffffffff.
07-30 17:20:49.654 E/gs.intelligence(15201): No package ID ff found for ID 0xffffffff.
07-30 17:20:49.655 E/gs.intelligence(15201): No package ID ff found for ID 0xffffffff.
07-30 17:20:49.656 E/gs.intelligence(15201): No package ID ff found for ID 0xffffffff.
07-30 17:20:49.656 E/gs.intelligence(15201): No package ID ff found for ID 0xffffffff.
07-30 17:20:49.656 E/gs.intelligence(15201): No package ID ff found for ID 0xffffffff.
07-30 17:20:49.657 E/gs.intelligence(15201): No package ID ff found for ID 0xffffffff.
07-30 17:20:49.658 E/gs.intelligence(15201): No package ID ff found for ID 0xffffffff.
07-30 17:20:49.658 E/gs.intelligence(15201): No package ID ff found for ID 0xffffffff.
07-30 17:20:49.659 E/gs.intelligence(15201): No package ID ff found for ID 0xffffffff.
07-30 17:20:49.659 E/gs.intelligence(15201): No package ID ff found for ID 0xffffffff.
07-30 17:20:49.659 E/gs.intelligence(15201): No package ID ff found for ID 0xffffffff.
07-30 17:20:49.659 E/gs.intelligence(15201): No package ID ff found for ID 0xffffffff.
07-30 17:20:49.660 E/gs.intelligence(15201): No package ID ff found for ID 0xffffffff.
07-30 17:20:49.660 E/gs.intelligence(15201): No package ID ff found for ID 0xffffffff.
07-30 17:20:49.660 E/gs.intelligence(15201): No package ID ff found for ID 0xffffffff.
07-30 17:20:49.662 E/gs.intelligence(15201): No package ID ff found for ID 0xffffffff.
07-30 17:20:49.662 E/gs.intelligence(15201): No package ID ff found for ID 0xffffffff.
07-30 17:20:49.662 E/gs.intelligence(15201): No package ID ff found for ID 0xffffffff.
07-30 17:20:49.662 E/gs.intelligence(15201): No package ID ff found for ID 0xffffffff.
07-30 17:20:49.663 E/gs.intelligence(15201): No package ID ff found for ID 0xffffffff.
07-30 17:20:49.663 E/gs.intelligence(15201): No package ID ff found for ID 0xffffffff.
07-30 17:20:49.663 E/gs.intelligence(15201): No package ID ff found for ID 0xffffffff.
07-30 17:20:49.663 E/gs.intelligence(15201): No package ID ff found for ID 0xffffffff.
07-30 17:20:49.668 E/gs.intelligence(15201): No package ID ff found for ID 0xffffffff.
07-30 17:20:49.668 E/gs.intelligence(15201): No package ID ff found for ID 0xffffffff.
07-30 17:20:49.672 I/LatinVoiceInputPreferenceInitializer( 3133): LatinVoiceInputPreferenceInitializer.initializePreference():24 avt available = false [SDG]
07-30 17:20:49.673 I/SpeechEnhancementLogger( 3133): SpeechEnhancementLogger.logAtInfo():24 Speech enhancement is disabled because device model is not supported [SD]
07-30 17:20:49.674 E/gs.intelligence(15201): No package ID ff found for ID 0xffffffff.
07-30 17:20:49.676 E/gs.intelligence(15201): No package ID ff found for ID 0xffffffff.
07-30 17:20:49.676 E/gs.intelligence(15201): No package ID ff found for ID 0xffffffff.
07-30 17:20:49.686 E/gs.intelligence(15201): No package ID ff found for ID 0xffffffff.
07-30 17:20:49.687 E/gs.intelligence(15201): No package ID ff found for ID 0xffffffff.
07-30 17:20:49.688 E/gs.intelligence(15201): No package ID ff found for ID 0xffffffff.
07-30 17:20:49.689 E/gs.intelligence(15201): No package ID ff found for ID 0xffffffff.
07-30 17:20:49.689 E/gs.intelligence(15201): No package ID ff found for ID 0xffffffff.
07-30 17:20:49.689 E/gs.intelligence(15201): No package ID ff found for ID 0xffffffff.
07-30 17:20:49.690 E/gs.intelligence(15201): No package ID ff found for ID 0xffffffff.
07-30 17:20:49.697 E/gs.intelligence(15201): No package ID ff found for ID 0xffffffff.
07-30 17:20:49.697 E/gs.intelligence(15201): No package ID ff found for ID 0xffffffff.
07-30 17:20:49.697 E/gs.intelligence(15201): No package ID ff found for ID 0xffffffff.
07-30 17:20:49.697 E/gs.intelligence(15201): No package ID ff found for ID 0xffffffff.
07-30 17:20:49.699 E/gs.intelligence(15201): No package ID ff found for ID 0xffffffff.
07-30 17:20:49.699 E/gs.intelligence(15201): No package ID ff found for ID 0xffffffff.
07-30 17:20:49.699 E/gs.intelligence(15201): No package ID ff found for ID 0xffffffff.
07-30 17:20:49.699 E/gs.intelligence(15201): No package ID ff found for ID 0xffffffff.
07-30 17:20:49.701 E/gs.intelligence(15201): No package ID ff found for ID 0xffffffff.
07-30 17:20:49.701 E/gs.intelligence(15201): No package ID ff found for ID 0xffffffff.
07-30 17:20:49.701 E/gs.intelligence(15201): No package ID ff found for ID 0xffffffff.
07-30 17:20:49.702 E/gs.intelligence(15201): No package ID ff found for ID 0xffffffff.
07-30 17:20:49.704 E/gs.intelligence(15201): No package ID ff found for ID 0xffffffff.
07-30 17:20:49.704 E/gs.intelligence(15201): No package ID ff found for ID 0xffffffff.
07-30 17:20:49.705 E/gs.intelligence(15201): No package ID ff found for ID 0xffffffff.
07-30 17:20:49.705 E/gs.intelligence(15201): No package ID ff found for ID 0xffffffff.
07-30 17:20:49.709 E/gs.intelligence(15201): No package ID ff found for ID 0xffffffff.
07-30 17:20:49.711 E/gs.intelligence(15201): No package ID ff found for ID 0xffffffff.
07-30 17:20:49.711 E/gs.intelligence(15201): No package ID ff found for ID 0xffffffff.
07-30 17:20:49.711 E/gs.intelligence(15201): No package ID ff found for ID 0xffffffff.
07-30 17:20:49.714 E/gs.intelligence(15201): No package ID ff found for ID 0xffffffff.
07-30 17:20:49.715 E/gs.intelligence(15201): No package ID ff found for ID 0xffffffff.
07-30 17:20:49.715 E/gs.intelligence(15201): No package ID ff found for ID 0xffffffff.
07-30 17:20:49.715 E/gs.intelligence(15201): No package ID ff found for ID 0xffffffff.
07-30 17:20:49.716 E/gs.intelligence(15201): No package ID ff found for ID 0xffffffff.
07-30 17:20:49.716 E/gs.intelligence(15201): No package ID ff found for ID 0xffffffff.
07-30 17:20:49.717 E/gs.intelligence(15201): No package ID ff found for ID 0xffffffff.
07-30 17:20:49.717 E/gs.intelligence(15201): No package ID ff found for ID 0xffffffff.
07-30 17:20:49.719 E/gs.intelligence(15201): No package ID ff found for ID 0xffffffff.
07-30 17:20:49.720 E/gs.intelligence(15201): No package ID ff found for ID 0xffffffff.
07-30 17:20:49.720 E/gs.intelligence(15201): No package ID ff found for ID 0xffffffff.
07-30 17:20:49.722 E/gs.intelligence(15201): No package ID ff found for ID 0xffffffff.
07-30 17:20:49.722 E/gs.intelligence(15201): No package ID ff found for ID 0xffffffff.
07-30 17:20:49.722 E/gs.intelligence(15201): No package ID ff found for ID 0xffffffff.
07-30 17:20:49.722 E/gs.intelligence(15201): No package ID ff found for ID 0xffffffff.
07-30 17:20:49.723 E/gs.intelligence(15201): No package ID ff found for ID 0xffffffff.
07-30 17:20:49.726 E/gs.intelligence(15201): No package ID ff found for ID 0xffffffff.
07-30 17:20:49.726 E/gs.intelligence(15201): No package ID ff found for ID 0xffffffff.
07-30 17:20:49.726 E/gs.intelligence(15201): No package ID ff found for ID 0xffffffff.
07-30 17:20:49.728 E/gs.intelligence(15201): No package ID ff found for ID 0xffffffff.
07-30 17:20:49.728 E/gs.intelligence(15201): No package ID ff found for ID 0xffffffff.
07-30 17:20:49.729 E/gs.intelligence(15201): No package ID ff found for ID 0xffffffff.
07-30 17:20:49.729 E/gs.intelligence(15201): No package ID ff found for ID 0xffffffff.
07-30 17:20:49.730 E/gs.intelligence(15201): No package ID ff found for ID 0xffffffff.
07-30 17:20:49.731 E/gs.intelligence(15201): No package ID ff found for ID 0xffffffff.
07-30 17:20:49.731 E/gs.intelligence(15201): No package ID ff found for ID 0xffffffff.
07-30 17:20:49.731 E/gs.intelligence(15201): No package ID ff found for ID 0xffffffff.
07-30 17:20:49.733 E/gs.intelligence(15201): No package ID ff found for ID 0xffffffff.
07-30 17:20:49.733 E/gs.intelligence(15201): No package ID ff found for ID 0xffffffff.
07-30 17:20:49.733 E/gs.intelligence(15201): No package ID ff found for ID 0xffffffff.
07-30 17:20:49.735 E/gs.intelligence(15201): No package ID ff found for ID 0xffffffff.
07-30 17:20:49.735 E/gs.intelligence(15201): No package ID ff found for ID 0xffffffff.
07-30 17:20:49.735 E/gs.intelligence(15201): No package ID ff found for ID 0xffffffff.
07-30 17:20:49.752 E/gs.intelligence(15201): No package ID ff found for ID 0xffffffff.
07-30 17:20:49.753 E/gs.intelligence(15201): No package ID ff found for ID 0xffffffff.
07-30 17:20:49.753 E/gs.intelligence(15201): No package ID ff found for ID 0xffffffff.
07-30 17:20:49.756 E/gs.intelligence(15201): No package ID ff found for ID 0xffffffff.
07-30 17:20:49.757 E/gs.intelligence(15201): No package ID ff found for ID 0xffffffff.
07-30 17:20:49.757 E/gs.intelligence(15201): No package ID ff found for ID 0xffffffff.
07-30 17:20:49.757 E/gs.intelligence(15201): No package ID ff found for ID 0xffffffff.
07-30 17:20:49.759 E/gs.intelligence(15201): No package ID ff found for ID 0xffffffff.
07-30 17:20:49.759 E/gs.intelligence(15201): No package ID ff found for ID 0xffffffff.
07-30 17:20:49.759 E/gs.intelligence(15201): No package ID ff found for ID 0xffffffff.
07-30 17:20:49.759 E/gs.intelligence(15201): No package ID ff found for ID 0xffffffff.
07-30 17:20:49.761 E/gs.intelligence(15201): No package ID ff found for ID 0xffffffff.
07-30 17:20:49.761 E/gs.intelligence(15201): No package ID ff found for ID 0xffffffff.
07-30 17:20:49.762 E/gs.intelligence(15201): No package ID ff found for ID 0xffffffff.
07-30 17:20:49.762 E/gs.intelligence(15201): No package ID ff found for ID 0xffffffff.
07-30 17:20:49.764 E/gs.intelligence(15201): No package ID ff found for ID 0xffffffff.
07-30 17:20:49.765 E/gs.intelligence(15201): No package ID ff found for ID 0xffffffff.
07-30 17:20:49.765 E/gs.intelligence(15201): No package ID ff found for ID 0xffffffff.
07-30 17:20:49.765 E/gs.intelligence(15201): No package ID ff found for ID 0xffffffff.
07-30 17:20:49.766 E/gs.intelligence(15201): No package ID ff found for ID 0xffffffff.
07-30 17:20:49.767 E/gs.intelligence(15201): No package ID ff found for ID 0xffffffff.
07-30 17:20:49.767 E/gs.intelligence(15201): No package ID ff found for ID 0xffffffff.
07-30 17:20:49.767 E/gs.intelligence(15201): No package ID ff found for ID 0xffffffff.
07-30 17:20:49.769 E/gs.intelligence(15201): No package ID ff found for ID 0xffffffff.
07-30 17:20:49.770 E/gs.intelligence(15201): No package ID ff found for ID 0xffffffff.
07-30 17:20:49.770 E/gs.intelligence(15201): No package ID ff found for ID 0xffffffff.
07-30 17:20:49.770 E/gs.intelligence(15201): No package ID ff found for ID 0xffffffff.
07-30 17:20:49.772 E/gs.intelligence(15201): No package ID ff found for ID 0xffffffff.
07-30 17:20:49.772 E/gs.intelligence(15201): No package ID ff found for ID 0xffffffff.
07-30 17:20:49.772 E/gs.intelligence(15201): No package ID ff found for ID 0xffffffff.
07-30 17:20:49.772 E/gs.intelligence(15201): No package ID ff found for ID 0xffffffff.
07-30 17:20:49.774 E/gs.intelligence(15201): No package ID ff found for ID 0xffffffff.
07-30 17:20:49.775 E/gs.intelligence(15201): No package ID ff found for ID 0xffffffff.
07-30 17:20:49.775 E/gs.intelligence(15201): No package ID ff found for ID 0xffffffff.
07-30 17:20:49.775 E/gs.intelligence(15201): No package ID ff found for ID 0xffffffff.
07-30 17:20:49.776 E/gs.intelligence(15201): No package ID ff found for ID 0xffffffff.
07-30 17:20:49.776 E/gs.intelligence(15201): No package ID ff found for ID 0xffffffff.
07-30 17:20:49.776 E/gs.intelligence(15201): No package ID ff found for ID 0xffffffff.
07-30 17:20:49.777 E/gs.intelligence(15201): No package ID ff found for ID 0xffffffff.
07-30 17:20:49.780 E/gs.intelligence(15201): No package ID ff found for ID 0xffffffff.
07-30 17:20:49.780 E/gs.intelligence(15201): No package ID ff found for ID 0xffffffff.
07-30 17:20:49.780 E/gs.intelligence(15201): No package ID ff found for ID 0xffffffff.
07-30 17:20:49.781 E/gs.intelligence(15201): No package ID ff found for ID 0xffffffff.
07-30 17:20:49.784 E/gs.intelligence(15201): No package ID ff found for ID 0xffffffff.
07-30 17:20:49.784 I/CAR.GH  (16112): onCreate
07-30 17:20:49.785 E/gs.intelligence(15201): No package ID ff found for ID 0xffffffff.
07-30 17:20:49.785 E/gs.intelligence(15201): No package ID ff found for ID 0xffffffff.
07-30 17:20:49.785 E/gs.intelligence(15201): No package ID ff found for ID 0xffffffff.
07-30 17:20:49.786 E/gs.intelligence(15201): No package ID ff found for ID 0xffffffff.
07-30 17:20:49.786 E/gs.intelligence(15201): No package ID ff found for ID 0xffffffff.
07-30 17:20:49.786 W/IndexDataConverter(15201): Skipping index for null-key item IndexData.Builder {title: Extends battery life and improves device performance by automatically managing your network connections,package: com.android.settings}
07-30 17:20:49.786 E/gs.intelligence(15201): No package ID ff found for ID 0xffffffff.
07-30 17:20:49.786 E/gs.intelligence(15201): No package ID ff found for ID 0xffffffff.
07-30 17:20:49.787 E/gs.intelligence(15201): No package ID ff found for ID 0xffffffff.
07-30 17:20:49.787 E/gs.intelligence(15201): No package ID ff found for ID 0xffffffff.
07-30 17:20:49.787 E/gs.intelligence(15201): No package ID ff found for ID 0xffffffff.
07-30 17:20:49.787 E/gs.intelligence(15201): No package ID ff found for ID 0xffffffff.
07-30 17:20:49.788 E/gs.intelligence(15201): No package ID ff found for ID 0xffffffff.
07-30 17:20:49.788 E/gs.intelligence(15201): No package ID ff found for ID 0xffffffff.
07-30 17:20:49.788 E/gs.intelligence(15201): No package ID ff found for ID 0xffffffff.
07-30 17:20:49.791 E/gs.intelligence(15201): No package ID ff found for ID 0xffffffff.
07-30 17:20:49.793 E/gs.intelligence(15201): No package ID ff found for ID 0xffffffff.
07-30 17:20:49.793 E/gs.intelligence(15201): No package ID ff found for ID 0xffffffff.
07-30 17:20:49.794 E/gs.intelligence(15201): No package ID ff found for ID 0xffffffff.
07-30 17:20:49.794 E/gs.intelligence(15201): No package ID ff found for ID 0xffffffff.
07-30 17:20:49.794 E/gs.intelligence(15201): No package ID ff found for ID 0xffffffff.
07-30 17:20:49.795 E/gs.intelligence(15201): No package ID ff found for ID 0xffffffff.
07-30 17:20:49.796 E/gs.intelligence(15201): No package ID ff found for ID 0xffffffff.
07-30 17:20:49.796 E/gs.intelligence(15201): No package ID ff found for ID 0xffffffff.
07-30 17:20:49.796 E/gs.intelligence(15201): No package ID ff found for ID 0xffffffff.
07-30 17:20:49.798 E/gs.intelligence(15201): No package ID ff found for ID 0xffffffff.
07-30 17:20:49.799 E/gs.intelligence(15201): No package ID ff found for ID 0xffffffff.
07-30 17:20:49.799 E/gs.intelligence(15201): No package ID ff found for ID 0xffffffff.
07-30 17:20:49.799 E/gs.intelligence(15201): No package ID ff found for ID 0xffffffff.
07-30 17:20:49.799 E/gs.intelligence(15201): No package ID ff found for ID 0xffffffff.
07-30 17:20:49.799 E/gs.intelligence(15201): No package ID ff found for ID 0xffffffff.
07-30 17:20:49.801 E/gs.intelligence(15201): No package ID ff found for ID 0xffffffff.
07-30 17:20:49.801 E/gs.intelligence(15201): No package ID ff found for ID 0xffffffff.
07-30 17:20:49.801 E/gs.intelligence(15201): No package ID ff found for ID 0xffffffff.
07-30 17:20:49.801 E/gs.intelligence(15201): No package ID ff found for ID 0xffffffff.
07-30 17:20:49.802 E/gs.intelligence(15201): No package ID ff found for ID 0xffffffff.
07-30 17:20:49.803 E/gs.intelligence(15201): No package ID ff found for ID 0xffffffff.
07-30 17:20:49.803 E/gs.intelligence(15201): No package ID ff found for ID 0xffffffff.
07-30 17:20:49.803 E/gs.intelligence(15201): No package ID ff found for ID 0xffffffff.
07-30 17:20:49.804 E/gs.intelligence(15201): No package ID ff found for ID 0xffffffff.
07-30 17:20:49.805 E/gs.intelligence(15201): No package ID ff found for ID 0xffffffff.
07-30 17:20:49.805 E/gs.intelligence(15201): No package ID ff found for ID 0xffffffff.
07-30 17:20:49.805 E/gs.intelligence(15201): No package ID ff found for ID 0xffffffff.
07-30 17:20:49.806 E/gs.intelligence(15201): No package ID ff found for ID 0xffffffff.
07-30 17:20:49.806 E/gs.intelligence(15201): No package ID ff found for ID 0xffffffff.
07-30 17:20:49.806 E/gs.intelligence(15201): No package ID ff found for ID 0xffffffff.
07-30 17:20:49.807 E/gs.intelligence(15201): No package ID ff found for ID 0xffffffff.
07-30 17:20:49.807 E/gs.intelligence(15201): No package ID ff found for ID 0xffffffff.
07-30 17:20:49.808 E/gs.intelligence(15201): No package ID ff found for ID 0xffffffff.
07-30 17:20:49.808 E/gs.intelligence(15201): No package ID ff found for ID 0xffffffff.
07-30 17:20:49.808 E/gs.intelligence(15201): No package ID ff found for ID 0xffffffff.
07-30 17:20:49.809 E/gs.intelligence(15201): No package ID ff found for ID 0xffffffff.
07-30 17:20:49.809 E/gs.intelligence(15201): No package ID ff found for ID 0xffffffff.
07-30 17:20:49.809 E/gs.intelligence(15201): No package ID ff found for ID 0xffffffff.
07-30 17:20:49.810 E/gs.intelligence(15201): No package ID ff found for ID 0xffffffff.
07-30 17:20:49.811 E/gs.intelligence(15201): No package ID ff found for ID 0xffffffff.
07-30 17:20:49.811 E/gs.intelligence(15201): No package ID ff found for ID 0xffffffff.
07-30 17:20:49.811 E/gs.intelligence(15201): No package ID ff found for ID 0xffffffff.
07-30 17:20:49.811 E/gs.intelligence(15201): No package ID ff found for ID 0xffffffff.
07-30 17:20:49.814 E/gs.intelligence(15201): No package ID ff found for ID 0xffffffff.
07-30 17:20:49.814 E/gs.intelligence(15201): No package ID ff found for ID 0xffffffff.
07-30 17:20:49.815 E/gs.intelligence(15201): No package ID ff found for ID 0xffffffff.
07-30 17:20:49.815 E/gs.intelligence(15201): No package ID ff found for ID 0xffffffff.
07-30 17:20:49.816 E/gs.intelligence(15201): No package ID ff found for ID 0xffffffff.
07-30 17:20:49.816 E/gs.intelligence(15201): No package ID ff found for ID 0xffffffff.
07-30 17:20:49.817 E/gs.intelligence(15201): No package ID ff found for ID 0xffffffff.
07-30 17:20:49.817 E/gs.intelligence(15201): No package ID ff found for ID 0xffffffff.
07-30 17:20:49.818 E/gs.intelligence(15201): No package ID ff found for ID 0xffffffff.
07-30 17:20:49.819 E/gs.intelligence(15201): No package ID ff found for ID 0xffffffff.
07-30 17:20:49.819 E/gs.intelligence(15201): No package ID ff found for ID 0xffffffff.
07-30 17:20:49.819 E/gs.intelligence(15201): No package ID ff found for ID 0xffffffff.
07-30 17:20:49.822 E/gs.intelligence(15201): No package ID ff found for ID 0xffffffff.
07-30 17:20:49.823 E/gs.intelligence(15201): No package ID ff found for ID 0xffffffff.
07-30 17:20:49.823 E/gs.intelligence(15201): No package ID ff found for ID 0xffffffff.
07-30 17:20:49.825 E/gs.intelligence(15201): No package ID ff found for ID 0xffffffff.
07-30 17:20:49.825 E/gs.intelligence(15201): No package ID ff found for ID 0xffffffff.
07-30 17:20:49.826 E/gs.intelligence(15201): No package ID ff found for ID 0xffffffff.
07-30 17:20:49.826 E/gs.intelligence(15201): No package ID ff found for ID 0xffffffff.
07-30 17:20:49.827 E/gs.intelligence(15201): No package ID ff found for ID 0xffffffff.
