07-30 17:20:50.151 W/IndexDataConverter(15201): Skipping index for null-key item IndexData.Builder {title: Gestures,package: com.android.settings}
07-30 17:20:50.152 E/gs.intelligence(15201): No package ID ff found for ID 0xffffffff.
07-30 17:20:50.152 E/gs.intelligence(15201): No package ID ff found for ID 0xffffffff.
07-30 17:20:50.152 E/gs.intelligence(15201): No package ID ff found for ID 0xffffffff.
07-30 17:20:50.152 E/gs.intelligence(15201): No package ID ff found for ID 0xffffffff.
07-30 17:20:50.153 E/gs.intelligence(15201): No package ID ff found for ID 0xffffffff.
07-30 17:20:50.153 E/gs.intelligence(15201): No package ID ff found for ID 0xffffffff.
07-30 17:20:50.153 W/IndexDataConverter(15201): Skipping index for null-key item IndexData.Builder {title: Automatically adjust the screen orientation when you move your phone between portrait and landscape,package: com.android.settings}
07-30 17:20:50.153 E/gs.intelligence(15201): No package ID ff found for ID 0xffffffff.
07-30 17:20:50.154 E/gs.intelligence(15201): No package ID ff found for ID 0xffffffff.
07-30 17:20:50.154 E/gs.intelligence(15201): No package ID ff found for ID 0xffffffff.
07-30 17:20:50.154 E/gs.intelligence(15201): No package ID ff found for ID 0xffffffff.
07-30 17:20:50.155 E/gs.intelligence(15201): No package ID ff found for ID 0xffffffff.
07-30 17:20:50.156 E/gs.intelligence(15201): No package ID ff found for ID 0xffffffff.
07-30 17:20:50.156 E/gs.intelligence(15201): No package ID ff found for ID 0xffffffff.
07-30 17:20:50.156 E/gs.intelligence(15201): No package ID ff found for ID 0xffffffff.
07-30 17:20:50.157 E/gs.intelligence(15201): No package ID ff found for ID 0xffffffff.
07-30 17:20:50.158 E/gs.intelligence(15201): No package ID ff found for ID 0xffffffff.
07-30 17:20:50.158 E/gs.intelligence(15201): No package ID ff found for ID 0xffffffff.
07-30 17:20:50.170 E/gs.intelligence(15201): No package ID ff found for ID 0xffffffff.
07-30 17:20:50.170 E/gs.intelligence(15201): No package ID ff found for ID 0xffffffff.
07-30 17:20:50.170 E/gs.intelligence(15201): No package ID ff found for ID 0xffffffff.
07-30 17:20:50.172 E/gs.intelligence(15201): No package ID ff found for ID 0xffffffff.
07-30 17:20:50.172 E/gs.intelligence(15201): No package ID ff found for ID 0xffffffff.
07-30 17:20:50.172 E/gs.intelligence(15201): No package ID ff found for ID 0xffffffff.
07-30 17:20:50.173 E/gs.intelligence(15201): No package ID ff found for ID 0xffffffff.
07-30 17:20:50.174 E/gs.intelligence(15201): No package ID ff found for ID 0xffffffff.
07-30 17:20:50.174 E/gs.intelligence(15201): No package ID ff found for ID 0xffffffff.
07-30 17:20:50.174 E/gs.intelligence(15201): No package ID ff found for ID 0xffffffff.
07-30 17:20:50.174 E/gs.intelligence(15201): No package ID ff found for ID 0xffffffff.
07-30 17:20:50.175 E/gs.intelligence(15201): No package ID ff found for ID 0xffffffff.
07-30 17:20:50.175 E/gs.intelligence(15201): No package ID ff found for ID 0xffffffff.
07-30 17:20:50.176 E/gs.intelligence(15201): No package ID ff found for ID 0xffffffff.
07-30 17:20:50.176 E/gs.intelligence(15201): No package ID ff found for ID 0xffffffff.
07-30 17:20:50.177 I/ActivityManager( 1685): Killing 5622:com.google.android.gm/u0a189 (adj 945): empty #33
07-30 17:20:50.185 I/libprocessgroup( 1685): Successfully killed process cgroup uid 10189 pid 5622 in 7ms
07-30 17:20:50.187 W/IndexDataConverter(15201): Skipping index for null-key item IndexData.Builder {title: Auto-rotate screen,package: com.android.settings}
07-30 17:20:50.187 E/gs.intelligence(15201): No package ID ff found for ID 0xffffffff.
07-30 17:20:50.188 E/gs.intelligence(15201): No package ID ff found for ID 0xffffffff.
07-30 17:20:50.188 E/gs.intelligence(15201): No package ID ff found for ID 0xffffffff.
07-30 17:20:50.188 E/gs.intelligence(15201): No package ID ff found for ID 0xffffffff.
07-30 17:20:50.188 E/gs.intelligence(15201): No package ID ff found for ID 0xffffffff.
07-30 17:20:50.189 E/gs.intelligence(15201): No package ID ff found for ID 0xffffffff.
07-30 17:20:50.189 E/gs.intelligence(15201): No package ID ff found for ID 0xffffffff.
07-30 17:20:50.189 E/gs.intelligence(15201): No package ID ff found for ID 0xffffffff.
07-30 17:20:50.190 E/gs.intelligence(15201): No package ID ff found for ID 0xffffffff.
07-30 17:20:50.207 E/gs.intelligence(15201): No package ID ff found for ID 0xffffffff.
07-30 17:20:50.209 E/gs.intelligence(15201): No package ID ff found for ID 0xffffffff.
07-30 17:20:50.209 E/gs.intelligence(15201): No package ID ff found for ID 0xffffffff.
07-30 17:20:50.210 E/gs.intelligence(15201): No package ID ff found for ID 0xffffffff.
07-30 17:20:50.210 E/gs.intelligence(15201): No package ID ff found for ID 0xffffffff.
07-30 17:20:50.216 E/gs.intelligence(15201): No package ID ff found for ID 0xffffffff.
07-30 17:20:50.218 E/gs.intelligence(15201): No package ID ff found for ID 0xffffffff.
07-30 17:20:50.218 W/IndexDataConverter(15201): Skipping index for null-key item IndexData.Builder {title: Connected work & personal apps,package: com.android.settings}
07-30 17:20:50.219 E/gs.intelligence(15201): No package ID ff found for ID 0xffffffff.
07-30 17:20:50.219 E/gs.intelligence(15201): No package ID ff found for ID 0xffffffff.
07-30 17:20:50.220 E/gs.intelligence(15201): No package ID ff found for ID 0xffffffff.
07-30 17:20:50.220 E/gs.intelligence(15201): No package ID ff found for ID 0xffffffff.
07-30 17:20:50.220 E/gs.intelligence(15201): No package ID ff found for ID 0xffffffff.
07-30 17:20:50.220 E/gs.intelligence(15201): No package ID ff found for ID 0xffffffff.
07-30 17:20:50.220 W/IndexDataConverter(15201): Skipping index for null-key item IndexData.Builder {title: Reduces background noises during calls,package: com.android.settings}
07-30 17:20:50.221 E/gs.intelligence(15201): No package ID ff found for ID 0xffffffff.
07-30 17:20:50.221 E/gs.intelligence(15201): No package ID ff found for ID 0xffffffff.
07-30 17:20:50.221 E/gs.intelligence(15201): No package ID ff found for ID 0xffffffff.
07-30 17:20:50.221 E/gs.intelligence(15201): No package ID ff found for ID 0xffffffff.
07-30 17:20:50.221 E/gs.intelligence(15201): No package ID ff found for ID 0xffffffff.
07-30 17:20:50.222 E/gs.intelligence(15201): No package ID ff found for ID 0xffffffff.
07-30 17:20:50.222 E/gs.intelligence(15201): No package ID ff found for ID 0xffffffff.
07-30 17:20:50.222 E/gs.intelligence(15201): No package ID ff found for ID 0xffffffff.
07-30 17:20:50.233 E/gs.intelligence(15201): No package ID ff found for ID 0xffffffff.
07-30 17:20:50.234 E/gs.intelligence(15201): No package ID ff found for ID 0xffffffff.
07-30 17:20:50.235 E/gs.intelligence(15201): No package ID ff found for ID 0xffffffff.
07-30 17:20:50.235 E/gs.intelligence(15201): No package ID ff found for ID 0xffffffff.
07-30 17:20:50.235 E/gs.intelligence(15201): No package ID ff found for ID 0xffffffff.
07-30 17:20:50.242 D/ConnectivityService( 1685): ConnectivityService NetworkRequestInfo binderDied(uid/pid:10189/5622, [NetworkRequest [ REQUEST id=464, [ Capabilities: INTERNET&NOT_RESTRICTED&TRUSTED&NOT_VCN_MANAGED Uid: 10189 RequestorUid: 10189 RequestorPkg: com.google.android.gm UnderlyingNetworks: Null] ]], android.os.BinderProxy@7074f70)
07-30 17:20:50.243 D/ConnectivityService( 1685): ConnectivityService NetworkRequestInfo binderDied(uid/pid:10189/5622, [NetworkRequest [ REQUEST id=466, [ Capabilities: INTERNET&NOT_RESTRICTED&TRUSTED&NOT_VCN_MANAGED Uid: 10189 RequestorUid: 10189 RequestorPkg: com.google.android.gm UnderlyingNetworks: Null] ]], android.os.BinderProxy@8f122e9)
07-30 17:20:50.243 D/ConnectivityService( 1685): releasing NetworkRequest [ REQUEST id=464, [ Capabilities: INTERNET&NOT_RESTRICTED&TRUSTED&NOT_VCN_MANAGED Uid: 10189 RequestorUid: 10189 RequestorPkg: com.google.android.gm UnderlyingNetworks: Null] ] (release request)
07-30 17:20:50.244 D/ConnectivityService( 1685): ConnectivityService NetworkRequestInfo binderDied(uid/pid:10189/5622, [NetworkRequest [ LISTEN id=469, [ Capabilities: INTERNET&NOT_RESTRICTED&TRUSTED&NOT_VCN_MANAGED Uid: 10189 RequestorUid: 10189 RequestorPkg: com.google.android.gm UnderlyingNetworks: Null] ]], android.os.BinderProxy@850b6e)
07-30 17:20:50.244 D/ConnectivityService( 1685): ConnectivityService NetworkRequestInfo binderDied(uid/pid:10189/5622, [NetworkRequest [ REQUEST id=468, [ Capabilities: INTERNET&NOT_RESTRICTED&TRUSTED&NOT_VCN_MANAGED Uid: 10189 RequestorUid: 10189 RequestorPkg: com.google.android.gm UnderlyingNetworks: Null] ]], android.os.BinderProxy@735920f)
07-30 17:20:50.244 I/Zygote  ( 1038): Process 5622 exited due to signal 9 (Killed)
07-30 17:20:50.245 D/ConnectivityService( 1685): releasing NetworkRequest [ REQUEST id=466, [ Capabilities: INTERNET&NOT_RESTRICTED&TRUSTED&NOT_VCN_MANAGED Uid: 10189 RequestorUid: 10189 RequestorPkg: com.google.android.gm UnderlyingNetworks: Null] ] (release request)
07-30 17:20:50.249 D/ConnectivityService( 1685): releasing NetworkRequest [ REQUEST id=468, [ Capabilities: INTERNET&NOT_RESTRICTED&TRUSTED&NOT_VCN_MANAGED Uid: 10189 RequestorUid: 10189 RequestorPkg: com.google.android.gm UnderlyingNetworks: Null] ] (release request)
07-30 17:20:50.250 W/IndexDataConverter(15201): Skipping index for null-key item IndexData.Builder {title: Clear Calling,package: com.android.settings}
07-30 17:20:50.251 E/gs.intelligence(15201): No package ID ff found for ID 0xffffffff.
07-30 17:20:50.251 E/gs.intelligence(15201): No package ID ff found for ID 0xffffffff.
07-30 17:20:50.251 E/gs.intelligence(15201): No package ID ff found for ID 0xffffffff.
07-30 17:20:50.252 E/gs.intelligence(15201): No package ID ff found for ID 0xffffffff.
07-30 17:20:50.252 E/gs.intelligence(15201): No package ID ff found for ID 0xffffffff.
07-30 17:20:50.254 E/gs.intelligence(15201): No package ID ff found for ID 0xffffffff.
07-30 17:20:50.254 E/gs.intelligence(15201): No package ID ff found for ID 0xffffffff.
07-30 17:20:50.255 E/gs.intelligence(15201): No package ID ff found for ID 0xffffffff.
07-30 17:20:50.255 E/gs.intelligence(15201): No package ID ff found for ID 0xffffffff.
07-30 17:20:50.257 E/gs.intelligence(15201): No package ID ff found for ID 0xffffffff.
07-30 17:20:50.257 E/gs.intelligence(15201): No package ID ff found for ID 0xffffffff.
07-30 17:20:50.257 E/gs.intelligence(15201): No package ID ff found for ID 0xffffffff.
07-30 17:20:50.259 E/gs.intelligence(15201): No package ID ff found for ID 0xffffffff.
07-30 17:20:50.260 E/gs.intelligence(15201): No package ID ff found for ID 0xffffffff.
07-30 17:20:50.260 E/gs.intelligence(15201): No package ID ff found for ID 0xffffffff.
07-30 17:20:50.260 E/gs.intelligence(15201): No package ID ff found for ID 0xffffffff.
07-30 17:20:50.261 E/gs.intelligence(15201): No package ID ff found for ID 0xffffffff.
07-30 17:20:50.261 E/gs.intelligence(15201): No package ID ff found for ID 0xffffffff.
07-30 17:20:50.262 E/gs.intelligence(15201): No package ID ff found for ID 0xffffffff.
07-30 17:20:50.264 E/gs.intelligence(15201): No package ID ff found for ID 0xffffffff.
07-30 17:20:50.265 E/gs.intelligence(15201): No package ID ff found for ID 0xffffffff.
07-30 17:20:50.265 E/gs.intelligence(15201): No package ID ff found for ID 0xffffffff.
07-30 17:20:50.268 E/gs.intelligence(15201): No package ID ff found for ID 0xffffffff.
07-30 17:20:50.268 E/gs.intelligence(15201): No package ID ff found for ID 0xffffffff.
07-30 17:20:50.269 E/gs.intelligence(15201): No package ID ff found for ID 0xffffffff.
07-30 17:20:50.271 E/gs.intelligence(15201): No package ID ff found for ID 0xffffffff.
07-30 17:20:50.271 E/gs.intelligence(15201): No package ID ff found for ID 0xffffffff.
07-30 17:20:50.271 E/gs.intelligence(15201): No package ID ff found for ID 0xffffffff.
07-30 17:20:50.273 E/gs.intelligence(15201): No package ID ff found for ID 0xffffffff.
07-30 17:20:50.274 E/gs.intelligence(15201): No package ID ff found for ID 0xffffffff.
07-30 17:20:50.274 E/gs.intelligence(15201): No package ID ff found for ID 0xffffffff.
07-30 17:20:50.284 E/gs.intelligence(15201): No package ID ff found for ID 0xffffffff.
07-30 17:20:50.284 E/gs.intelligence(15201): No package ID ff found for ID 0xffffffff.
07-30 17:20:50.284 E/gs.intelligence(15201): No package ID ff found for ID 0xffffffff.
07-30 17:20:50.284 E/gs.intelligence(15201): No package ID ff found for ID 0xffffffff.
07-30 17:20:50.285 E/gs.intelligence(15201): No package ID ff found for ID 0xffffffff.
07-30 17:20:50.286 E/gs.intelligence(15201): No package ID ff found for ID 0xffffffff.
07-30 17:20:50.286 E/gs.intelligence(15201): No package ID ff found for ID 0xffffffff.
07-30 17:20:50.287 E/gs.intelligence(15201): No package ID ff found for ID 0xffffffff.
07-30 17:20:50.287 E/gs.intelligence(15201): No package ID ff found for ID 0xffffffff.
07-30 17:20:50.288 E/gs.intelligence(15201): No package ID ff found for ID 0xffffffff.
07-30 17:20:50.288 E/gs.intelligence(15201): No package ID ff found for ID 0xffffffff.
07-30 17:20:50.288 E/gs.intelligence(15201): No package ID ff found for ID 0xffffffff.
07-30 17:20:50.289 E/gs.intelligence(15201): No package ID ff found for ID 0xffffffff.
07-30 17:20:50.289 E/gs.intelligence(15201): No package ID ff found for ID 0xffffffff.
07-30 17:20:50.290 E/gs.intelligence(15201): No package ID ff found for ID 0xffffffff.
07-30 17:20:50.291 E/gs.intelligence(15201): No package ID ff found for ID 0xffffffff.
07-30 17:20:50.291 E/gs.intelligence(15201): No package ID ff found for ID 0xffffffff.
07-30 17:20:50.293 E/gs.intelligence(15201): No package ID ff found for ID 0xffffffff.
07-30 17:20:50.293 E/gs.intelligence(15201): No package ID ff found for ID 0xffffffff.
07-30 17:20:50.293 E/gs.intelligence(15201): No package ID ff found for ID 0xffffffff.
07-30 17:20:50.294 E/gs.intelligence(15201): No package ID ff found for ID 0xffffffff.
07-30 17:20:50.295 E/gs.intelligence(15201): No package ID ff found for ID 0xffffffff.
07-30 17:20:50.295 E/gs.intelligence(15201): No package ID ff found for ID 0xffffffff.
07-30 17:20:50.295 E/gs.intelligence(15201): No package ID ff found for ID 0xffffffff.
07-30 17:20:50.298 E/gs.intelligence(15201): No package ID ff found for ID 0xffffffff.
07-30 17:20:50.298 E/gs.intelligence(15201): No package ID ff found for ID 0xffffffff.
07-30 17:20:50.298 E/gs.intelligence(15201): No package ID ff found for ID 0xffffffff.
07-30 17:20:50.299 E/gs.intelligence(15201): No package ID ff found for ID 0xffffffff.
07-30 17:20:50.300 W/IndexDataConverter(15201): Skipping index for null-key item IndexData.Builder {title: WiFi hotspot,package: com.android.settings}
07-30 17:20:50.301 E/gs.intelligence(15201): No package ID ff found for ID 0xffffffff.
07-30 17:20:50.301 E/gs.intelligence(15201): No package ID ff found for ID 0xffffffff.
07-30 17:20:50.301 E/gs.intelligence(15201): No package ID ff found for ID 0xffffffff.
07-30 17:20:50.301 E/gs.intelligence(15201): No package ID ff found for ID 0xffffffff.
07-30 17:20:50.302 E/gs.intelligence(15201): No package ID ff found for ID 0xffffffff.
07-30 17:20:50.304 E/gs.intelligence(15201): No package ID ff found for ID 0xffffffff.
07-30 17:20:50.304 E/gs.intelligence(15201): No package ID ff found for ID 0xffffffff.
07-30 17:20:50.304 E/gs.intelligence(15201): No package ID ff found for ID 0xffffffff.
07-30 17:20:50.306 E/gs.intelligence(15201): No package ID ff found for ID 0xffffffff.
07-30 17:20:50.306 E/gs.intelligence(15201): No package ID ff found for ID 0xffffffff.
07-30 17:20:50.307 E/gs.intelligence(15201): No package ID ff found for ID 0xffffffff.
07-30 17:20:50.307 E/gs.intelligence(15201): No package ID ff found for ID 0xffffffff.
07-30 17:20:50.307 E/gs.intelligence(15201): No package ID ff found for ID 0xffffffff.
07-30 17:20:50.307 W/IndexDataConverter(15201): Skipping index for null-key item IndexData.Builder {title: Bluetooth,package: com.android.settings}
07-30 17:20:50.308 E/gs.intelligence(15201): No package ID ff found for ID 0xffffffff.
07-30 17:20:50.308 E/gs.intelligence(15201): No package ID ff found for ID 0xffffffff.
07-30 17:20:50.309 E/gs.intelligence(15201): No package ID ff found for ID 0xffffffff.
07-30 17:20:50.309 E/gs.intelligence(15201): No package ID ff found for ID 0xffffffff.
07-30 17:20:50.309 E/gs.intelligence(15201): No package ID ff found for ID 0xffffffff.
07-30 17:20:50.310 E/gs.intelligence(15201): No package ID ff found for ID 0xffffffff.
07-30 17:20:50.310 E/gs.intelligence(15201): No package ID ff found for ID 0xffffffff.
07-30 17:20:50.311 E/gs.intelligence(15201): No package ID ff found for ID 0xffffffff.
07-30 17:20:50.312 E/gs.intelligence(15201): No package ID ff found for ID 0xffffffff.
07-30 17:20:50.312 E/gs.intelligence(15201): No package ID ff found for ID 0xffffffff.
07-30 17:20:50.314 E/gs.intelligence(15201): No package ID ff found for ID 0xffffffff.
07-30 17:20:50.314 E/gs.intelligence(15201): No package ID ff found for ID 0xffffffff.
07-30 17:20:50.314 E/gs.intelligence(15201): No package ID ff found for ID 0xffffffff.
07-30 17:20:50.314 E/gs.intelligence(15201): No package ID ff found for ID 0xffffffff.
07-30 17:20:50.315 E/gs.intelligence(15201): No package ID ff found for ID 0xffffffff.
07-30 17:20:50.315 E/gs.intelligence(15201): No package ID ff found for ID 0xffffffff.
07-30 17:20:50.316 E/gs.intelligence(15201): No package ID ff found for ID 0xffffffff.
07-30 17:20:50.316 E/gs.intelligence(15201): No package ID ff found for ID 0xffffffff.
07-30 17:20:50.316 E/gs.intelligence(15201): No package ID ff found for ID 0xffffffff.
07-30 17:20:50.316 W/IndexDataConverter(15201): Skipping index for null-key item IndexData.Builder {title: null,package: com.android.settings}
07-30 17:20:50.316 W/IndexDataConverter(15201): Skipping index for null-key item IndexData.Builder {title: Display options for hidden notifications,package: com.android.settings}
07-30 17:20:50.317 E/gs.intelligence(15201): No package ID ff found for ID 0xffffffff.
07-30 17:20:50.317 E/gs.intelligence(15201): No package ID ff found for ID 0xffffffff.
07-30 17:20:50.317 E/gs.intelligence(15201): No package ID ff found for ID 0xffffffff.
07-30 17:20:50.318 E/gs.intelligence(15201): No package ID ff found for ID 0xffffffff.
07-30 17:20:50.318 E/gs.intelligence(15201): No package ID ff found for ID 0xffffffff.
07-30 17:20:50.320 E/gs.intelligence(15201): No package ID ff found for ID 0xffffffff.
07-30 17:20:50.321 E/gs.intelligence(15201): No package ID ff found for ID 0xffffffff.
07-30 17:20:50.321 E/gs.intelligence(15201): No package ID ff found for ID 0xffffffff.
07-30 17:20:50.323 E/gs.intelligence(15201): No package ID ff found for ID 0xffffffff.
07-30 17:20:50.324 E/gs.intelligence(15201): No package ID ff found for ID 0xffffffff.
07-30 17:20:50.324 E/gs.intelligence(15201): No package ID ff found for ID 0xffffffff.
07-30 17:20:50.324 E/gs.intelligence(15201): No package ID ff found for ID 0xffffffff.
07-30 17:20:50.326 E/gs.intelligence(15201): No package ID ff found for ID 0xffffffff.
07-30 17:20:50.327 E/gs.intelligence(15201): No package ID ff found for ID 0xffffffff.
07-30 17:20:50.327 E/gs.intelligence(15201): No package ID ff found for ID 0xffffffff.
07-30 17:20:50.329 E/gs.intelligence(15201): No package ID ff found for ID 0xffffffff.
07-30 17:20:50.329 E/gs.intelligence(15201): No package ID ff found for ID 0xffffffff.
07-30 17:20:50.329 E/gs.intelligence(15201): No package ID ff found for ID 0xffffffff.
07-30 17:20:50.331 E/gs.intelligence(15201): No package ID ff found for ID 0xffffffff.
07-30 17:20:50.332 E/gs.intelligence(15201): No package ID ff found for ID 0xffffffff.
07-30 17:20:50.332 E/gs.intelligence(15201): No package ID ff found for ID 0xffffffff.
07-30 17:20:50.334 E/gs.intelligence(15201): No package ID ff found for ID 0xffffffff.
07-30 17:20:50.334 E/gs.intelligence(15201): No package ID ff found for ID 0xffffffff.
07-30 17:20:50.335 E/gs.intelligence(15201): No package ID ff found for ID 0xffffffff.
07-30 17:20:50.338 E/gs.intelligence(15201): No package ID ff found for ID 0xffffffff.
07-30 17:20:50.338 E/gs.intelligence(15201): No package ID ff found for ID 0xffffffff.
07-30 17:20:50.339 E/gs.intelligence(15201): No package ID ff found for ID 0xffffffff.
07-30 17:20:50.341 E/gs.intelligence(15201): No package ID ff found for ID 0xffffffff.
07-30 17:20:50.341 E/gs.intelligence(15201): No package ID ff found for ID 0xffffffff.
07-30 17:20:50.341 E/gs.intelligence(15201): No package ID ff found for ID 0xffffffff.
07-30 17:20:50.343 E/gs.intelligence(15201): No package ID ff found for ID 0xffffffff.
07-30 17:20:50.343 E/gs.intelligence(15201): No package ID ff found for ID 0xffffffff.
07-30 17:20:50.343 E/gs.intelligence(15201): No package ID ff found for ID 0xffffffff.
07-30 17:20:50.344 E/gs.intelligence(15201): No package ID ff found for ID 0xffffffff.
07-30 17:20:50.345 E/gs.intelligence(15201): No package ID ff found for ID 0xffffffff.
07-30 17:20:50.345 E/gs.intelligence(15201): No package ID ff found for ID 0xffffffff.
07-30 17:20:50.345 E/gs.intelligence(15201): No package ID ff found for ID 0xffffffff.
07-30 17:20:50.347 E/gs.intelligence(15201): No package ID ff found for ID 0xffffffff.
07-30 17:20:50.347 E/gs.intelligence(15201): No package ID ff found for ID 0xffffffff.
07-30 17:20:50.347 E/gs.intelligence(15201): No package ID ff found for ID 0xffffffff.
07-30 17:20:50.347 E/gs.intelligence(15201): No package ID ff found for ID 0xffffffff.
07-30 17:20:50.348 E/gs.intelligence(15201): No package ID ff found for ID 0xffffffff.
07-30 17:20:50.349 E/gs.intelligence(15201): No package ID ff found for ID 0xffffffff.
07-30 17:20:50.349 E/gs.intelligence(15201): No package ID ff found for ID 0xffffffff.
07-30 17:20:50.349 E/gs.intelligence(15201): No package ID ff found for ID 0xffffffff.
07-30 17:20:50.350 E/gs.intelligence(15201): No package ID ff found for ID 0xffffffff.
07-30 17:20:50.351 E/gs.intelligence(15201): No package ID ff found for ID 0xffffffff.
07-30 17:20:50.351 E/gs.intelligence(15201): No package ID ff found for ID 0xffffffff.
07-30 17:20:50.351 E/gs.intelligence(15201): No package ID ff found for ID 0xffffffff.
07-30 17:20:50.354 E/gs.intelligence(15201): No package ID ff found for ID 0xffffffff.
07-30 17:20:50.354 E/gs.intelligence(15201): No package ID ff found for ID 0xffffffff.
07-30 17:20:50.357 E/gs.intelligence(15201): No package ID ff found for ID 0xffffffff.
07-30 17:20:50.357 E/gs.intelligence(15201): No package ID ff found for ID 0xffffffff.
07-30 17:20:50.358 E/gs.intelligence(15201): No package ID ff found for ID 0xffffffff.
07-30 17:20:50.359 E/gs.intelligence(15201): No package ID ff found for ID 0xffffffff.
07-30 17:20:50.359 E/gs.intelligence(15201): No package ID ff found for ID 0xffffffff.
07-30 17:20:50.359 E/gs.intelligence(15201): No package ID ff found for ID 0xffffffff.
07-30 17:20:50.360 E/gs.intelligence(15201): No package ID ff found for ID 0xffffffff.
07-30 17:20:50.361 E/gs.intelligence(15201): No package ID ff found for ID 0xffffffff.
07-30 17:20:50.361 E/gs.intelligence(15201): No package ID ff found for ID 0xffffffff.
07-30 17:20:50.362 W/IndexDataConverter(15201): Skipping index for null-key item IndexData.Builder {title: Notifications,package: com.android.settings}
07-30 17:20:50.363 E/gs.intelligence(15201): No package ID ff found for ID 0xffffffff.
07-30 17:20:50.364 E/gs.intelligence(15201): No package ID ff found for ID 0xffffffff.
07-30 17:20:50.364 E/gs.intelligence(15201): No package ID ff found for ID 0xffffffff.
07-30 17:20:50.364 E/gs.intelligence(15201): No package ID ff found for ID 0xffffffff.
07-30 17:20:50.364 E/gs.intelligence(15201): No package ID ff found for ID 0xffffffff.
07-30 17:20:50.364 E/gs.intelligence(15201): No package ID ff found for ID 0xffffffff.
07-30 17:20:50.366 E/gs.intelligence(15201): No package ID ff found for ID 0xffffffff.
07-30 17:20:50.366 E/gs.intelligence(15201): No package ID ff found for ID 0xffffffff.
07-30 17:20:50.366 E/gs.intelligence(15201): No package ID ff found for ID 0xffffffff.
07-30 17:20:50.368 E/gs.intelligence(15201): No package ID ff found for ID 0xffffffff.
07-30 17:20:50.368 E/gs.intelligence(15201): No package ID ff found for ID 0xffffffff.
07-30 17:20:50.369 E/gs.intelligence(15201): No package ID ff found for ID 0xffffffff.
07-30 17:20:50.369 E/gs.intelligence(15201): No package ID ff found for ID 0xffffffff.
07-30 17:20:50.370 E/gs.intelligence(15201): No package ID ff found for ID 0xffffffff.
07-30 17:20:50.371 E/gs.intelligence(15201): No package ID ff found for ID 0xffffffff.
07-30 17:20:50.371 E/gs.intelligence(15201): No package ID ff found for ID 0xffffffff.
07-30 17:20:50.373 E/gs.intelligence(15201): No package ID ff found for ID 0xffffffff.
07-30 17:20:50.373 E/gs.intelligence(15201): No package ID ff found for ID 0xffffffff.
07-30 17:20:50.373 E/gs.intelligence(15201): No package ID ff found for ID 0xffffffff.
07-30 17:20:50.373 E/gs.intelligence(15201): No package ID ff found for ID 0xffffffff.
07-30 17:20:50.374 E/gs.intelligence(15201): No package ID ff found for ID 0xffffffff.
07-30 17:20:50.375 E/gs.intelligence(15201): No package ID ff found for ID 0xffffffff.
07-30 17:20:50.375 E/gs.intelligence(15201): No package ID ff found for ID 0xffffffff.
07-30 17:20:50.376 E/gs.intelligence(15201): No package ID ff found for ID 0xffffffff.
07-30 17:20:50.377 E/gs.intelligence(15201): No package ID ff found for ID 0xffffffff.
07-30 17:20:50.377 E/gs.intelligence(15201): No package ID ff found for ID 0xffffffff.
07-30 17:20:50.377 E/gs.intelligence(15201): No package ID ff found for ID 0xffffffff.
07-30 17:20:50.379 E/gs.intelligence(15201): No package ID ff found for ID 0xffffffff.
07-30 17:20:50.379 E/gs.intelligence(15201): No package ID ff found for ID 0xffffffff.
07-30 17:20:50.379 E/gs.intelligence(15201): No package ID ff found for ID 0xffffffff.
07-30 17:20:50.380 E/gs.intelligence(15201): No package ID ff found for ID 0xffffffff.
07-30 17:20:50.381 E/gs.intelligence(15201): No package ID ff found for ID 0xffffffff.
07-30 17:20:50.381 E/gs.intelligence(15201): No package ID ff found for ID 0xffffffff.
07-30 17:20:50.382 E/gs.intelligence(15201): No package ID ff found for ID 0xffffffff.
07-30 17:20:50.384 E/gs.intelligence(15201): No package ID ff found for ID 0xffffffff.
07-30 17:20:50.384 E/gs.intelligence(15201): No package ID ff found for ID 0xffffffff.
07-30 17:20:50.384 E/gs.intelligence(15201): No package ID ff found for ID 0xffffffff.
07-30 17:20:50.385 E/gs.intelligence(15201): No package ID ff found for ID 0xffffffff.
07-30 17:20:50.386 E/gs.intelligence(15201): No package ID ff found for ID 0xffffffff.
07-30 17:20:50.387 E/gs.intelligence(15201): No package ID ff found for ID 0xffffffff.
07-30 17:20:50.387 E/gs.intelligence(15201): No package ID ff found for ID 0xffffffff.
07-30 17:20:50.388 I/GH.CallAdapterFactory(16112): creating call adapter instance
07-30 17:20:50.390 E/gs.intelligence(15201): No package ID ff found for ID 0xffffffff.
07-30 17:20:50.390 E/gs.intelligence(15201): No package ID ff found for ID 0xffffffff.
07-30 17:20:50.390 E/gs.intelligence(15201): No package ID ff found for ID 0xffffffff.
07-30 17:20:50.391 E/gs.intelligence(15201): No package ID ff found for ID 0xffffffff.
07-30 17:20:50.399 E/gs.intelligence(15201): No package ID ff found for ID 0xffffffff.
07-30 17:20:50.399 E/gs.intelligence(15201): No package ID ff found for ID 0xffffffff.
07-30 17:20:50.400 E/gs.intelligence(15201): No package ID ff found for ID 0xffffffff.
07-30 17:20:50.400 E/gs.intelligence(15201): No package ID ff found for ID 0xffffffff.
07-30 17:20:50.402 E/gs.intelligence(15201): No package ID ff found for ID 0xffffffff.
07-30 17:20:50.403 E/gs.intelligence(15201): No package ID ff found for ID 0xffffffff.
07-30 17:20:50.403 E/gs.intelligence(15201): No package ID ff found for ID 0xffffffff.
07-30 17:20:50.403 E/gs.intelligence(15201): No package ID ff found for ID 0xffffffff.
07-30 17:20:50.404 W/IndexDataConverter(15201): Skipping index for null-key item IndexData.Builder {title: Languages& input,package: com.android.settings}
07-30 17:20:50.405 E/gs.intelligence(15201): No package ID ff found for ID 0xffffffff.
07-30 17:20:50.405 E/gs.intelligence(15201): No package ID ff found for ID 0xffffffff.
07-30 17:20:50.405 E/gs.intelligence(15201): No package ID ff found for ID 0xffffffff.
07-30 17:20:50.406 E/gs.intelligence(15201): No package ID ff found for ID 0xffffffff.
07-30 17:20:50.406 E/gs.intelligence(15201): No package ID ff found for ID 0xffffffff.
07-30 17:20:50.406 E/gs.intelligence(15201): No package ID ff found for ID 0xffffffff.
07-30 17:20:50.406 E/gs.intelligence(15201): No package ID ff found for ID 0xffffffff.
07-30 17:20:50.407 E/gs.intelligence(15201): No package ID ff found for ID 0xffffffff.
07-30 17:20:50.407 E/gs.intelligence(15201): No package ID ff found for ID 0xffffffff.
07-30 17:20:50.407 E/gs.intelligence(15201): No package ID ff found for ID 0xffffffff.
07-30 17:20:50.409 E/gs.intelligence(15201): No package ID ff found for ID 0xffffffff.
07-30 17:20:50.410 E/gs.intelligence(15201): No package ID ff found for ID 0xffffffff.
07-30 17:20:50.410 E/gs.intelligence(15201): No package ID ff found for ID 0xffffffff.
07-30 17:20:50.412 E/gs.intelligence(15201): No package ID ff found for ID 0xffffffff.
07-30 17:20:50.412 E/gs.intelligence(15201): No package ID ff found for ID 0xffffffff.
07-30 17:20:50.413 E/gs.intelligence(15201): No package ID ff found for ID 0xffffffff.
07-30 17:20:50.415 E/gs.intelligence(15201): No package ID ff found for ID 0xffffffff.
07-30 17:20:50.415 E/gs.intelligence(15201): No package ID ff found for ID 0xffffffff.
07-30 17:20:50.415 E/gs.intelligence(15201): No package ID ff found for ID 0xffffffff.
07-30 17:20:50.415 E/gs.intelligence(15201): No package ID ff found for ID 0xffffffff.
07-30 17:20:50.417 E/gs.intelligence(15201): No package ID ff found for ID 0xffffffff.
07-30 17:20:50.417 E/gs.intelligence(15201): No package ID ff found for ID 0xffffffff.
07-30 17:20:50.417 E/gs.intelligence(15201): No package ID ff found for ID 0xffffffff.
07-30 17:20:50.417 E/gs.intelligence(15201): No package ID ff found for ID 0xffffffff.
07-30 17:20:50.419 E/gs.intelligence(15201): No package ID ff found for ID 0xffffffff.
07-30 17:20:50.420 E/gs.intelligence(15201): No package ID ff found for ID 0xffffffff.
07-30 17:20:50.420 E/gs.intelligence(15201): No package ID ff found for ID 0xffffffff.
07-30 17:20:50.420 E/gs.intelligence(15201): No package ID ff found for ID 0xffffffff.
07-30 17:20:50.420 D/CompatibilityChangeReporter( 1685): Compat change id reported: 177438394; UID 10150; state: DISABLED
07-30 17:20:50.420 D/CompatibilityChangeReporter( 1685): Compat change id reported: 135772972; UID 10150; state: DISABLED
07-30 17:20:50.420 D/CompatibilityChangeReporter( 1685): Compat change id reported: 135754954; UID 10150; state: ENABLED
07-30 17:20:50.421 D/CompatibilityChangeReporter( 1685): Compat change id reported: 143937733; UID 10150; state: ENABLED
07-30 17:20:50.423 E/gs.intelligence(15201): No package ID ff found for ID 0xffffffff.
07-30 17:20:50.423 E/gs.intelligence(15201): No package ID ff found for ID 0xffffffff.
07-30 17:20:50.423 E/gs.intelligence(15201): No package ID ff found for ID 0xffffffff.
07-30 17:20:50.423 E/gs.intelligence(15201): No package ID ff found for ID 0xffffffff.
07-30 17:20:50.424 E/gs.intelligence(15201): No package ID ff found for ID 0xffffffff.
07-30 17:20:50.425 E/gs.intelligence(15201): No package ID ff found for ID 0xffffffff.
07-30 17:20:50.425 E/gs.intelligence(15201): No package ID ff found for ID 0xffffffff.
07-30 17:20:50.427 E/gs.intelligence(15201): No package ID ff found for ID 0xffffffff.
07-30 17:20:50.427 E/gs.intelligence(15201): No package ID ff found for ID 0xffffffff.
07-30 17:20:50.428 E/gs.intelligence(15201): No package ID ff found for ID 0xffffffff.
07-30 17:20:50.429 E/gs.intelligence(15201): No package ID ff found for ID 0xffffffff.
07-30 17:20:50.430 E/gs.intelligence(15201): No package ID ff found for ID 0xffffffff.
07-30 17:20:50.431 E/gs.intelligence(15201): No package ID ff found for ID 0xffffffff.
07-30 17:20:50.433 E/gs.intelligence(15201): No package ID ff found for ID 0xffffffff.
07-30 17:20:50.433 E/gs.intelligence(15201): No package ID ff found for ID 0xffffffff.
07-30 17:20:50.433 E/gs.intelligence(15201): No package ID ff found for ID 0xffffffff.
07-30 17:20:50.435 E/gs.intelligence(15201): No package ID ff found for ID 0xffffffff.
07-30 17:20:50.436 E/gs.intelligence(15201): No package ID ff found for ID 0xffffffff.
07-30 17:20:50.436 E/gs.intelligence(15201): No package ID ff found for ID 0xffffffff.
07-30 17:20:50.438 E/gs.intelligence(15201): No package ID ff found for ID 0xffffffff.
07-30 17:20:50.439 E/gs.intelligence(15201): No package ID ff found for ID 0xffffffff.
07-30 17:20:50.439 E/gs.intelligence(15201): No package ID ff found for ID 0xffffffff.
07-30 17:20:50.441 E/gs.intelligence(15201): No package ID ff found for ID 0xffffffff.
07-30 17:20:50.442 E/gs.intelligence(15201): No package ID ff found for ID 0xffffffff.
07-30 17:20:50.443 D/Zygote  ( 1038): Forked child process 16175
07-30 17:20:50.445 I/ActivityManager( 1685): Start proc 16175:com.google.android.projection.gearhead:shared/u0a150 for service {com.google.android.projection.gearhead/com.google.android.gearhead.service.SharedService}
07-30 17:20:50.449 E/gs.intelligence(15201): No package ID ff found for ID 0xffffffff.
07-30 17:20:50.451 E/gs.intelligence(15201): No package ID ff found for ID 0xffffffff.
07-30 17:20:50.452 E/gs.intelligence(15201): No package ID ff found for ID 0xffffffff.
07-30 17:20:50.452 E/gs.intelligence(15201): No package ID ff found for ID 0xffffffff.
07-30 17:20:50.454 E/gs.intelligence(15201): No package ID ff found for ID 0xffffffff.
07-30 17:20:50.455 E/gs.intelligence(15201): No package ID ff found for ID 0xffffffff.
07-30 17:20:50.455 E/gs.intelligence(15201): No package ID ff found for ID 0xffffffff.
07-30 17:20:50.457 E/gs.intelligence(15201): No package ID ff found for ID 0xffffffff.
07-30 17:20:50.458 E/gs.intelligence(15201): No package ID ff found for ID 0xffffffff.
07-30 17:20:50.459 E/gs.intelligence(15201): No package ID ff found for ID 0xffffffff.
07-30 17:20:50.459 E/gs.intelligence(15201): No package ID ff found for ID 0xffffffff.
07-30 17:20:50.460 E/gs.intelligence(15201): No package ID ff found for ID 0xffffffff.
07-30 17:20:50.461 E/gs.intelligence(15201): No package ID ff found for ID 0xffffffff.
07-30 17:20:50.461 E/gs.intelligence(15201): No package ID ff found for ID 0xffffffff.
07-30 17:20:50.461 E/gs.intelligence(15201): No package ID ff found for ID 0xffffffff.
07-30 17:20:50.462 I/gearhead:shared(16175): Using CollectorTypeCC GC.
07-30 17:20:50.463 E/gs.intelligence(15201): No package ID ff found for ID 0xffffffff.
07-30 17:20:50.464 E/gs.intelligence(15201): No package ID ff found for ID 0xffffffff.
07-30 17:20:50.464 E/gs.intelligence(15201): No package ID ff found for ID 0xffffffff.
07-30 17:20:50.466 E/gs.intelligence(15201): No package ID ff found for ID 0xffffffff.
07-30 17:20:50.466 E/gs.intelligence(15201): No package ID ff found for ID 0xffffffff.
07-30 17:20:50.467 E/gs.intelligence(15201): No package ID ff found for ID 0xffffffff.
07-30 17:20:50.474 I/adbd    ( 9369): jdwp connection from 16175
07-30 17:20:50.478 E/gs.intelligence(15201): No package ID ff found for ID 0xffffffff.
07-30 17:20:50.479 E/gs.intelligence(15201): No package ID ff found for ID 0xffffffff.
07-30 17:20:50.479 W/IndexDataConverter(15201): Skipping index for null-key item IndexData.Builder {title: Do Not Disturb access,package: com.android.settings}
07-30 17:20:50.479 E/gs.intelligence(15201): No package ID ff found for ID 0xffffffff.
07-30 17:20:50.480 E/gs.intelligence(15201): No package ID ff found for ID 0xffffffff.
07-30 17:20:50.481 E/gs.intelligence(15201): No package ID ff found for ID 0xffffffff.
07-30 17:20:50.481 E/gs.intelligence(15201): No package ID ff found for ID 0xffffffff.
07-30 17:20:50.481 E/gs.intelligence(15201): No package ID ff found for ID 0xffffffff.
07-30 17:20:50.486 E/gs.intelligence(15201): No package ID ff found for ID 0xffffffff.
07-30 17:20:50.487 E/gs.intelligence(15201): No package ID ff found for ID 0xffffffff.
07-30 17:20:50.487 E/gs.intelligence(15201): No package ID ff found for ID 0xffffffff.
07-30 17:20:50.489 E/gs.intelligence(15201): No package ID ff found for ID 0xffffffff.
07-30 17:20:50.490 E/gs.intelligence(15201): No package ID ff found for ID 0xffffffff.
07-30 17:20:50.490 W/audio_hw_primary( 1053): out_write: underrun(1190) frames_by_time(63) > out->last_fifo_frames_remaining(48)
07-30 17:20:50.490 W/qc_adm  ( 1053): margin check: adm_request_focus_v2_1(p) failed diff -48
07-30 17:20:50.490 E/gs.intelligence(15201): No package ID ff found for ID 0xffffffff.
07-30 17:20:50.493 E/gs.intelligence(15201): No package ID ff found for ID 0xffffffff.
07-30 17:20:50.493 E/gs.intelligence(15201): No package ID ff found for ID 0xffffffff.
07-30 17:20:50.494 E/gs.intelligence(15201): No package ID ff found for ID 0xffffffff.
07-30 17:20:50.494 E/gs.intelligence(15201): No package ID ff found for ID 0xffffffff.
07-30 17:20:50.495 E/gs.intelligence(15201): No package ID ff found for ID 0xffffffff.
07-30 17:20:50.496 E/gs.intelligence(15201): No package ID ff found for ID 0xffffffff.
07-30 17:20:50.496 E/gs.intelligence(15201): No package ID ff found for ID 0xffffffff.
07-30 17:20:50.498 E/gs.intelligence(15201): No package ID ff found for ID 0xffffffff.
07-30 17:20:50.499 E/gs.intelligence(15201): No package ID ff found for ID 0xffffffff.
07-30 17:20:50.499 E/gs.intelligence(15201): No package ID ff found for ID 0xffffffff.
07-30 17:20:50.504 I/CAR.GH  (16112): onCreate completed
07-30 17:20:50.506 E/gs.intelligence(15201): No package ID ff found for ID 0xffffffff.
07-30 17:20:50.507 E/gs.intelligence(15201): No package ID ff found for ID 0xffffffff.
07-30 17:20:50.507 E/gs.intelligence(15201): No package ID ff found for ID 0xffffffff.
07-30 17:20:50.509 E/gs.intelligence(15201): No package ID ff found for ID 0xffffffff.
07-30 17:20:50.511 D/CompatibilityChangeReporter(16175): Compat change id reported: 171979766; UID 10150; state: ENABLED
07-30 17:20:50.516 W/audio_hw_primary( 1053): out_get_presentation_position: avail:24576 > kernel_buffer_size:24576 clamping!
07-30 17:20:50.516 W/audio_hw_primary( 1053): out_write: underrun(1191) frames_by_time(24) > out->last_fifo_frames_remaining(0)
07-30 17:20:50.516 E/gs.intelligence(15201): No package ID ff found for ID 0xffffffff.
07-30 17:20:50.517 E/gs.intelligence(15201): No package ID ff found for ID 0xffffffff.
07-30 17:20:50.518 W/audio_hw_primary( 1053): out_write: underrun(1192) frames_by_time(94) > out->last_fifo_frames_remaining(48)
07-30 17:20:50.518 W/qc_adm  ( 1053): margin check: adm_request_focus_v2_1(p) failed diff -48
07-30 17:20:50.519 E/gs.intelligence(15201): No package ID ff found for ID 0xffffffff.
07-30 17:20:50.520 E/gs.intelligence(15201): No package ID ff found for ID 0xffffffff.
07-30 17:20:50.521 E/gs.intelligence(15201): No package ID ff found for ID 0xffffffff.
07-30 17:20:50.528 E/gs.intelligence(15201): No package ID ff found for ID 0xffffffff.
07-30 17:20:50.529 E/gs.intelligence(15201): No package ID ff found for ID 0xffffffff.
07-30 17:20:50.529 E/gs.intelligence(15201): No package ID ff found for ID 0xffffffff.
07-30 17:20:50.531 D/nativeloader(16175): Configuring classloader-namespace for other apk /system/framework/org.apache.http.legacy.jar. target_sdk_version=36, uses_libraries=ALL, library_path=/data/app/~~2mmBLE7f8kiN8EElO1IZIA==/com.google.android.projection.gearhead-TUHeQX4fyCrFcqxmmu9t_g==/lib/arm64:/data/app/~~2mmBLE7f8kiN8EElO1IZIA==/com.google.android.projection.gearhead-TUHeQX4fyCrFcqxmmu9t_g==/base.apk!/lib/arm64-v8a:/data/app/~~2mmBLE7f8kiN8EElO1IZIA==/com.google.android.projection.gearhead-TUHeQX4fyCrFcqxmmu9t_g==/split_config.arm64_v8a.apk!/lib/arm64-v8a:/data/app/~~2mmBLE7f8kiN8EElO1IZIA==/com.google.android.projection.gearhead-TUHeQX4fyCrFcqxmmu9t_g==/split_config.en.apk!/lib/arm64-v8a:/data/app/~~2mmBLE7f8kiN8EElO1IZIA==/com.google.android.projection.gearhead-TUHeQX4fyCrFcqxmmu9t_g==/split_config.xxhdpi.apk!/lib/arm64-v8a, permitted_path=/data:/mnt/expand:/data/user/0/com.google.android.projection.gearhead
07-30 17:20:50.531 E/gs.intelligence(15201): No package ID ff found for ID 0xffffffff.
07-30 17:20:50.532 E/gs.intelligence(15201): No package ID ff found for ID 0xffffffff.
07-30 17:20:50.532 E/gs.intelligence(15201): No package ID ff found for ID 0xffffffff.
07-30 17:20:50.532 E/gs.intelligence(15201): No package ID ff found for ID 0xffffffff.
07-30 17:20:50.535 E/gs.intelligence(15201): No package ID ff found for ID 0xffffffff.
07-30 17:20:50.536 E/gs.intelligence(15201): No package ID ff found for ID 0xffffffff.
07-30 17:20:50.536 E/gs.intelligence(15201): No package ID ff found for ID 0xffffffff.
07-30 17:20:50.539 E/gs.intelligence(15201): No package ID ff found for ID 0xffffffff.
07-30 17:20:50.540 E/gs.intelligence(15201): No package ID ff found for ID 0xffffffff.
07-30 17:20:50.540 E/gs.intelligence(15201): No package ID ff found for ID 0xffffffff.
07-30 17:20:50.542 E/gs.intelligence(15201): No package ID ff found for ID 0xffffffff.
07-30 17:20:50.543 E/gs.intelligence(15201): No package ID ff found for ID 0xffffffff.
07-30 17:20:50.543 E/gs.intelligence(15201): No package ID ff found for ID 0xffffffff.
07-30 17:20:50.544 W/IndexDataConverter(15201): Skipping index for null-key item IndexData.Builder {title: More security settings,package: com.android.settings}
07-30 17:20:50.545 E/gs.intelligence(15201): No package ID ff found for ID 0xffffffff.
07-30 17:20:50.545 E/gs.intelligence(15201): No package ID ff found for ID 0xffffffff.
07-30 17:20:50.549 W/ziparchive(16175): Unable to open '/data/app/~~2mmBLE7f8kiN8EElO1IZIA==/com.google.android.projection.gearhead-TUHeQX4fyCrFcqxmmu9t_g==/split_config.arm64_v8a.dm': No such file or directory
07-30 17:20:50.549 W/ziparchive(16175): Unable to open '/data/app/~~2mmBLE7f8kiN8EElO1IZIA==/com.google.android.projection.gearhead-TUHeQX4fyCrFcqxmmu9t_g==/split_config.arm64_v8a.dm': No such file or directory
07-30 17:20:50.550 W/gearhead:shared(16175): Entry not found
07-30 17:20:50.550 E/gs.intelligence(15201): No package ID ff found for ID 0xffffffff.
07-30 17:20:50.550 E/gs.intelligence(15201): No package ID ff found for ID 0xffffffff.
07-30 17:20:50.551 E/gs.intelligence(15201): No package ID ff found for ID 0xffffffff.
07-30 17:20:50.551 W/ziparchive(16175): Unable to open '/data/app/~~2mmBLE7f8kiN8EElO1IZIA==/com.google.android.projection.gearhead-TUHeQX4fyCrFcqxmmu9t_g==/split_config.en.dm': No such file or directory
07-30 17:20:50.551 W/ziparchive(16175): Unable to open '/data/app/~~2mmBLE7f8kiN8EElO1IZIA==/com.google.android.projection.gearhead-TUHeQX4fyCrFcqxmmu9t_g==/split_config.en.dm': No such file or directory
07-30 17:20:50.551 W/gearhead:shared(16175): Entry not found
07-30 17:20:50.553 W/ziparchive(16175): Unable to open '/data/app/~~2mmBLE7f8kiN8EElO1IZIA==/com.google.android.projection.gearhead-TUHeQX4fyCrFcqxmmu9t_g==/split_config.xxhdpi.dm': No such file or directory
07-30 17:20:50.553 W/ziparchive(16175): Unable to open '/data/app/~~2mmBLE7f8kiN8EElO1IZIA==/com.google.android.projection.gearhead-TUHeQX4fyCrFcqxmmu9t_g==/split_config.xxhdpi.dm': No such file or directory
07-30 17:20:50.553 W/gearhead:shared(16175): Entry not found
07-30 17:20:50.560 E/gs.intelligence(15201): No package ID ff found for ID 0xffffffff.
07-30 17:20:50.561 E/gs.intelligence(15201): No package ID ff found for ID 0xffffffff.
07-30 17:20:50.561 E/gs.intelligence(15201): No package ID ff found for ID 0xffffffff.
07-30 17:20:50.563 E/gs.intelligence(15201): No package ID ff found for ID 0xffffffff.
07-30 17:20:50.563 E/gs.intelligence(15201): No package ID ff found for ID 0xffffffff.
07-30 17:20:50.563 E/gs.intelligence(15201): No package ID ff found for ID 0xffffffff.
07-30 17:20:50.565 E/gs.intelligence(15201): No package ID ff found for ID 0xffffffff.
07-30 17:20:50.566 E/gs.intelligence(15201): No package ID ff found for ID 0xffffffff.
07-30 17:20:50.566 E/gs.intelligence(15201): No package ID ff found for ID 0xffffffff.
07-30 17:20:50.566 E/gs.intelligence(15201): No package ID ff found for ID 0xffffffff.
07-30 17:20:50.566 D/nativeloader(16175): Configuring classloader-namespace for other apk /data/app/~~2mmBLE7f8kiN8EElO1IZIA==/com.google.android.projection.gearhead-TUHeQX4fyCrFcqxmmu9t_g==/base.apk:/data/app/~~2mmBLE7f8kiN8EElO1IZIA==/com.google.android.projection.gearhead-TUHeQX4fyCrFcqxmmu9t_g==/split_config.arm64_v8a.apk:/data/app/~~2mmBLE7f8kiN8EElO1IZIA==/com.google.android.projection.gearhead-TUHeQX4fyCrFcqxmmu9t_g==/split_config.en.apk:/data/app/~~2mmBLE7f8kiN8EElO1IZIA==/com.google.android.projection.gearhead-TUHeQX4fyCrFcqxmmu9t_g==/split_config.xxhdpi.apk. target_sdk_version=36, uses_libraries=, library_path=/data/app/~~2mmBLE7f8kiN8EElO1IZIA==/com.google.android.projection.gearhead-TUHeQX4fyCrFcqxmmu9t_g==/lib/arm64:/data/app/~~2mmBLE7f8kiN8EElO1IZIA==/com.google.android.projection.gearhead-TUHeQX4fyCrFcqxmmu9t_g==/base.apk!/lib/arm64-v8a:/data/app/~~2mmBLE7f8kiN8EElO1IZIA==/com.google.android.projection.gearhead-TUHeQX4fyCrFcqxmmu9t_g==/split_config.arm64_v8a.apk!/lib/arm64-v8a:/data/app/~~2mmBLE7f8kiN8EElO1IZIA==/com.google.android.pr
07-30 17:20:50.568 E/gs.intelligence(15201): No package ID ff found for ID 0xffffffff.
07-30 17:20:50.568 E/gs.intelligence(15201): No package ID ff found for ID 0xffffffff.
07-30 17:20:50.568 E/gs.intelligence(15201): No package ID ff found for ID 0xffffffff.
07-30 17:20:50.568 E/gs.intelligence(15201): No package ID ff found for ID 0xffffffff.
07-30 17:20:50.573 E/gs.intelligence(15201): No package ID ff found for ID 0xffffffff.
07-30 17:20:50.573 W/gearhead:shared(16175): JIT profile information will not be recorded: profile file does not exist.
07-30 17:20:50.574 W/gearhead:shared(16175): JIT profile information will not be recorded: profile file does not exist.
07-30 17:20:50.574 W/gearhead:shared(16175): JIT profile information will not be recorded: profile file does not exist.
07-30 17:20:50.574 E/gs.intelligence(15201): No package ID ff found for ID 0xffffffff.
07-30 17:20:50.574 E/gs.intelligence(15201): No package ID ff found for ID 0xffffffff.
07-30 17:20:50.580 E/gs.intelligence(15201): No package ID ff found for ID 0xffffffff.
07-30 17:20:50.581 E/gs.intelligence(15201): No package ID ff found for ID 0xffffffff.
07-30 17:20:50.581 E/gs.intelligence(15201): No package ID ff found for ID 0xffffffff.
07-30 17:20:50.584 E/gs.intelligence(15201): No package ID ff found for ID 0xffffffff.
07-30 17:20:50.584 E/gs.intelligence(15201): No package ID ff found for ID 0xffffffff.
07-30 17:20:50.584 E/gs.intelligence(15201): No package ID ff found for ID 0xffffffff.
07-30 17:20:50.585 E/gs.intelligence(15201): No package ID ff found for ID 0xffffffff.
07-30 17:20:50.593 E/gs.intelligence(15201): No package ID ff found for ID 0xffffffff.
07-30 17:20:50.593 E/gs.intelligence(15201): No package ID ff found for ID 0xffffffff.
07-30 17:20:50.594 E/gs.intelligence(15201): No package ID ff found for ID 0xffffffff.
07-30 17:20:50.596 E/gs.intelligence(15201): No package ID ff found for ID 0xffffffff.
07-30 17:20:50.596 E/gs.intelligence(15201): No package ID ff found for ID 0xffffffff.
07-30 17:20:50.596 E/gs.intelligence(15201): No package ID ff found for ID 0xffffffff.
07-30 17:20:50.596 E/gs.intelligence(15201): No package ID ff found for ID 0xffffffff.
07-30 17:20:50.598 E/gs.intelligence(15201): No package ID ff found for ID 0xffffffff.
07-30 17:20:50.598 E/gs.intelligence(15201): No package ID ff found for ID 0xffffffff.
07-30 17:20:50.598 E/gs.intelligence(15201): No package ID ff found for ID 0xffffffff.
07-30 17:20:50.605 V/GraphicsEnvironment(16175): ANGLE Developer option for 'com.google.android.projection.gearhead' set to: 'default'
07-30 17:20:50.606 V/GraphicsEnvironment(16175): ANGLE GameManagerService for com.google.android.projection.gearhead: false
07-30 17:20:50.608 E/gs.intelligence(15201): No package ID ff found for ID 0xffffffff.
07-30 17:20:50.609 E/gs.intelligence(15201): No package ID ff found for ID 0xffffffff.
07-30 17:20:50.610 E/gs.intelligence(15201): No package ID ff found for ID 0xffffffff.
07-30 17:20:50.611 E/gs.intelligence(15201): No package ID ff found for ID 0xffffffff.
07-30 17:20:50.611 D/NetworkSecurityConfig(16175): No Network Security Config specified, using platform default
07-30 17:20:50.612 E/gs.intelligence(15201): No package ID ff found for ID 0xffffffff.
07-30 17:20:50.612 D/NetworkSecurityConfig(16175): No Network Security Config specified, using platform default
07-30 17:20:50.612 E/gs.intelligence(15201): No package ID ff found for ID 0xffffffff.
07-30 17:20:50.612 E/gs.intelligence(15201): No package ID ff found for ID 0xffffffff.
07-30 17:20:50.612 E/gs.intelligence(15201): No package ID ff found for ID 0xffffffff.
07-30 17:20:50.617 E/gs.intelligence(15201): No package ID ff found for ID 0xffffffff.
07-30 17:20:50.617 E/gs.intelligence(15201): No package ID ff found for ID 0xffffffff.
07-30 17:20:50.618 E/gs.intelligence(15201): No package ID ff found for ID 0xffffffff.
07-30 17:20:50.618 E/gs.intelligence(15201): No package ID ff found for ID 0xffffffff.
07-30 17:20:50.619 E/gs.intelligence(15201): No package ID ff found for ID 0xffffffff.
07-30 17:20:50.620 E/gs.intelligence(15201): No package ID ff found for ID 0xffffffff.
07-30 17:20:50.620 E/gs.intelligence(15201): No package ID ff found for ID 0xffffffff.
07-30 17:20:50.620 E/gs.intelligence(15201): No package ID ff found for ID 0xffffffff.
07-30 17:20:50.622 E/gs.intelligence(15201): No package ID ff found for ID 0xffffffff.
07-30 17:20:50.623 E/gs.intelligence(15201): No package ID ff found for ID 0xffffffff.
