07-28 14:47:00.270 I/PackageManager( 1795): Permission ownership changed. Updating all permissions.
07-28 14:47:00.292 W/StorageManagerService( 1795): No primary storage defined yet; hacking together a stub
07-28 14:47:00.313 V/WindowManagerShell( 2466): Adding init callback for DisplayChangeController
07-28 14:47:00.313 V/WindowManagerShell( 2466): Adding init callback for DisplayController
07-28 14:47:00.313 V/WindowManagerShell( 2466): Adding init callback for DisplayInsetsController
07-28 14:47:00.314 V/WindowManagerShell( 2466): Adding init callback for DisplayImeController
07-28 14:47:00.314 V/WindowManagerShell( 2466): Adding init callback for ShellController
07-28 14:47:00.316 V/WindowManagerShell( 2466): Adding init callback for DragAndDropController
07-28 14:47:00.323 V/WindowManagerShell( 2466): Adding init callback for CompatUIController
07-28 14:47:00.326 V/WindowManagerShell( 2466): Adding init callback for RecentTasksController
07-28 14:47:00.327 V/WindowManagerShell( 2466): Adding init callback for ShellTaskOrganizer
07-28 14:47:00.330 W/SystemServiceManager( 1795): Service com.android.server.policy.PermissionPolicyService took 112 ms in onBootPhase
07-28 14:47:00.330 D/SystemServerTiming( 1795): OnBootPhase_550_com.android.server.pm.StagingManager$Lifecycle
07-28 14:47:00.330 D/SystemServerTiming( 1795): OnBootPhase_550_com.android.server.app.GameManagerService$Lifecycle
07-28 14:47:00.330 D/SystemServerTiming( 1795): OnBootPhase_550_com.android.safetycenter.SafetyCenterService
07-28 14:47:00.330 D/SystemServerTiming( 1795): OnBootPhase_550_com.android.server.appsearch.AppSearchModule$Lifecycle
07-28 14:47:00.330 D/SystemServerTiming( 1795): OnBootPhase_550_com.android.server.media.MediaCommunicationService
07-28 14:47:00.330 D/SystemServerTiming( 1795): OnBootPhase_550_com.android.server.compat.overrides.AppCompatOverridesService$Lifecycle
07-28 14:47:00.330 D/SystemServerTiming( 1795): StartObservingNativeCrashes
07-28 14:47:00.330 D/SystemServerTiming( 1795): RegisterAppOpsPolicy
07-28 14:47:00.331 D/SystemServerTiming( 1795): MakeNetworkManagementServiceReady
07-28 14:47:00.332 D/SystemServerTimingAsync( 1795): InitThreadPoolExec:WebViewFactoryPreparation
07-28 14:47:00.332 I/SystemServer( 1795): WebViewFactoryPreparation
07-28 14:47:00.332 D/SystemServerTimingAsync( 1795): WebViewFactoryPreparation
07-28 14:47:00.332 D/SystemServerTiming( 1795): MakeConnectivityServiceReady
07-28 14:47:00.335 E/AppOps  ( 1795): Bad call made by uid 1000. Package "android" does not belong to uid 1037.
07-28 14:47:00.336 E/AppOps  ( 1795): checkOperation
07-28 14:47:00.336 E/AppOps  ( 1795): java.lang.SecurityException: Specified package "android" under uid 1037 but it is not
07-28 14:47:00.336 E/AppOps  ( 1795): 	at com.android.server.appop.AppOpsService.verifyAndGetBypass(AppOpsService.java:4692)
07-28 14:47:00.336 E/AppOps  ( 1795): 	at com.android.server.appop.AppOpsService.verifyAndGetBypass(AppOpsService.java:4560)
07-28 14:47:00.336 E/AppOps  ( 1795): 	at com.android.server.appop.AppOpsService.checkOperationUnchecked(AppOpsService.java:3253)
07-28 14:47:00.336 E/AppOps  ( 1795): 	at com.android.server.appop.AppOpsService.checkOperationImpl(AppOpsService.java:3236)
07-28 14:47:00.336 E/AppOps  ( 1795): 	at com.android.server.appop.AppOpsService.-$$Nest$mcheckOperationImpl(Unknown Source:0)
07-28 14:47:00.336 E/AppOps  ( 1795): 	at com.android.server.appop.AppOpsService$CheckOpsDelegateDispatcher.lambda$checkOperation$0(AppOpsService.java:7592)
07-28 14:47:00.336 E/AppOps  ( 1795): 	at com.android.server.appop.AppOpsService$CheckOpsDelegateDispatcher.$r8$lambda$KrwrxMLmGzFSEjEyo0aJ63o5J9E(Unknown Source:0)
07-28 14:47:00.336 E/AppOps  ( 1795): 	at com.android.server.appop.AppOpsService$CheckOpsDelegateDispatcher$$ExternalSyntheticLambda9.apply(Unknown Source:24)
07-28 14:47:00.336 E/AppOps  ( 1795): 	at com.android.server.policy.AppOpsPolicy.checkOperation(AppOpsPolicy.java:211)
07-28 14:47:00.336 E/AppOps  ( 1795): 	at com.android.server.appop.AppOpsService$CheckOpsDelegateDispatcher.checkOperation(AppOpsService.java:7591)
07-28 14:47:00.336 E/AppOps  ( 1795): 	at com.android.server.appop.AppOpsService.checkOperation(AppOpsService.java:3223)
07-28 14:47:00.336 E/AppOps  ( 1795): 	at com.android.server.StorageManagerService$StorageManagerInternalImpl.hasExternalStorageAccess(StorageManagerService.java:4840)
07-28 14:47:00.336 E/AppOps  ( 1795): 	at com.android.server.am.ProcessList.startProcessLocked(ProcessList.java:1690)
07-28 14:47:00.336 E/AppOps  ( 1795): 	at com.android.server.am.ProcessList.startProcessLocked(ProcessList.java:2368)
07-28 14:47:00.336 E/AppOps  ( 1795): 	at com.android.server.am.ProcessList.startProcessLocked(ProcessList.java:2508)
07-28 14:47:00.336 E/AppOps  ( 1795): 	at com.android.server.am.ActivityManagerService.startIsolatedProcess(ActivityManagerService.java:2802)
07-28 14:47:00.336 E/AppOps  ( 1795): 	at com.android.server.am.ActivityManagerService$LocalService.startIsolatedProcess(ActivityManagerService.java:16505)
07-28 14:47:00.336 E/AppOps  ( 1795): 	at android.webkit.WebViewLibraryLoader.createRelroFile(WebViewLibraryLoader.java:126)
07-28 14:47:00.336 E/AppOps  ( 1795): 	at android.webkit.WebViewLibraryLoader.createRelros(WebViewLibraryLoader.java:164)
07-28 14:47:00.336 E/AppOps  ( 1795): 	at android.webkit.WebViewLibraryLoader.prepareNativeLibraries(WebViewLibraryLoader.java:152)
07-28 14:47:00.336 E/AppOps  ( 1795): 	at android.webkit.WebViewFactory.onWebViewProviderChanged(WebViewFactory.java:555)
07-28 14:47:00.336 E/AppOps  ( 1795): 	at com.android.server.webkit.SystemImpl.onWebViewProviderChanged(SystemImpl.java:174)
07-28 14:47:00.336 E/AppOps  ( 1795): 	at com.android.server.webkit.WebViewUpdateServiceImpl.onWebViewProviderChanged(WebViewUpdateServiceImpl.java:351)
07-28 14:47:00.336 E/AppOps  ( 1795): 	at com.android.server.webkit.WebViewUpdateServiceImpl.prepareWebViewInSystemServer(WebViewUpdateServiceImpl.java:182)
07-28 14:47:00.336 E/AppOps  ( 1795): 	at com.android.server.webkit.WebViewUpdateService.prepareWebViewInSystemServer(WebViewUpdateService.java:129)
07-28 14:47:00.336 E/AppOps  ( 1795): 	at com.android.server.SystemServer.lambda$startOtherServices$3(SystemServer.java:2826)
07-28 14:47:00.336 E/AppOps  ( 1795): 	at com.android.server.SystemServer.$r8$lambda$nG7XwJlwV2eNiP3C-iTim-mbKmM(Unknown Source:0)
07-28 14:47:00.336 E/AppOps  ( 1795): 	at com.android.server.SystemServer$$ExternalSyntheticLambda6.run(Unknown Source:2)
07-28 14:47:00.336 E/AppOps  ( 1795): 	at com.android.server.SystemServerInitThreadPool.lambda$submitTask$0(SystemServerInitThreadPool.java:106)
07-28 14:47:00.336 E/AppOps  ( 1795): 	at com.android.server.SystemServerInitThreadPool.$r8$lambda$aGlXt69ihU44Qi7EB_RNeu8pnrY(Unknown Source:0)
07-28 14:47:00.336 E/AppOps  ( 1795): 	at com.android.server.SystemServerInitThreadPool$$ExternalSyntheticLambda0.run(Unknown Source:6)
07-28 14:47:00.336 E/AppOps  ( 1795): 	at java.util.concurrent.Executors$RunnableAdapter.call(Executors.java:463)
07-28 14:47:00.336 E/AppOps  ( 1795): 	at java.util.concurrent.FutureTask.run(FutureTask.java:264)
07-28 14:47:00.336 E/AppOps  ( 1795): 	at java.util.concurrent.ThreadPoolExecutor.runWorker(ThreadPoolExecutor.java:1137)
07-28 14:47:00.336 E/AppOps  ( 1795): 	at java.util.concurrent.ThreadPoolExecutor$Worker.run(ThreadPoolExecutor.java:637)
07-28 14:47:00.336 E/AppOps  ( 1795): 	at com.android.internal.util.ConcurrentUtils$1$1.run(ConcurrentUtils.java:65)
07-28 14:47:00.336 D/CompatibilityChangeReporter( 1795): Compat change id reported: 135634846; UID 1000; state: DISABLED
07-28 14:47:00.336 D/CompatibilityChangeReporter( 1795): Compat change id reported: 177438394; UID 1000; state: DISABLED
07-28 14:47:00.336 D/CompatibilityChangeReporter( 1795): Compat change id reported: 135772972; UID 1000; state: DISABLED
07-28 14:47:00.336 D/CompatibilityChangeReporter( 1795): Compat change id reported: 178038272; UID 1000; state: DISABLED
07-28 14:47:00.337 V/WindowManagerShell( 2466): Adding init callback for OneHandedController
07-28 14:47:00.337 E/AppOps  ( 1795): Bad call made by uid 1000. Package "android" does not belong to uid 1037.
07-28 14:47:00.338 E/AppOps  ( 1795): checkOperation
07-28 14:47:00.338 E/AppOps  ( 1795): java.lang.SecurityException: Specified package "android" under uid 1037 but it is not
07-28 14:47:00.338 E/AppOps  ( 1795): 	at com.android.server.appop.AppOpsService.verifyAndGetBypass(AppOpsService.java:4692)
07-28 14:47:00.338 E/AppOps  ( 1795): 	at com.android.server.appop.AppOpsService.verifyAndGetBypass(AppOpsService.java:4560)
07-28 14:47:00.338 E/AppOps  ( 1795): 	at com.android.server.appop.AppOpsService.checkOperationUnchecked(AppOpsService.java:3253)
07-28 14:47:00.338 E/AppOps  ( 1795): 	at com.android.server.appop.AppOpsService.checkOperationImpl(AppOpsService.java:3236)
07-28 14:47:00.338 E/AppOps  ( 1795): 	at com.android.server.appop.AppOpsService.-$$Nest$mcheckOperationImpl(Unknown Source:0)
07-28 14:47:00.338 E/AppOps  ( 1795): 	at com.android.server.appop.AppOpsService$CheckOpsDelegateDispatcher.lambda$checkOperation$0(AppOpsService.java:7592)
07-28 14:47:00.338 E/AppOps  ( 1795): 	at com.android.server.appop.AppOpsService$CheckOpsDelegateDispatcher.$r8$lambda$KrwrxMLmGzFSEjEyo0aJ63o5J9E(Unknown Source:0)
07-28 14:47:00.338 E/AppOps  ( 1795): 	at com.android.server.appop.AppOpsService$CheckOpsDelegateDispatcher$$ExternalSyntheticLambda9.apply(Unknown Source:24)
07-28 14:47:00.338 E/AppOps  ( 1795): 	at com.android.server.policy.AppOpsPolicy.checkOperation(AppOpsPolicy.java:211)
07-28 14:47:00.338 E/AppOps  ( 1795): 	at com.android.server.appop.AppOpsService$CheckOpsDelegateDispatcher.checkOperation(AppOpsService.java:7591)
07-28 14:47:00.338 E/AppOps  ( 1795): 	at com.android.server.appop.AppOpsService.checkOperation(AppOpsService.java:3223)
07-28 14:47:00.338 E/AppOps  ( 1795): 	at com.android.server.StorageManagerService$StorageManagerInternalImpl.hasExternalStorageAccess(StorageManagerService.java:4840)
07-28 14:47:00.338 E/AppOps  ( 1795): 	at com.android.server.am.ProcessList.startProcessLocked(ProcessList.java:1690)
07-28 14:47:00.338 E/AppOps  ( 1795): 	at com.android.server.am.ProcessList.startProcessLocked(ProcessList.java:2368)
07-28 14:47:00.338 E/AppOps  ( 1795): 	at com.android.server.am.ProcessList.startProcessLocked(ProcessList.java:2508)
07-28 14:47:00.338 E/AppOps  ( 1795): 	at com.android.server.am.ActivityManagerService.startIsolatedProcess(ActivityManagerService.java:2802)
07-28 14:47:00.338 E/AppOps  ( 1795): 	at com.android.server.am.ActivityManagerService$LocalService.startIsolatedProcess(ActivityManagerService.java:16505)
07-28 14:47:00.338 E/AppOps  ( 1795): 	at android.webkit.WebViewLibraryLoader.createRelroFile(WebViewLibraryLoader.java:126)
07-28 14:47:00.338 E/AppOps  ( 1795): 	at android.webkit.WebViewLibraryLoader.createRelros(WebViewLibraryLoader.java:170)
07-28 14:47:00.338 E/AppOps  ( 1795): 	at android.webkit.WebViewLibraryLoader.prepareNativeLibraries(WebViewLibraryLoader.java:152)
07-28 14:47:00.338 E/AppOps  ( 1795): 	at android.webkit.WebViewFactory.onWebViewProviderChanged(WebViewFactory.java:555)
07-28 14:47:00.338 E/AppOps  ( 1795): 	at com.android.server.webkit.SystemImpl.onWebViewProviderChanged(SystemImpl.java:174)
07-28 14:47:00.338 E/AppOps  ( 1795): 	at com.android.server.webkit.WebViewUpdateServiceImpl.onWebViewProviderChanged(WebViewUpdateServiceImpl.java:351)
07-28 14:47:00.338 E/AppOps  ( 1795): 	at com.android.server.webkit.WebViewUpdateServiceImpl.prepareWebViewInSystemServer(WebViewUpdateServiceImpl.java:182)
07-28 14:47:00.338 E/AppOps  ( 1795): 	at com.android.server.webkit.WebViewUpdateService.prepareWebViewInSystemServer(WebViewUpdateService.java:129)
07-28 14:47:00.338 E/AppOps  ( 1795): 	at com.android.server.SystemServer.lambda$startOtherServices$3(SystemServer.java:2826)
07-28 14:47:00.338 E/AppOps  ( 1795): 	at com.android.server.SystemServer.$r8$lambda$nG7XwJlwV2eNiP3C-iTim-mbKmM(Unknown Source:0)
07-28 14:47:00.338 E/AppOps  ( 1795): 	at com.android.server.SystemServer$$ExternalSyntheticLambda6.run(Unknown Source:2)
07-28 14:47:00.338 E/AppOps  ( 1795): 	at com.android.server.SystemServerInitThreadPool.lambda$submitTask$0(SystemServerInitThreadPool.java:106)
07-28 14:47:00.338 E/AppOps  ( 1795): 	at com.android.server.SystemServerInitThreadPool.$r8$lambda$aGlXt69ihU44Qi7EB_RNeu8pnrY(Unknown Source:0)
07-28 14:47:00.338 E/AppOps  ( 1795): 	at com.android.server.SystemServerInitThreadPool$$ExternalSyntheticLambda0.run(Unknown Source:6)
07-28 14:47:00.338 E/AppOps  ( 1795): 	at java.util.concurrent.Executors$RunnableAdapter.call(Executors.java:463)
07-28 14:47:00.338 E/AppOps  ( 1795): 	at java.util.concurrent.FutureTask.run(FutureTask.java:264)
07-28 14:47:00.338 E/AppOps  ( 1795): 	at java.util.concurrent.ThreadPoolExecutor.runWorker(ThreadPoolExecutor.java:1137)
07-28 14:47:00.338 E/AppOps  ( 1795): 	at java.util.concurrent.ThreadPoolExecutor$Worker.run(ThreadPoolExecutor.java:637)
07-28 14:47:00.338 E/AppOps  ( 1795): 	at com.android.internal.util.ConcurrentUtils$1$1.run(ConcurrentUtils.java:65)
07-28 14:47:00.342 W/NetworkPolicy( 1795): setRestrictBackgroundUL: already false
07-28 14:47:00.343 V/WindowManagerShell( 2466): Adding init callback for DefaultTransitionHandler
07-28 14:47:00.343 V/WindowManagerShell( 2466): addHandler: Default
07-28 14:47:00.343 V/WindowManagerShell( 2466): addHandler: Remote
07-28 14:47:00.343 V/WindowManagerShell( 2466): Adding init callback for Transitions
07-28 14:47:00.348 D/CompatibilityChangeReporter( 1795): Compat change id reported: 218533173; UID 10192; state: ENABLED
07-28 14:47:00.350 V/WindowManagerShell( 2466): Adding init callback for BubbleController
07-28 14:47:00.350 D/CompatibilityChangeReporter( 1795): Compat change id reported: 218533173; UID 10237; state: ENABLED
07-28 14:47:00.352 D/CompatibilityChangeReporter( 1795): Compat change id reported: 218533173; UID 10188; state: ENABLED
07-28 14:47:00.352 D/CompatibilityChangeReporter( 1795): Compat change id reported: 218533173; UID 10102; state: ENABLED
07-28 14:47:00.353 D/CompatibilityChangeReporter( 1795): Compat change id reported: 218533173; UID 10236; state: ENABLED
07-28 14:47:00.354 D/CompatibilityChangeReporter( 1795): Compat change id reported: 218533173; UID 10142; state: ENABLED
07-28 14:47:00.354 V/WindowManagerShell( 2466): Adding init callback for SplitScreenController
07-28 14:47:00.355 D/CompatibilityChangeReporter( 1795): Compat change id reported: 218533173; UID 10245; state: ENABLED
07-28 14:47:00.356 D/CompatibilityChangeReporter( 1795): Compat change id reported: 218533173; UID 10150; state: ENABLED
07-28 14:47:00.356 D/CompatibilityChangeReporter( 1795): Compat change id reported: 218533173; UID 10240; state: ENABLED
07-28 14:47:00.356 D/CompatibilityChangeReporter( 1795): Compat change id reported: 161145287; UID 10208; state: DISABLED
07-28 14:47:00.357 D/CompatibilityChangeReporter( 1795): Compat change id reported: 218533173; UID 10072; state: ENABLED
07-28 14:47:00.358 D/CompatibilityChangeReporter( 1795): Compat change id reported: 218533173; UID 10193; state: ENABLED
07-28 14:47:00.358 D/CompatibilityChangeReporter( 1795): Compat change id reported: 218533173; UID 10168; state: ENABLED
07-28 14:47:00.359 D/CompatibilityChangeReporter( 1795): Compat change id reported: 218533173; UID 10187; state: ENABLED
07-28 14:47:00.359 D/CompatibilityChangeReporter( 1795): Compat change id reported: 218533173; UID 10175; state: ENABLED
07-28 14:47:00.359 D/CompatibilityChangeReporter( 1795): Compat change id reported: 218533173; UID 10164; state: ENABLED
07-28 14:47:00.360 D/CompatibilityChangeReporter( 1795): Compat change id reported: 218533173; UID 10246; state: ENABLED
07-28 14:47:00.360 D/CompatibilityChangeReporter( 1795): Compat change id reported: 218533173; UID 10104; state: ENABLED
07-28 14:47:00.361 D/CompatibilityChangeReporter( 1795): Compat change id reported: 218533173; UID 10161; state: ENABLED
07-28 14:47:00.361 D/CompatibilityChangeReporter( 1795): Compat change id reported: 218533173; UID 10172; state: ENABLED
07-28 14:47:00.362 D/CompatibilityChangeReporter( 1795): Compat change id reported: 218533173; UID 10146; state: ENABLED
07-28 14:47:00.362 D/CompatibilityChangeReporter( 1795): Compat change id reported: 218533173; UID 10108; state: ENABLED
07-28 14:47:00.362 D/CompatibilityChangeReporter( 1795): Compat change id reported: 218533173; UID 10140; state: ENABLED
07-28 14:47:00.362 D/CompatibilityChangeReporter( 1795): Compat change id reported: 218533173; UID 10235; state: ENABLED
07-28 14:47:00.363 D/CompatibilityChangeReporter( 1795): Compat change id reported: 218533173; UID 10189; state: ENABLED
07-28 14:47:00.363 D/CompatibilityChangeReporter( 1795): Compat change id reported: 218533173; UID 10241; state: ENABLED
07-28 14:47:00.364 D/CompatibilityChangeReporter( 1795): Compat change id reported: 218533173; UID 10234; state: ENABLED
07-28 14:47:00.364 D/CompatibilityChangeReporter( 1795): Compat change id reported: 218533173; UID 10167; state: ENABLED
07-28 14:47:00.365 D/CompatibilityChangeReporter( 1795): Compat change id reported: 218533173; UID 10239; state: ENABLED
07-28 14:47:00.365 D/SystemServerTiming( 1795): MakeVpnManagerServiceReady
07-28 14:47:00.367 V/WindowManagerShell( 2466): Adding init callback for PipTouchHandler
07-28 14:47:00.368 V/WindowManagerShell( 2466): Adding init callback for DevicePostureController
07-28 14:47:00.368 V/WindowManagerShell( 2466): Adding init callback for TabletopModeController
07-28 14:47:00.369 V/WindowManagerShell( 2466): Adding init callback for PipController
07-28 14:47:00.371 V/WindowManagerShell( 2466): Adding init callback for FullscreenTaskListener
07-28 14:47:00.373 V/WindowManagerShell( 2466): Adding init callback for HideDisplayCutoutController
07-28 14:47:00.376 V/WindowManagerShell( 2466): Adding init callback for StartingWindowController
07-28 14:47:00.376 V/WindowManagerShell( 2466): Adding init callback for ProtoLogController
07-28 14:47:00.377 V/WindowManagerShell( 2466): Adding init callback for KidsModeTaskOrganizer
07-28 14:47:00.380 D/SystemServerTiming( 1795): MakeVcnManagementServiceReady
07-28 14:47:00.381 V/WindowManagerShell( 2466): Adding init callback for BackAnimationController
07-28 14:47:00.382 V/WindowManagerShell( 2466): Initializing Shell Components: 24
07-28 14:47:00.384 V/WindowManagerShell( 2466): 	DisplayChangeController init took 1ms
07-28 14:47:00.384 D/SystemServerTiming( 1795): MakeNetworkPolicyServiceReady
07-28 14:47:00.385 V/WindowManagerShell( 2466): 	DisplayController init took 2ms
07-28 14:47:00.385 I/VcnManagementService( 1795): new snapshot: TelephonySubscriptionSnapshot{ mActiveDataSubId=-1, mSubIdToInfoMap={}, mSubIdToCarrierConfigMap={}, mPrivilegedPackages={} }
07-28 14:47:00.386 V/WindowManagerShell( 2466): 	DisplayInsetsController init took 1ms
07-28 14:47:00.386 V/WindowManagerShell( 2466): 	DisplayImeController init took 0ms
07-28 14:47:00.387 V/WindowManagerShell( 2466): Adding dump callback for ShellController
07-28 14:47:00.387 V/WindowManagerShell( 2466): 	ShellController init took 0ms
07-28 14:47:00.387 V/WindowManagerShell( 2466): 	DragAndDropController init took 0ms
07-28 14:47:00.387 V/WindowManagerShell( 2466): Adding command class compatui for CompatUIShellCommandHandler
07-28 14:47:00.387 V/WindowManagerShell( 2466): 	CompatUIController init took 0ms
07-28 14:47:00.387 V/WindowManagerShell( 2466): Adding external interface from RecentTasksController with key extra_shell_recent_tasks
07-28 14:47:00.387 V/WindowManagerShell( 2466): Adding dump callback for RecentTasksController
07-28 14:47:00.388 V/WindowManagerShell( 2466): 	RecentTasksController init took 1ms
07-28 14:47:00.388 V/WindowManagerShell( 2466): Adding dump callback for ShellTaskOrganizer
07-28 14:47:00.390 V/WindowManagerShell( 2466): 	ShellTaskOrganizer init took 2ms
07-28 14:47:00.390 V/WindowManagerShell( 2466): Adding dump callback for OneHandedController
07-28 14:47:00.402 V/WindowManagerShell( 2466): Adding external interface from OneHandedController with key extra_shell_one_handed
07-28 14:47:00.402 V/WindowManagerShell( 2466): 	OneHandedController init took 12ms
07-28 14:47:00.407 V/WindowManagerShell( 2466): 	DefaultTransitionHandler init took 5ms
07-28 14:47:00.408 V/WindowManagerShell( 2466): Adding external interface from Transitions with key extra_shell_shell_transitions
07-28 14:47:00.409 V/WindowManagerShell( 2466): 	Transitions init took 2ms
07-28 14:47:00.416 V/WindowManagerShell( 2466): Adding dump callback for BubbleController
07-28 14:47:00.416 V/WindowManagerShell( 2466): 	BubbleController init took 6ms
07-28 14:47:00.416 V/WindowManagerShell( 2466): Adding dump callback for SplitScreenController
07-28 14:47:00.416 V/WindowManagerShell( 2466): Adding command class splitscreen for SplitScreenController
07-28 14:47:00.416 V/WindowManagerShell( 2466): Adding external interface from SplitScreenController with key extra_shell_split_screen
07-28 14:47:00.425 D/SystemServerTiming( 1795): PhaseThirdPartyAppsCanStart
07-28 14:47:00.425 I/SystemServiceManager( 1795): Starting phase 600
07-28 14:47:00.425 D/SystemServerTiming( 1795): OnBootPhase_600
07-28 14:47:00.425 D/SystemServerTiming( 1795): OnBootPhase_600_com.android.server.security.FileIntegrityService
07-28 14:47:00.425 D/SystemServerTiming( 1795): OnBootPhase_600_com.android.server.pm.Installer
07-28 14:47:00.425 D/SystemServerTiming( 1795): OnBootPhase_600_com.android.server.os.DeviceIdentifiersPolicyService
07-28 14:47:00.425 D/SystemServerTiming( 1795): OnBootPhase_600_com.android.server.uri.UriGrantsManagerService$Lifecycle
07-28 14:47:00.425 D/SystemServerTiming( 1795): OnBootPhase_600_com.android.server.powerstats.PowerStatsService
07-28 14:47:00.425 D/SystemServerTiming( 1795): OnBootPhase_600_com.android.server.wm.ActivityTaskManagerService$Lifecycle
07-28 14:47:00.425 D/SystemServerTiming( 1795): OnBootPhase_600_com.android.server.am.ActivityManagerService$Lifecycle
07-28 14:47:00.427 I/ExplicitHealthCheckController( 1795): Explicit health checks enabled.
07-28 14:47:00.427 I/PackageWatchdog( 1795): Syncing state, reason: health check state enabled
07-28 14:47:00.427 I/PackageWatchdog( 1795): Discarding observer rollback-observer. All packages expired
07-28 14:47:00.427 D/SystemServerTiming( 1795): OnBootPhase_600_com.android.server.pm.DataLoaderManagerService
07-28 14:47:00.427 D/SystemServerTiming( 1795): OnBootPhase_600_com.android.server.power.PowerManagerService
07-28 14:47:00.427 I/PackageWatchdog( 1795): Saving observer state to file
07-28 14:47:00.428 D/SystemServerTiming( 1795): OnBootPhase_600_com.android.server.power.ThermalManagerService
07-28 14:47:00.428 D/SystemServerTiming( 1795): OnBootPhase_600_com.android.server.power.hint.HintManagerService
07-28 14:47:00.428 D/SystemServerTiming( 1795): OnBootPhase_600_com.android.server.recoverysystem.RecoverySystemService$Lifecycle
07-28 14:47:00.428 D/SystemServerTiming( 1795): OnBootPhase_600_com.android.server.lights.LightsService
07-28 14:47:00.428 D/SystemServerTiming( 1795): OnBootPhase_600_com.android.server.display.DisplayManagerService
07-28 14:47:00.428 D/SystemServerTiming( 1795): OnBootPhase_600_com.android.server.pm.verify.domain.DomainVerificationService
07-28 14:47:00.428 D/SystemServerTiming( 1795): OnBootPhase_600_com.android.server.pm.PackageInstallerService$Lifecycle
07-28 14:47:00.428 D/SystemServerTiming( 1795): OnBootPhase_600_com.android.server.pm.UserManagerService$LifeCycle
07-28 14:47:00.428 D/SystemServerTiming( 1795): OnBootPhase_600_com.android.server.om.OverlayManagerService
07-28 14:47:00.428 D/SystemServerTiming( 1795): OnBootPhase_600_com.android.server.resources.ResourcesManagerService
07-28 14:47:00.428 D/SystemServerTiming( 1795): OnBootPhase_600_com.android.server.sensorprivacy.SensorPrivacyService
07-28 14:47:00.428 D/SystemServerTiming( 1795): OnBootPhase_600_com.android.server.sensors.SensorService
07-28 14:47:00.428 D/SystemServerTiming( 1795): OnBootPhase_600_com.android.server.SystemConfigService
07-28 14:47:00.428 D/SystemServerTiming( 1795): OnBootPhase_600_com.android.server.BatteryService
07-28 14:47:00.428 D/SystemServerTiming( 1795): OnBootPhase_600_com.android.server.usage.UsageStatsService
07-28 14:47:00.428 D/SystemServerTiming( 1795): OnBootPhase_600_com.android.server.webkit.WebViewUpdateService
07-28 14:47:00.428 D/SystemServerTiming( 1795): OnBootPhase_600_com.android.server.CachedDeviceStateService
07-28 14:47:00.428 D/SystemServerTiming( 1795): OnBootPhase_600_com.android.server.BinderCallsStatsService$LifeCycle
07-28 14:47:00.428 D/SystemServerTiming( 1795): OnBootPhase_600_com.android.server.LooperStatsService$Lifecycle
07-28 14:47:00.428 D/SystemServerTiming( 1795): OnBootPhase_600_com.android.server.rollback.RollbackManagerService
07-28 14:47:00.428 D/SystemServerTiming( 1795): OnBootPhase_600_com.android.server.os.NativeTombstoneManagerService
07-28 14:47:00.428 D/SystemServerTiming( 1795): OnBootPhase_600_com.android.server.os.BugreportManagerService
07-28 14:47:00.428 D/SystemServerTiming( 1795): OnBootPhase_600_com.android.server.gpu.GpuService
07-28 14:47:00.428 D/SystemServerTiming( 1795): OnBootPhase_600_com.android.server.security.KeyChainSystemService
07-28 14:47:00.428 D/SystemServerTiming( 1795): OnBootPhase_600_com.android.server.BinaryTransparencyService
07-28 14:47:00.428 D/SystemServerTiming( 1795): OnBootPhase_600_com.android.server.telecom.TelecomLoaderService
07-28 14:47:00.428 D/SystemServerTiming( 1795): OnBootPhase_600_com.android.server.accounts.AccountManagerService$Lifecycle
07-28 14:47:00.428 D/SystemServerTiming( 1795): OnBootPhase_600_com.android.server.content.ContentService$Lifecycle
07-28 14:47:00.428 D/SystemServerTiming( 1795): OnBootPhase_600_com.android.server.DropBoxManagerService
07-28 14:47:00.428 D/SystemServerTiming( 1795): OnBootPhase_600_com.android.role.RoleService
07-28 14:47:00.428 D/SystemServerTiming( 1795): OnBootPhase_600_com.android.server.vibrator.VibratorManagerService$Lifecycle
07-28 14:47:00.428 D/SystemServerTiming( 1795): OnBootPhase_600_com.android.server.tare.InternalResourceService
07-28 14:47:00.428 D/SystemServerTiming( 1795): OnBootPhase_600_com.android.server.alarm.AlarmManagerService
07-28 14:47:00.428 D/SystemServerTiming( 1795): OnBootPhase_600_com.android.server.devicestate.DeviceStateManagerService
07-28 14:47:00.428 D/SystemServerTiming( 1795): OnBootPhase_600_com.android.server.camera.CameraServiceProxy
07-28 14:47:00.428 D/SystemServerTiming( 1795): OnBootPhase_600_com.android.server.bluetooth.BluetoothService
07-28 14:47:00.428 D/SystemServerTiming( 1795): OnBootPhase_600_com.android.server.connectivity.IpConnectivityMetrics
07-28 14:47:00.428 D/SystemServerTiming( 1795): OnBootPhase_600_com.android.server.net.watchlist.NetworkWatchlistService$Lifecycle
07-28 14:47:00.428 D/SystemServerTiming( 1795): OnBootPhase_600_com.android.server.PinnerService
07-28 14:47:00.428 D/SystemServerTiming( 1795): OnBootPhase_600_com.android.server.integrity.AppIntegrityManagerService
07-28 14:47:00.428 D/SystemServerTiming( 1795): OnBootPhase_600_com.android.server.logcat.LogcatManagerService
07-28 14:47:00.428 D/SystemServerTiming( 1795): OnBootPhase_600_com.android.server.inputmethod.InputMethodManagerService$Lifecycle
07-28 14:47:00.428 D/SystemServerTiming( 1795): OnBootPhase_600_com.android.server.accessibility.AccessibilityManagerService$Lifecycle
07-28 14:47:00.429 D/SystemServerTiming( 1795): OnBootPhase_600_com.android.server.StorageManagerService$Lifecycle
07-28 14:47:00.429 D/SystemServerTiming( 1795): OnBootPhase_600_com.android.server.usage.StorageStatsService$Lifecycle
07-28 14:47:00.429 D/SystemServerTiming( 1795): OnBootPhase_600_com.android.server.UiModeManagerService
07-28 14:47:00.429 D/SystemServerTiming( 1795): OnBootPhase_600_com.android.server.locales.LocaleManagerService
07-28 14:47:00.429 D/SystemServerTiming( 1795): OnBootPhase_600_com.android.server.locksettings.LockSettingsService$Lifecycle
07-28 14:47:00.429 D/SystemServerTiming( 1795): OnBootPhase_600_com.android.server.PersistentDataBlockService
07-28 14:47:00.429 D/SystemServerTiming( 1795): OnBootPhase_600_com.android.server.testharness.TestHarnessModeService
07-28 14:47:00.429 D/SystemServerTiming( 1795): OnBootPhase_600_com.android.server.oemlock.OemLockService
07-28 14:47:00.429 D/SystemServerTiming( 1795): OnBootPhase_600_com.android.server.DeviceIdleController
07-28 14:47:00.429 D/SystemServerTiming( 1795): OnBootPhase_600_com.android.server.devicepolicy.DevicePolicyManagerService$Lifecycle
07-28 14:47:00.429 D/SystemServerTiming( 1795): OnBootPhase_600_com.android.server.musicrecognition.MusicRecognitionManagerService
07-28 14:47:00.430 D/SystemServerTiming( 1795): OnBootPhase_600_com.android.server.contentcapture.ContentCaptureManagerService
07-28 14:47:00.430 D/SystemServerTiming( 1795): OnBootPhase_600_com.android.server.attention.AttentionManagerService
07-28 14:47:00.430 D/SystemServerTiming( 1795): OnBootPhase_600_com.android.server.rotationresolver.RotationResolverManagerService
07-28 14:47:00.430 D/SystemServerTiming( 1795): OnBootPhase_600_com.android.server.systemcaptions.SystemCaptionsManagerService
07-28 14:47:00.430 D/SystemServerTiming( 1795): OnBootPhase_600_com.android.server.texttospeech.TextToSpeechManagerService
07-28 14:47:00.430 D/SystemServerTiming( 1795): OnBootPhase_600_com.android.server.ambientcontext.AmbientContextManagerService
07-28 14:47:00.430 D/SystemServerTiming( 1795): OnBootPhase_600_com.android.server.speech.SpeechRecognitionManagerService
07-28 14:47:00.430 D/SystemServerTiming( 1795): OnBootPhase_600_com.android.server.appprediction.AppPredictionManagerService
07-28 14:47:00.430 D/SystemServerTiming( 1795): OnBootPhase_600_com.android.server.contentsuggestions.ContentSuggestionsManagerService
07-28 14:47:00.431 D/SystemServerTiming( 1795): OnBootPhase_600_com.android.server.searchui.SearchUiManagerService
07-28 14:47:00.431 D/SystemServerTiming( 1795): OnBootPhase_600_com.android.server.smartspace.SmartspaceManagerService
07-28 14:47:00.431 D/SystemServerTiming( 1795): OnBootPhase_600_com.android.server.graphics.fonts.FontManagerService$Lifecycle
07-28 14:47:00.431 D/SystemServerTiming( 1795): OnBootPhase_600_com.android.server.textservices.TextServicesManagerService$Lifecycle
07-28 14:47:00.431 D/SystemServerTiming( 1795): OnBootPhase_600_com.android.server.textclassifier.TextClassificationManagerService$Lifecycle
07-28 14:47:00.431 D/SystemServerTiming( 1795): OnBootPhase_600_com.android.server.NetworkScoreService$Lifecycle
07-28 14:47:00.431 D/SystemServerTiming( 1795): OnBootPhase_600_com.android.server.NetworkStatsServiceInitializer
07-28 14:47:00.431 D/SystemServerTiming( 1795): OnBootPhase_600_com.android.server.wifi.WifiService
07-28 14:47:00.431 D/SystemServerTiming( 1795): OnBootPhase_600_com.android.server.wifi.scanner.WifiScanningService
07-28 14:47:00.431 D/SystemServerTiming( 1795): OnBootPhase_600_com.android.server.wifi.rtt.RttService
07-28 14:47:00.431 D/SystemServerTiming( 1795): OnBootPhase_600_com.android.server.wifi.aware.WifiAwareService
07-28 14:47:00.431 D/SystemServerTiming( 1795): OnBootPhase_600_com.android.server.wifi.p2p.WifiP2pService
07-28 14:47:00.431 D/SystemServerTiming( 1795): OnBootPhase_600_com.android.server.ConnectivityServiceInitializer
07-28 14:47:00.432 V/WindowManagerShell( 2466): addHandler: StageCoordinator
07-28 14:47:00.432 V/WindowManagerShell( 2466): 	SplitScreenController init took 17ms
07-28 14:47:00.434 D/SystemServerTiming( 1795): OnBootPhase_600_com.android.server.notification.NotificationManagerService
07-28 14:47:00.440 D/SystemServerTiming( 1795): OnBootPhase_600_com.android.server.storage.DeviceStorageMonitorService
07-28 14:47:00.440 D/SystemServerTiming( 1795): OnBootPhase_600_com.android.server.location.LocationManagerService$Lifecycle
07-28 14:47:00.445 V/WindowManagerShell( 2466): 	PipTouchHandler init took 13ms
07-28 14:47:00.446 V/WindowManagerShell( 2466): 	DevicePostureController init took 1ms
07-28 14:47:00.446 V/WindowManagerShell( 2466): 	TabletopModeController init took 0ms
07-28 14:47:00.446 V/WindowManagerShell( 2466): Adding dump callback for PipController
07-28 14:47:00.451 V/WindowManagerShell( 2466): Adding external interface from PipController with key extra_shell_pip
07-28 14:47:00.451 V/WindowManagerShell( 2466): 	PipController init took 4ms
07-28 14:47:00.452 V/WindowManagerShell( 2466): 	FullscreenTaskListener init took 1ms
07-28 14:47:00.452 V/WindowManagerShell( 2466): Adding dump callback for HideDisplayCutoutController
07-28 14:47:00.452 V/WindowManagerShell( 2466): 	HideDisplayCutoutController init took 1ms
07-28 14:47:00.452 V/WindowManagerShell( 2466): Adding external interface from StartingWindowController with key extra_shell_starting_window
07-28 14:47:00.452 V/WindowManagerShell( 2466): 	StartingWindowController init took 0ms
07-28 14:47:00.452 V/WindowManagerShell( 2466): Adding command class protolog for ProtoLogController
07-28 14:47:00.452 V/WindowManagerShell( 2466): 	ProtoLogController init took 0ms
07-28 14:47:00.452 V/WindowManagerShell( 2466): Adding dump callback for KidsModeTaskOrganizer
07-28 14:47:00.455 V/WindowManagerShell( 2466): 	KidsModeTaskOrganizer init took 3ms
07-28 14:47:00.456 D/ShellBackPreview( 2466): Back animation enabled=false
07-28 14:47:00.457 V/WindowManagerShell( 2466): Adding external interface from BackAnimationController with key extra_shell_back_animation
07-28 14:47:00.457 V/WindowManagerShell( 2466): 	BackAnimationController init took 2ms
07-28 14:47:00.457 V/WindowManagerShell( 2466): Display added: 0
07-28 14:47:00.477 D/CompatibilityChangeReporter( 1795): Compat change id reported: 171306433; UID 1000; state: ENABLED
07-28 14:47:00.477 D/CompatibilityChangeReporter( 1795): Compat change id reported: 218533173; UID 1000; state: ENABLED
07-28 14:47:00.481 D/CompatibilityChangeReporter( 1795): Compat change id reported: 168419799; UID 10208; state: DISABLED
07-28 14:47:00.481 D/CompatibilityChangeReporter( 1795): Compat change id reported: 273564678; UID 10208; state: DISABLED
07-28 14:47:00.485 D/SystemServerTiming( 1795): OnBootPhase_600_com.android.server.timedetector.TimeDetectorService$Lifecycle
07-28 14:47:00.485 D/SystemServerTiming( 1795): OnBootPhase_600_com.android.server.timezonedetector.TimeZoneDetectorService$Lifecycle
07-28 14:47:00.485 D/SystemServerTiming( 1795): OnBootPhase_600_com.android.server.timezonedetector.location.LocationTimeZoneManagerService$Lifecycle
07-28 14:47:00.485 D/SystemServerTiming( 1795): OnBootPhase_600_com.android.server.search.SearchManagerService$Lifecycle
07-28 14:47:00.485 D/SystemServerTiming( 1795): OnBootPhase_600_com.android.server.wallpaper.WallpaperManagerService$Lifecycle
07-28 14:47:00.485 D/WallpaperManagerService( 1795): Wallpaper_switch-user-0
07-28 14:47:00.485 V/WallpaperManagerService( 1795): bindWallpaperComponentLocked: componentName=ComponentInfo{com.breel.wallpapers20a/com.breel.wallpapers20a.gradient.wallpaper.GradientWallpaper}
07-28 14:47:00.485 D/WallpaperManagerService( 1795): WPMS.bindWallpaperComponentLocked-ComponentInfo{com.breel.wallpapers20a/com.breel.wallpapers20a.gradient.wallpaper.GradientWallpaper}
07-28 14:47:00.486 D/CompatibilityChangeReporter( 1795): Compat change id reported: 168936375; UID 1000; state: ENABLED
07-28 14:47:00.490 D/CoreBackPreview( 1795): Window{59778c1 u0 ShellDropTarget}: Setting back callback OnBackInvokedCallbackInfo{mCallback=android.window.IOnBackInvokedCallback$Stub$Proxy@24f1431, mPriority=0}
07-28 14:47:00.502 D/CompatibilityChangeReporter( 1795): Compat change id reported: 135634846; UID 10184; state: DISABLED
07-28 14:47:00.502 D/CompatibilityChangeReporter( 1795): Compat change id reported: 177438394; UID 10184; state: DISABLED
07-28 14:47:00.502 D/CompatibilityChangeReporter( 1795): Compat change id reported: 135772972; UID 10184; state: DISABLED
07-28 14:47:00.502 D/CompatibilityChangeReporter( 1795): Compat change id reported: 135754954; UID 10184; state: ENABLED
07-28 14:47:00.503 D/SystemServerTiming( 1795): OnBootPhase_600_com.android.server.wallpapereffectsgeneration.WallpaperEffectsGenerationManagerService
07-28 14:47:00.503 D/SystemServerTiming( 1795): OnBootPhase_600_com.android.server.audio.AudioService$Lifecycle
07-28 14:47:00.503 D/SystemServerTiming( 1795): OnBootPhase_600_com.android.server.soundtrigger_middleware.SoundTriggerMiddlewareService$Lifecycle
07-28 14:47:00.503 D/SystemServerTiming( 1795): OnBootPhase_600_com.android.server.DockObserver
07-28 14:47:00.503 D/SystemServerTiming( 1795): OnBootPhase_600_com.android.server.midi.MidiService$Lifecycle
07-28 14:47:00.503 D/SystemServerTiming( 1795): OnBootPhase_600_com.android.server.adb.AdbService$Lifecycle
07-28 14:47:00.503 D/SystemServerTiming( 1795): OnBootPhase_600_com.android.server.usb.UsbService$Lifecycle
07-28 14:47:00.504 D/SystemServerTiming( 1795): OnBootPhase_600_com.android.server.twilight.TwilightService
07-28 14:47:00.504 D/SystemServerTiming( 1795): OnBootPhase_600_com.android.server.display.color.ColorDisplayService
07-28 14:47:00.504 D/SystemServerTiming( 1795): OnBootPhase_600_com.android.server.job.JobSchedulerService
07-28 14:47:00.528 D/SystemServerTiming( 1795): OnBootPhase_600_com.android.server.soundtrigger.SoundTriggerService
07-28 14:47:00.528 D/SoundTriggerService( 1795): onBootPhase: 600 : false
07-28 14:47:00.528 D/SystemServerTiming( 1795): OnBootPhase_600_com.android.server.trust.TrustManagerService
07-28 14:47:00.529 D/BiometricService( 1795): Sensor ID(0), oemStrength: 15, updatedStrength: 15, modality 2, state: 0, cookie: 0, sensorId 0, hasEnrollments: false cannot participate in Keystore operations
07-28 14:47:00.531 I/keystore2(  699): keystore2::authorization: on_lock_screen_event(LockScreenEvent(0), user_id=0, password.is_some()=false, unlocking_sids=Some([]))
07-28 14:47:00.532 D/CompatibilityChangeReporter( 1795): Compat change id reported: 135634846; UID 10217; state: DISABLED
07-28 14:47:00.532 D/CompatibilityChangeReporter( 1795): Compat change id reported: 177438394; UID 10217; state: DISABLED
07-28 14:47:00.532 D/CompatibilityChangeReporter( 1795): Compat change id reported: 135772972; UID 10217; state: DISABLED
07-28 14:47:00.532 D/CompatibilityChangeReporter( 1795): Compat change id reported: 135754954; UID 10217; state: ENABLED
07-28 14:47:00.533 D/SystemServerTiming( 1795): OnBootPhase_600_com.android.server.backup.BackupManagerService$Lifecycle
07-28 14:47:00.533 D/SystemServerTiming( 1795): OnBootPhase_600_com.android.server.appwidget.AppWidgetService
07-28 14:47:00.533 D/SystemServerTiming( 1795): OnBootPhase_600_com.android.server.voiceinteraction.VoiceInteractionManagerService
07-28 14:47:00.534 W/ActivityThread( 2466): Failed to find provider info for com.google.android.apps.turbo.estimated_time_remaining (user not unlocked)
07-28 14:47:00.534 D/SystemServerTiming( 1795): OnBootPhase_600_com.android.server.apphibernation.AppHibernationService
07-28 14:47:00.534 D/SystemServerTiming( 1795): OnBootPhase_600_com.android.server.GestureLauncherService
07-28 14:47:00.535 D/SystemServerTiming( 1795): OnBootPhase_600_com.android.server.SensorNotificationService
07-28 14:47:00.536 D/SystemServerTiming( 1795): OnBootPhase_600_com.android.server.ContextHubSystemService
07-28 14:47:00.536 D/SystemServerTiming( 1795): OnBootPhase_600_com.android.server.emergency.EmergencyAffordanceService
07-28 14:47:00.537 D/SystemServerTiming( 1795): OnBootPhase_600_com.android.server.blob.BlobStoreManagerService
07-28 14:47:00.543 D/SystemServerTiming( 1795): OnBootPhase_600_com.android.server.dreams.DreamManagerService
07-28 14:47:00.544 D/SystemServerTiming( 1795): OnBootPhase_600_com.android.server.print.PrintManagerService
07-28 14:47:00.544 D/SystemServerTiming( 1795): OnBootPhase_600_com.android.server.security.AttestationVerificationManagerService
07-28 14:47:00.544 D/SystemServerTiming( 1795): OnBootPhase_600_com.android.server.companion.CompanionDeviceManagerService
07-28 14:47:00.544 D/SystemServerTiming( 1795): OnBootPhase_600_com.android.server.companion.virtual.VirtualDeviceManagerService
07-28 14:47:00.544 D/SystemServerTiming( 1795): OnBootPhase_600_com.android.server.restrictions.RestrictionsManagerService
07-28 14:47:00.544 D/SystemServerTiming( 1795): OnBootPhase_600_com.android.server.media.MediaSessionService
07-28 14:47:00.544 D/SystemServerTiming( 1795): OnBootPhase_600_com.android.server.media.MediaResourceMonitorService
07-28 14:47:00.544 D/SystemServerTiming( 1795): OnBootPhase_600_com.android.server.biometrics.sensors.fingerprint.FingerprintService
07-28 14:47:00.544 D/SystemServerTiming( 1795): OnBootPhase_600_com.android.server.biometrics.BiometricService
07-28 14:47:00.544 D/SystemServerTiming( 1795): OnBootPhase_600_com.android.server.biometrics.AuthService
07-28 14:47:00.544 D/SystemServerTiming( 1795): OnBootPhase_600_com.android.server.pm.ShortcutService$Lifecycle
07-28 14:47:00.544 D/SystemServerTiming( 1795): OnBootPhase_600_com.android.server.pm.LauncherAppsService
07-28 14:47:00.544 D/SystemServerTiming( 1795): OnBootPhase_600_com.android.server.pm.CrossProfileAppsService
07-28 14:47:00.544 D/SystemServerTiming( 1795): OnBootPhase_600_com.android.server.people.PeopleService
07-28 14:47:00.544 D/SystemServerTiming( 1795): OnBootPhase_600_com.android.server.media.metrics.MediaMetricsManagerService
07-28 14:47:00.544 D/SystemServerTiming( 1795): OnBootPhase_600_com.android.server.media.projection.MediaProjectionManagerService
07-28 14:47:00.544 D/SystemServerTiming( 1795): OnBootPhase_600_com.android.server.slice.SliceManagerService$Lifecycle
07-28 14:47:00.544 D/SystemServerTiming( 1795): OnBootPhase_600_com.android.server.stats.StatsCompanion$Lifecycle
07-28 14:47:00.550 D/SystemServerTiming( 1795): OnBootPhase_600_com.android.server.scheduling.RebootReadinessManagerService$Lifecycle
07-28 14:47:00.550 D/SystemServerTiming( 1795): OnBootPhase_600_com.android.server.stats.pull.StatsPullAtomService
07-28 14:47:00.550 D/SystemServerTiming( 1795): OnBootPhase_600_com.android.server.stats.bootstrap.StatsBootstrapAtomService$Lifecycle
07-28 14:47:00.550 D/SystemServerTiming( 1795): OnBootPhase_600_com.android.server.incident.IncidentCompanionService
07-28 14:47:00.550 D/SystemServerTiming( 1795): OnBootPhase_600_com.android.server.sdksandbox.SdkSandboxManagerService$Lifecycle
07-28 14:47:00.550 D/SystemServerTiming( 1795): OnBootPhase_600_com.android.server.adservices.AdServicesManagerService$Lifecycle
07-28 14:47:00.550 D/SystemServerTiming( 1795): OnBootPhase_600_com.android.server.MmsServiceBroker
07-28 14:47:00.550 D/SystemServerTiming( 1795): OnBootPhase_600_com.android.server.autofill.AutofillManagerService
07-28 14:47:00.551 D/StatsPullAtomService( 1795): Registering NetworkStats pullers with statsd
07-28 14:47:00.551 D/SystemServerTiming( 1795): OnBootPhase_600_com.android.server.translation.TranslationManagerService
07-28 14:47:00.551 D/SystemServerTiming( 1795): OnBootPhase_600_com.android.server.clipboard.ClipboardService
07-28 14:47:00.551 D/SystemServerTiming( 1795): OnBootPhase_600_com.android.server.appbinding.AppBindingService$Lifecycle
07-28 14:47:00.551 D/SystemServerTiming( 1795): OnBootPhase_600_com.android.server.tracing.TracingServiceProxy
07-28 14:47:00.551 D/SystemServerTiming( 1795): OnBootPhase_600_com.android.server.policy.PermissionPolicyService
07-28 14:47:00.551 D/SystemServerTiming( 1795): OnBootPhase_600_com.android.server.pm.StagingManager$Lifecycle
07-28 14:47:00.551 D/SystemServerTiming( 1795): OnBootPhase_600_com.android.server.app.GameManagerService$Lifecycle
07-28 14:47:00.551 D/SystemServerTiming( 1795): OnBootPhase_600_com.android.safetycenter.SafetyCenterService
07-28 14:47:00.551 D/SystemServerTiming( 1795): OnBootPhase_600_com.android.server.appsearch.AppSearchModule$Lifecycle
07-28 14:47:00.551 D/SystemServerTiming( 1795): OnBootPhase_600_com.android.server.media.MediaCommunicationService
07-28 14:47:00.551 D/SystemServerTiming( 1795): OnBootPhase_600_com.android.server.compat.overrides.AppCompatOverridesService$Lifecycle
07-28 14:47:00.551 D/SystemServerTiming( 1795): StartNetworkStack
07-28 14:47:00.551 D/ConnectivityModuleConnector( 1795): Starting networking module android.net.INetworkStackConnector
07-28 14:47:00.552 D/ConnectivityModuleConnector( 1795): Starting networking module in network_stack process
07-28 14:47:00.554 D/CompatibilityChangeReporter( 1795): Compat change id reported: 135634846; UID 1073; state: DISABLED
07-28 14:47:00.554 D/CompatibilityChangeReporter( 1795): Compat change id reported: 177438394; UID 1073; state: DISABLED
07-28 14:47:00.555 D/CompatibilityChangeReporter( 1795): Compat change id reported: 135772972; UID 1073; state: DISABLED
07-28 14:47:00.555 D/CompatibilityChangeReporter( 1795): Compat change id reported: 135754954; UID 1073; state: ENABLED
07-28 14:47:00.555 D/ConnectivityModuleConnector( 1795): Networking module service start requested
07-28 14:47:00.555 D/SystemServerTiming( 1795): StartTethering
07-28 14:47:00.555 D/ConnectivityModuleConnector( 1795): Starting networking module android.net.ITetheringConnector
07-28 14:47:00.556 D/ConnectivityModuleConnector( 1795): Starting networking module in network_stack process
07-28 14:47:00.557 D/ConnectivityModuleConnector( 1795): Networking module service start requested
07-28 14:47:00.557 D/SystemServerTiming( 1795): MakeCountryDetectionServiceReady
07-28 14:47:00.557 D/SystemServerTiming( 1795): MakeNetworkTimeUpdateReady
07-28 14:47:00.559 D/SystemServerTiming( 1795): MakeInputManagerServiceReady
07-28 14:47:00.561 I/ActivityTaskManager( 1795): Config changes=4100 {1.0 ?mcc?mnc [en_US] ldltr sw393dp w393dp h801dp 440dpi nrml long hdr widecg port finger -keyb/v/h -nav/h winConfig={ mBounds=Rect(0, 0 - 1080, 2340) mAppBounds=Rect(0, 136 - 1080, 2340) mMaxBounds=Rect(0, 0 - 1080, 2340) mDisplayRotation=ROTATION_0 mWindowingMode=fullscreen mDisplayWindowingMode=fullscreen mActivityType=undefined mAlwaysOnTop=undefined mRotation=ROTATION_0} s.10 fontWeightAdjustment=0}
07-28 14:47:00.565 I/WindowManager( 1795): Override config changes=4100 {1.0 ?mcc?mnc [en_US] ldltr sw393dp w393dp h801dp 440dpi nrml long hdr widecg port finger -keyb/v/h -nav/h winConfig={ mBounds=Rect(0, 0 - 1080, 2340) mAppBounds=Rect(0, 136 - 1080, 2340) mMaxBounds=Rect(0, 0 - 1080, 2340) mDisplayRotation=ROTATION_0 mWindowingMode=fullscreen mDisplayWindowingMode=fullscreen mActivityType=undefined mAlwaysOnTop=undefined mRotation=ROTATION_0} s.10 fontWeightAdjustment=0} for displayId=0
07-28 14:47:00.575 D/SystemServerTiming( 1795): MakeTelephonyRegistryReady
07-28 14:47:00.575 D/SystemServerTiming( 1795): MakeMediaRouterServiceReady
07-28 14:47:00.575 I/MR2ServiceImpl( 1795): switchUser | user: 0
07-28 14:47:00.575 D/SystemServerTiming( 1795): MakeMmsServiceReady
07-28 14:47:00.575 I/MmsServiceBroker( 1795): Delay connecting to MmsService until an API is called
07-28 14:47:00.576 D/SystemServerTiming( 1795): IncidentDaemonReady
07-28 14:47:00.578 V/WindowManagerShell( 2466): Display changed: 0
07-28 14:47:00.578 D/SystemServerTiming( 1795): MakeIncrementalServiceReady
07-28 14:47:00.578 D/SystemServerTiming( 1795): OdsignStatsLogger
07-28 14:47:00.578 D/SystemServerTiming( 1795): getCurrentUser
07-28 14:47:00.578 I/ActivityManager( 1795): Current user:0
07-28 14:47:00.578 D/SystemServerTiming( 1795): ActivityManagerStartApps
07-28 14:47:00.578 D/SystemServerTiming( 1795): ssm.StartUser-0
07-28 14:47:00.578 I/SystemServiceManager( 1795): Calling onStartUser 0
07-28 14:47:00.578 D/SystemServerTiming( 1795): ssm.onStartUser-0_com.android.server.security.FileIntegrityService
07-28 14:47:00.578 D/SystemServerTiming( 1795): ssm.onStartUser-0_com.android.server.pm.Installer
07-28 14:47:00.578 D/SystemServerTiming( 1795): ssm.onStartUser-0_com.android.server.os.DeviceIdentifiersPolicyService
07-28 14:47:00.578 D/SystemServerTiming( 1795): ssm.onStartUser-0_com.android.server.uri.UriGrantsManagerService$Lifecycle
07-28 14:47:00.578 D/SystemServerTiming( 1795): ssm.onStartUser-0_com.android.server.powerstats.PowerStatsService
07-28 14:47:00.578 D/SystemServerTiming( 1795): ssm.onStartUser-0_com.android.server.wm.ActivityTaskManagerService$Lifecycle
07-28 14:47:00.578 D/SystemServerTiming( 1795): ssm.onStartUser-0_com.android.server.am.ActivityManagerService$Lifecycle
07-28 14:47:00.578 D/SystemServerTiming( 1795): ssm.onStartUser-0_com.android.server.pm.DataLoaderManagerService
07-28 14:47:00.579 D/SystemServerTiming( 1795): ssm.onStartUser-0_com.android.server.power.PowerManagerService
07-28 14:47:00.579 D/SystemServerTiming( 1795): ssm.onStartUser-0_com.android.server.power.ThermalManagerService
07-28 14:47:00.579 D/SystemServerTiming( 1795): ssm.onStartUser-0_com.android.server.power.hint.HintManagerService
07-28 14:47:00.579 D/SystemServerTiming( 1795): ssm.onStartUser-0_com.android.server.recoverysystem.RecoverySystemService$Lifecycle
07-28 14:47:00.579 D/SystemServerTiming( 1795): ssm.onStartUser-0_com.android.server.lights.LightsService
07-28 14:47:00.579 D/SystemServerTiming( 1795): ssm.onStartUser-0_com.android.server.display.DisplayManagerService
07-28 14:47:00.579 D/SystemServerTiming( 1795): ssm.onStartUser-0_com.android.server.pm.verify.domain.DomainVerificationService
07-28 14:47:00.579 D/SystemServerTiming( 1795): ssm.onStartUser-0_com.android.server.pm.PackageInstallerService$Lifecycle
07-28 14:47:00.579 D/SystemServerTiming( 1795): ssm.onStartUser-0_com.android.server.pm.UserManagerService$LifeCycle
07-28 14:47:00.579 D/SystemServerTiming( 1795): ssm.onStartUser-0_com.android.server.om.OverlayManagerService
07-28 14:47:00.579 D/SystemServerTiming( 1795): ssm.onStartUser-0_com.android.server.resources.ResourcesManagerService
